Mar 16 07:59:40 apm.f5.local notice tmm3[18812]: 01490500:5: /Common/default_ssl_vpn_policy_202203102312:Common:8e25f2ba: New session from client IP 58.39.54.87 (ST=Shanghai/CC=CN/C=AS) at VIP 109.101.115.10 Listener /Common/default_ssl_vpn_policy_202203102312_vs (Reputation=Unknown)
Mar 16 07:59:40 apm.f5.local notice apmd[13338]: 01490005:5: /Common/default_ssl_vpn_policy_202203102312:Common:8e25f2ba: Following rule 'fallback' from item 'Antivirus' to ending 'Deny'
Mar 16 07:59:40 apm.f5.local notice apmd[13338]: 01490102:5: /Common/default_ssl_vpn_policy_202203102312:Common:8e25f2ba: Access policy result: Logon_Deny
Mar 16 07:59:40 apm.f5.local notice apmd[13338]: 01490248:5: /Common/default_ssl_vpn_policy_202203102312:Common:8e25f2ba: Received client info - Hostname:  Type: unknown Version: 0 Platform: unknown CPU: unknown UI Mode: Full Javascript Support: 0 ActiveX Support: 0 Plugin Support: 0
Mar 16 07:59:40 apm.f5.local notice tmm3[18812]: 01490567:5: /Common/default_ssl_vpn_policy_202203102312:Common:8e25f2ba: Session deleted (policy_result).
Mar 16 07:59:48 apm.f5.local notice apmd[13338]: 014902f7:5: /Common/default_ssl_vpn_policy_202203102312:Common:f19b6e95:/Common/default_ssl_vpn_policy_202203102312_act_av_software_check_ag: endpoint software detected (sdk=4.3.1453.0,type=av,id=535,vendor_id=388,version=9.0.69.1,state=1,name=AhnLab V3 Internet Security,vendor_name=AhnLab, Inc.,db_signature=1372,db_version=,db_time=1647194400,last_scan=1647317432,engine_version=2022.03.14.02,missing_updates=).
Mar 16 07:59:48 apm.f5.local notice apmd[13338]: 014902f7:5: /Common/default_ssl_vpn_policy_202203102312:Common:f19b6e95:/Common/default_ssl_vpn_policy_202203102312_act_av_software_check_ag: endpoint software detected (sdk=4.3.1453.0,type=av,id=362,vendor_id=90,version=4.18.1807.18075,state=,name=Windows Defender,vendor_name=Microsoft Corporation,db_signature=477,db_version=1.351.662.0,db_time=1634589542,last_scan=0,engine_version=1.1.18600.4,missing_updates=).
Mar 16 07:59:50 apm.f5.local notice tmm3[18812]: 01490506:5: /Common/default_ssl_vpn_policy_202203102312:Common:851dc9cd: Received User-Agent header: Mozilla%2F5.0%20(Windows%20NT%2010.0%3B%20WOW64%3B%20Trident%2F7.0%3B%20rv%3A11.0)%20like%20Gecko.
Mar 16 07:59:50 apm.f5.local notice tmm3[18812]: 01490500:5: /Common/default_ssl_vpn_policy_202203102312:Common:851dc9cd: New session from client IP 124.77.92.207 (ST=Shanghai/CC=CN/C=AS) at VIP 109.101.115.10 Listener /Common/default_ssl_vpn_policy_202203102312_vs (Reputation=Unknown)
Mar 16 07:59:52 apm.f5.local notice apmd[13338]: 01490008:5: /Common/default_ssl_vpn_policy_202203102312:Common:aa97d1da: Connectivity resource '/Common/default_ssl_vpn_policy_202203102312_na_res' assigned
Mar 16 07:59:52 apm.f5.local notice apmd[13338]: 01490128:5: /Common/default_ssl_vpn_policy_202203102312:Common:aa97d1da: Webtop '/Common/default_ssl_vpn_policy_202203102312_webtop' assigned
Mar 16 07:59:52 apm.f5.local notice apmd[13338]: 01490005:5: /Common/default_ssl_vpn_policy_202203102312:Common:aa97d1da: Following rule 'fallback' from item 'Advanced Resource Assign' to ending 'Allow'
Mar 16 07:59:52 apm.f5.local notice apmd[13338]: 01490102:5: /Common/default_ssl_vpn_policy_202203102312:Common:aa97d1da: Access policy result: Network_Access
Mar 16 07:59:52 apm.f5.local notice apmd[13338]: 01490248:5: /Common/default_ssl_vpn_policy_202203102312:Common:aa97d1da: Received client info - Hostname: HUANGHUIXIA Type: IE Version: 11 Platform: Win10 CPU: WOW64 UI Mode: Full Javascript Support: 1 ActiveX Support: 1 Plugin Support: 0
Mar 16 07:59:58 apm.f5.local notice tmm2[18812]: 01490506:5: /Common/default_ssl_vpn_policy_202203102312:Common:ea867d66: Received User-Agent header: Mozilla%2F5.0%20(Windows%20NT%2010.0%3B%20WOW64%3B%20Trident%2F7.0%3B%20rv%3A11.0)%20like%20Gecko.
Mar 16 07:59:58 apm.f5.local notice tmm2[18812]: 01490500:5: /Common/default_ssl_vpn_policy_202203102312:Common:ea867d66: New session from client IP 58.39.54.87 (ST=Shanghai/CC=CN/C=AS) at VIP 109.101.115.10 Listener /Common/default_ssl_vpn_policy_202203102312_vs (Reputation=Unknown)
Mar 16 08:00:11 apm.f5.local notice tmm[18812]: 01490521:5: /Common/default_ssl_vpn_policy_202203102312:Common:5e216136: Session statistics - bytes in: 2820837, bytes out: 6253590
Mar 16 08:00:11 apm.f5.local notice apmd[13338]: 01490010:5: /Common/default_ssl_vpn_policy_202203102312:Common:f19b6e95: Username '777gll@163.com'
Mar 16 08:00:20 apm.f5.local notice tmm3[18812]: 01490521:5: /Common/default_ssl_vpn_policy_202203102312:Common:8e25f2ba: Session statistics - bytes in: 704, bytes out: 399
Mar 16 08:00:20 apm.f5.local notice apmd[13338]: 01490103:5: /Common/default_ssl_vpn_policy_202203102312:Common:71e33136: Retry Username 'buminzhu@163.com'
Mar 16 08:00:20 apm.f5.local notice apmd[13338]: 01490008:5: /Common/default_ssl_vpn_policy_202203102312:Common:71e33136: Connectivity resource '/Common/default_ssl_vpn_policy_202203102312_na_res' assigned
Mar 16 08:00:20 apm.f5.local notice apmd[13338]: 01490128:5: /Common/default_ssl_vpn_policy_202203102312:Common:71e33136: Webtop '/Common/default_ssl_vpn_policy_202203102312_webtop' assigned
Mar 16 08:00:20 apm.f5.local notice apmd[13338]: 01490005:5: /Common/default_ssl_vpn_policy_202203102312:Common:71e33136: Following rule 'fallback' from item 'Advanced Resource Assign' to ending 'Allow'
Mar 16 08:00:20 apm.f5.local notice apmd[13338]: 01490102:5: /Common/default_ssl_vpn_policy_202203102312:Common:71e33136: Access policy result: Network_Access
Mar 16 08:00:20 apm.f5.local notice apmd[13338]: 01490248:5: /Common/default_ssl_vpn_policy_202203102312:Common:71e33136: Received client info - Hostname: BUMINZHU Type: IE Version: 11 Platform: Win10 CPU: WOW64 UI Mode: Full Javascript Support: 1 ActiveX Support: 1 Plugin Support: 0
Mar 16 08:00:24 apm.f5.local notice apmd[13338]: 014902f7:5: /Common/default_ssl_vpn_policy_202203102312:Common:851dc9cd:/Common/default_ssl_vpn_policy_202203102312_act_av_software_check_ag: endpoint software detected (sdk=4.3.1453.0,type=av,id=535,vendor_id=388,version=9.0.69.1,state=1,name=AhnLab V3 Internet Security,vendor_name=AhnLab, Inc.,db_signature=1372,db_version=,db_time=1647190800,last_scan=1646971306,engine_version=2022.03.14.01,missing_updates=).
Mar 16 08:00:24 apm.f5.local notice apmd[13338]: 014902f7:5: /Common/default_ssl_vpn_policy_202203102312:Common:851dc9cd:/Common/default_ssl_vpn_policy_202203102312_act_av_software_check_ag: endpoint software detected (sdk=4.3.1453.0,type=av,id=362,vendor_id=90,version=4.18.2111.5,state=,name=Windows Defender,vendor_name=Microsoft Corporation,db_signature=477,db_version=1.357.300.0,db_time=1644290886,last_scan=0,engine_version=1.1.18900.2,missing_updates=).
Mar 16 08:00:29 apm.f5.local notice apmd[13338]: 01490008:5: /Common/default_ssl_vpn_policy_202203102312:Common:f19b6e95: Connectivity resource '/Common/default_ssl_vpn_policy_202203102312_na_res' assigned
Mar 16 08:00:29 apm.f5.local notice apmd[13338]: 01490128:5: /Common/default_ssl_vpn_policy_202203102312:Common:f19b6e95: Webtop '/Common/default_ssl_vpn_policy_202203102312_webtop' assigned
Mar 16 08:00:29 apm.f5.local notice apmd[13338]: 01490005:5: /Common/default_ssl_vpn_policy_202203102312:Common:f19b6e95: Following rule 'fallback' from item 'Advanced Resource Assign' to ending 'Allow'
Mar 16 08:00:29 apm.f5.local notice apmd[13338]: 01490102:5: /Common/default_ssl_vpn_policy_202203102312:Common:f19b6e95: Access policy result: Network_Access
Mar 16 08:00:29 apm.f5.local notice apmd[13338]: 01490248:5: /Common/default_ssl_vpn_policy_202203102312:Common:f19b6e95: Received client info - Hostname: DESKTOP-UHREHQJ Type: IE Version: 11 Platform: Win10 CPU: WOW64 UI Mode: Full Javascript Support: 1 ActiveX Support: 1 Plugin Support: 0
Mar 16 08:00:38 apm.f5.local notice tmm1[18812]: 01490567:5: /Common/default_ssl_vpn_policy_202203102312:Common:71228287: Session deleted (restarted).
Mar 16 08:00:38 apm.f5.local notice tmm1[18812]: 01490506:5: /Common/default_ssl_vpn_policy_202203102312:Common:14a92594: Received User-Agent header: Mozilla%2F5.0%20(Windows%20NT%2010.0%3B%20WOW64%3B%20Trident%2F7.0%3B%20rv%3A11.0)%20like%20Gecko.
Mar 16 08:00:38 apm.f5.local notice tmm1[18812]: 01490500:5: /Common/default_ssl_vpn_policy_202203102312:Common:14a92594: New session from client IP 124.79.119.178 (ST=Shanghai/CC=CN/C=AS) at VIP 109.101.115.10 Listener /Common/default_ssl_vpn_policy_202203102312_vs (Reputation=Unknown)
Mar 16 08:00:53 apm.f5.local notice apmd[13338]: 01490010:5: /Common/default_ssl_vpn_policy_202203102312:Common:851dc9cd: Username '18817774454@163.com'
Mar 16 08:00:54 apm.f5.local notice tmm2[18812]: 01490502:5: /Common/default_ssl_vpn_policy_202203102312:Common:187ca96f: Session deleted due to user inactivity.
Mar 16 08:01:15 apm.f5.local notice apmd[13338]: 01490008:5: /Common/default_ssl_vpn_policy_202203102312:Common:851dc9cd: Connectivity resource '/Common/default_ssl_vpn_policy_202203102312_na_res' assigned
Mar 16 08:01:15 apm.f5.local notice apmd[13338]: 01490128:5: /Common/default_ssl_vpn_policy_202203102312:Common:851dc9cd: Webtop '/Common/default_ssl_vpn_policy_202203102312_webtop' assigned
Mar 16 08:01:15 apm.f5.local notice apmd[13338]: 01490005:5: /Common/default_ssl_vpn_policy_202203102312:Common:851dc9cd: Following rule 'fallback' from item 'Advanced Resource Assign' to ending 'Allow'
Mar 16 08:01:15 apm.f5.local notice apmd[13338]: 01490102:5: /Common/default_ssl_vpn_policy_202203102312:Common:851dc9cd: Access policy result: Network_Access
Mar 16 08:01:15 apm.f5.local notice apmd[13338]: 01490248:5: /Common/default_ssl_vpn_policy_202203102312:Common:851dc9cd: Received client info - Hostname: DESKTOP-LRHCS18 Type: IE Version: 11 Platform: Win10 CPU: WOW64 UI Mode: Full Javascript Support: 1 ActiveX Support: 1 Plugin Support: 0
Mar 16 08:01:18 apm.f5.local notice tmm1[18812]: 01490521:5: /Common/default_ssl_vpn_policy_202203102312:Common:71228287: Session statistics - bytes in: 0, bytes out: 0
Mar 16 08:01:21 apm.f5.local notice tmm2[18812]: 01490506:5: /Common/default_ssl_vpn_policy_202203102312:Common:a9d9051e: Received User-Agent header: Microsoft%20Windows%20Network%20Diagnostics.
Mar 16 08:01:21 apm.f5.local notice tmm2[18812]: 01490500:5: /Common/default_ssl_vpn_policy_202203102312:Common:a9d9051e: New session from client IP 180.158.102.10 (ST=Shanghai/CC=CN/C=AS) at VIP 109.101.115.10 Listener /Common/default_ssl_vpn_policy_202203102312_vs (Reputation=Unknown)
Mar 16 08:01:22 apm.f5.local notice apmd[13338]: 01490005:5: /Common/default_ssl_vpn_policy_202203102312:Common:a9d9051e: Following rule 'fallback' from item 'Antivirus' to ending 'Deny'
Mar 16 08:01:22 apm.f5.local notice apmd[13338]: 01490102:5: /Common/default_ssl_vpn_policy_202203102312:Common:a9d9051e: Access policy result: Logon_Deny
Mar 16 08:01:22 apm.f5.local notice apmd[13338]: 01490248:5: /Common/default_ssl_vpn_policy_202203102312:Common:a9d9051e: Received client info - Hostname:  Type: unknown Version: 0 Platform: unknown CPU: unknown UI Mode: Full Javascript Support: 0 ActiveX Support: 0 Plugin Support: 0
Mar 16 08:01:22 apm.f5.local notice tmm2[18812]: 01490567:5: /Common/default_ssl_vpn_policy_202203102312:Common:a9d9051e: Session deleted (policy_result).
Mar 16 08:01:24 apm.f5.local notice tmm2[18812]: 01490502:5: /Common/default_ssl_vpn_policy_202203102312:Common:583b0d74: Session deleted due to user inactivity.
Mar 16 08:01:32 apm.f5.local notice tmm3[18812]: 01490567:5: /Common/default_ssl_vpn_policy_202203102312:Common:f19b6e95: Session deleted (restarted).
Mar 16 08:01:32 apm.f5.local notice tmm2[18812]: 01490506:5: /Common/default_ssl_vpn_policy_202203102312:Common:0f8464b7: Received User-Agent header: Mozilla%2F4.0%20(compatible%3B%20MSIE%207.0%3B%20Windows%20NT%2010.0%3B%20WOW64%3B%20Trident%2F7.0%3B%20.NET4.0C%3B%20.NET4.0E%3B%20.NET%20CLR%202.0.50727%3B%20.NET%20CLR%203.0.30729%3B%20.NET%20CLR%203.5.30729).
Mar 16 08:01:32 apm.f5.local notice tmm2[18812]: 01490500:5: /Common/default_ssl_vpn_policy_202203102312:Common:0f8464b7: New session from client IP 111.194.217.102 (ST=Beijing/CC=CN/C=AS) at VIP 109.101.115.10 Listener /Common/default_ssl_vpn_policy_202203102312_vs (Reputation=Unknown)
Mar 16 08:01:34 apm.f5.local warning tmm3[18812]: 01490512:4: /Common/default_ssl_vpn_policy_202203102312:Common:0f8464b7: Authorization failure: Denied request for webtop /Common/default_ssl_vpn_policy_202203102312_webtop
Mar 16 08:01:34 apm.f5.local notice tmm2[18812]: 01490501:5: /Common/default_ssl_vpn_policy_202203102312:Common:0f8464b7: Session deleted due to user logout request.
Mar 16 08:01:35 apm.f5.local notice tmm2[18812]: 01490521:5: /Common/default_ssl_vpn_policy_202203102312:Common:187ca96f: Session statistics - bytes in: 2987, bytes out: 1197
Mar 16 08:01:36 apm.f5.local notice tmm[18812]: 01490506:5: /Common/default_ssl_vpn_policy_202203102312:Common:e2a395ff: Received User-Agent header: Mozilla%2F4.0%20(compatible%3B%20MSIE%207.0%3B%20Windows%20NT%2010.0%3B%20WOW64%3B%20Trident%2F7.0%3B%20.NET4.0C%3B%20.NET4.0E%3B%20.NET%20CLR%202.0.50727%3B%20.NET%20CLR%203.0.30729%3B%20.NET%20CLR%203.5.30729).
Mar 16 08:01:36 apm.f5.local notice tmm[18812]: 01490500:5: /Common/default_ssl_vpn_policy_202203102312:Common:e2a395ff: New session from client IP 111.194.217.102 (ST=Beijing/CC=CN/C=AS) at VIP 109.101.115.10 Listener /Common/default_ssl_vpn_policy_202203102312_vs (Reputation=Unknown)
Mar 16 08:01:38 apm.f5.local notice tmm3[18812]: 01490506:5: /Common/default_ssl_vpn_policy_202203102312:Common:5668e030: Received User-Agent header: Mozilla%2F5.0%20(Windows%20NT%2010.0%3B%20WOW64%3B%20Trident%2F7.0%3B%20rv%3A11.0)%20like%20Gecko.
Mar 16 08:01:38 apm.f5.local notice tmm3[18812]: 01490500:5: /Common/default_ssl_vpn_policy_202203102312:Common:5668e030: New session from client IP 183.193.172.232 (ST=Shanghai/CC=CN/C=AS) at VIP 109.101.115.10 Listener /Common/default_ssl_vpn_policy_202203102312_vs (Reputation=Unknown)
Mar 16 08:01:40 apm.f5.local notice tmm1[18812]: 01490567:5: /Common/default_ssl_vpn_policy_202203102312:Common:71e33136: Session deleted (out_of_compliance; code - 24577).
Mar 16 08:01:54 apm.f5.local notice apmd[13338]: 014902f7:5: /Common/default_ssl_vpn_policy_202203102312:Common:e2a395ff:/Common/default_ssl_vpn_policy_202203102312_act_av_software_check_ag: endpoint software detected (sdk=4.3.1453.0,type=av,id=535,vendor_id=388,version=9.0.69.1,state=1,name=AhnLab V3 Internet Security,vendor_name=AhnLab, Inc.,db_signature=1372,db_version=,db_time=1647194400,last_scan=1647317432,engine_version=2022.03.14.02,missing_updates=).
Mar 16 08:01:54 apm.f5.local notice apmd[13338]: 014902f7:5: /Common/default_ssl_vpn_policy_202203102312:Common:e2a395ff:/Common/default_ssl_vpn_policy_202203102312_act_av_software_check_ag: endpoint software detected (sdk=4.3.1453.0,type=av,id=362,vendor_id=90,version=4.18.1807.18075,state=,name=Windows Defender,vendor_name=Microsoft Corporation,db_signature=477,db_version=1.351.662.0,db_time=1634589542,last_scan=0,engine_version=1.1.18600.4,missing_updates=).
Mar 16 08:02:00 apm.f5.local notice tmm2[18812]: 01490502:5: /Common/default_ssl_vpn_policy_202203102312:Common:bdd06b64: Session deleted due to user inactivity.
Mar 16 08:02:00 apm.f5.local notice tmm2[18812]: 01490505:5: /Common/default_ssl_vpn_policy_202203102312:Common:bdd06b64: PPP tunnel 0x5600dc4c6d00 (ID: 39376b06) closed.
Mar 16 08:02:02 apm.f5.local notice tmm2[18812]: 01490521:5: /Common/default_ssl_vpn_policy_202203102312:Common:a9d9051e: Session statistics - bytes in: 704, bytes out: 399
Mar 16 08:02:05 apm.f5.local notice tmm2[18812]: 01490521:5: /Common/default_ssl_vpn_policy_202203102312:Common:583b0d74: Session statistics - bytes in: 1804072, bytes out: 4562010
Mar 16 08:02:07 apm.f5.local notice apmd[13338]: 014902f7:5: /Common/default_ssl_vpn_policy_202203102312:Common:5668e030:/Common/default_ssl_vpn_policy_202203102312_act_av_software_check_ag: endpoint software detected (sdk=4.3.1453.0,type=av,id=535,vendor_id=388,version=9.0.69.1,state=1,name=AhnLab V3 Internet Security,vendor_name=AhnLab, Inc.,db_signature=1372,db_version=,db_time=1647284400,last_scan=1647316936,engine_version=2022.03.15.03,missing_updates=).
Mar 16 08:02:07 apm.f5.local notice apmd[13338]: 014902f7:5: /Common/default_ssl_vpn_policy_202203102312:Common:5668e030:/Common/default_ssl_vpn_policy_202203102312_act_av_software_check_ag: endpoint software detected (sdk=4.3.1453.0,type=av,id=362,vendor_id=90,version=4.18.2108.7,state=,name=Windows Defender,vendor_name=Microsoft Corporation,db_signature=477,db_version=1.349.1263.0,db_time=1632365594,last_scan=0,engine_version=1.1.18500.10,missing_updates=).
Mar 16 08:02:10 apm.f5.local notice tmm2[18812]: 01490567:5: /Common/default_ssl_vpn_policy_202203102312:Common:ea867d66: Session deleted (restarted).
Mar 16 08:02:11 apm.f5.local notice tmm3[18812]: 01490521:5: /Common/default_ssl_vpn_policy_202203102312:Common:f19b6e95: Session statistics - bytes in: 44001, bytes out: 448459
Mar 16 08:02:13 apm.f5.local notice tmm2[18812]: 01490521:5: /Common/default_ssl_vpn_policy_202203102312:Common:0f8464b7: Session statistics - bytes in: 2258, bytes out: 798
Mar 16 08:02:15 apm.f5.local notice tmm3[18812]: 01490567:5: /Common/default_ssl_vpn_policy_202203102312:Common:851dc9cd: Session deleted (restarted).
Mar 16 08:02:15 apm.f5.local notice tmm2[18812]: 01490506:5: /Common/default_ssl_vpn_policy_202203102312:Common:a19bb13e: Received User-Agent header: Mozilla%2F5.0%20(Windows%20NT%2010.0%3B%20WOW64%3B%20Trident%2F7.0%3B%20rv%3A11.0)%20like%20Gecko.
Mar 16 08:02:15 apm.f5.local notice tmm2[18812]: 01490500:5: /Common/default_ssl_vpn_policy_202203102312:Common:a19bb13e: New session from client IP 124.77.92.207 (ST=Shanghai/CC=CN/C=AS) at VIP 109.101.115.10 Listener /Common/default_ssl_vpn_policy_202203102312_vs (Reputation=Unknown)
Mar 16 08:02:18 apm.f5.local notice tmm1[18812]: 01490521:5: /Common/default_ssl_vpn_policy_202203102312:Common:71e33136: Session statistics - bytes in: 37763, bytes out: 93941
Mar 16 08:02:19 apm.f5.local notice tmm3[18812]: 01490506:5: /Common/default_ssl_vpn_policy_202203102312:Common:6c65738b: Received User-Agent header: Microsoft%20Windows%20Network%20Diagnostics.
Mar 16 08:02:19 apm.f5.local notice tmm3[18812]: 01490500:5: /Common/default_ssl_vpn_policy_202203102312:Common:6c65738b: New session from client IP 120.204.103.134 (ST=Shanghai/CC=CN/C=AS) at VIP 109.101.115.10 Listener /Common/default_ssl_vpn_policy_202203102312_vs (Reputation=Unknown)
Mar 16 08:02:19 apm.f5.local notice apmd[13338]: 01490005:5: /Common/default_ssl_vpn_policy_202203102312:Common:6c65738b: Following rule 'fallback' from item 'Antivirus' to ending 'Deny'
Mar 16 08:02:19 apm.f5.local notice apmd[13338]: 01490102:5: /Common/default_ssl_vpn_policy_202203102312:Common:6c65738b: Access policy result: Logon_Deny
Mar 16 08:02:19 apm.f5.local notice apmd[13338]: 01490248:5: /Common/default_ssl_vpn_policy_202203102312:Common:6c65738b: Received client info - Hostname:  Type: unknown Version: 0 Platform: unknown CPU: unknown UI Mode: Full Javascript Support: 0 ActiveX Support: 0 Plugin Support: 0
Mar 16 08:02:19 apm.f5.local notice tmm3[18812]: 01490567:5: /Common/default_ssl_vpn_policy_202203102312:Common:6c65738b: Session deleted (policy_result).
Mar 16 08:02:23 apm.f5.local notice tmm1[18812]: 01490506:5: /Common/default_ssl_vpn_policy_202203102312:Common:6bec057a: Received User-Agent header: Mozilla%2F5.0%20(Windows%20NT%2010.0%3B%20WOW64%3B%20Trident%2F7.0%3B%20rv%3A11.0)%20like%20Gecko.
Mar 16 08:02:23 apm.f5.local notice tmm1[18812]: 01490500:5: /Common/default_ssl_vpn_policy_202203102312:Common:6bec057a: New session from client IP 58.39.54.87 (ST=Shanghai/CC=CN/C=AS) at VIP 109.101.115.10 Listener /Common/default_ssl_vpn_policy_202203102312_vs (Reputation=Unknown)
Mar 16 08:02:24 apm.f5.local notice tmm1[18812]: 01490506:5: /Common/default_ssl_vpn_policy_202203102312:Common:efdb0547: Received User-Agent header: Mozilla%2F5.0%20(Windows%20NT%2010.0%3B%20WOW64%3B%20Trident%2F7.0%3B%20rv%3A11.0)%20like%20Gecko.
Mar 16 08:02:24 apm.f5.local notice tmm1[18812]: 01490500:5: /Common/default_ssl_vpn_policy_202203102312:Common:efdb0547: New session from client IP 111.165.49.200 (ST=Tianjin/CC=CN/C=AS) at VIP 109.101.115.10 Listener /Common/default_ssl_vpn_policy_202203102312_vs (Reputation=Unknown)
Mar 16 08:02:35 apm.f5.local notice tmm2[18812]: 01490521:5: /Common/default_ssl_vpn_policy_202203102312:Common:bdd06b64: Session statistics - bytes in: 2472474, bytes out: 12078138
Mar 16 08:02:35 apm.f5.local notice apmd[13338]: 01490010:5: /Common/default_ssl_vpn_policy_202203102312:Common:5668e030: Username '602070202@qq.com'
Mar 16 08:02:43 apm.f5.local notice tmm2[18812]: 01490521:5: /Common/default_ssl_vpn_policy_202203102312:Common:ea867d66: Session statistics - bytes in: 6627, bytes out: 2756
Mar 16 08:02:47 apm.f5.local notice tmm2[18812]: 01490567:5: /Common/default_ssl_vpn_policy_202203102312:Common:a19bb13e: Session deleted (restarted).
Mar 16 08:02:47 apm.f5.local notice tmm2[18812]: 01490506:5: /Common/default_ssl_vpn_policy_202203102312:Common:663afd22: Received User-Agent header: Mozilla%2F5.0%20(Windows%20NT%2010.0%3B%20WOW64%3B%20Trident%2F7.0%3B%20rv%3A11.0)%20like%20Gecko.
Mar 16 08:02:47 apm.f5.local notice tmm2[18812]: 01490500:5: /Common/default_ssl_vpn_policy_202203102312:Common:663afd22: New session from client IP 124.77.92.207 (ST=Shanghai/CC=CN/C=AS) at VIP 109.101.115.10 Listener /Common/default_ssl_vpn_policy_202203102312_vs (Reputation=Unknown)
Mar 16 08:02:51 apm.f5.local notice tmm[18812]: 01490506:5: /Common/default_ssl_vpn_policy_202203102312:Common:b684c845: Received User-Agent header: Mozilla%2F5.0%20(Windows%20NT%2010.0%3B%20WOW64%3B%20Trident%2F7.0%3B%20rv%3A11.0)%20like%20Gecko.
Mar 16 08:02:51 apm.f5.local notice tmm[18812]: 01490500:5: /Common/default_ssl_vpn_policy_202203102312:Common:b684c845: New session from client IP 114.92.118.237 (ST=Shanghai/CC=CN/C=AS) at VIP 109.101.115.10 Listener /Common/default_ssl_vpn_policy_202203102312_vs (Reputation=Unknown)
Mar 16 08:02:53 apm.f5.local notice tmm3[18812]: 01490521:5: /Common/default_ssl_vpn_policy_202203102312:Common:6c65738b: Session statistics - bytes in: 706, bytes out: 399
Mar 16 08:02:53 apm.f5.local notice tmm3[18812]: 01490521:5: /Common/default_ssl_vpn_policy_202203102312:Common:851dc9cd: Session statistics - bytes in: 43056, bytes out: 69408
Mar 16 08:03:08 apm.f5.local notice tmm3[18812]: 01490506:5: /Common/default_ssl_vpn_policy_202203102312:Common:1a179fa0: Received User-Agent header: Mozilla%2F4.0%20(compatible%3B%20MSIE%207.0%3B%20Windows%20NT%2010.0%3B%20WOW64%3B%20Trident%2F7.0%3B%20.NET4.0C%3B%20.NET4.0E%3B%20.NET%20CLR%202.0.50727%3B%20.NET%20CLR%203.0.30729%3B%20.NET%20CLR%203.5.30729).
Mar 16 08:03:08 apm.f5.local notice tmm3[18812]: 01490500:5: /Common/default_ssl_vpn_policy_202203102312:Common:1a179fa0: New session from client IP 111.194.217.102 (ST=Beijing/CC=CN/C=AS) at VIP 109.101.115.10 Listener /Common/default_ssl_vpn_policy_202203102312_vs (Reputation=Unknown)
Mar 16 08:03:14 apm.f5.local notice apmd[13338]: 014902f7:5: /Common/default_ssl_vpn_policy_202203102312:Common:663afd22:/Common/default_ssl_vpn_policy_202203102312_act_av_software_check_ag: endpoint software detected (sdk=4.3.1453.0,type=av,id=535,vendor_id=388,version=9.0.69.1,state=1,name=AhnLab V3 Internet Security,vendor_name=AhnLab, Inc.,db_signature=1372,db_version=,db_time=1647190800,last_scan=1646971306,engine_version=2022.03.14.01,missing_updates=).
Mar 16 08:03:14 apm.f5.local notice apmd[13338]: 014902f7:5: /Common/default_ssl_vpn_policy_202203102312:Common:663afd22:/Common/default_ssl_vpn_policy_202203102312_act_av_software_check_ag: endpoint software detected (sdk=4.3.1453.0,type=av,id=362,vendor_id=90,version=4.18.2111.5,state=,name=Windows Defender,vendor_name=Microsoft Corporation,db_signature=477,db_version=1.357.300.0,db_time=1644290886,last_scan=0,engine_version=1.1.18900.2,missing_updates=).
Mar 16 08:03:17 apm.f5.local notice apmd[13338]: 014902f7:5: /Common/default_ssl_vpn_policy_202203102312:Common:1a179fa0:/Common/default_ssl_vpn_policy_202203102312_act_av_software_check_ag: endpoint software detected (sdk=4.3.1453.0,type=av,id=535,vendor_id=388,version=9.0.69.1,state=1,name=AhnLab V3 Internet Security,vendor_name=AhnLab, Inc.,db_signature=1372,db_version=,db_time=1647194400,last_scan=1647317432,engine_version=2022.03.14.02,missing_updates=).
Mar 16 08:03:17 apm.f5.local notice apmd[13338]: 014902f7:5: /Common/default_ssl_vpn_policy_202203102312:Common:1a179fa0:/Common/default_ssl_vpn_policy_202203102312_act_av_software_check_ag: endpoint software detected (sdk=4.3.1453.0,type=av,id=362,vendor_id=90,version=4.18.1807.18075,state=,name=Windows Defender,vendor_name=Microsoft Corporation,db_signature=477,db_version=1.351.662.0,db_time=1634589542,last_scan=0,engine_version=1.1.18600.4,missing_updates=).
Mar 16 08:03:19 apm.f5.local notice tmm1[18812]: 01490506:5: /Common/default_ssl_vpn_policy_202203102312:Common:b51e51b6: Received User-Agent header: Mozilla%2F5.0%20(Windows%20NT%2010.0%3B%20WOW64%3B%20Trident%2F7.0%3B%20rv%3A11.0)%20like%20Gecko.
Mar 16 08:03:19 apm.f5.local notice tmm1[18812]: 01490500:5: /Common/default_ssl_vpn_policy_202203102312:Common:b51e51b6: New session from client IP 120.204.170.236 (ST=Shanghai/CC=CN/C=AS) at VIP 109.101.115.10 Listener /Common/default_ssl_vpn_policy_202203102312_vs (Reputation=Unknown)
Mar 16 08:03:21 apm.f5.local notice tmm2[18812]: 01490521:5: /Common/default_ssl_vpn_policy_202203102312:Common:a19bb13e: Session statistics - bytes in: 6790, bytes out: 2719
Mar 16 08:03:35 apm.f5.local notice tmm3[18812]: 01490506:5: /Common/default_ssl_vpn_policy_202203102312:Common:b5397ac4: Received User-Agent header: Mozilla%2F5.0%20(Windows%20NT%2010.0%3B%20WOW64%3B%20Trident%2F7.0%3B%20rv%3A11.0)%20like%20Gecko.
Mar 16 08:03:35 apm.f5.local notice tmm3[18812]: 01490500:5: /Common/default_ssl_vpn_policy_202203102312:Common:b5397ac4: New session from client IP 116.130.78.245 (ST=Tianjin/CC=CN/C=AS) at VIP 109.101.115.10 Listener /Common/default_ssl_vpn_policy_202203102312_vs (Reputation=Unknown)
Mar 16 08:03:42 apm.f5.local notice apmd[13338]: 01490010:5: /Common/default_ssl_vpn_policy_202203102312:Common:663afd22: Username '18817774454@163.com'
Mar 16 08:03:48 apm.f5.local notice tmm[18812]: 01490567:5: /Common/default_ssl_vpn_policy_202203102312:Common:b684c845: Session deleted (restarted).
Mar 16 08:03:48 apm.f5.local notice tmm3[18812]: 01490506:5: /Common/default_ssl_vpn_policy_202203102312:Common:2e970bf2: Received User-Agent header: Mozilla%2F5.0%20(Windows%20NT%2010.0%3B%20WOW64%3B%20Trident%2F7.0%3B%20rv%3A11.0)%20like%20Gecko.
Mar 16 08:03:48 apm.f5.local notice tmm3[18812]: 01490500:5: /Common/default_ssl_vpn_policy_202203102312:Common:2e970bf2: New session from client IP 114.92.118.237 (ST=Shanghai/CC=CN/C=AS) at VIP 109.101.115.10 Listener /Common/default_ssl_vpn_policy_202203102312_vs (Reputation=Unknown)
Mar 16 08:03:52 apm.f5.local notice apmd[13338]: 01490008:5: /Common/default_ssl_vpn_policy_202203102312:Common:5668e030: Connectivity resource '/Common/default_ssl_vpn_policy_202203102312_na_res' assigned
Mar 16 08:03:52 apm.f5.local notice apmd[13338]: 01490128:5: /Common/default_ssl_vpn_policy_202203102312:Common:5668e030: Webtop '/Common/default_ssl_vpn_policy_202203102312_webtop' assigned
Mar 16 08:03:52 apm.f5.local notice apmd[13338]: 01490005:5: /Common/default_ssl_vpn_policy_202203102312:Common:5668e030: Following rule 'fallback' from item 'Advanced Resource Assign' to ending 'Allow'
Mar 16 08:03:52 apm.f5.local notice apmd[13338]: 01490102:5: /Common/default_ssl_vpn_policy_202203102312:Common:5668e030: Access policy result: Network_Access
Mar 16 08:03:52 apm.f5.local notice apmd[13338]: 01490248:5: /Common/default_ssl_vpn_policy_202203102312:Common:5668e030: Received client info - Hostname: DESKTOP-QMNEUTI Type: IE Version: 11 Platform: Win10 CPU: WOW64 UI Mode: Full Javascript Support: 1 ActiveX Support: 1 Plugin Support: 0
Mar 16 08:03:52 apm.f5.local notice apmd[13338]: 01490008:5: /Common/default_ssl_vpn_policy_202203102312:Common:663afd22: Connectivity resource '/Common/default_ssl_vpn_policy_202203102312_na_res' assigned
Mar 16 08:03:52 apm.f5.local notice apmd[13338]: 01490128:5: /Common/default_ssl_vpn_policy_202203102312:Common:663afd22: Webtop '/Common/default_ssl_vpn_policy_202203102312_webtop' assigned
Mar 16 08:03:52 apm.f5.local notice apmd[13338]: 01490005:5: /Common/default_ssl_vpn_policy_202203102312:Common:663afd22: Following rule 'fallback' from item 'Advanced Resource Assign' to ending 'Allow'
Mar 16 08:03:52 apm.f5.local notice apmd[13338]: 01490102:5: /Common/default_ssl_vpn_policy_202203102312:Common:663afd22: Access policy result: Network_Access
Mar 16 08:03:52 apm.f5.local notice apmd[13338]: 01490248:5: /Common/default_ssl_vpn_policy_202203102312:Common:663afd22: Received client info - Hostname: DESKTOP-LRHCS18 Type: IE Version: 11 Platform: Win10 CPU: WOW64 UI Mode: Full Javascript Support: 1 ActiveX Support: 1 Plugin Support: 0
Mar 16 08:03:54 apm.f5.local notice tmm1[18812]: 01490502:5: /Common/default_ssl_vpn_policy_202203102312:Common:3c11e559: Session deleted due to user inactivity.
Mar 16 08:03:55 apm.f5.local notice tmm[18812]: 01490506:5: /Common/default_ssl_vpn_policy_202203102312:Common:b07d8e5e: Received User-Agent header: Mozilla%2F5.0%20(Windows%20NT%2010.0%3B%20WOW64%3B%20Trident%2F7.0%3B%20rv%3A11.0)%20like%20Gecko.
Mar 16 08:03:55 apm.f5.local notice tmm[18812]: 01490500:5: /Common/default_ssl_vpn_policy_202203102312:Common:b07d8e5e: New session from client IP 114.83.49.173 (ST=Shanghai/CC=CN/C=AS) at VIP 109.101.115.10 Listener /Common/default_ssl_vpn_policy_202203102312_vs (Reputation=Unknown)
Mar 16 08:04:08 apm.f5.local notice tmm[18812]: 01490567:5: /Common/default_ssl_vpn_policy_202203102312:Common:635998b2: Session deleted (out_of_compliance; code - 24577).
Mar 16 08:04:19 apm.f5.local notice tmm3[18812]: 01490567:5: /Common/default_ssl_vpn_policy_202203102312:Common:bb0380d7: Session deleted (out_of_compliance; code - 24577).
Mar 16 08:04:19 apm.f5.local notice tmm3[18812]: 01490505:5: /Common/default_ssl_vpn_policy_202203102312:Common:bb0380d7: PPP tunnel 0x5601480e2600 (ID: a7f0154e) closed.
Mar 16 08:04:23 apm.f5.local notice tmm1[18812]: 01490506:5: /Common/default_ssl_vpn_policy_202203102312:Common:69df5077: Received User-Agent header: Mozilla%2F4.0%20(compatible%3B%20MSIE%207.0%3B%20Windows%20NT%2010.0%3B%20WOW64%3B%20Trident%2F7.0%3B%20.NET4.0C%3B%20.NET4.0E%3B%20.NET%20CLR%202.0.50727%3B%20.NET%20CLR%203.0.30729%3B%20.NET%20CLR%203.5.30729).
Mar 16 08:04:23 apm.f5.local notice tmm1[18812]: 01490500:5: /Common/default_ssl_vpn_policy_202203102312:Common:69df5077: New session from client IP 111.194.217.102 (ST=Beijing/CC=CN/C=AS) at VIP 109.101.115.10 Listener /Common/default_ssl_vpn_policy_202203102312_vs (Reputation=Unknown)
Mar 16 08:04:24 apm.f5.local notice apmd[13338]: 014902f7:5: /Common/default_ssl_vpn_policy_202203102312:Common:2e970bf2:/Common/default_ssl_vpn_policy_202203102312_act_av_software_check_ag: endpoint software detected (sdk=4.3.1453.0,type=av,id=535,vendor_id=388,version=9.0.66.2,state=0,name=AhnLab V3 Internet Security,vendor_name=AhnLab, Inc.,db_signature=1372,db_version=,db_time=1632675600,last_scan=1647388459,engine_version=2021.09.27.01,missing_updates=).
Mar 16 08:04:24 apm.f5.local notice apmd[13338]: 014902f7:5: /Common/default_ssl_vpn_policy_202203102312:Common:2e970bf2:/Common/default_ssl_vpn_policy_202203102312_act_av_software_check_ag: endpoint software detected (sdk=4.3.1453.0,type=av,id=362,vendor_id=90,version=4.12.16299.15,state=1,name=Windows Defender,vendor_name=Microsoft Corporation,db_signature=477,db_version=1.359.1900.0,db_time=1647180517,last_scan=0,engine_version=1.1.18900.3,missing_updates=).
Mar 16 08:04:26 apm.f5.local notice tmm1[18812]: 01490521:5: /Common/default_ssl_vpn_policy_202203102312:Common:3c11e559: Session statistics - bytes in: 45863, bytes out: 18221
Mar 16 08:04:26 apm.f5.local notice tmm2[18812]: 01490501:5: /Common/default_ssl_vpn_policy_202203102312:Common:663afd22: Session deleted due to user logout request.
Mar 16 08:04:27 apm.f5.local notice tmm[18812]: 01490521:5: /Common/default_ssl_vpn_policy_202203102312:Common:b684c845: Session statistics - bytes in: 10813, bytes out: 41406
Mar 16 08:04:29 apm.f5.local notice tmm1[18812]: 01490567:5: /Common/default_ssl_vpn_policy_202203102312:Common:b51e51b6: Session deleted (restarted).
Mar 16 08:04:29 apm.f5.local notice tmm1[18812]: 01490506:5: /Common/default_ssl_vpn_policy_202203102312:Common:37d64204: Received User-Agent header: Mozilla%2F5.0%20(Windows%20NT%2010.0%3B%20WOW64%3B%20Trident%2F7.0%3B%20rv%3A11.0)%20like%20Gecko.
Mar 16 08:04:29 apm.f5.local notice tmm1[18812]: 01490500:5: /Common/default_ssl_vpn_policy_202203102312:Common:37d64204: New session from client IP 124.77.92.207 (ST=Shanghai/CC=CN/C=AS) at VIP 109.101.115.10 Listener /Common/default_ssl_vpn_policy_202203102312_vs (Reputation=Unknown)
Mar 16 08:04:29 apm.f5.local notice tmm2[18812]: 01490506:5: /Common/default_ssl_vpn_policy_202203102312:Common:3813a056: Received User-Agent header: Mozilla%2F5.0%20(Windows%20NT%2010.0%3B%20WOW64%3B%20Trident%2F7.0%3B%20rv%3A11.0)%20like%20Gecko.
Mar 16 08:04:29 apm.f5.local notice tmm2[18812]: 01490500:5: /Common/default_ssl_vpn_policy_202203102312:Common:3813a056: New session from client IP 120.204.170.236 (ST=Shanghai/CC=CN/C=AS) at VIP 109.101.115.10 Listener /Common/default_ssl_vpn_policy_202203102312_vs (Reputation=Unknown)
Mar 16 08:04:37 apm.f5.local notice tmm3[18812]: 01490506:5: /Common/default_ssl_vpn_policy_202203102312:Common:b9562c0d: Received User-Agent header: Mozilla%2F5.0%20(Windows%20NT%2010.0%3B%20WOW64%3B%20Trident%2F7.0%3B%20rv%3A11.0)%20like%20Gecko.
Mar 16 08:04:37 apm.f5.local notice tmm3[18812]: 01490500:5: /Common/default_ssl_vpn_policy_202203102312:Common:b9562c0d: New session from client IP 124.79.119.178 (ST=Shanghai/CC=CN/C=AS) at VIP 109.101.115.10 Listener /Common/default_ssl_vpn_policy_202203102312_vs (Reputation=Unknown)
Mar 16 08:04:47 apm.f5.local notice tmm[18812]: 01490521:5: /Common/default_ssl_vpn_policy_202203102312:Common:635998b2: Session statistics - bytes in: 390481, bytes out: 14054116
Mar 16 08:04:59 apm.f5.local notice tmm3[18812]: 01490521:5: /Common/default_ssl_vpn_policy_202203102312:Common:bb0380d7: Session statistics - bytes in: 2012326, bytes out: 17037457
Mar 16 08:05:00 apm.f5.local notice tmm1[18812]: 01490567:5: /Common/default_ssl_vpn_policy_202203102312:Common:37d64204: Session deleted (restarted).
Mar 16 08:05:00 apm.f5.local notice tmm2[18812]: 01490506:5: /Common/default_ssl_vpn_policy_202203102312:Common:1563894f: Received User-Agent header: Mozilla%2F5.0%20(Windows%20NT%2010.0%3B%20WOW64%3B%20Trident%2F7.0%3B%20rv%3A11.0)%20like%20Gecko.
Mar 16 08:05:00 apm.f5.local notice tmm2[18812]: 01490500:5: /Common/default_ssl_vpn_policy_202203102312:Common:1563894f: New session from client IP 124.77.92.207 (ST=Shanghai/CC=CN/C=AS) at VIP 109.101.115.10 Listener /Common/default_ssl_vpn_policy_202203102312_vs (Reputation=Unknown)
Mar 16 08:05:03 apm.f5.local notice tmm1[18812]: 01490521:5: /Common/default_ssl_vpn_policy_202203102312:Common:b51e51b6: Session statistics - bytes in: 7647, bytes out: 3467
Mar 16 08:05:05 apm.f5.local notice tmm2[18812]: 01490521:5: /Common/default_ssl_vpn_policy_202203102312:Common:663afd22: Session statistics - bytes in: 36837, bytes out: 14748
Mar 16 08:05:08 apm.f5.local notice apmd[13338]: 014902f7:5: /Common/default_ssl_vpn_policy_202203102312:Common:8c2a8268:/Common/default_ssl_vpn_policy_202203102312_act_av_software_check_ag: endpoint software detected (sdk=4.3.1453.0,type=av,id=535,vendor_id=388,version=9.0.69.1,state=1,name=AhnLab V3 Internet Security,vendor_name=AhnLab, Inc.,db_signature=1372,db_version=,db_time=1647284400,last_scan=1647318074,engine_version=2022.03.15.03,missing_updates=).
Mar 16 08:05:08 apm.f5.local notice apmd[13338]: 014902f7:5: /Common/default_ssl_vpn_policy_202203102312:Common:8c2a8268:/Common/default_ssl_vpn_policy_202203102312_act_av_software_check_ag: endpoint software detected (sdk=4.3.1453.0,type=av,id=362,vendor_id=90,version=4.18.1807.18075,state=,name=Windows Defender,vendor_name=Microsoft Corporation,db_signature=477,db_version=,db_time=0,last_scan=0,engine_version=,missing_updates=).
Mar 16 08:05:15 apm.f5.local notice apmd[13338]: 014902f7:5: /Common/default_ssl_vpn_policy_202203102312:Common:1563894f:/Common/default_ssl_vpn_policy_202203102312_act_av_software_check_ag: endpoint software detected (sdk=4.3.1453.0,type=av,id=535,vendor_id=388,version=9.0.69.1,state=1,name=AhnLab V3 Internet Security,vendor_name=AhnLab, Inc.,db_signature=1372,db_version=,db_time=1647190800,last_scan=1646971306,engine_version=2022.03.14.01,missing_updates=).
Mar 16 08:05:15 apm.f5.local notice apmd[13338]: 014902f7:5: /Common/default_ssl_vpn_policy_202203102312:Common:1563894f:/Common/default_ssl_vpn_policy_202203102312_act_av_software_check_ag: endpoint software detected (sdk=4.3.1453.0,type=av,id=362,vendor_id=90,version=4.18.2111.5,state=,name=Windows Defender,vendor_name=Microsoft Corporation,db_signature=477,db_version=1.357.300.0,db_time=1644290886,last_scan=0,engine_version=1.1.18900.2,missing_updates=).
Mar 16 08:05:15 apm.f5.local notice tmm3[18812]: 01490567:5: /Common/default_ssl_vpn_policy_202203102312:Common:b5397ac4: Session deleted (restarted).
Mar 16 08:05:15 apm.f5.local notice tmm2[18812]: 01490506:5: /Common/default_ssl_vpn_policy_202203102312:Common:9c5e8fd0: Received User-Agent header: Mozilla%2F5.0%20(Windows%20NT%2010.0%3B%20WOW64%3B%20Trident%2F7.0%3B%20rv%3A11.0)%20like%20Gecko.
Mar 16 08:05:15 apm.f5.local notice tmm2[18812]: 01490500:5: /Common/default_ssl_vpn_policy_202203102312:Common:9c5e8fd0: New session from client IP 116.130.78.245 (ST=Tianjin/CC=CN/C=AS) at VIP 109.101.115.10 Listener /Common/default_ssl_vpn_policy_202203102312_vs (Reputation=Unknown)
Mar 16 08:05:15 apm.f5.local notice apmd[13338]: 01490010:5: /Common/default_ssl_vpn_policy_202203102312:Common:8c2a8268: Username '1441678000@qq.com'
Mar 16 08:05:24 apm.f5.local notice apmd[13338]: 01490005:5: /Common/default_ssl_vpn_policy_202203102312:Common:b07d8e5e: Following rule 'fallback' from item 'Antivirus' to ending 'Deny'
Mar 16 08:05:26 apm.f5.local notice apmd[13338]: 01490102:5: /Common/default_ssl_vpn_policy_202203102312:Common:b07d8e5e: Access policy result: Logon_Deny
Mar 16 08:05:26 apm.f5.local notice apmd[13338]: 01490248:5: /Common/default_ssl_vpn_policy_202203102312:Common:b07d8e5e: Received client info - Hostname: TM-94161 Type: IE Version: 11 Platform: Win10 CPU: WOW64 UI Mode: Full Javascript Support: 1 ActiveX Support: 1 Plugin Support: 0
Mar 16 08:05:26 apm.f5.local notice tmm[18812]: 01490567:5: /Common/default_ssl_vpn_policy_202203102312:Common:b07d8e5e: Session deleted (policy_result).
Mar 16 08:05:29 apm.f5.local notice apmd[13338]: 01490005:5: /Common/default_ssl_vpn_policy_202203102312:Common:11e673dc: Following rule 'fallback' from item 'Antivirus' to ending 'Deny'
Mar 16 08:05:29 apm.f5.local notice apmd[13338]: 01490102:5: /Common/default_ssl_vpn_policy_202203102312:Common:11e673dc: Access policy result: Logon_Deny
Mar 16 08:05:29 apm.f5.local notice apmd[13338]: 01490248:5: /Common/default_ssl_vpn_policy_202203102312:Common:11e673dc: Received client info - Hostname:  Type: IE Version: 11 Platform: Win10 CPU: WOW64 UI Mode: Full Javascript Support: 1 ActiveX Support: 1 Plugin Support: 0
Mar 16 08:05:29 apm.f5.local notice tmm1[18812]: 01490567:5: /Common/default_ssl_vpn_policy_202203102312:Common:11e673dc: Session deleted (policy_result).
Mar 16 08:05:31 apm.f5.local notice tmm1[18812]: 01490506:5: /Common/default_ssl_vpn_policy_202203102312:Common:a2e9a76c: Received User-Agent header: Mozilla%2F5.0%20(Windows%20NT%2010.0%3B%20WOW64%3B%20Trident%2F7.0%3B%20rv%3A11.0)%20like%20Gecko.
Mar 16 08:05:31 apm.f5.local notice tmm1[18812]: 01490500:5: /Common/default_ssl_vpn_policy_202203102312:Common:a2e9a76c: New session from client IP 112.64.8.69 (ST=Shanghai/CC=CN/C=AS) at VIP 109.101.115.10 Listener /Common/default_ssl_vpn_policy_202203102312_vs (Reputation=Unknown)
Mar 16 08:05:32 apm.f5.local notice apmd[13338]: 01490010:5: /Common/default_ssl_vpn_policy_202203102312:Common:1563894f: Username '18817774454@163.com'
Mar 16 08:05:34 apm.f5.local notice tmm3[18812]: 01490567:5: /Common/default_ssl_vpn_policy_202203102312:Common:2e970bf2: Session deleted (restarted).
Mar 16 08:05:34 apm.f5.local notice tmm1[18812]: 01490521:5: /Common/default_ssl_vpn_policy_202203102312:Common:37d64204: Session statistics - bytes in: 7605, bytes out: 3403
Mar 16 08:05:34 apm.f5.local notice tmm3[18812]: 01490506:5: /Common/default_ssl_vpn_policy_202203102312:Common:8e5d917e: Received User-Agent header: Mozilla%2F5.0%20(Windows%20NT%2010.0%3B%20WOW64%3B%20Trident%2F7.0%3B%20rv%3A11.0)%20like%20Gecko.
Mar 16 08:05:34 apm.f5.local notice tmm3[18812]: 01490500:5: /Common/default_ssl_vpn_policy_202203102312:Common:8e5d917e: New session from client IP 114.92.118.237 (ST=Shanghai/CC=CN/C=AS) at VIP 109.101.115.10 Listener /Common/default_ssl_vpn_policy_202203102312_vs (Reputation=Unknown)
Mar 16 08:05:35 apm.f5.local notice apmd[13338]: 014902f7:5: /Common/default_ssl_vpn_policy_202203102312:Common:69df5077:/Common/default_ssl_vpn_policy_202203102312_act_av_software_check_ag: endpoint software detected (sdk=4.3.1453.0,type=av,id=535,vendor_id=388,version=9.0.69.1,state=1,name=AhnLab V3 Internet Security,vendor_name=AhnLab, Inc.,db_signature=1372,db_version=,db_time=1647194400,last_scan=1647317432,engine_version=2022.03.14.02,missing_updates=).
Mar 16 08:05:35 apm.f5.local notice apmd[13338]: 014902f7:5: /Common/default_ssl_vpn_policy_202203102312:Common:69df5077:/Common/default_ssl_vpn_policy_202203102312_act_av_software_check_ag: endpoint software detected (sdk=4.3.1453.0,type=av,id=362,vendor_id=90,version=4.18.1807.18075,state=,name=Windows Defender,vendor_name=Microsoft Corporation,db_signature=477,db_version=1.351.662.0,db_time=1634589542,last_scan=0,engine_version=1.1.18600.4,missing_updates=).
Mar 16 08:05:35 apm.f5.local notice tmm1[18812]: 01490506:5: /Common/default_ssl_vpn_policy_202203102312:Common:c73cccfc: Received User-Agent header: Mozilla%2F4.0%20(compatible%3B%20MSIE%207.0%3B%20Windows%20NT%2010.0%3B%20WOW64%3B%20Trident%2F7.0%3B%20.NET4.0C%3B%20.NET4.0E%3B%20.NET%20CLR%202.0.50727%3B%20.NET%20CLR%203.0.30729%3B%20.NET%20CLR%203.5.30729).
Mar 16 08:05:35 apm.f5.local notice tmm1[18812]: 01490500:5: /Common/default_ssl_vpn_policy_202203102312:Common:c73cccfc: New session from client IP 112.64.8.69 (ST=Shanghai/CC=CN/C=AS) at VIP 109.101.115.10 Listener /Common/default_ssl_vpn_policy_202203102312_vs (Reputation=Unknown)
Mar 16 08:05:38 apm.f5.local notice apmd[13338]: 014902f7:5: /Common/default_ssl_vpn_policy_202203102312:Common:9c5e8fd0:/Common/default_ssl_vpn_policy_202203102312_act_av_software_check_ag: endpoint software detected (sdk=4.3.1453.0,type=av,id=535,vendor_id=388,version=9.0.69.1,state=1,name=AhnLab V3 Internet Security,vendor_name=AhnLab, Inc.,db_signature=1372,db_version=,db_time=1646938800,last_scan=1647317122,engine_version=2022.03.11.03,missing_updates=).
Mar 16 08:05:38 apm.f5.local notice apmd[13338]: 014902f7:5: /Common/default_ssl_vpn_policy_202203102312:Common:9c5e8fd0:/Common/default_ssl_vpn_policy_202203102312_act_av_software_check_ag: endpoint software detected (sdk=4.3.1453.0,type=av,id=362,vendor_id=90,version=4.18.1807.18075,state=,name=Windows Defender,vendor_name=Microsoft Corporation,db_signature=477,db_version=1.323.294.0,db_time=1598922776,last_scan=0,engine_version=1.1.17400.5,missing_updates=).
Mar 16 08:05:40 apm.f5.local notice apmd[13338]: 01490008:5: /Common/default_ssl_vpn_policy_202203102312:Common:1563894f: Connectivity resource '/Common/default_ssl_vpn_policy_202203102312_na_res' assigned
Mar 16 08:05:40 apm.f5.local notice apmd[13338]: 01490128:5: /Common/default_ssl_vpn_policy_202203102312:Common:1563894f: Webtop '/Common/default_ssl_vpn_policy_202203102312_webtop' assigned
Mar 16 08:05:40 apm.f5.local notice apmd[13338]: 01490005:5: /Common/default_ssl_vpn_policy_202203102312:Common:1563894f: Following rule 'fallback' from item 'Advanced Resource Assign' to ending 'Allow'
Mar 16 08:05:40 apm.f5.local notice apmd[13338]: 01490102:5: /Common/default_ssl_vpn_policy_202203102312:Common:1563894f: Access policy result: Network_Access
Mar 16 08:05:40 apm.f5.local notice apmd[13338]: 01490248:5: /Common/default_ssl_vpn_policy_202203102312:Common:1563894f: Received client info - Hostname: DESKTOP-LRHCS18 Type: IE Version: 11 Platform: Win10 CPU: WOW64 UI Mode: Full Javascript Support: 1 ActiveX Support: 1 Plugin Support: 0
Mar 16 08:05:48 apm.f5.local notice apmd[13338]: 014902f7:5: /Common/default_ssl_vpn_policy_202203102312:Common:a2e9a76c:/Common/default_ssl_vpn_policy_202203102312_act_av_software_check_ag: endpoint software detected (sdk=4.3.1453.0,type=av,id=535,vendor_id=388,version=9.0.69.1,state=1,name=AhnLab V3 Internet Security,vendor_name=AhnLab, Inc.,db_signature=1372,db_version=,db_time=1647280800,last_scan=1647317985,engine_version=2022.03.15.02,missing_updates=).
Mar 16 08:05:48 apm.f5.local notice apmd[13338]: 014902f7:5: /Common/default_ssl_vpn_policy_202203102312:Common:a2e9a76c:/Common/default_ssl_vpn_policy_202203102312_act_av_software_check_ag: endpoint software detected (sdk=4.3.1453.0,type=av,id=362,vendor_id=90,version=4.18.1807.18075,state=,name=Windows Defender,vendor_name=Microsoft Corporation,db_signature=477,db_version=,db_time=0,last_scan=0,engine_version=,missing_updates=).
Mar 16 08:05:51 apm.f5.local notice apmd[13338]: 01490010:5: /Common/default_ssl_vpn_policy_202203102312:Common:69df5077: Username '777gll@163.com'
Mar 16 08:05:56 apm.f5.local notice tmm3[18812]: 01490521:5: /Common/default_ssl_vpn_policy_202203102312:Common:b5397ac4: Session statistics - bytes in: 5862, bytes out: 2682
Mar 16 08:05:56 apm.f5.local notice tmm1[18812]: 01490506:5: /Common/default_ssl_vpn_policy_202203102312:Common:532a5c59: Received User-Agent header: Mozilla%2F4.0%20(compatible%3B%20MSIE%207.0%3B%20Windows%20NT%2010.0%3B%20WOW64%3B%20Trident%2F7.0%3B%20.NET4.0C%3B%20.NET4.0E%3B%20.NET%20CLR%202.0.50727%3B%20.NET%20CLR%203.0.30729%3B%20.NET%20CLR%203.5.30729).
Mar 16 08:05:56 apm.f5.local notice tmm1[18812]: 01490500:5: /Common/default_ssl_vpn_policy_202203102312:Common:532a5c59: New session from client IP 180.158.102.10 (ST=Shanghai/CC=CN/C=AS) at VIP 109.101.115.10 Listener /Common/default_ssl_vpn_policy_202203102312_vs (Reputation=Unknown)
Mar 16 08:05:57 apm.f5.local notice apmd[13338]: 01490010:5: /Common/default_ssl_vpn_policy_202203102312:Common:9c5e8fd0: Username '12240657@qq.com'
Mar 16 08:05:59 apm.f5.local notice apmd[13338]: 01490008:5: /Common/default_ssl_vpn_policy_202203102312:Common:8c2a8268: Connectivity resource '/Common/default_ssl_vpn_policy_202203102312_na_res' assigned
Mar 16 08:05:59 apm.f5.local notice apmd[13338]: 01490128:5: /Common/default_ssl_vpn_policy_202203102312:Common:8c2a8268: Webtop '/Common/default_ssl_vpn_policy_202203102312_webtop' assigned
Mar 16 08:05:59 apm.f5.local notice apmd[13338]: 01490005:5: /Common/default_ssl_vpn_policy_202203102312:Common:8c2a8268: Following rule 'fallback' from item 'Advanced Resource Assign' to ending 'Allow'
Mar 16 08:05:59 apm.f5.local notice apmd[13338]: 01490102:5: /Common/default_ssl_vpn_policy_202203102312:Common:8c2a8268: Access policy result: Network_Access
Mar 16 08:05:59 apm.f5.local notice apmd[13338]: 01490248:5: /Common/default_ssl_vpn_policy_202203102312:Common:8c2a8268: Received client info - Hostname: TM-94102 Type: IE Version: 11 Platform: Win10 CPU: WOW64 UI Mode: Full Javascript Support: 1 ActiveX Support: 1 Plugin Support: 0
Mar 16 08:06:05 apm.f5.local notice tmm1[18812]: 01490567:5: /Common/default_ssl_vpn_policy_202203102312:Common:e1416a07: Session deleted (out_of_compliance; code - 24577).
Mar 16 08:06:05 apm.f5.local notice tmm[18812]: 01490521:5: /Common/default_ssl_vpn_policy_202203102312:Common:b07d8e5e: Session statistics - bytes in: 83120, bytes out: 3680716
Mar 16 08:06:06 apm.f5.local notice apmd[13338]: 014902f7:5: /Common/default_ssl_vpn_policy_202203102312:Common:589e4139:/Common/default_ssl_vpn_policy_202203102312_act_av_software_check_ag: endpoint software detected (sdk=4.3.1453.0,type=av,id=535,vendor_id=388,version=9.0.69.1,state=1,name=AhnLab V3 Internet Security,vendor_name=AhnLab, Inc.,db_signature=1372,db_version=,db_time=1647284400,last_scan=1647316970,engine_version=2022.03.15.03,missing_updates=).
Mar 16 08:06:06 apm.f5.local notice apmd[13338]: 014902f7:5: /Common/default_ssl_vpn_policy_202203102312:Common:589e4139:/Common/default_ssl_vpn_policy_202203102312_act_av_software_check_ag: endpoint software detected (sdk=4.3.1453.0,type=av,id=362,vendor_id=90,version=4.12.16299.15,state=,name=Windows Defender,vendor_name=Microsoft Corporation,db_signature=477,db_version=1.329.2507.0,db_time=1611101124,last_scan=0,engine_version=1.1.17700.4,missing_updates=).
Mar 16 08:06:06 apm.f5.local notice apmd[13338]: 01490008:5: /Common/default_ssl_vpn_policy_202203102312:Common:69df5077: Connectivity resource '/Common/default_ssl_vpn_policy_202203102312_na_res' assigned
Mar 16 08:06:06 apm.f5.local notice apmd[13338]: 01490128:5: /Common/default_ssl_vpn_policy_202203102312:Common:69df5077: Webtop '/Common/default_ssl_vpn_policy_202203102312_webtop' assigned
Mar 16 08:06:06 apm.f5.local notice apmd[13338]: 01490005:5: /Common/default_ssl_vpn_policy_202203102312:Common:69df5077: Following rule 'fallback' from item 'Advanced Resource Assign' to ending 'Allow'
