Mar 15 09:13:31 apm.f5.local err tmm[18812]: 01490514:3: (null):Common:00000000: Access encountered error: ERR_INPROGRESS. File: ../modules/hudfilter/access/access.c, Function: access_process_state_client_enforce_session, Line: 9027
Mar 15 09:13:31 apm.f5.local err tmm[18812]: 01490514:3: (null):Common:00000000: Access encountered error: ERR_INPROGRESS. File: ../modules/hudfilter/access/access.c, Function: hud_access_handler, Line: 3987
Mar 15 09:14:36 apm.f5.local notice tmm2[18812]: 01490505:5: /Common/default_ssl_vpn_policy_202203102312:Common:437ea8bd: PPP tunnel 0x5600dc4ee500 (ID: 570cf845) closed.
Mar 15 09:15:18 apm.f5.local notice tmm2[18812]: 01490567:5: /Common/default_ssl_vpn_policy_202203102312:Common:1afcd076: Session deleted (restarted).
Mar 15 09:15:18 apm.f5.local notice tmm3[18812]: 01490506:5: /Common/default_ssl_vpn_policy_202203102312:Common:cec64d16: Received User-Agent header: Mozilla%2F5.0%20(Windows%20NT%2010.0%3B%20WOW64%3B%20Trident%2F7.0%3B%20rv%3A11.0)%20like%20Gecko.
Mar 15 09:15:18 apm.f5.local notice tmm3[18812]: 01490500:5: /Common/default_ssl_vpn_policy_202203102312:Common:cec64d16: New session from client IP 120.204.79.47 (ST=Shanghai/CC=CN/C=AS) at VIP 109.101.115.10 Listener /Common/default_ssl_vpn_policy_202203102312_vs (Reputation=Unknown)
Mar 15 09:15:42 apm.f5.local notice tmm1[18812]: 01490502:5: /Common/default_ssl_vpn_policy_202203102312:Common:e2bc3ef7: Session deleted due to user inactivity.
Mar 15 09:15:51 apm.f5.local notice tmm2[18812]: 01490521:5: /Common/default_ssl_vpn_policy_202203102312:Common:1afcd076: Session statistics - bytes in: 25748, bytes out: 58940
Mar 15 09:15:51 apm.f5.local notice tmm3[18812]: 01490505:5: /Common/default_ssl_vpn_policy_202203102312:Common:d598aab7: PPP tunnel 0x5601480f8900 (ID: 82a906da) closed.
Mar 15 09:16:00 apm.f5.local notice tmm[18812]: 01490549:5: /Common/default_ssl_vpn_policy_202203102312:Common:d598aab7: Assigned PPP Dynamic IPv4: 109.101.115.138 ID: b840a36c Tunnel Type: VPN_TUNNELTYPE_TLS NA Resource: /Common/default_ssl_vpn_policy_202203102312_na_res Client IP: 124.77.88.198 - Reconnect
Mar 15 09:16:00 apm.f5.local notice tmm[18812]: 01490505:5: /Common/default_ssl_vpn_policy_202203102312:Common:d598aab7: PPP tunnel 0x560001777100 (ID: b840a36c) started.
Mar 15 09:16:23 apm.f5.local notice tmm1[18812]: 01490521:5: /Common/default_ssl_vpn_policy_202203102312:Common:e2bc3ef7: Session statistics - bytes in: 25004, bytes out: 67215
Mar 15 09:16:37 apm.f5.local notice tmm[18812]: 01490505:5: /Common/default_ssl_vpn_policy_202203102312:Common:5d9c04f9: PPP tunnel 0x560001750000 (ID: adff4c4e) closed.
Mar 15 09:16:39 apm.f5.local notice tmm1[18812]: 01490549:5: /Common/default_ssl_vpn_policy_202203102312:Common:5d9c04f9: Assigned PPP Dynamic IPv4: 109.101.115.204 ID: 1f3ddaf8 Tunnel Type: VPN_TUNNELTYPE_TLS NA Resource: /Common/default_ssl_vpn_policy_202203102312_na_res Client IP: 120.204.103.134 - Reconnect
Mar 15 09:16:39 apm.f5.local notice tmm1[18812]: 01490505:5: /Common/default_ssl_vpn_policy_202203102312:Common:5d9c04f9: PPP tunnel 0x5600708c8100 (ID: 1f3ddaf8) started.
Mar 15 09:16:49 apm.f5.local notice tmm[18812]: 01490502:5: /Common/default_ssl_vpn_policy_202203102312:Common:9945261e: Session deleted due to user inactivity.
Mar 15 09:17:30 apm.f5.local notice tmm[18812]: 01490521:5: /Common/default_ssl_vpn_policy_202203102312:Common:9945261e: Session statistics - bytes in: 932, bytes out: 399
Mar 15 09:18:36 apm.f5.local notice tmm[18812]: 01490502:5: /Common/default_ssl_vpn_policy_202203102312:Common:437ea8bd: Session deleted due to user inactivity.
Mar 15 09:18:52 apm.f5.local notice tmm1[18812]: 01490502:5: /Common/default_ssl_vpn_policy_202203102312:Common:bdf32e75: Session deleted due to user inactivity.
Mar 15 09:19:03 apm.f5.local notice tmm3[18812]: 01490502:5: /Common/default_ssl_vpn_policy_202203102312:Common:0f5d3932: Session deleted due to user inactivity.
Mar 15 09:19:14 apm.f5.local notice tmm[18812]: 01490521:5: /Common/default_ssl_vpn_policy_202203102312:Common:437ea8bd: Session statistics - bytes in: 28425679, bytes out: 30437077
Mar 15 09:19:33 apm.f5.local notice tmm1[18812]: 01490521:5: /Common/default_ssl_vpn_policy_202203102312:Common:bdf32e75: Session statistics - bytes in: 158274, bytes out: 4631844
Mar 15 09:19:44 apm.f5.local notice tmm3[18812]: 01490521:5: /Common/default_ssl_vpn_policy_202203102312:Common:0f5d3932: Session statistics - bytes in: 16628, bytes out: 100391
Mar 15 09:20:23 apm.f5.local notice apmd[13338]: 01490005:5: /Common/default_ssl_vpn_policy_202203102312:Common:cec64d16: Following rule 'fallback' from item 'Antivirus' to ending 'Deny'
Mar 15 09:20:24 apm.f5.local notice apmd[13338]: 01490102:5: /Common/default_ssl_vpn_policy_202203102312:Common:cec64d16: Access policy result: Logon_Deny
Mar 15 09:20:24 apm.f5.local notice apmd[13338]: 01490248:5: /Common/default_ssl_vpn_policy_202203102312:Common:cec64d16: Received client info - Hostname: KEFU-29115 Type: IE Version: 11 Platform: Win10 CPU: WOW64 UI Mode: Full Javascript Support: 1 ActiveX Support: 1 Plugin Support: 0
Mar 15 09:20:24 apm.f5.local notice tmm3[18812]: 01490567:5: /Common/default_ssl_vpn_policy_202203102312:Common:cec64d16: Session deleted (policy_result).
Mar 15 09:20:59 apm.f5.local notice tmm3[18812]: 01490521:5: /Common/default_ssl_vpn_policy_202203102312:Common:cec64d16: Session statistics - bytes in: 15810, bytes out: 7560
Mar 15 09:22:38 apm.f5.local notice tmm3[18812]: 01490549:5: /Common/default_ssl_vpn_policy_202203102312:Common:20399f3e: Assigned PPP Dynamic IPv4: 109.101.115.59 ID: 0e14c92c Tunnel Type: VPN_TUNNELTYPE_TLS NA Resource: /Common/default_ssl_vpn_policy_202203102312_na_res Client IP: 117.136.8.175 - Reconnect
Mar 15 09:22:38 apm.f5.local notice tmm3[18812]: 01490505:5: /Common/default_ssl_vpn_policy_202203102312:Common:20399f3e: PPP tunnel 0x5601480d0700 (ID: 0e14c92c) started.
Mar 15 09:22:38 apm.f5.local notice tmm[18812]: 01490505:5: /Common/default_ssl_vpn_policy_202203102312:Common:20399f3e: PPP tunnel 0x56000174ef00 (ID: d9294680) closed.
Mar 15 09:22:43 apm.f5.local notice tmm[18812]: 01490502:5: /Common/default_ssl_vpn_policy_202203102312:Common:0ea18cde: Session deleted due to user inactivity.
Mar 15 09:23:24 apm.f5.local notice tmm[18812]: 01490521:5: /Common/default_ssl_vpn_policy_202203102312:Common:0ea18cde: Session statistics - bytes in: 16063, bytes out: 103043
Mar 15 09:23:38 apm.f5.local notice tmm3[18812]: 01490502:5: /Common/default_ssl_vpn_policy_202203102312:Common:052a4a97: Session deleted due to user inactivity.
Mar 15 09:23:46 apm.f5.local notice tmm1[18812]: 01490505:5: /Common/default_ssl_vpn_policy_202203102312:Common:16f78d1e: PPP tunnel 0x560070902900 (ID: 8109d32c) closed.
Mar 15 09:23:47 apm.f5.local notice apmd[13338]: 01490010:5: /Common/default_ssl_vpn_policy_202203102312:Common:59b3db4e: Username ''
Mar 15 09:23:47 apm.f5.local warning apmd[13338]: 01490212:4: /Common/default_ssl_vpn_policy_202203102312:Common:59b3db4e: LOCALDB agent: (logon attempt:0) authenticate with '' failed
Mar 15 09:24:05 apm.f5.local notice apmd[13338]: 01490010:5: /Common/default_ssl_vpn_policy_202203102312:Common:59b3db4e: Username '290791104@qq.com'
Mar 15 09:24:05 apm.f5.local notice apmd[13338]: 01490103:5: /Common/default_ssl_vpn_policy_202203102312:Common:59b3db4e: Retry Username '290791104@qq.com'
Mar 15 09:24:16 apm.f5.local notice apmd[13338]: 01490008:5: /Common/default_ssl_vpn_policy_202203102312:Common:59b3db4e: Connectivity resource '/Common/default_ssl_vpn_policy_202203102312_na_res' assigned
Mar 15 09:24:16 apm.f5.local notice apmd[13338]: 01490128:5: /Common/default_ssl_vpn_policy_202203102312:Common:59b3db4e: Webtop '/Common/default_ssl_vpn_policy_202203102312_webtop' assigned
Mar 15 09:24:16 apm.f5.local notice apmd[13338]: 01490005:5: /Common/default_ssl_vpn_policy_202203102312:Common:59b3db4e: Following rule 'fallback' from item 'Advanced Resource Assign' to ending 'Allow'
Mar 15 09:24:16 apm.f5.local notice apmd[13338]: 01490102:5: /Common/default_ssl_vpn_policy_202203102312:Common:59b3db4e: Access policy result: Network_Access
Mar 15 09:24:16 apm.f5.local notice apmd[13338]: 01490248:5: /Common/default_ssl_vpn_policy_202203102312:Common:59b3db4e: Received client info - Hostname: TM-94209 Type: IE Version: 11 Platform: Win10 CPU: WOW64 UI Mode: Full Javascript Support: 1 ActiveX Support: 1 Plugin Support: 0
Mar 15 09:24:19 apm.f5.local notice tmm3[18812]: 01490521:5: /Common/default_ssl_vpn_policy_202203102312:Common:052a4a97: Session statistics - bytes in: 14935, bytes out: 81472
Mar 15 09:25:32 apm.f5.local notice tmm2[18812]: 01490502:5: /Common/default_ssl_vpn_policy_202203102312:Common:16f78d1e: Session deleted due to user inactivity.
Mar 15 09:25:34 apm.f5.local notice tmm2[18812]: 01490567:5: /Common/default_ssl_vpn_policy_202203102312:Common:e0444e97: Session deleted (out_of_compliance; code - 6).
Mar 15 09:26:07 apm.f5.local notice tmm2[18812]: 01490521:5: /Common/default_ssl_vpn_policy_202203102312:Common:16f78d1e: Session statistics - bytes in: 2263764, bytes out: 3495911
Mar 15 09:26:14 apm.f5.local notice tmm2[18812]: 01490521:5: /Common/default_ssl_vpn_policy_202203102312:Common:e0444e97: Session statistics - bytes in: 9363619, bytes out: 109354108
Mar 15 09:26:40 apm.f5.local notice tmm[18812]: 01490502:5: /Common/default_ssl_vpn_policy_202203102312:Common:295ddaa8: Session deleted due to user inactivity.
Mar 15 09:27:21 apm.f5.local notice tmm[18812]: 01490521:5: /Common/default_ssl_vpn_policy_202203102312:Common:295ddaa8: Session statistics - bytes in: 18798, bytes out: 16793
Mar 15 09:29:13 apm.f5.local notice tmm[18812]: 01490505:5: /Common/default_ssl_vpn_policy_202203102312:Common:f03ec09c: PPP tunnel 0x560001799700 (ID: 61e81b48) closed.
Mar 15 09:29:16 apm.f5.local notice tmm2[18812]: 01490506:5: /Common/default_ssl_vpn_policy_202203102312:Common:652b8308: Received User-Agent header: Mozilla%2F5.0%20(Windows%20NT%2010.0%3B%20Win64%3B%20x64)%20AppleWebKit%2F537.36%20(KHTML%2C%20like%20Gecko)%20Chrome%2F99.0.4844.51%20Safari%2F537.36.
Mar 15 09:29:16 apm.f5.local notice tmm2[18812]: 01490500:5: /Common/default_ssl_vpn_policy_202203102312:Common:652b8308: New session from client IP 180.171.236.67 (ST=Shanghai/CC=CN/C=AS) at VIP 109.101.115.10 Listener /Common/default_ssl_vpn_policy_202203102312_vs (Reputation=Unknown)
Mar 15 09:29:49 apm.f5.local notice tmm2[18812]: 01490567:5: /Common/default_ssl_vpn_policy_202203102312:Common:652b8308: Session deleted (out_of_compliance; code - 6).
Mar 15 09:30:03 apm.f5.local notice tmm[18812]: 01490506:5: /Common/default_ssl_vpn_policy_202203102312:Common:facdc8e9: Received User-Agent header: Mozilla%2F5.0%20(Windows%20NT%2010.0%3B%20Win64%3B%20x64)%20AppleWebKit%2F537.36%20(KHTML%2C%20like%20Gecko)%20Chrome%2F99.0.4844.51%20Safari%2F537.36.
Mar 15 09:30:03 apm.f5.local notice tmm[18812]: 01490500:5: /Common/default_ssl_vpn_policy_202203102312:Common:facdc8e9: New session from client IP 180.171.236.67 (ST=Shanghai/CC=CN/C=AS) at VIP 109.101.115.10 Listener /Common/default_ssl_vpn_policy_202203102312_vs (Reputation=Unknown)
Mar 15 09:30:28 apm.f5.local notice tmm2[18812]: 01490521:5: /Common/default_ssl_vpn_policy_202203102312:Common:652b8308: Session statistics - bytes in: 82353, bytes out: 2520956
Mar 15 09:30:43 apm.f5.local notice tmm1[18812]: 01490502:5: /Common/default_ssl_vpn_policy_202203102312:Common:0a8e8b74: Session deleted due to user inactivity.
Mar 15 09:31:15 apm.f5.local notice tmm1[18812]: 01490502:5: /Common/default_ssl_vpn_policy_202203102312:Common:f03ec09c: Session deleted due to user inactivity.
Mar 15 09:31:24 apm.f5.local notice tmm1[18812]: 01490521:5: /Common/default_ssl_vpn_policy_202203102312:Common:0a8e8b74: Session statistics - bytes in: 21351, bytes out: 26153
Mar 15 09:31:49 apm.f5.local notice tmm1[18812]: 01490521:5: /Common/default_ssl_vpn_policy_202203102312:Common:f03ec09c: Session statistics - bytes in: 1390140, bytes out: 2597648
Mar 15 09:32:22 apm.f5.local notice tmm3[18812]: 01490506:5: /Common/default_ssl_vpn_policy_202203102312:Common:8a3b925f: Received User-Agent header: Mozilla%2F5.0%20(Windows%20NT%2010.0%3B%20WOW64%3B%20Trident%2F7.0%3B%20rv%3A11.0)%20like%20Gecko.
Mar 15 09:32:22 apm.f5.local notice tmm3[18812]: 01490500:5: /Common/default_ssl_vpn_policy_202203102312:Common:8a3b925f: New session from client IP 116.230.92.93 (ST=Shanghai/CC=CN/C=AS) at VIP 109.101.115.10 Listener /Common/default_ssl_vpn_policy_202203102312_vs (Reputation=Unknown)
Mar 15 09:32:27 apm.f5.local notice tmm3[18812]: 01490506:5: /Common/default_ssl_vpn_policy_202203102312:Common:4dc9e467: Received User-Agent header: Mozilla%2F5.0%20(Windows%20NT%2010.0%3B%20WOW64%3B%20Trident%2F7.0%3B%20rv%3A11.0)%20like%20Gecko.
Mar 15 09:32:27 apm.f5.local notice tmm3[18812]: 01490500:5: /Common/default_ssl_vpn_policy_202203102312:Common:4dc9e467: New session from client IP 111.165.49.200 (ST=Tianjin/CC=CN/C=AS) at VIP 109.101.115.10 Listener /Common/default_ssl_vpn_policy_202203102312_vs (Reputation=Unknown)
Mar 15 09:32:35 apm.f5.local notice tmm3[18812]: 01490567:5: /Common/default_ssl_vpn_policy_202203102312:Common:8a3b925f: Session deleted (restarted).
Mar 15 09:32:35 apm.f5.local notice tmm1[18812]: 01490506:5: /Common/default_ssl_vpn_policy_202203102312:Common:4f7837bb: Received User-Agent header: Mozilla%2F5.0%20(Windows%20NT%2010.0%3B%20WOW64%3B%20Trident%2F7.0%3B%20rv%3A11.0)%20like%20Gecko.
Mar 15 09:32:35 apm.f5.local notice tmm1[18812]: 01490500:5: /Common/default_ssl_vpn_policy_202203102312:Common:4f7837bb: New session from client IP 116.230.92.93 (ST=Shanghai/CC=CN/C=AS) at VIP 109.101.115.10 Listener /Common/default_ssl_vpn_policy_202203102312_vs (Reputation=Unknown)
Mar 15 09:32:52 apm.f5.local notice tmm2[18812]: 01490505:5: /Common/default_ssl_vpn_policy_202203102312:Common:941c5b3e: PPP tunnel 0x5600dc4f9600 (ID: 571da85a) closed.
Mar 15 09:32:52 apm.f5.local notice tmm2[18812]: 01490549:5: /Common/default_ssl_vpn_policy_202203102312:Common:941c5b3e: Assigned PPP Dynamic IPv4: 109.101.115.210 ID: b809c6c5 Tunnel Type: VPN_TUNNELTYPE_TLS NA Resource: /Common/default_ssl_vpn_policy_202203102312_na_res Client IP: 183.195.94.195 - Reconnect
Mar 15 09:32:52 apm.f5.local notice tmm2[18812]: 01490505:5: /Common/default_ssl_vpn_policy_202203102312:Common:941c5b3e: PPP tunnel 0x5600dc4eec00 (ID: b809c6c5) started.
Mar 15 09:33:09 apm.f5.local notice tmm3[18812]: 01490521:5: /Common/default_ssl_vpn_policy_202203102312:Common:8a3b925f: Session statistics - bytes in: 7256, bytes out: 75558
Mar 15 09:33:19 apm.f5.local notice tmm[18812]: 01490506:5: /Common/default_ssl_vpn_policy_202203102312:Common:32515229: Received User-Agent header: Mozilla%2F5.0%20(Windows%20NT%2010.0%3B%20Win64%3B%20x64)%20AppleWebKit%2F537.36%20(KHTML%2C%20like%20Gecko)%20Chrome%2F99.0.4844.51%20Safari%2F537.36.
Mar 15 09:33:19 apm.f5.local notice tmm[18812]: 01490500:5: /Common/default_ssl_vpn_policy_202203102312:Common:32515229: New session from client IP 180.171.236.67 (ST=Shanghai/CC=CN/C=AS) at VIP 109.101.115.10 Listener /Common/default_ssl_vpn_policy_202203102312_vs (Reputation=Unknown)
Mar 15 09:33:22 apm.f5.local notice apmd[13338]: 014902f7:5: /Common/default_ssl_vpn_policy_202203102312:Common:4f7837bb:/Common/default_ssl_vpn_policy_202203102312_act_av_software_check_ag: endpoint software detected (sdk=4.3.1453.0,type=av,id=535,vendor_id=388,version=9.0.69.1,state=1,name=AhnLab V3 Internet Security,vendor_name=AhnLab, Inc.,db_signature=1372,db_version=,db_time=1647187200,last_scan=1646976518,engine_version=2022.03.14.00,missing_updates=).
Mar 15 09:33:22 apm.f5.local notice apmd[13338]: 014902f7:5: /Common/default_ssl_vpn_policy_202203102312:Common:4f7837bb:/Common/default_ssl_vpn_policy_202203102312_act_av_software_check_ag: endpoint software detected (sdk=4.3.1453.0,type=av,id=362,vendor_id=90,version=4.18.2201.10,state=,name=Windows Defender,vendor_name=Microsoft Corporation,db_signature=477,db_version=1.359.1714.0,db_time=1646905832,last_scan=0,engine_version=1.1.18900.3,missing_updates=).
Mar 15 09:33:29 apm.f5.local notice apmd[13338]: 01490010:5: /Common/default_ssl_vpn_policy_202203102312:Common:4f7837bb: Username '2226349805@qq.com'
Mar 15 09:33:38 apm.f5.local notice tmm3[18812]: 01490567:5: /Common/default_ssl_vpn_policy_202203102312:Common:4dc9e467: Session deleted (restarted).
Mar 15 09:33:39 apm.f5.local notice tmm2[18812]: 01490506:5: /Common/default_ssl_vpn_policy_202203102312:Common:7fd3d750: Received User-Agent header: Mozilla%2F5.0%20(Windows%20NT%2010.0%3B%20WOW64%3B%20Trident%2F7.0%3B%20rv%3A11.0)%20like%20Gecko.
Mar 15 09:33:39 apm.f5.local notice tmm2[18812]: 01490500:5: /Common/default_ssl_vpn_policy_202203102312:Common:7fd3d750: New session from client IP 111.165.49.200 (ST=Tianjin/CC=CN/C=AS) at VIP 109.101.115.10 Listener /Common/default_ssl_vpn_policy_202203102312_vs (Reputation=Unknown)
Mar 15 09:33:39 apm.f5.local notice tmm2[18812]: 01490501:5: /Common/default_ssl_vpn_policy_202203102312:Common:7fd3d750: Session deleted due to user logout request.
Mar 15 09:33:43 apm.f5.local notice apmd[13338]: 01490008:5: /Common/default_ssl_vpn_policy_202203102312:Common:4f7837bb: Connectivity resource '/Common/default_ssl_vpn_policy_202203102312_na_res' assigned
Mar 15 09:33:43 apm.f5.local notice apmd[13338]: 01490128:5: /Common/default_ssl_vpn_policy_202203102312:Common:4f7837bb: Webtop '/Common/default_ssl_vpn_policy_202203102312_webtop' assigned
Mar 15 09:33:43 apm.f5.local notice apmd[13338]: 01490005:5: /Common/default_ssl_vpn_policy_202203102312:Common:4f7837bb: Following rule 'fallback' from item 'Advanced Resource Assign' to ending 'Allow'
Mar 15 09:33:43 apm.f5.local notice apmd[13338]: 01490102:5: /Common/default_ssl_vpn_policy_202203102312:Common:4f7837bb: Access policy result: Network_Access
Mar 15 09:33:43 apm.f5.local notice apmd[13338]: 01490248:5: /Common/default_ssl_vpn_policy_202203102312:Common:4f7837bb: Received client info - Hostname: DESKTOP-LFUMGVF Type: IE Version: 11 Platform: Win10 CPU: WOW64 UI Mode: Full Javascript Support: 1 ActiveX Support: 1 Plugin Support: 0
Mar 15 09:33:47 apm.f5.local notice tmm[18812]: 01490502:5: /Common/default_ssl_vpn_policy_202203102312:Common:b3ad9255: Session deleted due to user inactivity.
Mar 15 09:33:53 apm.f5.local err tmm2[18812]: 01490514:3: (null):Common:00000000: Access encountered error: ERR_INPROGRESS. File: ../modules/hudfilter/access/access.c, Function: access_process_state_client_enforce_acl, Line: 13545
Mar 15 09:33:53 apm.f5.local err tmm2[18812]: 01490514:3: (null):Common:00000000: Access encountered error: ERR_INPROGRESS. File: ../modules/hudfilter/access/access.c, Function: hud_access_handler, Line: 3882
Mar 15 09:33:55 apm.f5.local err tmm2[18812]: 01490514:3: (null):Common:00000000: Access encountered error: ERR_INPROGRESS. File: ../modules/hudfilter/access/access.c, Function: access_process_state_client_enforce_session, Line: 9027
Mar 15 09:33:55 apm.f5.local err tmm2[18812]: 01490514:3: (null):Common:00000000: Access encountered error: ERR_INPROGRESS. File: ../modules/hudfilter/access/access.c, Function: hud_access_handler, Line: 3987
Mar 15 09:34:02 apm.f5.local notice tmm[18812]: 01490506:5: /Common/default_ssl_vpn_policy_202203102312:Common:a57f1551: Received User-Agent header: Mozilla%2F5.0%20(Windows%20NT%2010.0%3B%20Win64%3B%20x64)%20AppleWebKit%2F537.36%20(KHTML%2C%20like%20Gecko)%20Chrome%2F98.0.4758.102%20Safari%2F537.36.
Mar 15 09:34:02 apm.f5.local notice tmm[18812]: 01490500:5: /Common/default_ssl_vpn_policy_202203102312:Common:a57f1551: New session from client IP 116.246.25.252 (ST=Shanghai/CC=CN/C=AS) at VIP 109.101.115.10 Listener /Common/default_ssl_vpn_policy_202203102312_vs (Reputation=Unknown)
Mar 15 09:34:10 apm.f5.local notice tmm[18812]: 01490549:5: /Common/default_ssl_vpn_policy_202203102312:Common:4f7837bb: Assigned PPP Dynamic IPv4: 109.101.115.131 ID: 786176e1 Tunnel Type: VPN_TUNNELTYPE_TLS NA Resource: /Common/default_ssl_vpn_policy_202203102312_na_res Client IP: 116.230.92.93 
Mar 15 09:34:10 apm.f5.local notice tmm[18812]: 01490505:5: /Common/default_ssl_vpn_policy_202203102312:Common:4f7837bb: PPP tunnel 0x56000177f500 (ID: 786176e1) started.
Mar 15 09:34:17 apm.f5.local notice tmm2[18812]: 01490521:5: /Common/default_ssl_vpn_policy_202203102312:Common:7fd3d750: Session statistics - bytes in: 1873, bytes out: 798
Mar 15 09:34:19 apm.f5.local notice tmm3[18812]: 01490521:5: /Common/default_ssl_vpn_policy_202203102312:Common:4dc9e467: Session statistics - bytes in: 10143, bytes out: 39616
Mar 15 09:34:28 apm.f5.local notice tmm[18812]: 01490521:5: /Common/default_ssl_vpn_policy_202203102312:Common:b3ad9255: Session statistics - bytes in: 14571, bytes out: 98419
Mar 15 09:34:49 apm.f5.local notice tmm[18812]: 01490567:5: /Common/default_ssl_vpn_policy_202203102312:Common:32515229: Session deleted (out_of_compliance; code - 6).
Mar 15 09:34:50 apm.f5.local notice tmm3[18812]: 01490506:5: /Common/default_ssl_vpn_policy_202203102312:Common:68b78705: Received User-Agent header: Mozilla%2F4.0%20(compatible%3B%20MSIE%207.0%3B%20Windows%20NT%2010.0%3B%20WOW64%3B%20Trident%2F7.0%3B%20.NET4.0C%3B%20.NET4.0E%3B%20.NET%20CLR%202.0.50727%3B%20.NET%20CLR%203.0.30729%3B%20.NET%20CLR%203.5.30729).
Mar 15 09:34:50 apm.f5.local notice tmm3[18812]: 01490500:5: /Common/default_ssl_vpn_policy_202203102312:Common:68b78705: New session from client IP 180.171.236.67 (ST=Shanghai/CC=CN/C=AS) at VIP 109.101.115.10 Listener /Common/default_ssl_vpn_policy_202203102312_vs (Reputation=Unknown)
Mar 15 09:34:50 apm.f5.local notice tmm[18812]: 01490567:5: /Common/default_ssl_vpn_policy_202203102312:Common:facdc8e9: Session deleted (out_of_compliance; code - 6).
Mar 15 09:34:55 apm.f5.local notice tmm2[18812]: 01490502:5: /Common/default_ssl_vpn_policy_202203102312:Common:69a6b582: Session deleted due to user inactivity.
Mar 15 09:35:12 apm.f5.local notice tmm[18812]: 01490506:5: /Common/default_ssl_vpn_policy_202203102312:Common:282f4491: Received User-Agent header: Mozilla%2F5.0%20(Windows%20NT%2010.0%3B%20WOW64%3B%20Trident%2F7.0%3B%20rv%3A11.0)%20like%20Gecko.
Mar 15 09:35:12 apm.f5.local notice tmm[18812]: 01490500:5: /Common/default_ssl_vpn_policy_202203102312:Common:282f4491: New session from client IP 111.165.49.200 (ST=Tianjin/CC=CN/C=AS) at VIP 109.101.115.10 Listener /Common/default_ssl_vpn_policy_202203102312_vs (Reputation=Unknown)
Mar 15 09:35:26 apm.f5.local notice tmm[18812]: 01490521:5: /Common/default_ssl_vpn_policy_202203102312:Common:facdc8e9: Session statistics - bytes in: 63469, bytes out: 2521097
Mar 15 09:35:29 apm.f5.local notice tmm[18812]: 01490521:5: /Common/default_ssl_vpn_policy_202203102312:Common:32515229: Session statistics - bytes in: 16826, bytes out: 54080
Mar 15 09:35:36 apm.f5.local notice tmm2[18812]: 01490521:5: /Common/default_ssl_vpn_policy_202203102312:Common:69a6b582: Session statistics - bytes in: 1176647, bytes out: 2754401
Mar 15 09:35:37 apm.f5.local notice tmm[18812]: 01490549:5: /Common/default_ssl_vpn_policy_202203102312:Common:20399f3e: Assigned PPP Dynamic IPv4: 109.101.115.59 ID: 035bddbb Tunnel Type: VPN_TUNNELTYPE_TLS NA Resource: /Common/default_ssl_vpn_policy_202203102312_na_res Client IP: 117.136.8.175 - Reconnect
Mar 15 09:35:37 apm.f5.local notice tmm[18812]: 01490505:5: /Common/default_ssl_vpn_policy_202203102312:Common:20399f3e: PPP tunnel 0x560001756400 (ID: 035bddbb) started.
Mar 15 09:35:37 apm.f5.local notice tmm3[18812]: 01490505:5: /Common/default_ssl_vpn_policy_202203102312:Common:20399f3e: PPP tunnel 0x5601480d0700 (ID: 0e14c92c) closed.
Mar 15 09:35:57 apm.f5.local notice tmm2[18812]: 01490505:5: /Common/default_ssl_vpn_policy_202203102312:Common:782d50ea: PPP tunnel 0x5600dc503500 (ID: 4a4afcef) closed.
Mar 15 09:35:58 apm.f5.local notice tmm2[18812]: 01490549:5: /Common/default_ssl_vpn_policy_202203102312:Common:782d50ea: Assigned PPP Dynamic IPv4: 109.101.115.91 ID: 78a215f7 Tunnel Type: VPN_TUNNELTYPE_TLS NA Resource: /Common/default_ssl_vpn_policy_202203102312_na_res Client IP: 58.39.123.183 - Reconnect
Mar 15 09:35:58 apm.f5.local notice tmm2[18812]: 01490505:5: /Common/default_ssl_vpn_policy_202203102312:Common:782d50ea: PPP tunnel 0x5600dc4fd500 (ID: 78a215f7) started.
Mar 15 09:37:57 apm.f5.local notice tmm2[18812]: 01490502:5: /Common/default_ssl_vpn_policy_202203102312:Common:c08d6c91: Session deleted due to user inactivity.
Mar 15 09:38:04 apm.f5.local notice tmm2[18812]: 01490505:5: /Common/default_ssl_vpn_policy_202203102312:Common:782d50ea: PPP tunnel 0x5600dc4fd500 (ID: 78a215f7) closed.
Mar 15 09:38:05 apm.f5.local notice tmm2[18812]: 01490549:5: /Common/default_ssl_vpn_policy_202203102312:Common:782d50ea: Assigned PPP Dynamic IPv4: 109.101.115.91 ID: 8ff61662 Tunnel Type: VPN_TUNNELTYPE_TLS NA Resource: /Common/default_ssl_vpn_policy_202203102312_na_res Client IP: 58.39.123.183 - Reconnect
Mar 15 09:38:05 apm.f5.local notice tmm2[18812]: 01490505:5: /Common/default_ssl_vpn_policy_202203102312:Common:782d50ea: PPP tunnel 0x5600dc4e5200 (ID: 8ff61662) started.
Mar 15 09:38:38 apm.f5.local notice tmm2[18812]: 01490521:5: /Common/default_ssl_vpn_policy_202203102312:Common:c08d6c91: Session statistics - bytes in: 24205, bytes out: 23576
Mar 15 09:39:16 apm.f5.local notice tmm[18812]: 01490549:5: /Common/default_ssl_vpn_policy_202203102312:Common:7251e6c8: Assigned PPP Dynamic IPv4: 109.101.115.132 ID: ff1d3126 Tunnel Type: VPN_TUNNELTYPE_TLS NA Resource: /Common/default_ssl_vpn_policy_202203102312_na_res Client IP: 117.143.153.115 - Reconnect
Mar 15 09:39:16 apm.f5.local notice tmm[18812]: 01490505:5: /Common/default_ssl_vpn_policy_202203102312:Common:7251e6c8: PPP tunnel 0x56000177b700 (ID: ff1d3126) started.
Mar 15 09:39:27 apm.f5.local notice tmm2[18812]: 01490505:5: /Common/default_ssl_vpn_policy_202203102312:Common:7251e6c8: PPP tunnel 0x5600dc4f0a00 (ID: f8b6ec51) closed.
Mar 15 09:40:31 apm.f5.local notice tmm[18812]: 01490506:5: /Common/default_ssl_vpn_policy_202203102312:Common:96788613: Received User-Agent header: Mozilla%2F5.0%20(Windows%20NT%2010.0%3B%20WOW64%3B%20Trident%2F7.0%3B%20rv%3A11.0)%20like%20Gecko.
Mar 15 09:40:31 apm.f5.local notice tmm[18812]: 01490500:5: /Common/default_ssl_vpn_policy_202203102312:Common:96788613: New session from client IP 139.226.116.80 (ST=Shanghai/CC=CN/C=AS) at VIP 109.101.115.10 Listener /Common/default_ssl_vpn_policy_202203102312_vs (Reputation=Unknown)
Mar 15 09:40:31 apm.f5.local notice tmm[18812]: 01490567:5: /Common/default_ssl_vpn_policy_202203102312:Common:6aa87ea6: Session deleted (restarted).
Mar 15 09:40:31 apm.f5.local notice tmm3[18812]: 01490505:5: /Common/default_ssl_vpn_policy_202203102312:Common:6aa87ea6: PPP tunnel 0x5601480bd300 (ID: 047ecfc3) closed.
Mar 15 09:41:07 apm.f5.local notice tmm[18812]: 01490521:5: /Common/default_ssl_vpn_policy_202203102312:Common:6aa87ea6: Session statistics - bytes in: 117388019, bytes out: 123075099
Mar 15 09:41:27 apm.f5.local notice tmm3[18812]: 01490506:5: /Common/default_ssl_vpn_policy_202203102312:Common:c75def70: Received User-Agent header: Mozilla%2F5.0%20(Windows%20NT%2010.0%3B%20WOW64%3B%20Trident%2F7.0%3B%20rv%3A11.0)%20like%20Gecko.
Mar 15 09:41:27 apm.f5.local notice tmm3[18812]: 01490500:5: /Common/default_ssl_vpn_policy_202203102312:Common:c75def70: New session from client IP 124.79.185.113 (ST=Shanghai/CC=CN/C=AS) at VIP 109.101.115.10 Listener /Common/default_ssl_vpn_policy_202203102312_vs (Reputation=Unknown)
Mar 15 09:41:47 apm.f5.local notice tmm1[18812]: 01490506:5: /Common/default_ssl_vpn_policy_202203102312:Common:61fd74ba: Received User-Agent header: Mozilla%2F5.0%20(Windows%20NT%2010.0%3B%20Win64%3B%20x64)%20AppleWebKit%2F537.36%20(KHTML%2C%20like%20Gecko)%20Chrome%2F88.0.4324.190%20Safari%2F537.36.
Mar 15 09:41:47 apm.f5.local notice tmm1[18812]: 01490500:5: /Common/default_ssl_vpn_policy_202203102312:Common:61fd74ba: New session from client IP 183.193.147.214 (ST=Shanghai/CC=CN/C=AS) at VIP 109.101.115.10 Listener /Common/default_ssl_vpn_policy_202203102312_vs (Reputation=Unknown)
Mar 15 09:42:10 apm.f5.local notice apmd[13338]: 014902f7:5: /Common/default_ssl_vpn_policy_202203102312:Common:61fd74ba:/Common/default_ssl_vpn_policy_202203102312_act_av_software_check_ag: endpoint software detected (sdk=4.3.1453.0,type=av,id=535,vendor_id=388,version=9.0.69.1,state=1,name=AhnLab V3 Internet Security,vendor_name=AhnLab, Inc.,db_signature=1372,db_version=,db_time=1647198000,last_scan=1647303497,engine_version=2022.03.14.03,missing_updates=).
Mar 15 09:42:10 apm.f5.local notice apmd[13338]: 014902f7:5: /Common/default_ssl_vpn_policy_202203102312:Common:61fd74ba:/Common/default_ssl_vpn_policy_202203102312_act_av_software_check_ag: endpoint software detected (sdk=4.3.1453.0,type=av,id=362,vendor_id=90,version=4.13.17134.1,state=,name=Windows Defender,vendor_name=Microsoft Corporation,db_signature=477,db_version=1.355.1377.0,db_time=1641245780,last_scan=0,engine_version=1.1.18800.4,missing_updates=).
Mar 15 09:42:27 apm.f5.local notice apmd[13338]: 01490010:5: /Common/default_ssl_vpn_policy_202203102312:Common:61fd74ba: Username 'zyxs001@sina.com'
Mar 15 09:42:27 apm.f5.local warning apmd[13338]: 01490212:4: /Common/default_ssl_vpn_policy_202203102312:Common:61fd74ba: LOCALDB agent: (logon attempt:0) authenticate with 'zyxs001@sina.com' failed
Mar 15 09:43:13 apm.f5.local notice apmd[13338]: 01490010:5: /Common/default_ssl_vpn_policy_202203102312:Common:61fd74ba: Username 'zyxs001@sina.com'
Mar 15 09:43:13 apm.f5.local notice apmd[13338]: 01490103:5: /Common/default_ssl_vpn_policy_202203102312:Common:61fd74ba: Retry Username 'zyxs001@sina.com'
Mar 15 09:43:32 apm.f5.local notice apmd[13338]: 01490008:5: /Common/default_ssl_vpn_policy_202203102312:Common:61fd74ba: Connectivity resource '/Common/default_ssl_vpn_policy_202203102312_na_res' assigned
Mar 15 09:43:32 apm.f5.local notice apmd[13338]: 01490128:5: /Common/default_ssl_vpn_policy_202203102312:Common:61fd74ba: Webtop '/Common/default_ssl_vpn_policy_202203102312_webtop' assigned
Mar 15 09:43:32 apm.f5.local notice apmd[13338]: 01490005:5: /Common/default_ssl_vpn_policy_202203102312:Common:61fd74ba: Following rule 'fallback' from item 'Advanced Resource Assign' to ending 'Allow'
Mar 15 09:43:32 apm.f5.local notice apmd[13338]: 01490102:5: /Common/default_ssl_vpn_policy_202203102312:Common:61fd74ba: Access policy result: Network_Access
Mar 15 09:43:32 apm.f5.local notice apmd[13338]: 01490248:5: /Common/default_ssl_vpn_policy_202203102312:Common:61fd74ba: Received client info - Hostname: SPCI-ZHAOYANG Type: Mozilla Version: 5 Platform: Win10 CPU: x64 UI Mode: Full Javascript Support: 1 ActiveX Support: 0 Plugin Support: 0
Mar 15 09:43:35 apm.f5.local err tmm[18812]: 01490514:3: (null):Common:00000000: Access encountered error: ERR_INPROGRESS. File: ../modules/hudfilter/access/access.c, Function: access_process_state_client_enforce_acl, Line: 13545
Mar 15 09:43:35 apm.f5.local err tmm[18812]: 01490514:3: (null):Common:00000000: Access encountered error: ERR_INPROGRESS. File: ../modules/hudfilter/access/access.c, Function: hud_access_handler, Line: 3882
Mar 15 09:43:38 apm.f5.local err tmm3[18812]: 01490514:3: (null):Common:00000000: Access encountered error: ERR_INPROGRESS. File: ../modules/hudfilter/access/access.c, Function: access_process_state_client_enforce_session, Line: 9027
Mar 15 09:43:38 apm.f5.local err tmm3[18812]: 01490514:3: (null):Common:00000000: Access encountered error: ERR_INPROGRESS. File: ../modules/hudfilter/access/access.c, Function: hud_access_handler, Line: 3987
Mar 15 09:43:48 apm.f5.local notice apmd[13338]: 014902f7:5: /Common/default_ssl_vpn_policy_202203102312:Common:c75def70:/Common/default_ssl_vpn_policy_202203102312_act_av_software_check_ag: endpoint software detected (sdk=4.3.1453.0,type=av,id=535,vendor_id=388,version=9.0.69.1,state=1,name=AhnLab V3 Internet Security,vendor_name=AhnLab, Inc.,db_signature=1372,db_version=,db_time=1647108000,last_scan=1647308588,engine_version=2022.03.13.02,missing_updates=).
Mar 15 09:43:48 apm.f5.local notice apmd[13338]: 014902f7:5: /Common/default_ssl_vpn_policy_202203102312:Common:c75def70:/Common/default_ssl_vpn_policy_202203102312_act_av_software_check_ag: endpoint software detected (sdk=4.3.1453.0,type=av,id=362,vendor_id=90,version=4.18.1807.18075,state=,name=Windows Defender,vendor_name=Microsoft Corporation,db_signature=477,db_version=1.273.933.0,db_time=1533572275,last_scan=0,engine_version=1.1.15100.1,missing_updates=).
Mar 15 09:43:49 apm.f5.local notice tmm[18812]: 01490549:5: /Common/default_ssl_vpn_policy_202203102312:Common:61fd74ba: Assigned PPP Dynamic IPv4: 109.101.115.124 ID: 5c6f0fde Tunnel Type: VPN_TUNNELTYPE_TLS NA Resource: /Common/default_ssl_vpn_policy_202203102312_na_res Client IP: 183.193.147.214 
Mar 15 09:43:49 apm.f5.local notice tmm[18812]: 01490505:5: /Common/default_ssl_vpn_policy_202203102312:Common:61fd74ba: PPP tunnel 0x56000177e800 (ID: 5c6f0fde) started.
Mar 15 09:44:13 apm.f5.local notice tmm3[18812]: 01490506:5: /Common/default_ssl_vpn_policy_202203102312:Common:bc0e6756: Received User-Agent header: Mozilla%2F5.0%20(Windows%20NT%2010.0%3B%20Win64%3B%20x64)%20AppleWebKit%2F537.36%20(KHTML%2C%20like%20Gecko)%20Chrome%2F99.0.4844.51%20Safari%2F537.36.
Mar 15 09:44:13 apm.f5.local notice tmm3[18812]: 01490500:5: /Common/default_ssl_vpn_policy_202203102312:Common:bc0e6756: New session from client IP 180.171.236.67 (ST=Shanghai/CC=CN/C=AS) at VIP 109.101.115.10 Listener /Common/default_ssl_vpn_policy_202203102312_vs (Reputation=Unknown)
Mar 15 09:44:16 apm.f5.local notice apmd[13338]: 01490010:5: /Common/default_ssl_vpn_policy_202203102312:Common:c75def70: Username '348150755@qq.comf'
Mar 15 09:44:16 apm.f5.local warning apmd[13338]: 01490212:4: /Common/default_ssl_vpn_policy_202203102312:Common:c75def70: LOCALDB agent: (logon attempt:0) authenticate with '348150755@qq.comf' failed
Mar 15 09:44:22 apm.f5.local notice tmm[18812]: 01490567:5: /Common/default_ssl_vpn_policy_202203102312:Common:96788613: Session deleted (restarted).
Mar 15 09:44:22 apm.f5.local notice tmm3[18812]: 01490506:5: /Common/default_ssl_vpn_policy_202203102312:Common:5b669978: Received User-Agent header: Mozilla%2F5.0%20(Windows%20NT%2010.0%3B%20WOW64%3B%20Trident%2F7.0%3B%20rv%3A11.0)%20like%20Gecko.
Mar 15 09:44:22 apm.f5.local notice tmm3[18812]: 01490500:5: /Common/default_ssl_vpn_policy_202203102312:Common:5b669978: New session from client IP 139.226.116.80 (ST=Shanghai/CC=CN/C=AS) at VIP 109.101.115.10 Listener /Common/default_ssl_vpn_policy_202203102312_vs (Reputation=Unknown)
Mar 15 09:44:45 apm.f5.local notice tmm[18812]: 01490506:5: /Common/default_ssl_vpn_policy_202203102312:Common:f914871d: Received User-Agent header: Mozilla%2F5.0%20(Windows%20NT%2010.0%3B%20WOW64%3B%20Trident%2F7.0%3B%20rv%3A11.0)%20like%20Gecko.
Mar 15 09:44:45 apm.f5.local notice tmm[18812]: 01490500:5: /Common/default_ssl_vpn_policy_202203102312:Common:f914871d: New session from client IP 111.165.49.200 (ST=Tianjin/CC=CN/C=AS) at VIP 109.101.115.10 Listener /Common/default_ssl_vpn_policy_202203102312_vs (Reputation=Unknown)
Mar 15 09:44:49 apm.f5.local notice tmm3[18812]: 01490567:5: /Common/default_ssl_vpn_policy_202203102312:Common:bc0e6756: Session deleted (out_of_compliance; code - 6).
Mar 15 09:44:50 apm.f5.local notice tmm[18812]: 01490506:5: /Common/default_ssl_vpn_policy_202203102312:Common:a4b6b125: Received User-Agent header: Mozilla%2F4.0%20(compatible%3B%20MSIE%207.0%3B%20Windows%20NT%2010.0%3B%20WOW64%3B%20Trident%2F7.0%3B%20.NET4.0C%3B%20.NET4.0E%3B%20.NET%20CLR%202.0.50727%3B%20.NET%20CLR%203.0.30729%3B%20.NET%20CLR%203.5.30729).
Mar 15 09:44:50 apm.f5.local notice tmm[18812]: 01490500:5: /Common/default_ssl_vpn_policy_202203102312:Common:a4b6b125: New session from client IP 180.171.236.67 (ST=Shanghai/CC=CN/C=AS) at VIP 109.101.115.10 Listener /Common/default_ssl_vpn_policy_202203102312_vs (Reputation=Unknown)
Mar 15 09:44:50 apm.f5.local notice tmm2[18812]: 01490506:5: /Common/default_ssl_vpn_policy_202203102312:Common:4af3e309: Received User-Agent header: Mozilla%2F4.0%20(compatible%3B%20MSIE%207.0%3B%20Windows%20NT%2010.0%3B%20WOW64%3B%20Trident%2F7.0%3B%20.NET4.0C%3B%20.NET4.0E%3B%20.NET%20CLR%202.0.50727%3B%20.NET%20CLR%203.0.30729%3B%20.NET%20CLR%203.5.30729).
Mar 15 09:44:50 apm.f5.local notice tmm2[18812]: 01490500:5: /Common/default_ssl_vpn_policy_202203102312:Common:4af3e309: New session from client IP 180.171.236.67 (ST=Shanghai/CC=CN/C=AS) at VIP 109.101.115.10 Listener /Common/default_ssl_vpn_policy_202203102312_vs (Reputation=Unknown)
Mar 15 09:44:58 apm.f5.local notice tmm[18812]: 01490521:5: /Common/default_ssl_vpn_policy_202203102312:Common:96788613: Session statistics - bytes in: 6731, bytes out: 3773
Mar 15 09:45:03 apm.f5.local notice tmm3[18812]: 01490506:5: /Common/default_ssl_vpn_policy_202203102312:Common:69ec5cfa: Received User-Agent header: Mozilla%2F5.0%20(Windows%20NT%2010.0%3B%20Win64%3B%20x64)%20AppleWebKit%2F537.36%20(KHTML%2C%20like%20Gecko)%20Chrome%2F99.0.4844.51%20Safari%2F537.36.
Mar 15 09:45:03 apm.f5.local notice tmm3[18812]: 01490500:5: /Common/default_ssl_vpn_policy_202203102312:Common:69ec5cfa: New session from client IP 180.171.236.67 (ST=Shanghai/CC=CN/C=AS) at VIP 109.101.115.10 Listener /Common/default_ssl_vpn_policy_202203102312_vs (Reputation=Unknown)
Mar 15 09:45:11 apm.f5.local notice apmd[13338]: 01490010:5: /Common/default_ssl_vpn_policy_202203102312:Common:c75def70: Username '348150755@qq.com'
Mar 15 09:45:11 apm.f5.local notice apmd[13338]: 01490103:5: /Common/default_ssl_vpn_policy_202203102312:Common:c75def70: Retry Username '348150755@qq.com'
Mar 15 09:45:27 apm.f5.local notice apmd[13338]: 01490008:5: /Common/default_ssl_vpn_policy_202203102312:Common:c75def70: Connectivity resource '/Common/default_ssl_vpn_policy_202203102312_na_res' assigned
Mar 15 09:45:27 apm.f5.local notice apmd[13338]: 01490128:5: /Common/default_ssl_vpn_policy_202203102312:Common:c75def70: Webtop '/Common/default_ssl_vpn_policy_202203102312_webtop' assigned
Mar 15 09:45:27 apm.f5.local notice apmd[13338]: 01490005:5: /Common/default_ssl_vpn_policy_202203102312:Common:c75def70: Following rule 'fallback' from item 'Advanced Resource Assign' to ending 'Allow'
Mar 15 09:45:27 apm.f5.local notice apmd[13338]: 01490102:5: /Common/default_ssl_vpn_policy_202203102312:Common:c75def70: Access policy result: Network_Access
Mar 15 09:45:27 apm.f5.local notice apmd[13338]: 01490248:5: /Common/default_ssl_vpn_policy_202203102312:Common:c75def70: Received client info - Hostname: HUJIADONG Type: IE Version: 11 Platform: Win10 CPU: WOW64 UI Mode: Full Javascript Support: 1 ActiveX Support: 1 Plugin Support: 0
Mar 15 09:45:28 apm.f5.local notice tmm3[18812]: 01490521:5: /Common/default_ssl_vpn_policy_202203102312:Common:bc0e6756: Session statistics - bytes in: 18505, bytes out: 130923
Mar 15 09:45:31 apm.f5.local notice tmm2[18812]: 01490506:5: /Common/default_ssl_vpn_policy_202203102312:Common:16908158: Received User-Agent header: Mozilla%2F5.0%20(Windows%20NT%2010.0%3B%20WOW64%3B%20Trident%2F7.0%3B%20rv%3A11.0)%20like%20Gecko.
Mar 15 09:45:31 apm.f5.local notice tmm2[18812]: 01490500:5: /Common/default_ssl_vpn_policy_202203102312:Common:16908158: New session from client IP 120.204.79.47 (ST=Shanghai/CC=CN/C=AS) at VIP 109.101.115.10 Listener /Common/default_ssl_vpn_policy_202203102312_vs (Reputation=Unknown)
Mar 15 09:45:33 apm.f5.local err tmm2[18812]: 01490514:3: (null):Common:00000000: Access encountered error: ERR_INPROGRESS. File: ../modules/hudfilter/access/access.c, Function: access_process_state_client_enforce_acl, Line: 13545
Mar 15 09:45:33 apm.f5.local err tmm2[18812]: 01490514:3: (null):Common:00000000: Access encountered error: ERR_INPROGRESS. File: ../modules/hudfilter/access/access.c, Function: hud_access_handler, Line: 3882
Mar 15 09:45:37 apm.f5.local err tmm1[18812]: 01490514:3: (null):Common:00000000: Access encountered error: ERR_INPROGRESS. File: ../modules/hudfilter/access/access.c, Function: access_process_state_client_enforce_session, Line: 9027
Mar 15 09:45:37 apm.f5.local err tmm1[18812]: 01490514:3: (null):Common:00000000: Access encountered error: ERR_INPROGRESS. File: ../modules/hudfilter/access/access.c, Function: hud_access_handler, Line: 3987
Mar 15 09:46:03 apm.f5.local notice tmm[18812]: 01490549:5: /Common/default_ssl_vpn_policy_202203102312:Common:c75def70: Assigned PPP Dynamic IPv4: 109.101.115.86 ID: 6adb33ed Tunnel Type: VPN_TUNNELTYPE_TLS NA Resource: /Common/default_ssl_vpn_policy_202203102312_na_res Client IP: 124.79.185.113 
Mar 15 09:46:03 apm.f5.local notice tmm[18812]: 01490505:5: /Common/default_ssl_vpn_policy_202203102312:Common:c75def70: PPP tunnel 0x560001758500 (ID: 6adb33ed) started.
Mar 15 09:46:17 apm.f5.local notice tmm3[18812]: 01490506:5: /Common/default_ssl_vpn_policy_202203102312:Common:a061415c: Received User-Agent header: Mozilla%2F5.0%20(Windows%20NT%2010.0%3B%20WOW64%3B%20Trident%2F7.0%3B%20rv%3A11.0)%20like%20Gecko.
Mar 15 09:46:17 apm.f5.local notice tmm3[18812]: 01490500:5: /Common/default_ssl_vpn_policy_202203102312:Common:a061415c: New session from client IP 120.204.79.24 (ST=Shanghai/CC=CN/C=AS) at VIP 109.101.115.10 Listener /Common/default_ssl_vpn_policy_202203102312_vs (Reputation=Unknown)
Mar 15 09:46:41 apm.f5.local notice apmd[13338]: 014902f7:5: /Common/default_ssl_vpn_policy_202203102312:Common:a061415c:/Common/default_ssl_vpn_policy_202203102312_act_av_software_check_ag: endpoint software detected (sdk=4.3.1453.0,type=av,id=535,vendor_id=388,version=9.0.69.1,state=1,name=AhnLab V3 Internet Security,vendor_name=AhnLab, Inc.,db_signature=1372,db_version=,db_time=1647108000,last_scan=1639109158,engine_version=2022.03.13.02,missing_updates=).
Mar 15 09:46:41 apm.f5.local notice apmd[13338]: 014902f7:5: /Common/default_ssl_vpn_policy_202203102312:Common:a061415c:/Common/default_ssl_vpn_policy_202203102312_act_av_software_check_ag: endpoint software detected (sdk=4.3.1453.0,type=av,id=362,vendor_id=90,version=4.18.1807.18075,state=,name=Windows Defender,vendor_name=Microsoft Corporation,db_signature=477,db_version=1.273.933.0,db_time=1533572275,last_scan=0,engine_version=1.1.15100.1,missing_updates=).
Mar 15 09:46:48 apm.f5.local notice apmd[13338]: 01490010:5: /Common/default_ssl_vpn_policy_202203102312:Common:a061415c: Username 'wuchangsheng1223@163.com'
Mar 15 09:46:52 apm.f5.local notice tmm2[18812]: 01490506:5: /Common/default_ssl_vpn_policy_202203102312:Common:10b706c8: Received User-Agent header: Mozilla%2F5.0%20(Windows%20NT%2010.0%3B%20WOW64%3B%20Trident%2F7.0%3B%20rv%3A11.0)%20like%20Gecko.
Mar 15 09:46:52 apm.f5.local notice tmm2[18812]: 01490500:5: /Common/default_ssl_vpn_policy_202203102312:Common:10b706c8: New session from client IP 120.204.79.47 (ST=Shanghai/CC=CN/C=AS) at VIP 109.101.115.10 Listener /Common/default_ssl_vpn_policy_202203102312_vs (Reputation=Unknown)
Mar 15 09:47:52 apm.f5.local notice apmd[13338]: 014902f7:5: /Common/default_ssl_vpn_policy_202203102312:Common:f914871d:/Common/default_ssl_vpn_policy_202203102312_act_av_software_check_ag: endpoint software detected (sdk=4.3.1453.0,type=av,id=535,vendor_id=388,version=9.0.69.1,state=1,name=AhnLab V3 Internet Security,vendor_name=AhnLab, Inc.,db_signature=1372,db_version=,db_time=1647194400,last_scan=1646971535,engine_version=2022.03.14.02,missing_updates=).
Mar 15 09:47:52 apm.f5.local notice apmd[13338]: 014902f7:5: /Common/default_ssl_vpn_policy_202203102312:Common:f914871d:/Common/default_ssl_vpn_policy_202203102312_act_av_software_check_ag: endpoint software detected (sdk=4.3.1453.0,type=av,id=362,vendor_id=90,version=4.18.1807.18075,state=,name=Windows Defender,vendor_name=Microsoft Corporation,db_signature=477,db_version=1.273.933.0,db_time=1533572275,last_scan=0,engine_version=1.1.15100.1,missing_updates=).
Mar 15 09:48:06 apm.f5.local notice tmm1[18812]: 01490506:5: /Common/default_ssl_vpn_policy_202203102312:Common:fc6f24fc: Received User-Agent header: Mozilla%2F5.0%20(Windows%20NT%2010.0%3B%20WOW64%3B%20Trident%2F7.0%3B%20rv%3A11.0)%20like%20Gecko.
Mar 15 09:48:06 apm.f5.local notice tmm1[18812]: 01490500:5: /Common/default_ssl_vpn_policy_202203102312:Common:fc6f24fc: New session from client IP 120.204.189.234 (ST=Shanghai/CC=CN/C=AS) at VIP 109.101.115.10 Listener /Common/default_ssl_vpn_policy_202203102312_vs (Reputation=Unknown)
Mar 15 09:48:17 apm.f5.local notice tmm1[18812]: 01490506:5: /Common/default_ssl_vpn_policy_202203102312:Common:bff34bbb: Received User-Agent header: Mozilla%2F5.0%20(Windows%20NT%2010.0%3B%20WOW64%3B%20Trident%2F7.0%3B%20rv%3A11.0)%20like%20Gecko.
Mar 15 09:48:17 apm.f5.local notice tmm1[18812]: 01490500:5: /Common/default_ssl_vpn_policy_202203102312:Common:bff34bbb: New session from client IP 183.193.138.222 (ST=Shanghai/CC=CN/C=AS) at VIP 109.101.115.10 Listener /Common/default_ssl_vpn_policy_202203102312_vs (Reputation=Unknown)
Mar 15 09:48:38 apm.f5.local notice tmm2[18812]: 01490506:5: /Common/default_ssl_vpn_policy_202203102312:Common:6d7f767b: Received User-Agent header: Mozilla%2F5.0%20(Windows%20NT%2010.0%3B%20WOW64%3B%20Trident%2F7.0%3B%20rv%3A11.0)%20like%20Gecko.
Mar 15 09:48:38 apm.f5.local notice tmm2[18812]: 01490500:5: /Common/default_ssl_vpn_policy_202203102312:Common:6d7f767b: New session from client IP 139.226.116.80 (ST=Shanghai/CC=CN/C=AS) at VIP 109.101.115.10 Listener /Common/default_ssl_vpn_policy_202203102312_vs (Reputation=Unknown)
Mar 15 09:48:46 apm.f5.local notice apmd[13338]: 01490010:5: /Common/default_ssl_vpn_policy_202203102312:Common:f914871d: Username 'fuliguo1985@icloud.com'
Mar 15 09:48:46 apm.f5.local warning apmd[13338]: 01490212:4: /Common/default_ssl_vpn_policy_202203102312:Common:f914871d: LOCALDB agent: (logon attempt:0) authenticate with 'fuliguo1985@icloud.com' failed
Mar 15 09:49:28 apm.f5.local notice apmd[13338]: 014902f7:5: /Common/default_ssl_vpn_policy_202203102312:Common:fc6f24fc:/Common/default_ssl_vpn_policy_202203102312_act_av_software_check_ag: endpoint software detected (sdk=4.3.1453.0,type=av,id=535,vendor_id=388,version=9.0.69.1,state=1,name=AhnLab V3 Internet Security,vendor_name=AhnLab, Inc.,db_signature=1372,db_version=,db_time=1646593200,last_scan=1647230686,engine_version=2022.03.07.03,missing_updates=).
Mar 15 09:49:28 apm.f5.local notice apmd[13338]: 014902f7:5: /Common/default_ssl_vpn_policy_202203102312:Common:fc6f24fc:/Common/default_ssl_vpn_policy_202203102312_act_av_software_check_ag: endpoint software detected (sdk=4.3.1453.0,type=av,id=362,vendor_id=90,version=4.18.1909.6,state=,name=Windows Defender,vendor_name=Microsoft Corporation,db_signature=477,db_version=1.331.2079.0,db_time=1614561748,last_scan=0,engine_version=1.1.17800.5,missing_updates=).
Mar 15 09:49:29 apm.f5.local notice apmd[13338]: 014902f7:5: /Common/default_ssl_vpn_policy_202203102312:Common:6d7f767b:/Common/default_ssl_vpn_policy_202203102312_act_av_software_check_ag: endpoint software detected (sdk=4.3.1453.0,type=av,id=535,vendor_id=388,version=9.0.69.1,state=1,name=AhnLab V3 Internet Security,vendor_name=AhnLab, Inc.,db_signature=1372,db_version=,db_time=1646938800,last_scan=1647230718,engine_version=2022.03.11.03,missing_updates=).
Mar 15 09:49:29 apm.f5.local notice apmd[13338]: 014902f7:5: /Common/default_ssl_vpn_policy_202203102312:Common:6d7f767b:/Common/default_ssl_vpn_policy_202203102312_act_av_software_check_ag: endpoint software detected (sdk=4.3.1453.0,type=av,id=362,vendor_id=90,version=4.18.1807.18075,state=,name=Windows Defender,vendor_name=Microsoft Corporation,db_signature=477,db_version=,db_time=0,last_scan=0,engine_version=,missing_updates=).
Mar 15 09:49:39 apm.f5.local notice apmd[13338]: 01490010:5: /Common/default_ssl_vpn_policy_202203102312:Common:6d7f767b: Username '2650919613@qq.com'
Mar 15 09:49:59 apm.f5.local notice apmd[13338]: 01490008:5: /Common/default_ssl_vpn_policy_202203102312:Common:6d7f767b: Connectivity resource '/Common/default_ssl_vpn_policy_202203102312_na_res' assigned
Mar 15 09:49:59 apm.f5.local notice apmd[13338]: 01490128:5: /Common/default_ssl_vpn_policy_202203102312:Common:6d7f767b: Webtop '/Common/default_ssl_vpn_policy_202203102312_webtop' assigned
Mar 15 09:49:59 apm.f5.local notice apmd[13338]: 01490005:5: /Common/default_ssl_vpn_policy_202203102312:Common:6d7f767b: Following rule 'fallback' from item 'Advanced Resource Assign' to ending 'Allow'
Mar 15 09:49:59 apm.f5.local notice apmd[13338]: 01490102:5: /Common/default_ssl_vpn_policy_202203102312:Common:6d7f767b: Access policy result: Network_Access
Mar 15 09:49:59 apm.f5.local notice apmd[13338]: 01490248:5: /Common/default_ssl_vpn_policy_202203102312:Common:6d7f767b: Received client info - Hostname: DESKTOP-INEVRKM Type: IE Version: 11 Platform: Win10 CPU: WOW64 UI Mode: Full Javascript Support: 1 ActiveX Support: 1 Plugin Support: 0
Mar 15 09:50:02 apm.f5.local err tmm[18812]: 01490514:3: (null):Common:00000000: Access encountered error: ERR_INPROGRESS. File: ../modules/hudfilter/access/access.c, Function: access_process_state_client_enforce_acl, Line: 13545
Mar 15 09:50:02 apm.f5.local err tmm[18812]: 01490514:3: (null):Common:00000000: Access encountered error: ERR_INPROGRESS. File: ../modules/hudfilter/access/access.c, Function: hud_access_handler, Line: 3882
Mar 15 09:50:23 apm.f5.local err tmm3[18812]: 01490514:3: (null):Common:00000000: Access encountered error: ERR_INPROGRESS. File: ../modules/hudfilter/access/access.c, Function: access_process_state_client_enforce_session, Line: 9027
Mar 15 09:50:23 apm.f5.local err tmm3[18812]: 01490514:3: (null):Common:00000000: Access encountered error: ERR_INPROGRESS. File: ../modules/hudfilter/access/access.c, Function: hud_access_handler, Line: 3987
