Mar 15 08:14:29 apm.f5.local notice apmd[13338]: 014902f7:5: /Common/default_ssl_vpn_policy_202203102312:Common:941c5b3e:/Common/default_ssl_vpn_policy_202203102312_act_av_software_check_ag: endpoint software detected (sdk=4.3.1453.0,type=av,id=362,vendor_id=90,version=4.18.1807.18075,state=,name=Windows Defender,vendor_name=Microsoft Corporation,db_signature=477,db_version=1.273.933.0,db_time=1533572275,last_scan=0,engine_version=1.1.15100.1,missing_updates=).
Mar 15 08:14:39 apm.f5.local notice apmd[13338]: 01490010:5: /Common/default_ssl_vpn_policy_202203102312:Common:941c5b3e: Username 'YellowDuck_111@163.com'
Mar 15 08:14:59 apm.f5.local err tmm1[18812]: 01490514:3: (null):Common:00000000: Access encountered error: ERR_INPROGRESS. File: ../modules/hudfilter/access/access.c, Function: access_process_state_client_enforce_session, Line: 9027
Mar 15 08:14:59 apm.f5.local err tmm1[18812]: 01490514:3: (null):Common:00000000: Access encountered error: ERR_INPROGRESS. File: ../modules/hudfilter/access/access.c, Function: hud_access_handler, Line: 3987
Mar 15 08:15:10 apm.f5.local notice localdbmgr[13373]: 01ab0105:5: Updated DB for Admin triggered changes to user /Common/ssl_vpn_localdb_202203102317:469635432@qq.com
Mar 15 08:15:12 apm.f5.local notice apmd[13338]: 01490008:5: /Common/default_ssl_vpn_policy_202203102312:Common:941c5b3e: Connectivity resource '/Common/default_ssl_vpn_policy_202203102312_na_res' assigned
Mar 15 08:15:12 apm.f5.local notice apmd[13338]: 01490128:5: /Common/default_ssl_vpn_policy_202203102312:Common:941c5b3e: Webtop '/Common/default_ssl_vpn_policy_202203102312_webtop' assigned
Mar 15 08:15:12 apm.f5.local notice apmd[13338]: 01490005:5: /Common/default_ssl_vpn_policy_202203102312:Common:941c5b3e: Following rule 'fallback' from item 'Advanced Resource Assign' to ending 'Allow'
Mar 15 08:15:12 apm.f5.local notice apmd[13338]: 01490102:5: /Common/default_ssl_vpn_policy_202203102312:Common:941c5b3e: Access policy result: Network_Access
Mar 15 08:15:12 apm.f5.local notice apmd[13338]: 01490248:5: /Common/default_ssl_vpn_policy_202203102312:Common:941c5b3e: Received client info - Hostname: ZHUYAPING Type: IE Version: 11 Platform: Win10 CPU: WOW64 UI Mode: Full Javascript Support: 1 ActiveX Support: 1 Plugin Support: 0
Mar 15 08:15:15 apm.f5.local err tmm[18812]: 01490514:3: (null):Common:00000000: Access encountered error: ERR_INPROGRESS. File: ../modules/hudfilter/access/access.c, Function: access_process_state_client_enforce_acl, Line: 13545
Mar 15 08:15:15 apm.f5.local err tmm[18812]: 01490514:3: (null):Common:00000000: Access encountered error: ERR_INPROGRESS. File: ../modules/hudfilter/access/access.c, Function: hud_access_handler, Line: 3882
Mar 15 08:15:27 apm.f5.local err tmm[18812]: 01490514:3: (null):Common:00000000: Access encountered error: ERR_INPROGRESS. File: ../modules/hudfilter/access/access.c, Function: access_process_state_client_enforce_session, Line: 9027
Mar 15 08:15:27 apm.f5.local err tmm[18812]: 01490514:3: (null):Common:00000000: Access encountered error: ERR_INPROGRESS. File: ../modules/hudfilter/access/access.c, Function: hud_access_handler, Line: 3987
Mar 15 08:15:33 apm.f5.local notice tmm2[18812]: 01490549:5: /Common/default_ssl_vpn_policy_202203102312:Common:46618995: Assigned PPP Dynamic IPv4: 109.101.115.65 ID: 2ae5a0fe Tunnel Type: VPN_TUNNELTYPE_TLS NA Resource: /Common/default_ssl_vpn_policy_202203102312_na_res Client IP: 117.143.151.95 
Mar 15 08:15:33 apm.f5.local notice tmm2[18812]: 01490505:5: /Common/default_ssl_vpn_policy_202203102312:Common:46618995: PPP tunnel 0x5600dc4f5100 (ID: 2ae5a0fe) started.
Mar 15 08:15:35 apm.f5.local notice tmm2[18812]: 01490549:5: /Common/default_ssl_vpn_policy_202203102312:Common:941c5b3e: Assigned PPP Dynamic IPv4: 109.101.115.210 ID: 571da85a Tunnel Type: VPN_TUNNELTYPE_TLS NA Resource: /Common/default_ssl_vpn_policy_202203102312_na_res Client IP: 183.195.94.195 
Mar 15 08:15:35 apm.f5.local notice tmm2[18812]: 01490505:5: /Common/default_ssl_vpn_policy_202203102312:Common:941c5b3e: PPP tunnel 0x5600dc4f9600 (ID: 571da85a) started.
Mar 15 08:16:12 apm.f5.local notice apmd[13338]: 014902f7:5: /Common/default_ssl_vpn_policy_202203102312:Common:e0444e97:/Common/default_ssl_vpn_policy_202203102312_act_av_software_check_ag: endpoint software detected (sdk=4.3.1453.0,type=av,id=535,vendor_id=388,version=9.0.69.1,state=1,name=AhnLab V3 Internet Security,vendor_name=AhnLab, Inc.,db_signature=1372,db_version=,db_time=1646938800,last_scan=1646971923,engine_version=2022.03.11.03,missing_updates=).
Mar 15 08:16:12 apm.f5.local notice apmd[13338]: 014902f7:5: /Common/default_ssl_vpn_policy_202203102312:Common:e0444e97:/Common/default_ssl_vpn_policy_202203102312_act_av_software_check_ag: endpoint software detected (sdk=4.3.1453.0,type=av,id=362,vendor_id=90,version=4.18.1807.18075,state=,name=Windows Defender,vendor_name=Microsoft Corporation,db_signature=477,db_version=,db_time=0,last_scan=0,engine_version=,missing_updates=).
Mar 15 08:16:30 apm.f5.local notice apmd[13338]: 01490010:5: /Common/default_ssl_vpn_policy_202203102312:Common:e0444e97: Username '5qq.com41@qq.com'
Mar 15 08:16:30 apm.f5.local warning apmd[13338]: 01490212:4: /Common/default_ssl_vpn_policy_202203102312:Common:e0444e97: LOCALDB agent: (logon attempt:0) authenticate with '5qq.com41@qq.com' failed
Mar 15 08:16:56 apm.f5.local notice apmd[13338]: 01490010:5: /Common/default_ssl_vpn_policy_202203102312:Common:e0444e97: Username '540711941@qq.com'
Mar 15 08:16:56 apm.f5.local notice apmd[13338]: 01490103:5: /Common/default_ssl_vpn_policy_202203102312:Common:e0444e97: Retry Username '540711941@qq.com'
Mar 15 08:17:07 apm.f5.local notice tmm3[18812]: 01490506:5: /Common/default_ssl_vpn_policy_202203102312:Common:120a5ba8: Received User-Agent header: Mozilla%2F5.0%20(Windows%20NT%2010.0%3B%20WOW64%3B%20Trident%2F7.0%3B%20rv%3A11.0)%20like%20Gecko.
Mar 15 08:17:07 apm.f5.local notice tmm3[18812]: 01490500:5: /Common/default_ssl_vpn_policy_202203102312:Common:120a5ba8: New session from client IP 153.34.164.61 (ST=Guangdong/CC=CN/C=AS) at VIP 109.101.115.10 Listener /Common/default_ssl_vpn_policy_202203102312_vs (Reputation=Unknown)
Mar 15 08:17:29 apm.f5.local notice tmm2[18812]: 01490506:5: /Common/default_ssl_vpn_policy_202203102312:Common:dd674209: Received User-Agent header: Mozilla%2F5.0%20(Windows%20NT%2010.0%3B%20Win64%3B%20x64)%20AppleWebKit%2F537.36%20(KHTML%2C%20like%20Gecko)%20Chrome%2F99.0.4844.51%20Safari%2F537.36.
Mar 15 08:17:29 apm.f5.local notice tmm2[18812]: 01490500:5: /Common/default_ssl_vpn_policy_202203102312:Common:dd674209: New session from client IP 180.162.76.135 (ST=Shanghai/CC=CN/C=AS) at VIP 109.101.115.10 Listener /Common/default_ssl_vpn_policy_202203102312_vs (Reputation=Unknown)
Mar 15 08:17:31 apm.f5.local notice apmd[13338]: 014902f7:5: /Common/default_ssl_vpn_policy_202203102312:Common:120a5ba8:/Common/default_ssl_vpn_policy_202203102312_act_av_software_check_ag: endpoint software detected (sdk=4.3.1453.0,type=av,id=535,vendor_id=388,version=9.0.69.1,state=1,name=AhnLab V3 Internet Security,vendor_name=AhnLab, Inc.,db_signature=1372,db_version=,db_time=1647198000,last_scan=1647303245,engine_version=2022.03.14.03,missing_updates=).
Mar 15 08:17:31 apm.f5.local notice apmd[13338]: 014902f7:5: /Common/default_ssl_vpn_policy_202203102312:Common:120a5ba8:/Common/default_ssl_vpn_policy_202203102312_act_av_software_check_ag: endpoint software detected (sdk=4.3.1453.0,type=av,id=362,vendor_id=90,version=4.18.2107.4,state=,name=Windows Defender,vendor_name=Microsoft Corporation,db_signature=477,db_version=1.347.245.0,db_time=1629675075,last_scan=0,engine_version=1.1.18400.5,missing_updates=).
Mar 15 08:17:31 apm.f5.local notice apmd[13338]: 01490008:5: /Common/default_ssl_vpn_policy_202203102312:Common:e0444e97: Connectivity resource '/Common/default_ssl_vpn_policy_202203102312_na_res' assigned
Mar 15 08:17:31 apm.f5.local notice apmd[13338]: 01490128:5: /Common/default_ssl_vpn_policy_202203102312:Common:e0444e97: Webtop '/Common/default_ssl_vpn_policy_202203102312_webtop' assigned
Mar 15 08:17:31 apm.f5.local notice apmd[13338]: 01490005:5: /Common/default_ssl_vpn_policy_202203102312:Common:e0444e97: Following rule 'fallback' from item 'Advanced Resource Assign' to ending 'Allow'
Mar 15 08:17:31 apm.f5.local notice apmd[13338]: 01490102:5: /Common/default_ssl_vpn_policy_202203102312:Common:e0444e97: Access policy result: Network_Access
Mar 15 08:17:31 apm.f5.local notice apmd[13338]: 01490248:5: /Common/default_ssl_vpn_policy_202203102312:Common:e0444e97: Received client info - Hostname: DESKTOP-6R2LP8S Type: IE Version: 11 Platform: Win10 CPU: WOW64 UI Mode: Full Javascript Support: 1 ActiveX Support: 1 Plugin Support: 0
Mar 15 08:17:33 apm.f5.local err tmm[18812]: 01490514:3: (null):Common:00000000: Access encountered error: ERR_INPROGRESS. File: ../modules/hudfilter/access/access.c, Function: access_process_state_client_enforce_acl, Line: 13545
Mar 15 08:17:33 apm.f5.local err tmm[18812]: 01490514:3: (null):Common:00000000: Access encountered error: ERR_INPROGRESS. File: ../modules/hudfilter/access/access.c, Function: hud_access_handler, Line: 3882
Mar 15 08:17:36 apm.f5.local err tmm2[18812]: 01490514:3: (null):Common:00000000: Access encountered error: ERR_INPROGRESS. File: ../modules/hudfilter/access/access.c, Function: access_process_state_client_enforce_session, Line: 9027
Mar 15 08:17:36 apm.f5.local err tmm2[18812]: 01490514:3: (null):Common:00000000: Access encountered error: ERR_INPROGRESS. File: ../modules/hudfilter/access/access.c, Function: hud_access_handler, Line: 3987
Mar 15 08:17:42 apm.f5.local notice tmm1[18812]: 01490549:5: /Common/default_ssl_vpn_policy_202203102312:Common:e0444e97: Assigned PPP Dynamic IPv4: 109.101.115.144 ID: 27650817 Tunnel Type: VPN_TUNNELTYPE_TLS NA Resource: /Common/default_ssl_vpn_policy_202203102312_na_res Client IP: 180.171.236.67 
Mar 15 08:17:42 apm.f5.local notice tmm1[18812]: 01490505:5: /Common/default_ssl_vpn_policy_202203102312:Common:e0444e97: PPP tunnel 0x5600708f7500 (ID: 27650817) started.
Mar 15 08:17:45 apm.f5.local notice apmd[13338]: 014902f7:5: /Common/default_ssl_vpn_policy_202203102312:Common:dd674209:/Common/default_ssl_vpn_policy_202203102312_act_av_software_check_ag: endpoint software detected (sdk=4.3.1453.0,type=av,id=535,vendor_id=388,version=9.0.69.1,state=1,name=AhnLab V3 Internet Security,vendor_name=AhnLab, Inc.,db_signature=1372,db_version=,db_time=1647108000,last_scan=1647303306,engine_version=2022.03.13.02,missing_updates=).
Mar 15 08:17:45 apm.f5.local notice apmd[13338]: 014902f7:5: /Common/default_ssl_vpn_policy_202203102312:Common:dd674209:/Common/default_ssl_vpn_policy_202203102312_act_av_software_check_ag: endpoint software detected (sdk=4.3.1453.0,type=av,id=362,vendor_id=90,version=4.12.16299.15,state=,name=Windows Defender,vendor_name=Microsoft Corporation,db_signature=477,db_version=1.251.42.0,db_time=1503597800,last_scan=0,engine_version=1.1.14104.0,missing_updates=).
Mar 15 08:17:59 apm.f5.local notice apmd[13338]: 01490010:5: /Common/default_ssl_vpn_policy_202203102312:Common:120a5ba8: Username 'ye19551961@126.com'
Mar 15 08:18:16 apm.f5.local notice apmd[13338]: 01490010:5: /Common/default_ssl_vpn_policy_202203102312:Common:dd674209: Username '183375750@qq.com'
Mar 15 08:18:21 apm.f5.local notice tmm2[18812]: 01490506:5: /Common/default_ssl_vpn_policy_202203102312:Common:8d9f061a: Received User-Agent header: Mozilla%2F5.0%20(Windows%20NT%2010.0%3B%20WOW64%3B%20Trident%2F7.0%3B%20rv%3A11.0)%20like%20Gecko.
Mar 15 08:18:21 apm.f5.local notice tmm2[18812]: 01490500:5: /Common/default_ssl_vpn_policy_202203102312:Common:8d9f061a: New session from client IP 124.77.90.7 (ST=Shanghai/CC=CN/C=AS) at VIP 109.101.115.10 Listener /Common/default_ssl_vpn_policy_202203102312_vs (Reputation=Unknown)
Mar 15 08:18:26 apm.f5.local notice apmd[13338]: 01490008:5: /Common/default_ssl_vpn_policy_202203102312:Common:120a5ba8: Connectivity resource '/Common/default_ssl_vpn_policy_202203102312_na_res' assigned
Mar 15 08:18:26 apm.f5.local notice apmd[13338]: 01490128:5: /Common/default_ssl_vpn_policy_202203102312:Common:120a5ba8: Webtop '/Common/default_ssl_vpn_policy_202203102312_webtop' assigned
Mar 15 08:18:26 apm.f5.local notice apmd[13338]: 01490005:5: /Common/default_ssl_vpn_policy_202203102312:Common:120a5ba8: Following rule 'fallback' from item 'Advanced Resource Assign' to ending 'Allow'
Mar 15 08:18:26 apm.f5.local notice apmd[13338]: 01490102:5: /Common/default_ssl_vpn_policy_202203102312:Common:120a5ba8: Access policy result: Network_Access
Mar 15 08:18:26 apm.f5.local notice apmd[13338]: 01490248:5: /Common/default_ssl_vpn_policy_202203102312:Common:120a5ba8: Received client info - Hostname: ZHANYE Type: IE Version: 11 Platform: Win10 CPU: WOW64 UI Mode: Full Javascript Support: 1 ActiveX Support: 1 Plugin Support: 0
Mar 15 08:18:28 apm.f5.local err tmm2[18812]: 01490514:3: (null):Common:00000000: Access encountered error: ERR_INPROGRESS. File: ../modules/hudfilter/access/access.c, Function: access_process_state_client_enforce_acl, Line: 13545
Mar 15 08:18:28 apm.f5.local err tmm2[18812]: 01490514:3: (null):Common:00000000: Access encountered error: ERR_INPROGRESS. File: ../modules/hudfilter/access/access.c, Function: hud_access_handler, Line: 3882
Mar 15 08:18:34 apm.f5.local err tmm1[18812]: 01490514:3: (null):Common:00000000: Access encountered error: ERR_INPROGRESS. File: ../modules/hudfilter/access/access.c, Function: access_process_state_client_enforce_session, Line: 9027
Mar 15 08:18:34 apm.f5.local err tmm1[18812]: 01490514:3: (null):Common:00000000: Access encountered error: ERR_INPROGRESS. File: ../modules/hudfilter/access/access.c, Function: hud_access_handler, Line: 3987
Mar 15 08:18:43 apm.f5.local notice tmm[18812]: 01490549:5: /Common/default_ssl_vpn_policy_202203102312:Common:120a5ba8: Assigned PPP Dynamic IPv4: 109.101.115.235 ID: 4387c294 Tunnel Type: VPN_TUNNELTYPE_TLS NA Resource: /Common/default_ssl_vpn_policy_202203102312_na_res Client IP: 153.34.164.48 
Mar 15 08:18:43 apm.f5.local notice tmm[18812]: 01490505:5: /Common/default_ssl_vpn_policy_202203102312:Common:120a5ba8: PPP tunnel 0x56000176b400 (ID: 4387c294) started.
Mar 15 08:18:43 apm.f5.local notice apmd[13338]: 014902f7:5: /Common/default_ssl_vpn_policy_202203102312:Common:8d9f061a:/Common/default_ssl_vpn_policy_202203102312_act_av_software_check_ag: endpoint software detected (sdk=4.3.1453.0,type=av,id=535,vendor_id=388,version=9.0.68.2,state=0,name=AhnLab V3 Internet Security,vendor_name=AhnLab, Inc.,db_signature=1372,db_version=,db_time=1643396400,last_scan=1647303402,engine_version=2022.01.29.03,missing_updates=).
Mar 15 08:18:43 apm.f5.local notice apmd[13338]: 014902f7:5: /Common/default_ssl_vpn_policy_202203102312:Common:8d9f061a:/Common/default_ssl_vpn_policy_202203102312_act_av_software_check_ag: endpoint software detected (sdk=4.3.1453.0,type=av,id=362,vendor_id=90,version=4.18.2111.5,state=,name=Windows Defender,vendor_name=Microsoft Corporation,db_signature=477,db_version=1.355.2543.0,db_time=1643164649,last_scan=0,engine_version=1.1.18800.4,missing_updates=).
Mar 15 08:18:57 apm.f5.local notice tmm2[18812]: 01490506:5: /Common/default_ssl_vpn_policy_202203102312:Common:2d4be1b4: Received User-Agent header: Mozilla%2F4.0%20(compatible%3B%20MSIE%207.0%3B%20Windows%20NT%2010.0%3B%20WOW64%3B%20Trident%2F7.0%3B%20.NET4.0C%3B%20.NET4.0E%3B%20.NET%20CLR%202.0.50727%3B%20.NET%20CLR%203.0.30729%3B%20.NET%20CLR%203.5.30729%3B%20Tablet%20PC%202.0).
Mar 15 08:18:57 apm.f5.local notice tmm2[18812]: 01490500:5: /Common/default_ssl_vpn_policy_202203102312:Common:2d4be1b4: New session from client IP 39.144.45.4 (ST=Shanghai/CC=CN/C=AS) at VIP 109.101.115.10 Listener /Common/default_ssl_vpn_policy_202203102312_vs (Reputation=Unknown)
Mar 15 08:18:58 apm.f5.local notice apmd[13338]: 01490008:5: /Common/default_ssl_vpn_policy_202203102312:Common:dd674209: Connectivity resource '/Common/default_ssl_vpn_policy_202203102312_na_res' assigned
Mar 15 08:18:58 apm.f5.local notice apmd[13338]: 01490128:5: /Common/default_ssl_vpn_policy_202203102312:Common:dd674209: Webtop '/Common/default_ssl_vpn_policy_202203102312_webtop' assigned
Mar 15 08:18:58 apm.f5.local notice apmd[13338]: 01490005:5: /Common/default_ssl_vpn_policy_202203102312:Common:dd674209: Following rule 'fallback' from item 'Advanced Resource Assign' to ending 'Allow'
Mar 15 08:18:58 apm.f5.local notice apmd[13338]: 01490102:5: /Common/default_ssl_vpn_policy_202203102312:Common:dd674209: Access policy result: Network_Access
Mar 15 08:18:58 apm.f5.local notice apmd[13338]: 01490248:5: /Common/default_ssl_vpn_policy_202203102312:Common:dd674209: Received client info - Hostname: SPCI-ZHONGYU Type: Mozilla Version: 5 Platform: Win10 CPU: x64 UI Mode: Full Javascript Support: 1 ActiveX Support: 0 Plugin Support: 0
Mar 15 08:19:01 apm.f5.local err tmm1[18812]: 01490514:3: (null):Common:00000000: Access encountered error: ERR_INPROGRESS. File: ../modules/hudfilter/access/access.c, Function: access_process_state_client_enforce_acl, Line: 13545
Mar 15 08:19:01 apm.f5.local err tmm1[18812]: 01490514:3: (null):Common:00000000: Access encountered error: ERR_INPROGRESS. File: ../modules/hudfilter/access/access.c, Function: hud_access_handler, Line: 3882
Mar 15 08:19:13 apm.f5.local notice tmm2[18812]: 01490506:5: /Common/default_ssl_vpn_policy_202203102312:Common:220e5d42: Received User-Agent header: Mozilla%2F5.0%20(Windows%20NT%2010.0%3B%20WOW64%3B%20Trident%2F7.0%3B%20rv%3A11.0)%20like%20Gecko.
Mar 15 08:19:13 apm.f5.local notice tmm2[18812]: 01490500:5: /Common/default_ssl_vpn_policy_202203102312:Common:220e5d42: New session from client IP 183.193.24.97 (ST=Shanghai/CC=CN/C=AS) at VIP 109.101.115.10 Listener /Common/default_ssl_vpn_policy_202203102312_vs (Reputation=Unknown)
Mar 15 08:19:14 apm.f5.local err tmm[18812]: 01490514:3: (null):Common:00000000: Access encountered error: ERR_INPROGRESS. File: ../modules/hudfilter/access/access.c, Function: access_process_state_client_enforce_session, Line: 9027
Mar 15 08:19:14 apm.f5.local err tmm[18812]: 01490514:3: (null):Common:00000000: Access encountered error: ERR_INPROGRESS. File: ../modules/hudfilter/access/access.c, Function: hud_access_handler, Line: 3987
Mar 15 08:19:19 apm.f5.local notice apmd[13338]: 01490010:5: /Common/default_ssl_vpn_policy_202203102312:Common:8d9f061a: Username '410152599@qq.com'
Mar 15 08:19:27 apm.f5.local notice tmm[18812]: 01490549:5: /Common/default_ssl_vpn_policy_202203102312:Common:dd674209: Assigned PPP Dynamic IPv4: 109.101.115.137 ID: 94804738 Tunnel Type: VPN_TUNNELTYPE_TLS NA Resource: /Common/default_ssl_vpn_policy_202203102312_na_res Client IP: 180.162.76.135 
Mar 15 08:19:27 apm.f5.local notice tmm[18812]: 01490505:5: /Common/default_ssl_vpn_policy_202203102312:Common:dd674209: PPP tunnel 0x560001758700 (ID: 94804738) started.
Mar 15 08:19:29 apm.f5.local notice apmd[13338]: 014902f7:5: /Common/default_ssl_vpn_policy_202203102312:Common:2d4be1b4:/Common/default_ssl_vpn_policy_202203102312_act_av_software_check_ag: endpoint software detected (sdk=4.3.1453.0,type=av,id=535,vendor_id=388,version=9.0.69.1,state=1,name=AhnLab V3 Internet Security,vendor_name=AhnLab, Inc.,db_signature=1372,db_version=,db_time=1646935200,last_scan=1647303506,engine_version=2022.03.11.02,missing_updates=).
Mar 15 08:19:29 apm.f5.local notice apmd[13338]: 014902f7:5: /Common/default_ssl_vpn_policy_202203102312:Common:2d4be1b4:/Common/default_ssl_vpn_policy_202203102312_act_av_software_check_ag: endpoint software detected (sdk=4.3.1453.0,type=av,id=362,vendor_id=90,version=4.18.1807.18075,state=,name=Windows Defender,vendor_name=Microsoft Corporation,db_signature=477,db_version=1.337.231.0,db_time=1619727806,last_scan=0,engine_version=1.1.18100.5,missing_updates=).
Mar 15 08:19:37 apm.f5.local notice apmd[13338]: 01490008:5: /Common/default_ssl_vpn_policy_202203102312:Common:8d9f061a: Connectivity resource '/Common/default_ssl_vpn_policy_202203102312_na_res' assigned
Mar 15 08:19:37 apm.f5.local notice apmd[13338]: 01490128:5: /Common/default_ssl_vpn_policy_202203102312:Common:8d9f061a: Webtop '/Common/default_ssl_vpn_policy_202203102312_webtop' assigned
Mar 15 08:19:37 apm.f5.local notice apmd[13338]: 01490005:5: /Common/default_ssl_vpn_policy_202203102312:Common:8d9f061a: Following rule 'fallback' from item 'Advanced Resource Assign' to ending 'Allow'
Mar 15 08:19:37 apm.f5.local notice apmd[13338]: 01490102:5: /Common/default_ssl_vpn_policy_202203102312:Common:8d9f061a: Access policy result: Network_Access
Mar 15 08:19:37 apm.f5.local notice apmd[13338]: 01490248:5: /Common/default_ssl_vpn_policy_202203102312:Common:8d9f061a: Received client info - Hostname: FINANCE Type: IE Version: 11 Platform: Win10 CPU: WOW64 UI Mode: Full Javascript Support: 1 ActiveX Support: 1 Plugin Support: 0
Mar 15 08:19:39 apm.f5.local notice tmm[18812]: 01490506:5: /Common/default_ssl_vpn_policy_202203102312:Common:f7275bbf: Received User-Agent header: Mozilla%2F5.0%20(Windows%20NT%2010.0%3B%20WOW64%3B%20Trident%2F7.0%3B%20rv%3A11.0)%20like%20Gecko.
Mar 15 08:19:39 apm.f5.local notice tmm[18812]: 01490500:5: /Common/default_ssl_vpn_policy_202203102312:Common:f7275bbf: New session from client IP 222.65.170.99 (ST=Shanghai/CC=CN/C=AS) at VIP 109.101.115.10 Listener /Common/default_ssl_vpn_policy_202203102312_vs (Reputation=Unknown)
Mar 15 08:19:40 apm.f5.local err tmm1[18812]: 01490514:3: (null):Common:00000000: Access encountered error: ERR_INPROGRESS. File: ../modules/hudfilter/access/access.c, Function: access_process_state_client_enforce_acl, Line: 13545
Mar 15 08:19:40 apm.f5.local err tmm1[18812]: 01490514:3: (null):Common:00000000: Access encountered error: ERR_INPROGRESS. File: ../modules/hudfilter/access/access.c, Function: hud_access_handler, Line: 3882
Mar 15 08:19:40 apm.f5.local notice tmm1[18812]: 01490506:5: /Common/default_ssl_vpn_policy_202203102312:Common:a56386f9: Received User-Agent header: Mozilla%2F5.0%20(Windows%20NT%2010.0%3B%20WOW64%3B%20Trident%2F7.0%3B%20rv%3A11.0)%20like%20Gecko.
Mar 15 08:19:40 apm.f5.local notice tmm1[18812]: 01490500:5: /Common/default_ssl_vpn_policy_202203102312:Common:a56386f9: New session from client IP 120.204.155.143 (ST=Shanghai/CC=CN/C=AS) at VIP 109.101.115.10 Listener /Common/default_ssl_vpn_policy_202203102312_vs (Reputation=Unknown)
Mar 15 08:19:49 apm.f5.local notice apmd[13338]: 01490010:5: /Common/default_ssl_vpn_policy_202203102312:Common:2d4be1b4: Username '379823932@qq.com'
Mar 15 08:19:56 apm.f5.local notice apmd[13338]: 014902f7:5: /Common/default_ssl_vpn_policy_202203102312:Common:f7275bbf:/Common/default_ssl_vpn_policy_202203102312_act_av_software_check_ag: endpoint software detected (sdk=4.3.1453.0,type=av,id=535,vendor_id=388,version=9.0.69.1,state=1,name=AhnLab V3 Internet Security,vendor_name=AhnLab, Inc.,db_signature=1372,db_version=,db_time=1647108000,last_scan=1647231085,engine_version=2022.03.13.02,missing_updates=).
Mar 15 08:19:56 apm.f5.local notice apmd[13338]: 014902f7:5: /Common/default_ssl_vpn_policy_202203102312:Common:f7275bbf:/Common/default_ssl_vpn_policy_202203102312_act_av_software_check_ag: endpoint software detected (sdk=4.3.1453.0,type=av,id=362,vendor_id=90,version=4.18.1807.18075,state=,name=Windows Defender,vendor_name=Microsoft Corporation,db_signature=477,db_version=,db_time=0,last_scan=0,engine_version=,missing_updates=).
Mar 15 08:20:02 apm.f5.local notice apmd[13338]: 01490010:5: /Common/default_ssl_vpn_policy_202203102312:Common:f7275bbf: Username '13322457055@163.com'
Mar 15 08:20:05 apm.f5.local notice apmd[13338]: 014902f7:5: /Common/default_ssl_vpn_policy_202203102312:Common:a56386f9:/Common/default_ssl_vpn_policy_202203102312_act_av_software_check_ag: endpoint software detected (sdk=4.3.1453.0,type=av,id=535,vendor_id=388,version=9.0.69.1,state=0,name=AhnLab V3 Internet Security,vendor_name=AhnLab, Inc.,db_signature=1372,db_version=,db_time=1647108000,last_scan=1647230715,engine_version=2022.03.13.02,missing_updates=).
Mar 15 08:20:05 apm.f5.local notice apmd[13338]: 014902f7:5: /Common/default_ssl_vpn_policy_202203102312:Common:a56386f9:/Common/default_ssl_vpn_policy_202203102312_act_av_software_check_ag: endpoint software detected (sdk=4.3.1453.0,type=av,id=362,vendor_id=90,version=4.18.1909.6,state=,name=Windows Defender,vendor_name=Microsoft Corporation,db_signature=477,db_version=1.333.988.0,db_time=1616358046,last_scan=0,engine_version=1.1.17900.7,missing_updates=).
Mar 15 08:20:13 apm.f5.local notice apmd[13338]: 01490010:5: /Common/default_ssl_vpn_policy_202203102312:Common:a56386f9: Username 'lygllyuhan@163.com'
Mar 15 08:20:16 apm.f5.local err tmm2[18812]: 01490514:3: (null):Common:00000000: Access encountered error: ERR_INPROGRESS. File: ../modules/hudfilter/access/access.c, Function: access_process_state_client_enforce_session, Line: 9027
Mar 15 08:20:16 apm.f5.local err tmm2[18812]: 01490514:3: (null):Common:00000000: Access encountered error: ERR_INPROGRESS. File: ../modules/hudfilter/access/access.c, Function: hud_access_handler, Line: 3987
Mar 15 08:20:27 apm.f5.local notice apmd[13338]: 014902f7:5: /Common/default_ssl_vpn_policy_202203102312:Common:220e5d42:/Common/default_ssl_vpn_policy_202203102312_act_av_software_check_ag: endpoint software detected (sdk=4.3.1453.0,type=av,id=535,vendor_id=388,version=9.0.69.1,state=1,name=AhnLab V3 Internet Security,vendor_name=AhnLab, Inc.,db_signature=1372,db_version=,db_time=1646852400,last_scan=1647230503,engine_version=2022.03.10.03,missing_updates=).
Mar 15 08:20:27 apm.f5.local notice apmd[13338]: 014902f7:5: /Common/default_ssl_vpn_policy_202203102312:Common:220e5d42:/Common/default_ssl_vpn_policy_202203102312_act_av_software_check_ag: endpoint software detected (sdk=4.3.1453.0,type=av,id=362,vendor_id=90,version=4.18.1902.5,state=,name=Windows Defender,vendor_name=Microsoft Corporation,db_signature=477,db_version=,db_time=0,last_scan=0,engine_version=,missing_updates=).
Mar 15 08:20:28 apm.f5.local notice tmm2[18812]: 01490502:5: /Common/default_ssl_vpn_policy_202203102312:Common:f8f3490e: Session deleted due to user inactivity.
Mar 15 08:20:29 apm.f5.local notice tmm[18812]: 01490549:5: /Common/default_ssl_vpn_policy_202203102312:Common:8d9f061a: Assigned PPP Dynamic IPv4: 109.101.115.66 ID: 893683b8 Tunnel Type: VPN_TUNNELTYPE_TLS NA Resource: /Common/default_ssl_vpn_policy_202203102312_na_res Client IP: 124.77.90.7 
Mar 15 08:20:29 apm.f5.local notice tmm[18812]: 01490505:5: /Common/default_ssl_vpn_policy_202203102312:Common:8d9f061a: PPP tunnel 0x560001761200 (ID: 893683b8) started.
Mar 15 08:20:40 apm.f5.local notice tmm3[18812]: 01490506:5: /Common/default_ssl_vpn_policy_202203102312:Common:adf2c0af: Received User-Agent header: Mozilla%2F5.0%20(Windows%20NT%2010.0%3B%20WOW64%3B%20Trident%2F7.0%3B%20rv%3A11.0)%20like%20Gecko.
Mar 15 08:20:40 apm.f5.local notice tmm3[18812]: 01490500:5: /Common/default_ssl_vpn_policy_202203102312:Common:adf2c0af: New session from client IP 117.143.153.115 (ST=Shanghai/CC=CN/C=AS) at VIP 109.101.115.10 Listener /Common/default_ssl_vpn_policy_202203102312_vs (Reputation=Unknown)
Mar 15 08:20:42 apm.f5.local notice apmd[13338]: 01490008:5: /Common/default_ssl_vpn_policy_202203102312:Common:a56386f9: Connectivity resource '/Common/default_ssl_vpn_policy_202203102312_na_res' assigned
Mar 15 08:20:42 apm.f5.local notice apmd[13338]: 01490128:5: /Common/default_ssl_vpn_policy_202203102312:Common:a56386f9: Webtop '/Common/default_ssl_vpn_policy_202203102312_webtop' assigned
Mar 15 08:20:42 apm.f5.local notice apmd[13338]: 01490005:5: /Common/default_ssl_vpn_policy_202203102312:Common:a56386f9: Following rule 'fallback' from item 'Advanced Resource Assign' to ending 'Allow'
Mar 15 08:20:42 apm.f5.local notice apmd[13338]: 01490102:5: /Common/default_ssl_vpn_policy_202203102312:Common:a56386f9: Access policy result: Network_Access
Mar 15 08:20:42 apm.f5.local notice apmd[13338]: 01490248:5: /Common/default_ssl_vpn_policy_202203102312:Common:a56386f9: Received client info - Hostname: DESKTOP-DVVOE4E Type: IE Version: 11 Platform: Win10 CPU: WOW64 UI Mode: Full Javascript Support: 1 ActiveX Support: 1 Plugin Support: 0
Mar 15 08:20:47 apm.f5.local err tmm3[18812]: 01490514:3: (null):Common:00000000: Access encountered error: ERR_INPROGRESS. File: ../modules/hudfilter/access/access.c, Function: access_process_state_client_enforce_acl, Line: 13545
Mar 15 08:20:47 apm.f5.local err tmm3[18812]: 01490514:3: (null):Common:00000000: Access encountered error: ERR_INPROGRESS. File: ../modules/hudfilter/access/access.c, Function: hud_access_handler, Line: 3882
Mar 15 08:20:48 apm.f5.local notice apmd[13338]: 01490008:5: /Common/default_ssl_vpn_policy_202203102312:Common:f7275bbf: Connectivity resource '/Common/default_ssl_vpn_policy_202203102312_na_res' assigned
Mar 15 08:20:48 apm.f5.local notice apmd[13338]: 01490128:5: /Common/default_ssl_vpn_policy_202203102312:Common:f7275bbf: Webtop '/Common/default_ssl_vpn_policy_202203102312_webtop' assigned
Mar 15 08:20:48 apm.f5.local notice apmd[13338]: 01490005:5: /Common/default_ssl_vpn_policy_202203102312:Common:f7275bbf: Following rule 'fallback' from item 'Advanced Resource Assign' to ending 'Allow'
Mar 15 08:20:48 apm.f5.local notice apmd[13338]: 01490102:5: /Common/default_ssl_vpn_policy_202203102312:Common:f7275bbf: Access policy result: Network_Access
Mar 15 08:20:48 apm.f5.local notice apmd[13338]: 01490248:5: /Common/default_ssl_vpn_policy_202203102312:Common:f7275bbf: Received client info - Hostname: SONGDAN Type: IE Version: 11 Platform: Win10 CPU: WOW64 UI Mode: Full Javascript Support: 1 ActiveX Support: 1 Plugin Support: 0
Mar 15 08:20:50 apm.f5.local err tmm3[18812]: 01490514:3: (null):Common:00000000: Access encountered error: ERR_INPROGRESS. File: ../modules/hudfilter/access/access.c, Function: access_process_state_client_enforce_session, Line: 9027
Mar 15 08:20:50 apm.f5.local err tmm3[18812]: 01490514:3: (null):Common:00000000: Access encountered error: ERR_INPROGRESS. File: ../modules/hudfilter/access/access.c, Function: hud_access_handler, Line: 3987
Mar 15 08:20:53 apm.f5.local err tmm1[18812]: 01490514:3: (null):Common:00000000: Access encountered error: ERR_INPROGRESS. File: ../modules/hudfilter/access/access.c, Function: access_process_state_client_enforce_session, Line: 9027
Mar 15 08:20:53 apm.f5.local err tmm1[18812]: 01490514:3: (null):Common:00000000: Access encountered error: ERR_INPROGRESS. File: ../modules/hudfilter/access/access.c, Function: hud_access_handler, Line: 3987
Mar 15 08:21:02 apm.f5.local notice tmm3[18812]: 01490549:5: /Common/default_ssl_vpn_policy_202203102312:Common:f7275bbf: Assigned PPP Dynamic IPv4: 109.101.115.64 ID: 1483042c Tunnel Type: VPN_TUNNELTYPE_TLS NA Resource: /Common/default_ssl_vpn_policy_202203102312_na_res Client IP: 222.65.170.99 
Mar 15 08:21:02 apm.f5.local notice tmm3[18812]: 01490505:5: /Common/default_ssl_vpn_policy_202203102312:Common:f7275bbf: PPP tunnel 0x5601480e7500 (ID: 1483042c) started.
Mar 15 08:21:03 apm.f5.local notice tmm3[18812]: 01490549:5: /Common/default_ssl_vpn_policy_202203102312:Common:a56386f9: Assigned PPP Dynamic IPv4: 109.101.115.253 ID: 8cdab235 Tunnel Type: VPN_TUNNELTYPE_TLS NA Resource: /Common/default_ssl_vpn_policy_202203102312_na_res Client IP: 120.204.155.143 
Mar 15 08:21:03 apm.f5.local notice tmm3[18812]: 01490505:5: /Common/default_ssl_vpn_policy_202203102312:Common:a56386f9: PPP tunnel 0x5601480cc200 (ID: 8cdab235) started.
Mar 15 08:21:04 apm.f5.local notice apmd[13338]: 014902f7:5: /Common/default_ssl_vpn_policy_202203102312:Common:adf2c0af:/Common/default_ssl_vpn_policy_202203102312_act_av_software_check_ag: endpoint software detected (sdk=4.3.1453.0,type=av,id=535,vendor_id=388,version=9.0.69.1,state=0,name=AhnLab V3 Internet Security,vendor_name=AhnLab, Inc.,db_signature=1372,db_version=,db_time=1646938800,last_scan=0,engine_version=2022.03.11.03,missing_updates=).
Mar 15 08:21:04 apm.f5.local notice apmd[13338]: 014902f7:5: /Common/default_ssl_vpn_policy_202203102312:Common:adf2c0af:/Common/default_ssl_vpn_policy_202203102312_act_av_software_check_ag: endpoint software detected (sdk=4.3.1453.0,type=av,id=362,vendor_id=90,version=4.18.2201.10,state=,name=Windows Defender,vendor_name=Microsoft Corporation,db_signature=477,db_version=1.359.1714.0,db_time=1646905832,last_scan=0,engine_version=1.1.18900.3,missing_updates=).
Mar 15 08:21:09 apm.f5.local notice tmm2[18812]: 01490521:5: /Common/default_ssl_vpn_policy_202203102312:Common:f8f3490e: Session statistics - bytes in: 358717, bytes out: 13080454
Mar 15 08:21:11 apm.f5.local notice apmd[13338]: 01490008:5: /Common/default_ssl_vpn_policy_202203102312:Common:2d4be1b4: Connectivity resource '/Common/default_ssl_vpn_policy_202203102312_na_res' assigned
Mar 15 08:21:11 apm.f5.local notice apmd[13338]: 01490128:5: /Common/default_ssl_vpn_policy_202203102312:Common:2d4be1b4: Webtop '/Common/default_ssl_vpn_policy_202203102312_webtop' assigned
Mar 15 08:21:11 apm.f5.local notice apmd[13338]: 01490005:5: /Common/default_ssl_vpn_policy_202203102312:Common:2d4be1b4: Following rule 'fallback' from item 'Advanced Resource Assign' to ending 'Allow'
Mar 15 08:21:11 apm.f5.local notice apmd[13338]: 01490102:5: /Common/default_ssl_vpn_policy_202203102312:Common:2d4be1b4: Access policy result: Network_Access
Mar 15 08:21:11 apm.f5.local notice apmd[13338]: 01490248:5: /Common/default_ssl_vpn_policy_202203102312:Common:2d4be1b4: Received client info - Hostname: LIUQIAN Type: IE Version: 11 Platform: Win10 CPU: WOW64 UI Mode: Full Javascript Support: 1 ActiveX Support: 1 Plugin Support: 0
Mar 15 08:21:13 apm.f5.local err tmm[18812]: 01490514:3: (null):Common:00000000: Access encountered error: ERR_INPROGRESS. File: ../modules/hudfilter/access/access.c, Function: access_process_state_client_enforce_acl, Line: 13545
Mar 15 08:21:13 apm.f5.local err tmm[18812]: 01490514:3: (null):Common:00000000: Access encountered error: ERR_INPROGRESS. File: ../modules/hudfilter/access/access.c, Function: hud_access_handler, Line: 3882
Mar 15 08:21:15 apm.f5.local notice apmd[13338]: 01490010:5: /Common/default_ssl_vpn_policy_202203102312:Common:adf2c0af: Username 'jiachunfang1230@126.com'
Mar 15 08:21:17 apm.f5.local notice tmm2[18812]: 01490502:5: /Common/default_ssl_vpn_policy_202203102312:Common:0c97079c: Session deleted due to user inactivity.
Mar 15 08:21:17 apm.f5.local notice tmm2[18812]: 01490506:5: /Common/default_ssl_vpn_policy_202203102312:Common:4e13534d: Received User-Agent header: Mozilla%2F5.0%20(Windows%20NT%2010.0%3B%20WOW64%3B%20Trident%2F7.0%3B%20rv%3A11.0)%20like%20Gecko.
Mar 15 08:21:17 apm.f5.local notice tmm2[18812]: 01490500:5: /Common/default_ssl_vpn_policy_202203102312:Common:4e13534d: New session from client IP 183.192.140.102 (ST=Shanghai/CC=CN/C=AS) at VIP 109.101.115.10 Listener /Common/default_ssl_vpn_policy_202203102312_vs (Reputation=Unknown)
Mar 15 08:21:18 apm.f5.local err tmm1[18812]: 01490514:3: (null):Common:00000000: Access encountered error: ERR_INPROGRESS. File: ../modules/hudfilter/access/access.c, Function: access_process_state_client_enforce_session, Line: 9027
Mar 15 08:21:18 apm.f5.local err tmm1[18812]: 01490514:3: (null):Common:00000000: Access encountered error: ERR_INPROGRESS. File: ../modules/hudfilter/access/access.c, Function: hud_access_handler, Line: 3987
Mar 15 08:21:18 apm.f5.local notice tmm2[18812]: 01490506:5: /Common/default_ssl_vpn_policy_202203102312:Common:b2b767d2: Received User-Agent header: Mozilla%2F4.0%20(compatible%3B%20MSIE%207.0%3B%20Windows%20NT%2010.0%3B%20WOW64%3B%20Trident%2F7.0%3B%20.NET4.0C%3B%20.NET4.0E%3B%20.NET%20CLR%202.0.50727%3B%20.NET%20CLR%203.0.30729%3B%20.NET%20CLR%203.5.30729).
Mar 15 08:21:18 apm.f5.local notice tmm2[18812]: 01490500:5: /Common/default_ssl_vpn_policy_202203102312:Common:b2b767d2: New session from client IP 117.143.5.172 (ST=Shanghai/CC=CN/C=AS) at VIP 109.101.115.10 Listener /Common/default_ssl_vpn_policy_202203102312_vs (Reputation=Unknown)
Mar 15 08:21:21 apm.f5.local notice apmd[13338]: 01490010:5: /Common/default_ssl_vpn_policy_202203102312:Common:220e5d42: Username '1562720269@qq.com'
Mar 15 08:21:28 apm.f5.local notice apmd[13338]: 01490008:5: /Common/default_ssl_vpn_policy_202203102312:Common:adf2c0af: Connectivity resource '/Common/default_ssl_vpn_policy_202203102312_na_res' assigned
Mar 15 08:21:28 apm.f5.local notice apmd[13338]: 01490128:5: /Common/default_ssl_vpn_policy_202203102312:Common:adf2c0af: Webtop '/Common/default_ssl_vpn_policy_202203102312_webtop' assigned
Mar 15 08:21:28 apm.f5.local notice apmd[13338]: 01490005:5: /Common/default_ssl_vpn_policy_202203102312:Common:adf2c0af: Following rule 'fallback' from item 'Advanced Resource Assign' to ending 'Allow'
Mar 15 08:21:28 apm.f5.local notice apmd[13338]: 01490102:5: /Common/default_ssl_vpn_policy_202203102312:Common:adf2c0af: Access policy result: Network_Access
Mar 15 08:21:28 apm.f5.local notice apmd[13338]: 01490248:5: /Common/default_ssl_vpn_policy_202203102312:Common:adf2c0af: Received client info - Hostname: DESKTOP-HJVDO6K Type: IE Version: 11 Platform: Win10 CPU: WOW64 UI Mode: Full Javascript Support: 1 ActiveX Support: 1 Plugin Support: 0
Mar 15 08:21:32 apm.f5.local err tmm1[18812]: 01490514:3: (null):Common:00000000: Access encountered error: ERR_INPROGRESS. File: ../modules/hudfilter/access/access.c, Function: access_process_state_client_enforce_acl, Line: 13545
Mar 15 08:21:32 apm.f5.local err tmm1[18812]: 01490514:3: (null):Common:00000000: Access encountered error: ERR_INPROGRESS. File: ../modules/hudfilter/access/access.c, Function: hud_access_handler, Line: 3882
Mar 15 08:21:33 apm.f5.local notice tmm3[18812]: 01490549:5: /Common/default_ssl_vpn_policy_202203102312:Common:2d4be1b4: Assigned PPP Dynamic IPv4: 109.101.115.68 ID: 7418a195 Tunnel Type: VPN_TUNNELTYPE_TLS NA Resource: /Common/default_ssl_vpn_policy_202203102312_na_res Client IP: 39.144.45.4 
Mar 15 08:21:33 apm.f5.local notice tmm3[18812]: 01490505:5: /Common/default_ssl_vpn_policy_202203102312:Common:2d4be1b4: PPP tunnel 0x5601480fb800 (ID: 7418a195) started.
Mar 15 08:21:35 apm.f5.local err tmm[18812]: 01490514:3: (null):Common:00000000: Access encountered error: ERR_INPROGRESS. File: ../modules/hudfilter/access/access.c, Function: access_process_state_client_enforce_session, Line: 9027
Mar 15 08:21:35 apm.f5.local err tmm[18812]: 01490514:3: (null):Common:00000000: Access encountered error: ERR_INPROGRESS. File: ../modules/hudfilter/access/access.c, Function: hud_access_handler, Line: 3987
Mar 15 08:21:40 apm.f5.local notice apmd[13338]: 014902f7:5: /Common/default_ssl_vpn_policy_202203102312:Common:b2b767d2:/Common/default_ssl_vpn_policy_202203102312_act_av_software_check_ag: endpoint software detected (sdk=4.3.1453.0,type=av,id=535,vendor_id=388,version=9.0.69.1,state=1,name=AhnLab V3 Internet Security,vendor_name=AhnLab, Inc.,db_signature=1372,db_version=,db_time=1647108000,last_scan=1647230955,engine_version=2022.03.13.02,missing_updates=).
Mar 15 08:21:40 apm.f5.local notice apmd[13338]: 014902f7:5: /Common/default_ssl_vpn_policy_202203102312:Common:b2b767d2:/Common/default_ssl_vpn_policy_202203102312_act_av_software_check_ag: endpoint software detected (sdk=4.3.1453.0,type=av,id=362,vendor_id=90,version=4.12.16299.15,state=,name=Windows Defender,vendor_name=Microsoft Corporation,db_signature=477,db_version=1.339.1440.0,db_time=1622036076,last_scan=0,engine_version=1.1.18100.6,missing_updates=).
Mar 15 08:21:45 apm.f5.local notice tmm1[18812]: 01490506:5: /Common/default_ssl_vpn_policy_202203102312:Common:4184a9e1: Received User-Agent header: Mozilla%2F4.0%20(compatible%3B%20MSIE%207.0%3B%20Windows%20NT%2010.0%3B%20WOW64%3B%20Trident%2F7.0%3B%20.NET4.0C%3B%20.NET4.0E%3B%20.NET%20CLR%202.0.50727%3B%20.NET%20CLR%203.0.30729%3B%20.NET%20CLR%203.5.30729).
Mar 15 08:21:45 apm.f5.local notice tmm1[18812]: 01490500:5: /Common/default_ssl_vpn_policy_202203102312:Common:4184a9e1: New session from client IP 116.238.55.219 (ST=Shanghai/CC=CN/C=AS) at VIP 109.101.115.10 Listener /Common/default_ssl_vpn_policy_202203102312_vs (Reputation=Unknown)
Mar 15 08:21:47 apm.f5.local notice apmd[13338]: 01490010:5: /Common/default_ssl_vpn_policy_202203102312:Common:b2b767d2: Username 'ffbb0628@163.com'
Mar 15 08:21:51 apm.f5.local notice tmm2[18812]: 01490549:5: /Common/default_ssl_vpn_policy_202203102312:Common:adf2c0af: Assigned PPP Dynamic IPv4: 109.101.115.217 ID: 1f555b66 Tunnel Type: VPN_TUNNELTYPE_TLS NA Resource: /Common/default_ssl_vpn_policy_202203102312_na_res Client IP: 117.143.153.115 
Mar 15 08:21:51 apm.f5.local notice tmm2[18812]: 01490505:5: /Common/default_ssl_vpn_policy_202203102312:Common:adf2c0af: PPP tunnel 0x5600dc4ea500 (ID: 1f555b66) started.
Mar 15 08:21:51 apm.f5.local notice apmd[13338]: 01490008:5: /Common/default_ssl_vpn_policy_202203102312:Common:220e5d42: Connectivity resource '/Common/default_ssl_vpn_policy_202203102312_na_res' assigned
Mar 15 08:21:51 apm.f5.local notice apmd[13338]: 01490128:5: /Common/default_ssl_vpn_policy_202203102312:Common:220e5d42: Webtop '/Common/default_ssl_vpn_policy_202203102312_webtop' assigned
Mar 15 08:21:51 apm.f5.local notice apmd[13338]: 01490005:5: /Common/default_ssl_vpn_policy_202203102312:Common:220e5d42: Following rule 'fallback' from item 'Advanced Resource Assign' to ending 'Allow'
Mar 15 08:21:51 apm.f5.local notice apmd[13338]: 01490102:5: /Common/default_ssl_vpn_policy_202203102312:Common:220e5d42: Access policy result: Network_Access
Mar 15 08:21:51 apm.f5.local notice apmd[13338]: 01490248:5: /Common/default_ssl_vpn_policy_202203102312:Common:220e5d42: Received client info - Hostname: SPCI-XUWENQIANG Type: IE Version: 11 Platform: Win10 CPU: WOW64 UI Mode: Full Javascript Support: 1 ActiveX Support: 1 Plugin Support: 0
Mar 15 08:21:55 apm.f5.local err tmm[18812]: 01490514:3: (null):Common:00000000: Access encountered error: ERR_INPROGRESS. File: ../modules/hudfilter/access/access.c, Function: access_process_state_client_enforce_acl, Line: 13545
Mar 15 08:21:55 apm.f5.local err tmm[18812]: 01490514:3: (null):Common:00000000: Access encountered error: ERR_INPROGRESS. File: ../modules/hudfilter/access/access.c, Function: hud_access_handler, Line: 3882
Mar 15 08:21:58 apm.f5.local notice tmm2[18812]: 01490521:5: /Common/default_ssl_vpn_policy_202203102312:Common:0c97079c: Session statistics - bytes in: 182869, bytes out: 6210452
Mar 15 08:22:00 apm.f5.local notice apmd[13338]: 014902f7:5: /Common/default_ssl_vpn_policy_202203102312:Common:4184a9e1:/Common/default_ssl_vpn_policy_202203102312_act_av_software_check_ag: endpoint software detected (sdk=4.3.1453.0,type=av,id=535,vendor_id=388,version=9.0.69.1,state=1,name=AhnLab V3 Internet Security,vendor_name=AhnLab, Inc.,db_signature=1372,db_version=,db_time=1647108000,last_scan=1647230481,engine_version=2022.03.13.02,missing_updates=).
Mar 15 08:22:00 apm.f5.local notice apmd[13338]: 014902f7:5: /Common/default_ssl_vpn_policy_202203102312:Common:4184a9e1:/Common/default_ssl_vpn_policy_202203102312_act_av_software_check_ag: endpoint software detected (sdk=4.3.1453.0,type=av,id=362,vendor_id=90,version=4.18.2201.10,state=0,name=Windows Defender,vendor_name=Microsoft Corporation,db_signature=477,db_version=1.359.1866.0,db_time=1647119366,last_scan=0,engine_version=1.1.18900.3,missing_updates=).
Mar 15 08:22:03 apm.f5.local err tmm1[18812]: 01490514:3: (null):Common:00000000: Access encountered error: ERR_INPROGRESS. File: ../modules/hudfilter/access/access.c, Function: access_process_state_client_enforce_session, Line: 9027
Mar 15 08:22:03 apm.f5.local err tmm1[18812]: 01490514:3: (null):Common:00000000: Access encountered error: ERR_INPROGRESS. File: ../modules/hudfilter/access/access.c, Function: hud_access_handler, Line: 3987
Mar 15 08:22:07 apm.f5.local notice tmm1[18812]: 01490506:5: /Common/default_ssl_vpn_policy_202203102312:Common:782fa7d8: Received User-Agent header: Mozilla%2F5.0%20(Windows%20NT%2010.0%3B%20WOW64%3B%20Trident%2F7.0%3B%20rv%3A11.0)%20like%20Gecko.
Mar 15 08:22:07 apm.f5.local notice tmm1[18812]: 01490500:5: /Common/default_ssl_vpn_policy_202203102312:Common:782fa7d8: New session from client IP 124.79.119.178 (ST=Shanghai/CC=CN/C=AS) at VIP 109.101.115.10 Listener /Common/default_ssl_vpn_policy_202203102312_vs (Reputation=Unknown)
Mar 15 08:22:09 apm.f5.local notice apmd[13338]: 01490010:5: /Common/default_ssl_vpn_policy_202203102312:Common:4184a9e1: Username '524800261@qq.com'
Mar 15 08:22:14 apm.f5.local notice apmd[13338]: 01490008:5: /Common/default_ssl_vpn_policy_202203102312:Common:b2b767d2: Connectivity resource '/Common/default_ssl_vpn_policy_202203102312_na_res' assigned
Mar 15 08:22:14 apm.f5.local notice apmd[13338]: 01490128:5: /Common/default_ssl_vpn_policy_202203102312:Common:b2b767d2: Webtop '/Common/default_ssl_vpn_policy_202203102312_webtop' assigned
Mar 15 08:22:14 apm.f5.local notice apmd[13338]: 01490005:5: /Common/default_ssl_vpn_policy_202203102312:Common:b2b767d2: Following rule 'fallback' from item 'Advanced Resource Assign' to ending 'Allow'
Mar 15 08:22:14 apm.f5.local notice apmd[13338]: 01490102:5: /Common/default_ssl_vpn_policy_202203102312:Common:b2b767d2: Access policy result: Network_Access
Mar 15 08:22:14 apm.f5.local notice apmd[13338]: 01490248:5: /Common/default_ssl_vpn_policy_202203102312:Common:b2b767d2: Received client info - Hostname: SPCI-GAOXIUFANG Type: IE Version: 11 Platform: Win10 CPU: WOW64 UI Mode: Full Javascript Support: 1 ActiveX Support: 1 Plugin Support: 0
Mar 15 08:22:16 apm.f5.local err tmm2[18812]: 01490514:3: (null):Common:00000000: Access encountered error: ERR_INPROGRESS. File: ../modules/hudfilter/access/access.c, Function: access_process_state_client_enforce_acl, Line: 13545
Mar 15 08:22:19 apm.f5.local err tmm[18812]: 01490514:3: (null):Common:00000000: Access encountered error: ERR_INPROGRESS. File: ../modules/hudfilter/access/access.c, Function: access_process_state_client_enforce_session, Line: 9027
Mar 15 08:22:19 apm.f5.local err tmm[18812]: 01490514:3: (null):Common:00000000: Access encountered error: ERR_INPROGRESS. File: ../modules/hudfilter/access/access.c, Function: hud_access_handler, Line: 3987
Mar 15 08:22:24 apm.f5.local notice tmm3[18812]: 01490549:5: /Common/default_ssl_vpn_policy_202203102312:Common:220e5d42: Assigned PPP Dynamic IPv4: 109.101.115.71 ID: 463708d6 Tunnel Type: VPN_TUNNELTYPE_TLS NA Resource: /Common/default_ssl_vpn_policy_202203102312_na_res Client IP: 183.193.24.97 
Mar 15 08:22:24 apm.f5.local notice tmm3[18812]: 01490505:5: /Common/default_ssl_vpn_policy_202203102312:Common:220e5d42: PPP tunnel 0x5601480c2000 (ID: 463708d6) started.
Mar 15 08:22:25 apm.f5.local notice apmd[13338]: 01490008:5: /Common/default_ssl_vpn_policy_202203102312:Common:4184a9e1: Connectivity resource '/Common/default_ssl_vpn_policy_202203102312_na_res' assigned
Mar 15 08:22:25 apm.f5.local notice apmd[13338]: 01490128:5: /Common/default_ssl_vpn_policy_202203102312:Common:4184a9e1: Webtop '/Common/default_ssl_vpn_policy_202203102312_webtop' assigned
Mar 15 08:22:25 apm.f5.local notice apmd[13338]: 01490005:5: /Common/default_ssl_vpn_policy_202203102312:Common:4184a9e1: Following rule 'fallback' from item 'Advanced Resource Assign' to ending 'Allow'
Mar 15 08:22:25 apm.f5.local notice apmd[13338]: 01490102:5: /Common/default_ssl_vpn_policy_202203102312:Common:4184a9e1: Access policy result: Network_Access
Mar 15 08:22:25 apm.f5.local notice apmd[13338]: 01490248:5: /Common/default_ssl_vpn_policy_202203102312:Common:4184a9e1: Received client info - Hostname: CHENJIANHUA Type: IE Version: 11 Platform: Win10 CPU: WOW64 UI Mode: Full Javascript Support: 1 ActiveX Support: 1 Plugin Support: 0
Mar 15 08:22:26 apm.f5.local notice tmm1[18812]: 01490549:5: /Common/default_ssl_vpn_policy_202203102312:Common:b2b767d2: Assigned PPP Dynamic IPv4: 109.101.115.166 ID: f27fb8b7 Tunnel Type: VPN_TUNNELTYPE_TLS NA Resource: /Common/default_ssl_vpn_policy_202203102312_na_res Client IP: 117.143.5.172 
Mar 15 08:22:26 apm.f5.local notice tmm1[18812]: 01490505:5: /Common/default_ssl_vpn_policy_202203102312:Common:b2b767d2: PPP tunnel 0x5600708c3c00 (ID: f27fb8b7) started.
Mar 15 08:22:27 apm.f5.local err tmm3[18812]: 01490514:3: (null):Common:00000000: Access encountered error: ERR_INPROGRESS. File: ../modules/hudfilter/access/access.c, Function: access_process_state_client_enforce_acl, Line: 13545
Mar 15 08:22:27 apm.f5.local err tmm3[18812]: 01490514:3: (null):Common:00000000: Access encountered error: ERR_INPROGRESS. File: ../modules/hudfilter/access/access.c, Function: hud_access_handler, Line: 3882
Mar 15 08:22:28 apm.f5.local err tmm3[18812]: 01490514:3: (null):Common:00000000: Access encountered error: ERR_INPROGRESS. File: ../modules/hudfilter/access/access.c, Function: access_process_state_client_enforce_session, Line: 9027
Mar 15 08:22:28 apm.f5.local err tmm3[18812]: 01490514:3: (null):Common:00000000: Access encountered error: ERR_INPROGRESS. File: ../modules/hudfilter/access/access.c, Function: hud_access_handler, Line: 3987
Mar 15 08:22:35 apm.f5.local notice apmd[13338]: 014902f7:5: /Common/default_ssl_vpn_policy_202203102312:Common:782fa7d8:/Common/default_ssl_vpn_policy_202203102312_act_av_software_check_ag: endpoint software detected (sdk=4.3.1453.0,type=av,id=535,vendor_id=388,version=9.0.69.1,state=1,name=AhnLab V3 Internet Security,vendor_name=AhnLab, Inc.,db_signature=1372,db_version=,db_time=1646852400,last_scan=1647230616,engine_version=2022.03.10.03,missing_updates=).
