Mar 15 08:57:20 apm.f5.local notice apmd[13338]: 014902f7:5: /Common/default_ssl_vpn_policy_202203102312:Common:bbc2457f:/Common/default_ssl_vpn_policy_202203102312_act_av_software_check_ag: endpoint software detected (sdk=4.3.1453.0,type=av,id=362,vendor_id=90,version=4.18.1807.18075,state=,name=Windows Defender,vendor_name=Microsoft Corporation,db_signature=477,db_version=,db_time=0,last_scan=0,engine_version=,missing_updates=).
Mar 15 08:57:26 apm.f5.local notice tmm[18812]: 01490502:5: /Common/default_ssl_vpn_policy_202203102312:Common:ff7fce3a: Session deleted due to user inactivity.
Mar 15 08:57:40 apm.f5.local err tmm1[18812]: 01490514:3: (null):Common:00000000: Access encountered error: ERR_INPROGRESS. File: ../modules/hudfilter/access/access.c, Function: access_process_state_client_enforce_acl, Line: 13545
Mar 15 08:57:40 apm.f5.local err tmm1[18812]: 01490514:3: (null):Common:00000000: Access encountered error: ERR_INPROGRESS. File: ../modules/hudfilter/access/access.c, Function: hud_access_handler, Line: 3882
Mar 15 08:57:42 apm.f5.local err tmm[18812]: 01490514:3: (null):Common:00000000: Access encountered error: ERR_INPROGRESS. File: ../modules/hudfilter/access/access.c, Function: access_process_state_client_enforce_session, Line: 9027
Mar 15 08:57:42 apm.f5.local err tmm[18812]: 01490514:3: (null):Common:00000000: Access encountered error: ERR_INPROGRESS. File: ../modules/hudfilter/access/access.c, Function: hud_access_handler, Line: 3987
Mar 15 08:58:04 apm.f5.local notice tmm3[18812]: 01490505:5: /Common/default_ssl_vpn_policy_202203102312:Common:5d9c04f9: PPP tunnel 0x5601480fab00 (ID: c0489a8c) closed.
Mar 15 08:58:05 apm.f5.local notice tmm1[18812]: 01490549:5: /Common/default_ssl_vpn_policy_202203102312:Common:5d9c04f9: Assigned PPP Dynamic IPv4: 109.101.115.204 ID: f6267265 Tunnel Type: VPN_TUNNELTYPE_TLS NA Resource: /Common/default_ssl_vpn_policy_202203102312_na_res Client IP: 120.204.103.134 - Reconnect
Mar 15 08:58:05 apm.f5.local notice tmm1[18812]: 01490505:5: /Common/default_ssl_vpn_policy_202203102312:Common:5d9c04f9: PPP tunnel 0x5600708cf200 (ID: f6267265) started.
Mar 15 08:58:07 apm.f5.local notice tmm[18812]: 01490521:5: /Common/default_ssl_vpn_policy_202203102312:Common:ff7fce3a: Session statistics - bytes in: 906, bytes out: 439
Mar 15 08:58:10 apm.f5.local err tmm3[18812]: 01490514:3: (null):Common:00000000: Access encountered error: ERR_INPROGRESS. File: ../modules/hudfilter/access/access.c, Function: access_process_state_client_enforce_acl, Line: 13545
Mar 15 08:58:10 apm.f5.local err tmm3[18812]: 01490514:3: (null):Common:00000000: Access encountered error: ERR_INPROGRESS. File: ../modules/hudfilter/access/access.c, Function: hud_access_handler, Line: 3882
Mar 15 08:58:12 apm.f5.local err tmm2[18812]: 01490514:3: (null):Common:00000000: Access encountered error: ERR_INPROGRESS. File: ../modules/hudfilter/access/access.c, Function: access_process_state_client_enforce_session, Line: 9027
Mar 15 08:58:12 apm.f5.local err tmm2[18812]: 01490514:3: (null):Common:00000000: Access encountered error: ERR_INPROGRESS. File: ../modules/hudfilter/access/access.c, Function: hud_access_handler, Line: 3987
Mar 15 08:58:15 apm.f5.local notice tmm3[18812]: 01490502:5: /Common/default_ssl_vpn_policy_202203102312:Common:61049fab: Session deleted due to user inactivity.
Mar 15 08:58:20 apm.f5.local notice tmm1[18812]: 01490506:5: /Common/default_ssl_vpn_policy_202203102312:Common:b0236a04: Received User-Agent header: Mozilla%2F5.0%20(Windows%20NT%2010.0%3B%20WOW64%3B%20Trident%2F7.0%3B%20rv%3A11.0)%20like%20Gecko.
Mar 15 08:58:20 apm.f5.local notice tmm1[18812]: 01490500:5: /Common/default_ssl_vpn_policy_202203102312:Common:b0236a04: New session from client IP 120.229.40.135 (ST=Guangdong/CC=CN/C=AS) at VIP 109.101.115.10 Listener /Common/default_ssl_vpn_policy_202203102312_vs (Reputation=Unknown)
Mar 15 08:58:51 apm.f5.local notice tmm1[18812]: 01490502:5: /Common/default_ssl_vpn_policy_202203102312:Common:01064aa1: Session deleted due to user inactivity.
Mar 15 08:58:55 apm.f5.local notice tmm3[18812]: 01490521:5: /Common/default_ssl_vpn_policy_202203102312:Common:61049fab: Session statistics - bytes in: 1328890, bytes out: 2574056
Mar 15 08:59:02 apm.f5.local notice tmm2[18812]: 01490549:5: /Common/default_ssl_vpn_policy_202203102312:Common:a4e4d312: Assigned PPP Dynamic IPv4: 109.101.115.118 ID: 519729e3 Tunnel Type: VPN_TUNNELTYPE_TLS NA Resource: /Common/default_ssl_vpn_policy_202203102312_na_res Client IP: 117.13.12.231 
Mar 15 08:59:02 apm.f5.local notice tmm2[18812]: 01490505:5: /Common/default_ssl_vpn_policy_202203102312:Common:a4e4d312: PPP tunnel 0x5600dc4ed300 (ID: 519729e3) started.
Mar 15 08:59:14 apm.f5.local err tmm1[18812]: 01490514:3: (null):Common:00000000: Access encountered error: ERR_INPROGRESS. File: ../modules/hudfilter/access/access.c, Function: access_process_state_client_enforce_acl, Line: 13545
Mar 15 08:59:14 apm.f5.local err tmm1[18812]: 01490514:3: (null):Common:00000000: Access encountered error: ERR_INPROGRESS. File: ../modules/hudfilter/access/access.c, Function: hud_access_handler, Line: 3882
Mar 15 08:59:32 apm.f5.local notice tmm1[18812]: 01490521:5: /Common/default_ssl_vpn_policy_202203102312:Common:01064aa1: Session statistics - bytes in: 906, bytes out: 399
Mar 15 08:59:32 apm.f5.local notice tmm2[18812]: 01490502:5: /Common/default_ssl_vpn_policy_202203102312:Common:2d4be1b4: Session deleted due to user inactivity.
Mar 15 08:59:32 apm.f5.local notice tmm[18812]: 01490505:5: /Common/default_ssl_vpn_policy_202203102312:Common:2d4be1b4: PPP tunnel 0x560001784100 (ID: 86e77074) closed.
Mar 15 08:59:33 apm.f5.local notice tmm1[18812]: 01490506:5: /Common/default_ssl_vpn_policy_202203102312:Common:0a8e8b74: Received User-Agent header: Mozilla%2F5.0%20(Windows%20NT%2010.0%3B%20WOW64%3B%20Trident%2F7.0%3B%20rv%3A11.0)%20like%20Gecko.
Mar 15 08:59:33 apm.f5.local notice tmm1[18812]: 01490500:5: /Common/default_ssl_vpn_policy_202203102312:Common:0a8e8b74: New session from client IP 117.143.153.115 (ST=Shanghai/CC=CN/C=AS) at VIP 109.101.115.10 Listener /Common/default_ssl_vpn_policy_202203102312_vs (Reputation=Unknown)
Mar 15 08:59:46 apm.f5.local notice apmd[13338]: 014902f7:5: /Common/default_ssl_vpn_policy_202203102312:Common:0a8e8b74:/Common/default_ssl_vpn_policy_202203102312_act_av_software_check_ag: endpoint software detected (sdk=4.3.1453.0,type=av,id=535,vendor_id=388,version=9.0.69.1,state=0,name=AhnLab V3 Internet Security,vendor_name=AhnLab, Inc.,db_signature=1372,db_version=,db_time=1646938800,last_scan=0,engine_version=2022.03.11.03,missing_updates=).
Mar 15 08:59:46 apm.f5.local notice apmd[13338]: 014902f7:5: /Common/default_ssl_vpn_policy_202203102312:Common:0a8e8b74:/Common/default_ssl_vpn_policy_202203102312_act_av_software_check_ag: endpoint software detected (sdk=4.3.1453.0,type=av,id=362,vendor_id=90,version=4.18.2201.10,state=,name=Windows Defender,vendor_name=Microsoft Corporation,db_signature=477,db_version=1.359.1714.0,db_time=1646905832,last_scan=0,engine_version=1.1.18900.3,missing_updates=).
Mar 15 08:59:53 apm.f5.local notice tmm1[18812]: 01490505:5: /Common/default_ssl_vpn_policy_202203102312:Common:6b532d18: PPP tunnel 0x5600708d8f00 (ID: 7e683320) closed.
Mar 15 08:59:55 apm.f5.local notice apmd[13338]: 01490010:5: /Common/default_ssl_vpn_policy_202203102312:Common:bbc2457f: Username '290791104@qq.com'
Mar 15 08:59:56 apm.f5.local notice apmd[13338]: 01490010:5: /Common/default_ssl_vpn_policy_202203102312:Common:0a8e8b74: Username 'jiachunfang1230@126.com'
Mar 15 09:00:11 apm.f5.local notice tmm1[18812]: 01490505:5: /Common/default_ssl_vpn_policy_202203102312:Common:437ea8bd: PPP tunnel 0x5600708dc500 (ID: 48cb99d5) closed.
Mar 15 09:00:11 apm.f5.local notice tmm2[18812]: 01490521:5: /Common/default_ssl_vpn_policy_202203102312:Common:2d4be1b4: Session statistics - bytes in: 1244475, bytes out: 2535569
Mar 15 09:00:12 apm.f5.local notice apmd[13338]: 01490008:5: /Common/default_ssl_vpn_policy_202203102312:Common:0a8e8b74: Connectivity resource '/Common/default_ssl_vpn_policy_202203102312_na_res' assigned
Mar 15 09:00:12 apm.f5.local notice apmd[13338]: 01490128:5: /Common/default_ssl_vpn_policy_202203102312:Common:0a8e8b74: Webtop '/Common/default_ssl_vpn_policy_202203102312_webtop' assigned
Mar 15 09:00:12 apm.f5.local notice apmd[13338]: 01490005:5: /Common/default_ssl_vpn_policy_202203102312:Common:0a8e8b74: Following rule 'fallback' from item 'Advanced Resource Assign' to ending 'Allow'
Mar 15 09:00:12 apm.f5.local notice apmd[13338]: 01490102:5: /Common/default_ssl_vpn_policy_202203102312:Common:0a8e8b74: Access policy result: Network_Access
Mar 15 09:00:12 apm.f5.local notice apmd[13338]: 01490248:5: /Common/default_ssl_vpn_policy_202203102312:Common:0a8e8b74: Received client info - Hostname: DESKTOP-HJVDO6K Type: IE Version: 11 Platform: Win10 CPU: WOW64 UI Mode: Full Javascript Support: 1 ActiveX Support: 1 Plugin Support: 0
Mar 15 09:00:15 apm.f5.local notice apmd[13338]: 01490008:5: /Common/default_ssl_vpn_policy_202203102312:Common:bbc2457f: Connectivity resource '/Common/default_ssl_vpn_policy_202203102312_na_res' assigned
Mar 15 09:00:15 apm.f5.local notice apmd[13338]: 01490128:5: /Common/default_ssl_vpn_policy_202203102312:Common:bbc2457f: Webtop '/Common/default_ssl_vpn_policy_202203102312_webtop' assigned
Mar 15 09:00:15 apm.f5.local notice apmd[13338]: 01490005:5: /Common/default_ssl_vpn_policy_202203102312:Common:bbc2457f: Following rule 'fallback' from item 'Advanced Resource Assign' to ending 'Allow'
Mar 15 09:00:15 apm.f5.local notice apmd[13338]: 01490102:5: /Common/default_ssl_vpn_policy_202203102312:Common:bbc2457f: Access policy result: Network_Access
Mar 15 09:00:15 apm.f5.local notice apmd[13338]: 01490248:5: /Common/default_ssl_vpn_policy_202203102312:Common:bbc2457f: Received client info - Hostname: TM-94209 Type: IE Version: 11 Platform: Win10 CPU: WOW64 UI Mode: Full Javascript Support: 1 ActiveX Support: 1 Plugin Support: 0
Mar 15 09:00:16 apm.f5.local err tmm3[18812]: 01490514:3: (null):Common:00000000: Access encountered error: ERR_INPROGRESS. File: ../modules/hudfilter/access/access.c, Function: access_process_state_client_enforce_acl, Line: 13545
Mar 15 09:00:20 apm.f5.local err tmm1[18812]: 01490514:3: (null):Common:00000000: Access encountered error: ERR_INPROGRESS. File: ../modules/hudfilter/access/access.c, Function: access_process_state_client_enforce_session, Line: 9027
Mar 15 09:00:20 apm.f5.local err tmm1[18812]: 01490514:3: (null):Common:00000000: Access encountered error: ERR_INPROGRESS. File: ../modules/hudfilter/access/access.c, Function: hud_access_handler, Line: 3987
Mar 15 09:00:38 apm.f5.local notice tmm3[18812]: 01490506:5: /Common/default_ssl_vpn_policy_202203102312:Common:8a9d42e8: Received User-Agent header: Mozilla%2F4.0%20(compatible%3B%20MSIE%207.0%3B%20Windows%20NT%2010.0%3B%20WOW64%3B%20Trident%2F7.0%3B%20.NET4.0C%3B%20.NET4.0E%3B%20.NET%20CLR%202.0.50727%3B%20.NET%20CLR%203.0.30729%3B%20.NET%20CLR%203.5.30729%3B%20Tablet%20PC%202.0).
Mar 15 09:00:38 apm.f5.local notice tmm3[18812]: 01490500:5: /Common/default_ssl_vpn_policy_202203102312:Common:8a9d42e8: New session from client IP 39.144.103.18 (ST=Shanghai/CC=CN/C=AS) at VIP 109.101.115.10 Listener /Common/default_ssl_vpn_policy_202203102312_vs (Reputation=Unknown)
Mar 15 09:01:27 apm.f5.local notice tmm[18812]: 01490506:5: /Common/default_ssl_vpn_policy_202203102312:Common:3f3669b8: Received User-Agent header: Mozilla%2F4.0%20(compatible%3B%20MSIE%207.0%3B%20Windows%20NT%2010.0%3B%20WOW64%3B%20Trident%2F7.0%3B%20.NET4.0C%3B%20.NET4.0E%3B%20.NET%20CLR%202.0.50727%3B%20.NET%20CLR%203.0.30729%3B%20.NET%20CLR%203.5.30729).
Mar 15 09:01:27 apm.f5.local notice tmm[18812]: 01490500:5: /Common/default_ssl_vpn_policy_202203102312:Common:3f3669b8: New session from client IP 180.168.59.170 (ST=Shanghai/CC=CN/C=AS) at VIP 109.101.115.10 Listener /Common/default_ssl_vpn_policy_202203102312_vs (Reputation=Unknown)
Mar 15 09:01:40 apm.f5.local notice tmm[18812]: 01490502:5: /Common/default_ssl_vpn_policy_202203102312:Common:f06e3508: Session deleted due to user inactivity.
Mar 15 09:01:49 apm.f5.local notice tmm3[18812]: 01490505:5: /Common/default_ssl_vpn_policy_202203102312:Common:e9773724: PPP tunnel 0x5601480e8100 (ID: d9248e87) closed.
Mar 15 09:01:49 apm.f5.local notice tmm1[18812]: 01490549:5: /Common/default_ssl_vpn_policy_202203102312:Common:e9773724: Assigned PPP Dynamic IPv4: 109.101.115.38 ID: ba3dff05 Tunnel Type: VPN_TUNNELTYPE_TLS NA Resource: /Common/default_ssl_vpn_policy_202203102312_na_res Client IP: 183.195.89.91 - Reconnect
Mar 15 09:01:49 apm.f5.local notice tmm1[18812]: 01490505:5: /Common/default_ssl_vpn_policy_202203102312:Common:e9773724: PPP tunnel 0x5600708d5600 (ID: ba3dff05) started.
Mar 15 09:01:55 apm.f5.local notice tmm3[18812]: 01490502:5: /Common/default_ssl_vpn_policy_202203102312:Common:51521d15: Session deleted due to user inactivity.
Mar 15 09:02:04 apm.f5.local notice apmd[13338]: 014902f7:5: /Common/default_ssl_vpn_policy_202203102312:Common:3f3669b8:/Common/default_ssl_vpn_policy_202203102312_act_av_software_check_ag: endpoint software detected (sdk=4.3.1453.0,type=av,id=535,vendor_id=388,version=9.0.69.1,state=1,name=AhnLab V3 Internet Security,vendor_name=AhnLab, Inc.,db_signature=1372,db_version=,db_time=1646938800,last_scan=1647305083,engine_version=2022.03.11.03,missing_updates=).
Mar 15 09:02:04 apm.f5.local notice apmd[13338]: 014902f7:5: /Common/default_ssl_vpn_policy_202203102312:Common:3f3669b8:/Common/default_ssl_vpn_policy_202203102312_act_av_software_check_ag: endpoint software detected (sdk=4.3.1453.0,type=av,id=362,vendor_id=90,version=4.18.2107.4,state=,name=Windows Defender,vendor_name=Microsoft Corporation,db_signature=477,db_version=1.347.241.0,db_time=1629666690,last_scan=0,engine_version=1.1.18400.5,missing_updates=).
Mar 15 09:02:07 apm.f5.local notice apmd[13338]: 014902f7:5: /Common/default_ssl_vpn_policy_202203102312:Common:8a9d42e8:/Common/default_ssl_vpn_policy_202203102312_act_av_software_check_ag: endpoint software detected (sdk=4.3.1453.0,type=av,id=535,vendor_id=388,version=9.0.69.1,state=1,name=AhnLab V3 Internet Security,vendor_name=AhnLab, Inc.,db_signature=1372,db_version=,db_time=1646935200,last_scan=1647306119,engine_version=2022.03.11.02,missing_updates=).
Mar 15 09:02:07 apm.f5.local notice apmd[13338]: 014902f7:5: /Common/default_ssl_vpn_policy_202203102312:Common:8a9d42e8:/Common/default_ssl_vpn_policy_202203102312_act_av_software_check_ag: endpoint software detected (sdk=4.3.1453.0,type=av,id=362,vendor_id=90,version=4.18.1807.18075,state=,name=Windows Defender,vendor_name=Microsoft Corporation,db_signature=477,db_version=1.337.231.0,db_time=1619727806,last_scan=0,engine_version=1.1.18100.5,missing_updates=).
Mar 15 09:02:12 apm.f5.local notice apmd[13338]: 014902f7:5: /Common/default_ssl_vpn_policy_202203102312:Common:b0236a04:/Common/default_ssl_vpn_policy_202203102312_act_av_software_check_ag: endpoint software detected (sdk=4.3.1453.0,type=av,id=535,vendor_id=388,version=9.0.69.1,state=1,name=AhnLab V3 Internet Security,vendor_name=AhnLab, Inc.,db_signature=1372,db_version=,db_time=1646766000,last_scan=1647230865,engine_version=2022.03.09.03,missing_updates=).
Mar 15 09:02:12 apm.f5.local notice apmd[13338]: 014902f7:5: /Common/default_ssl_vpn_policy_202203102312:Common:b0236a04:/Common/default_ssl_vpn_policy_202203102312_act_av_software_check_ag: endpoint software detected (sdk=4.3.1453.0,type=av,id=362,vendor_id=90,version=4.18.1807.18075,state=,name=Windows Defender,vendor_name=Microsoft Corporation,db_signature=477,db_version=1.307.1372.0,db_time=1577647158,last_scan=0,engine_version=1.1.16600.7,missing_updates=).
Mar 15 09:02:16 apm.f5.local notice tmm1[18812]: 01490502:5: /Common/default_ssl_vpn_policy_202203102312:Common:6b532d18: Session deleted due to user inactivity.
Mar 15 09:02:21 apm.f5.local notice tmm[18812]: 01490521:5: /Common/default_ssl_vpn_policy_202203102312:Common:f06e3508: Session statistics - bytes in: 906, bytes out: 399
Mar 15 09:02:27 apm.f5.local notice apmd[13338]: 01490010:5: /Common/default_ssl_vpn_policy_202203102312:Common:b0236a04: Username '2452325@qq.com'
Mar 15 09:02:30 apm.f5.local err tmm1[18812]: 01490514:3: (null):Common:00000000: Access encountered error: ERR_INPROGRESS. File: ../modules/hudfilter/access/access.c, Function: access_process_state_client_enforce_acl, Line: 13545
Mar 15 09:02:30 apm.f5.local err tmm1[18812]: 01490514:3: (null):Common:00000000: Access encountered error: ERR_INPROGRESS. File: ../modules/hudfilter/access/access.c, Function: hud_access_handler, Line: 3882
Mar 15 09:02:32 apm.f5.local err tmm1[18812]: 01490514:3: (null):Common:00000000: Access encountered error: ERR_INPROGRESS. File: ../modules/hudfilter/access/access.c, Function: access_process_state_client_enforce_session, Line: 9027
Mar 15 09:02:32 apm.f5.local err tmm1[18812]: 01490514:3: (null):Common:00000000: Access encountered error: ERR_INPROGRESS. File: ../modules/hudfilter/access/access.c, Function: hud_access_handler, Line: 3987
Mar 15 09:02:36 apm.f5.local notice tmm3[18812]: 01490521:5: /Common/default_ssl_vpn_policy_202203102312:Common:51521d15: Session statistics - bytes in: 906, bytes out: 399
Mar 15 09:02:36 apm.f5.local notice apmd[13338]: 01490010:5: /Common/default_ssl_vpn_policy_202203102312:Common:3f3669b8: Username 'flh_0726@163.com'
Mar 15 09:02:50 apm.f5.local notice tmm1[18812]: 01490521:5: /Common/default_ssl_vpn_policy_202203102312:Common:6b532d18: Session statistics - bytes in: 1594409, bytes out: 8956289
Mar 15 09:02:50 apm.f5.local notice apmd[13338]: 01490008:5: /Common/default_ssl_vpn_policy_202203102312:Common:b0236a04: Connectivity resource '/Common/default_ssl_vpn_policy_202203102312_na_res' assigned
Mar 15 09:02:50 apm.f5.local notice apmd[13338]: 01490128:5: /Common/default_ssl_vpn_policy_202203102312:Common:b0236a04: Webtop '/Common/default_ssl_vpn_policy_202203102312_webtop' assigned
Mar 15 09:02:50 apm.f5.local notice apmd[13338]: 01490005:5: /Common/default_ssl_vpn_policy_202203102312:Common:b0236a04: Following rule 'fallback' from item 'Advanced Resource Assign' to ending 'Allow'
Mar 15 09:02:50 apm.f5.local notice apmd[13338]: 01490102:5: /Common/default_ssl_vpn_policy_202203102312:Common:b0236a04: Access policy result: Network_Access
Mar 15 09:02:50 apm.f5.local notice apmd[13338]: 01490248:5: /Common/default_ssl_vpn_policy_202203102312:Common:b0236a04: Received client info - Hostname: TANGWEI Type: IE Version: 11 Platform: Win10 CPU: WOW64 UI Mode: Full Javascript Support: 1 ActiveX Support: 1 Plugin Support: 0
Mar 15 09:02:50 apm.f5.local notice tmm2[18812]: 01490549:5: /Common/default_ssl_vpn_policy_202203102312:Common:437ea8bd: Assigned PPP Dynamic IPv4: 109.101.115.90 ID: 570cf845 Tunnel Type: VPN_TUNNELTYPE_TLS NA Resource: /Common/default_ssl_vpn_policy_202203102312_na_res Client IP: 116.233.127.127 
Mar 15 09:02:50 apm.f5.local notice tmm2[18812]: 01490505:5: /Common/default_ssl_vpn_policy_202203102312:Common:437ea8bd: PPP tunnel 0x5600dc4ee500 (ID: 570cf845) started.
Mar 15 09:02:54 apm.f5.local err tmm2[18812]: 01490514:3: (null):Common:00000000: Access encountered error: ERR_INPROGRESS. File: ../modules/hudfilter/access/access.c, Function: access_process_state_client_enforce_acl, Line: 13545
Mar 15 09:02:54 apm.f5.local err tmm2[18812]: 01490514:3: (null):Common:00000000: Access encountered error: ERR_INPROGRESS. File: ../modules/hudfilter/access/access.c, Function: hud_access_handler, Line: 3882
Mar 15 09:02:57 apm.f5.local err tmm[18812]: 01490514:3: (null):Common:00000000: Access encountered error: ERR_INPROGRESS. File: ../modules/hudfilter/access/access.c, Function: access_process_state_client_enforce_session, Line: 9027
Mar 15 09:02:57 apm.f5.local err tmm[18812]: 01490514:3: (null):Common:00000000: Access encountered error: ERR_INPROGRESS. File: ../modules/hudfilter/access/access.c, Function: hud_access_handler, Line: 3987
Mar 15 09:03:04 apm.f5.local notice apmd[13338]: 01490010:5: /Common/default_ssl_vpn_policy_202203102312:Common:8a9d42e8: Username '379823932@qq.com'
Mar 15 09:03:11 apm.f5.local notice tmm[18812]: 01490506:5: /Common/default_ssl_vpn_policy_202203102312:Common:b3ad9255: Received User-Agent header: Mozilla%2F5.0%20(Windows%20NT%2010.0%3B%20Win64%3B%20x64)%20AppleWebKit%2F537.36%20(KHTML%2C%20like%20Gecko)%20Chrome%2F99.0.4844.51%20Safari%2F537.36.
Mar 15 09:03:11 apm.f5.local notice tmm[18812]: 01490500:5: /Common/default_ssl_vpn_policy_202203102312:Common:b3ad9255: New session from client IP 116.235.131.250 (ST=Shanghai/CC=CN/C=AS) at VIP 109.101.115.10 Listener /Common/default_ssl_vpn_policy_202203102312_vs (Reputation=Unknown)
Mar 15 09:03:28 apm.f5.local notice apmd[13338]: 01490008:5: /Common/default_ssl_vpn_policy_202203102312:Common:3f3669b8: Connectivity resource '/Common/default_ssl_vpn_policy_202203102312_na_res' assigned
Mar 15 09:03:28 apm.f5.local notice apmd[13338]: 01490128:5: /Common/default_ssl_vpn_policy_202203102312:Common:3f3669b8: Webtop '/Common/default_ssl_vpn_policy_202203102312_webtop' assigned
Mar 15 09:03:28 apm.f5.local notice apmd[13338]: 01490005:5: /Common/default_ssl_vpn_policy_202203102312:Common:3f3669b8: Following rule 'fallback' from item 'Advanced Resource Assign' to ending 'Allow'
Mar 15 09:03:28 apm.f5.local notice apmd[13338]: 01490102:5: /Common/default_ssl_vpn_policy_202203102312:Common:3f3669b8: Access policy result: Network_Access
Mar 15 09:03:28 apm.f5.local notice apmd[13338]: 01490248:5: /Common/default_ssl_vpn_policy_202203102312:Common:3f3669b8: Received client info - Hostname: FENGLONGHU Type: IE Version: 11 Platform: Win10 CPU: WOW64 UI Mode: Full Javascript Support: 1 ActiveX Support: 1 Plugin Support: 0
Mar 15 09:03:29 apm.f5.local err tmm2[18812]: 01490514:3: (null):Common:00000000: Access encountered error: ERR_INPROGRESS. File: ../modules/hudfilter/access/access.c, Function: access_process_state_client_enforce_acl, Line: 13545
Mar 15 09:03:29 apm.f5.local err tmm2[18812]: 01490514:3: (null):Common:00000000: Access encountered error: ERR_INPROGRESS. File: ../modules/hudfilter/access/access.c, Function: hud_access_handler, Line: 3882
Mar 15 09:03:30 apm.f5.local notice tmm3[18812]: 01490506:5: /Common/default_ssl_vpn_policy_202203102312:Common:0a75242f: Received User-Agent header: Mozilla%2F5.0%20(Windows%20NT%2010.0%3B%20WOW64%3B%20Trident%2F7.0%3B%20rv%3A11.0)%20like%20Gecko.
Mar 15 09:03:30 apm.f5.local notice tmm3[18812]: 01490500:5: /Common/default_ssl_vpn_policy_202203102312:Common:0a75242f: New session from client IP 223.167.224.243 (ST=Shanghai/CC=CN/C=AS) at VIP 109.101.115.10 Listener /Common/default_ssl_vpn_policy_202203102312_vs (Reputation=Unknown)
Mar 15 09:03:32 apm.f5.local err tmm3[18812]: 01490514:3: (null):Common:00000000: Access encountered error: ERR_INPROGRESS. File: ../modules/hudfilter/access/access.c, Function: access_process_state_client_enforce_session, Line: 9027
Mar 15 09:03:32 apm.f5.local err tmm3[18812]: 01490514:3: (null):Common:00000000: Access encountered error: ERR_INPROGRESS. File: ../modules/hudfilter/access/access.c, Function: hud_access_handler, Line: 3987
Mar 15 09:03:37 apm.f5.local notice tmm2[18812]: 01490549:5: /Common/default_ssl_vpn_policy_202203102312:Common:3f3669b8: Assigned PPP Dynamic IPv4: 109.101.115.109 ID: 60a4bdac Tunnel Type: VPN_TUNNELTYPE_TLS NA Resource: /Common/default_ssl_vpn_policy_202203102312_na_res Client IP: 180.168.59.170 
Mar 15 09:03:37 apm.f5.local notice tmm2[18812]: 01490505:5: /Common/default_ssl_vpn_policy_202203102312:Common:3f3669b8: PPP tunnel 0x5600dc4db300 (ID: 60a4bdac) started.
Mar 15 09:03:59 apm.f5.local notice tmm3[18812]: 01490549:5: /Common/default_ssl_vpn_policy_202203102312:Common:b0236a04: Assigned PPP Dynamic IPv4: 109.101.115.114 ID: b25ff564 Tunnel Type: VPN_TUNNELTYPE_TLS NA Resource: /Common/default_ssl_vpn_policy_202203102312_na_res Client IP: 120.229.40.135 
Mar 15 09:03:59 apm.f5.local notice tmm3[18812]: 01490505:5: /Common/default_ssl_vpn_policy_202203102312:Common:b0236a04: PPP tunnel 0x5601480c0b00 (ID: b25ff564) started.
Mar 15 09:04:05 apm.f5.local notice apmd[13338]: 014902f7:5: /Common/default_ssl_vpn_policy_202203102312:Common:0a75242f:/Common/default_ssl_vpn_policy_202203102312_act_av_software_check_ag: endpoint software detected (sdk=4.3.1453.0,type=av,id=535,vendor_id=388,version=9.0.69.1,state=0,name=AhnLab V3 Internet Security,vendor_name=AhnLab, Inc.,db_signature=1372,db_version=,db_time=1647104400,last_scan=0,engine_version=2022.03.13.01,missing_updates=).
Mar 15 09:04:05 apm.f5.local notice apmd[13338]: 014902f7:5: /Common/default_ssl_vpn_policy_202203102312:Common:0a75242f:/Common/default_ssl_vpn_policy_202203102312_act_av_software_check_ag: endpoint software detected (sdk=4.3.1453.0,type=av,id=362,vendor_id=90,version=4.18.2201.10,state=,name=Windows Defender,vendor_name=Microsoft Corporation,db_signature=477,db_version=1.359.1761.0,db_time=1646968816,last_scan=0,engine_version=1.1.18900.3,missing_updates=).
Mar 15 09:04:11 apm.f5.local notice apmd[13338]: 01490010:5: /Common/default_ssl_vpn_policy_202203102312:Common:0a75242f: Username 'erick_wzy@163.com'
Mar 15 09:04:21 apm.f5.local notice apmd[13338]: 01490008:5: /Common/default_ssl_vpn_policy_202203102312:Common:8a9d42e8: Connectivity resource '/Common/default_ssl_vpn_policy_202203102312_na_res' assigned
Mar 15 09:04:21 apm.f5.local notice apmd[13338]: 01490128:5: /Common/default_ssl_vpn_policy_202203102312:Common:8a9d42e8: Webtop '/Common/default_ssl_vpn_policy_202203102312_webtop' assigned
Mar 15 09:04:21 apm.f5.local notice apmd[13338]: 01490005:5: /Common/default_ssl_vpn_policy_202203102312:Common:8a9d42e8: Following rule 'fallback' from item 'Advanced Resource Assign' to ending 'Allow'
Mar 15 09:04:21 apm.f5.local notice apmd[13338]: 01490102:5: /Common/default_ssl_vpn_policy_202203102312:Common:8a9d42e8: Access policy result: Network_Access
Mar 15 09:04:21 apm.f5.local notice apmd[13338]: 01490248:5: /Common/default_ssl_vpn_policy_202203102312:Common:8a9d42e8: Received client info - Hostname: LIUQIAN Type: IE Version: 11 Platform: Win10 CPU: WOW64 UI Mode: Full Javascript Support: 1 ActiveX Support: 1 Plugin Support: 0
Mar 15 09:04:24 apm.f5.local err tmm2[18812]: 01490514:3: (null):Common:00000000: Access encountered error: ERR_INPROGRESS. File: ../modules/hudfilter/access/access.c, Function: access_process_state_client_enforce_acl, Line: 13545
Mar 15 09:04:24 apm.f5.local err tmm2[18812]: 01490514:3: (null):Common:00000000: Access encountered error: ERR_INPROGRESS. File: ../modules/hudfilter/access/access.c, Function: hud_access_handler, Line: 3882
Mar 15 09:04:24 apm.f5.local notice apmd[13338]: 01490008:5: /Common/default_ssl_vpn_policy_202203102312:Common:0a75242f: Connectivity resource '/Common/default_ssl_vpn_policy_202203102312_na_res' assigned
Mar 15 09:04:24 apm.f5.local notice apmd[13338]: 01490128:5: /Common/default_ssl_vpn_policy_202203102312:Common:0a75242f: Webtop '/Common/default_ssl_vpn_policy_202203102312_webtop' assigned
Mar 15 09:04:24 apm.f5.local notice apmd[13338]: 01490005:5: /Common/default_ssl_vpn_policy_202203102312:Common:0a75242f: Following rule 'fallback' from item 'Advanced Resource Assign' to ending 'Allow'
Mar 15 09:04:24 apm.f5.local notice apmd[13338]: 01490102:5: /Common/default_ssl_vpn_policy_202203102312:Common:0a75242f: Access policy result: Network_Access
Mar 15 09:04:24 apm.f5.local notice apmd[13338]: 01490248:5: /Common/default_ssl_vpn_policy_202203102312:Common:0a75242f: Received client info - Hostname: DESKTOP-605VJ61 Type: IE Version: 11 Platform: Win10 CPU: WOW64 UI Mode: Full Javascript Support: 1 ActiveX Support: 1 Plugin Support: 0
Mar 15 09:04:27 apm.f5.local err tmm2[18812]: 01490514:3: (null):Common:00000000: Access encountered error: ERR_INPROGRESS. File: ../modules/hudfilter/access/access.c, Function: access_process_state_client_enforce_session, Line: 9027
Mar 15 09:04:27 apm.f5.local err tmm2[18812]: 01490514:3: (null):Common:00000000: Access encountered error: ERR_INPROGRESS. File: ../modules/hudfilter/access/access.c, Function: hud_access_handler, Line: 3987
Mar 15 09:04:33 apm.f5.local err tmm[18812]: 01490514:3: (null):Common:00000000: Access encountered error: ERR_INPROGRESS. File: ../modules/hudfilter/access/access.c, Function: access_process_state_client_enforce_acl, Line: 13545
Mar 15 09:04:33 apm.f5.local err tmm[18812]: 01490514:3: (null):Common:00000000: Access encountered error: ERR_INPROGRESS. File: ../modules/hudfilter/access/access.c, Function: hud_access_handler, Line: 3882
Mar 15 09:04:35 apm.f5.local err tmm2[18812]: 01490514:3: (null):Common:00000000: Access encountered error: ERR_INPROGRESS. File: ../modules/hudfilter/access/access.c, Function: access_process_state_client_enforce_session, Line: 9027
Mar 15 09:04:35 apm.f5.local err tmm2[18812]: 01490514:3: (null):Common:00000000: Access encountered error: ERR_INPROGRESS. File: ../modules/hudfilter/access/access.c, Function: hud_access_handler, Line: 3987
Mar 15 09:04:37 apm.f5.local notice tmm2[18812]: 01490549:5: /Common/default_ssl_vpn_policy_202203102312:Common:8a9d42e8: Assigned PPP Dynamic IPv4: 109.101.115.125 ID: 2a6bfaa4 Tunnel Type: VPN_TUNNELTYPE_TLS NA Resource: /Common/default_ssl_vpn_policy_202203102312_na_res Client IP: 39.144.103.18 
Mar 15 09:04:37 apm.f5.local notice tmm2[18812]: 01490505:5: /Common/default_ssl_vpn_policy_202203102312:Common:8a9d42e8: PPP tunnel 0x5600dc509a00 (ID: 2a6bfaa4) started.
Mar 15 09:04:44 apm.f5.local notice tmm3[18812]: 01490549:5: /Common/default_ssl_vpn_policy_202203102312:Common:0a75242f: Assigned PPP Dynamic IPv4: 109.101.115.117 ID: 10e177c0 Tunnel Type: VPN_TUNNELTYPE_TLS NA Resource: /Common/default_ssl_vpn_policy_202203102312_na_res Client IP: 223.167.224.243 
Mar 15 09:04:44 apm.f5.local notice tmm3[18812]: 01490505:5: /Common/default_ssl_vpn_policy_202203102312:Common:0a75242f: PPP tunnel 0x56014810a900 (ID: 10e177c0) started.
Mar 15 09:04:52 apm.f5.local notice tmm3[18812]: 01490505:5: /Common/default_ssl_vpn_policy_202203102312:Common:69a6b582: PPP tunnel 0x5601480f8a00 (ID: c99f8a00) closed.
Mar 15 09:05:08 apm.f5.local err tmm3[18812]: 01490514:3: (null):Common:00000000: Access encountered error: ERR_INPROGRESS. File: ../modules/hudfilter/access/access.c, Function: access_process_state_client_enforce_acl, Line: 13545
Mar 15 09:05:08 apm.f5.local err tmm3[18812]: 01490514:3: (null):Common:00000000: Access encountered error: ERR_INPROGRESS. File: ../modules/hudfilter/access/access.c, Function: hud_access_handler, Line: 3882
Mar 15 09:05:10 apm.f5.local err tmm3[18812]: 01490514:3: (null):Common:00000000: Access encountered error: ERR_INPROGRESS. File: ../modules/hudfilter/access/access.c, Function: access_process_state_client_enforce_session, Line: 9027
Mar 15 09:05:10 apm.f5.local err tmm3[18812]: 01490514:3: (null):Common:00000000: Access encountered error: ERR_INPROGRESS. File: ../modules/hudfilter/access/access.c, Function: hud_access_handler, Line: 3987
Mar 15 09:05:26 apm.f5.local err tmm1[18812]: 01490514:3: (null):Common:00000000: Access encountered error: ERR_INPROGRESS. File: ../modules/hudfilter/access/access.c, Function: access_process_state_client_enforce_acl, Line: 13545
Mar 15 09:05:26 apm.f5.local err tmm1[18812]: 01490514:3: (null):Common:00000000: Access encountered error: ERR_INPROGRESS. File: ../modules/hudfilter/access/access.c, Function: hud_access_handler, Line: 3882
Mar 15 09:05:29 apm.f5.local err tmm1[18812]: 01490514:3: (null):Common:00000000: Access encountered error: ERR_INPROGRESS. File: ../modules/hudfilter/access/access.c, Function: access_process_state_client_enforce_session, Line: 9027
Mar 15 09:05:29 apm.f5.local err tmm1[18812]: 01490514:3: (null):Common:00000000: Access encountered error: ERR_INPROGRESS. File: ../modules/hudfilter/access/access.c, Function: hud_access_handler, Line: 3987
Mar 15 09:05:35 apm.f5.local notice tmm[18812]: 01490567:5: /Common/default_ssl_vpn_policy_202203102312:Common:fade4432: Session deleted (out_of_compliance; code - 24577).
Mar 15 09:05:56 apm.f5.local notice tmm2[18812]: 01490506:5: /Common/default_ssl_vpn_policy_202203102312:Common:39dc411b: Received User-Agent header: Mozilla%2F4.0%20(compatible%3B%20MSIE%207.0%3B%20Windows%20NT%2010.0%3B%20WOW64%3B%20Trident%2F7.0%3B%20.NET4.0C%3B%20.NET4.0E%3B%20.NET%20CLR%202.0.50727%3B%20.NET%20CLR%203.0.30729%3B%20.NET%20CLR%203.5.30729).
Mar 15 09:05:56 apm.f5.local notice tmm2[18812]: 01490500:5: /Common/default_ssl_vpn_policy_202203102312:Common:39dc411b: New session from client IP 223.104.5.217 (ST=Shanghai/CC=CN/C=AS) at VIP 109.101.115.10 Listener /Common/default_ssl_vpn_policy_202203102312_vs (Reputation=Unknown)
Mar 15 09:06:06 apm.f5.local notice tmm3[18812]: 01490505:5: /Common/default_ssl_vpn_policy_202203102312:Common:fade4432: PPP tunnel 0x5601480e0100 (ID: abb44dfe) closed.
Mar 15 09:06:16 apm.f5.local notice tmm[18812]: 01490521:5: /Common/default_ssl_vpn_policy_202203102312:Common:fade4432: Session statistics - bytes in: 3745446, bytes out: 21622110
Mar 15 09:06:32 apm.f5.local notice tmm2[18812]: 01490506:5: /Common/default_ssl_vpn_policy_202203102312:Common:c08d6c91: Received User-Agent header: Mozilla%2F5.0%20(Windows%20NT%2010.0%3B%20WOW64%3B%20Trident%2F7.0%3B%20rv%3A11.0)%20like%20Gecko.
Mar 15 09:06:32 apm.f5.local notice tmm2[18812]: 01490500:5: /Common/default_ssl_vpn_policy_202203102312:Common:c08d6c91: New session from client IP 117.143.153.115 (ST=Shanghai/CC=CN/C=AS) at VIP 109.101.115.10 Listener /Common/default_ssl_vpn_policy_202203102312_vs (Reputation=Unknown)
Mar 15 09:06:47 apm.f5.local notice apmd[13338]: 014902f7:5: /Common/default_ssl_vpn_policy_202203102312:Common:c08d6c91:/Common/default_ssl_vpn_policy_202203102312_act_av_software_check_ag: endpoint software detected (sdk=4.3.1453.0,type=av,id=535,vendor_id=388,version=9.0.69.1,state=0,name=AhnLab V3 Internet Security,vendor_name=AhnLab, Inc.,db_signature=1372,db_version=,db_time=1646938800,last_scan=0,engine_version=2022.03.11.03,missing_updates=).
Mar 15 09:06:47 apm.f5.local notice apmd[13338]: 014902f7:5: /Common/default_ssl_vpn_policy_202203102312:Common:c08d6c91:/Common/default_ssl_vpn_policy_202203102312_act_av_software_check_ag: endpoint software detected (sdk=4.3.1453.0,type=av,id=362,vendor_id=90,version=4.18.2201.10,state=,name=Windows Defender,vendor_name=Microsoft Corporation,db_signature=477,db_version=1.359.1714.0,db_time=1646905832,last_scan=0,engine_version=1.1.18900.3,missing_updates=).
Mar 15 09:07:00 apm.f5.local notice apmd[13338]: 01490010:5: /Common/default_ssl_vpn_policy_202203102312:Common:c08d6c91: Username 'jiachunfang1230@126.com'
Mar 15 09:07:22 apm.f5.local notice apmd[13338]: 01490008:5: /Common/default_ssl_vpn_policy_202203102312:Common:c08d6c91: Connectivity resource '/Common/default_ssl_vpn_policy_202203102312_na_res' assigned
Mar 15 09:07:22 apm.f5.local notice apmd[13338]: 01490128:5: /Common/default_ssl_vpn_policy_202203102312:Common:c08d6c91: Webtop '/Common/default_ssl_vpn_policy_202203102312_webtop' assigned
Mar 15 09:07:22 apm.f5.local notice apmd[13338]: 01490005:5: /Common/default_ssl_vpn_policy_202203102312:Common:c08d6c91: Following rule 'fallback' from item 'Advanced Resource Assign' to ending 'Allow'
Mar 15 09:07:22 apm.f5.local notice apmd[13338]: 01490102:5: /Common/default_ssl_vpn_policy_202203102312:Common:c08d6c91: Access policy result: Network_Access
Mar 15 09:07:22 apm.f5.local notice apmd[13338]: 01490248:5: /Common/default_ssl_vpn_policy_202203102312:Common:c08d6c91: Received client info - Hostname: DESKTOP-HJVDO6K Type: IE Version: 11 Platform: Win10 CPU: WOW64 UI Mode: Full Javascript Support: 1 ActiveX Support: 1 Plugin Support: 0
Mar 15 09:07:28 apm.f5.local notice apmd[13338]: 014902f7:5: /Common/default_ssl_vpn_policy_202203102312:Common:39dc411b:/Common/default_ssl_vpn_policy_202203102312_act_av_software_check_ag: endpoint software detected (sdk=4.3.1453.0,type=av,id=535,vendor_id=388,version=9.0.69.1,state=0,name=AhnLab V3 Internet Security,vendor_name=AhnLab, Inc.,db_signature=1372,db_version=,db_time=1646931600,last_scan=0,engine_version=2022.03.11.01,missing_updates=).
Mar 15 09:07:28 apm.f5.local notice apmd[13338]: 014902f7:5: /Common/default_ssl_vpn_policy_202203102312:Common:39dc411b:/Common/default_ssl_vpn_policy_202203102312_act_av_software_check_ag: endpoint software detected (sdk=4.3.1453.0,type=av,id=362,vendor_id=90,version=4.18.2202.2,state=,name=Windows Defender,vendor_name=Microsoft Corporation,db_signature=477,db_version=1.359.1714.0,db_time=1646905832,last_scan=0,engine_version=1.1.19000.8,missing_updates=).
Mar 15 09:08:14 apm.f5.local notice tmm1[18812]: 01490505:5: /Common/default_ssl_vpn_policy_202203102312:Common:5d9c04f9: PPP tunnel 0x5600708cf200 (ID: f6267265) closed.
Mar 15 09:08:15 apm.f5.local notice tmm2[18812]: 01490549:5: /Common/default_ssl_vpn_policy_202203102312:Common:5d9c04f9: Assigned PPP Dynamic IPv4: 109.101.115.204 ID: 0830aeca Tunnel Type: VPN_TUNNELTYPE_TLS NA Resource: /Common/default_ssl_vpn_policy_202203102312_na_res Client IP: 120.204.103.134 - Reconnect
Mar 15 09:08:15 apm.f5.local notice tmm2[18812]: 01490505:5: /Common/default_ssl_vpn_policy_202203102312:Common:5d9c04f9: PPP tunnel 0x5600dc4e6300 (ID: 0830aeca) started.
Mar 15 09:08:25 apm.f5.local notice tmm2[18812]: 01490505:5: /Common/default_ssl_vpn_policy_202203102312:Common:5d9c04f9: PPP tunnel 0x5600dc4e6300 (ID: 0830aeca) closed.
Mar 15 09:08:25 apm.f5.local notice tmm[18812]: 01490549:5: /Common/default_ssl_vpn_policy_202203102312:Common:5d9c04f9: Assigned PPP Dynamic IPv4: 109.101.115.204 ID: adff4c4e Tunnel Type: VPN_TUNNELTYPE_TLS NA Resource: /Common/default_ssl_vpn_policy_202203102312_na_res Client IP: 120.204.103.134 - Reconnect
Mar 15 09:08:25 apm.f5.local notice tmm[18812]: 01490505:5: /Common/default_ssl_vpn_policy_202203102312:Common:5d9c04f9: PPP tunnel 0x560001750000 (ID: adff4c4e) started.
Mar 15 09:08:42 apm.f5.local notice tmm2[18812]: 01490505:5: /Common/default_ssl_vpn_policy_202203102312:Common:3416014d: PPP tunnel 0x5600dc4ec100 (ID: 179ffab2) closed.
Mar 15 09:09:53 apm.f5.local notice tmm3[18812]: 01490502:5: /Common/default_ssl_vpn_policy_202203102312:Common:bbc2457f: Session deleted due to user inactivity.
Mar 15 09:09:55 apm.f5.local notice apmd[13338]: 01490010:5: /Common/default_ssl_vpn_policy_202203102312:Common:39dc411b: Username 'txj924@126.com'
Mar 15 09:10:14 apm.f5.local notice apmd[13338]: 01490008:5: /Common/default_ssl_vpn_policy_202203102312:Common:39dc411b: Connectivity resource '/Common/default_ssl_vpn_policy_202203102312_na_res' assigned
Mar 15 09:10:14 apm.f5.local notice apmd[13338]: 01490128:5: /Common/default_ssl_vpn_policy_202203102312:Common:39dc411b: Webtop '/Common/default_ssl_vpn_policy_202203102312_webtop' assigned
Mar 15 09:10:14 apm.f5.local notice apmd[13338]: 01490005:5: /Common/default_ssl_vpn_policy_202203102312:Common:39dc411b: Following rule 'fallback' from item 'Advanced Resource Assign' to ending 'Allow'
Mar 15 09:10:14 apm.f5.local notice apmd[13338]: 01490102:5: /Common/default_ssl_vpn_policy_202203102312:Common:39dc411b: Access policy result: Network_Access
Mar 15 09:10:14 apm.f5.local notice apmd[13338]: 01490248:5: /Common/default_ssl_vpn_policy_202203102312:Common:39dc411b: Received client info - Hostname: DESKTOP-V3TCE2U Type: IE Version: 11 Platform: Win10 CPU: WOW64 UI Mode: Full Javascript Support: 1 ActiveX Support: 1 Plugin Support: 0
Mar 15 09:10:28 apm.f5.local notice tmm3[18812]: 01490521:5: /Common/default_ssl_vpn_policy_202203102312:Common:bbc2457f: Session statistics - bytes in: 217790, bytes out: 4734875
Mar 15 09:10:28 apm.f5.local err tmm2[18812]: 01490514:3: (null):Common:00000000: Access encountered error: ERR_INPROGRESS. File: ../modules/hudfilter/access/access.c, Function: access_process_state_client_enforce_acl, Line: 13545
Mar 15 09:10:34 apm.f5.local err tmm1[18812]: 01490514:3: (null):Common:00000000: Access encountered error: ERR_INPROGRESS. File: ../modules/hudfilter/access/access.c, Function: access_process_state_client_enforce_session, Line: 9027
Mar 15 09:10:34 apm.f5.local err tmm1[18812]: 01490514:3: (null):Common:00000000: Access encountered error: ERR_INPROGRESS. File: ../modules/hudfilter/access/access.c, Function: hud_access_handler, Line: 3987
Mar 15 09:10:49 apm.f5.local notice tmm1[18812]: 01490506:5: /Common/default_ssl_vpn_policy_202203102312:Common:59b3db4e: Received User-Agent header: Mozilla%2F5.0%20(Windows%20NT%2010.0%3B%20WOW64%3B%20Trident%2F7.0%3B%20rv%3A11.0)%20like%20Gecko.
Mar 15 09:10:49 apm.f5.local notice tmm1[18812]: 01490500:5: /Common/default_ssl_vpn_policy_202203102312:Common:59b3db4e: New session from client IP 61.152.208.215 (ST=Shanghai/CC=CN/C=AS) at VIP 109.101.115.10 Listener /Common/default_ssl_vpn_policy_202203102312_vs (Reputation=Unknown)
Mar 15 09:10:50 apm.f5.local notice tmm1[18812]: 01490549:5: /Common/default_ssl_vpn_policy_202203102312:Common:39dc411b: Assigned PPP Dynamic IPv4: 109.101.115.127 ID: 2a27cd69 Tunnel Type: VPN_TUNNELTYPE_TLS NA Resource: /Common/default_ssl_vpn_policy_202203102312_na_res Client IP: 223.104.5.217 
Mar 15 09:10:50 apm.f5.local notice tmm1[18812]: 01490505:5: /Common/default_ssl_vpn_policy_202203102312:Common:39dc411b: PPP tunnel 0x5600708c2f00 (ID: 2a27cd69) started.
Mar 15 09:10:55 apm.f5.local err tmm1[18812]: 01490514:3: (null):Common:00000000: Access encountered error: ERR_INPROGRESS. File: ../modules/hudfilter/access/access.c, Function: access_process_state_client_enforce_acl, Line: 13545
Mar 15 09:10:55 apm.f5.local err tmm1[18812]: 01490514:3: (null):Common:00000000: Access encountered error: ERR_INPROGRESS. File: ../modules/hudfilter/access/access.c, Function: hud_access_handler, Line: 3882
Mar 15 09:10:57 apm.f5.local err tmm2[18812]: 01490514:3: (null):Common:00000000: Access encountered error: ERR_INPROGRESS. File: ../modules/hudfilter/access/access.c, Function: access_process_state_client_enforce_session, Line: 9027
Mar 15 09:10:57 apm.f5.local err tmm2[18812]: 01490514:3: (null):Common:00000000: Access encountered error: ERR_INPROGRESS. File: ../modules/hudfilter/access/access.c, Function: hud_access_handler, Line: 3987
Mar 15 09:11:14 apm.f5.local notice tmm[18812]: 01490549:5: /Common/default_ssl_vpn_policy_202203102312:Common:a3dd2990: Assigned PPP Dynamic IPv4: 109.101.115.219 ID: f9fd1282 Tunnel Type: VPN_TUNNELTYPE_TLS NA Resource: /Common/default_ssl_vpn_policy_202203102312_na_res Client IP: 183.193.147.214 - Reconnect
Mar 15 09:11:14 apm.f5.local notice tmm[18812]: 01490505:5: /Common/default_ssl_vpn_policy_202203102312:Common:a3dd2990: PPP tunnel 0x56000175d500 (ID: f9fd1282) started.
Mar 15 09:11:15 apm.f5.local notice tmm2[18812]: 01490505:5: /Common/default_ssl_vpn_policy_202203102312:Common:a3dd2990: PPP tunnel 0x5600dc4d3900 (ID: f62711d9) closed.
Mar 15 09:11:24 apm.f5.local notice apmd[13338]: 014902f7:5: /Common/default_ssl_vpn_policy_202203102312:Common:59b3db4e:/Common/default_ssl_vpn_policy_202203102312_act_av_software_check_ag: endpoint software detected (sdk=4.3.1453.0,type=av,id=535,vendor_id=388,version=9.0.69.1,state=1,name=AhnLab V3 Internet Security,vendor_name=AhnLab, Inc.,db_signature=1372,db_version=,db_time=1647111600,last_scan=1647306631,engine_version=2022.03.13.03,missing_updates=).
Mar 15 09:11:24 apm.f5.local notice apmd[13338]: 014902f7:5: /Common/default_ssl_vpn_policy_202203102312:Common:59b3db4e:/Common/default_ssl_vpn_policy_202203102312_act_av_software_check_ag: endpoint software detected (sdk=4.3.1453.0,type=av,id=362,vendor_id=90,version=4.18.1807.18075,state=,name=Windows Defender,vendor_name=Microsoft Corporation,db_signature=477,db_version=,db_time=0,last_scan=0,engine_version=,missing_updates=).
Mar 15 09:11:24 apm.f5.local notice tmm3[18812]: 01490567:5: /Common/default_ssl_vpn_policy_202203102312:Common:a3dd2990: Session deleted (out_of_compliance; code - 24577).
Mar 15 09:11:24 apm.f5.local notice tmm[18812]: 01490505:5: /Common/default_ssl_vpn_policy_202203102312:Common:a3dd2990: PPP tunnel 0x56000175d500 (ID: f9fd1282) closed.
Mar 15 09:11:45 apm.f5.local err tmm2[18812]: 01490514:3: (null):Common:00000000: Access encountered error: ERR_INPROGRESS. File: ../modules/hudfilter/access/access.c, Function: access_process_state_client_enforce_acl, Line: 13545
Mar 15 09:11:55 apm.f5.local err tmm3[18812]: 01490514:3: (null):Common:00000000: Access encountered error: ERR_INPROGRESS. File: ../modules/hudfilter/access/access.c, Function: access_process_state_client_enforce_session, Line: 9027
Mar 15 09:11:55 apm.f5.local err tmm3[18812]: 01490514:3: (null):Common:00000000: Access encountered error: ERR_INPROGRESS. File: ../modules/hudfilter/access/access.c, Function: hud_access_handler, Line: 3987
Mar 15 09:12:05 apm.f5.local notice tmm3[18812]: 01490521:5: /Common/default_ssl_vpn_policy_202203102312:Common:a3dd2990: Session statistics - bytes in: 2129333, bytes out: 3823779
Mar 15 09:12:35 apm.f5.local notice tmm2[18812]: 01490506:5: /Common/default_ssl_vpn_policy_202203102312:Common:7251e6c8: Received User-Agent header: Mozilla%2F5.0%20(Windows%20NT%2010.0%3B%20WOW64%3B%20Trident%2F7.0%3B%20rv%3A11.0)%20like%20Gecko.
Mar 15 09:12:35 apm.f5.local notice tmm2[18812]: 01490500:5: /Common/default_ssl_vpn_policy_202203102312:Common:7251e6c8: New session from client IP 117.143.153.115 (ST=Shanghai/CC=CN/C=AS) at VIP 109.101.115.10 Listener /Common/default_ssl_vpn_policy_202203102312_vs (Reputation=Unknown)
Mar 15 09:12:42 apm.f5.local notice tmm2[18812]: 01490502:5: /Common/default_ssl_vpn_policy_202203102312:Common:3416014d: Session deleted due to user inactivity.
Mar 15 09:12:47 apm.f5.local notice apmd[13338]: 014902f7:5: /Common/default_ssl_vpn_policy_202203102312:Common:7251e6c8:/Common/default_ssl_vpn_policy_202203102312_act_av_software_check_ag: endpoint software detected (sdk=4.3.1453.0,type=av,id=535,vendor_id=388,version=9.0.69.1,state=0,name=AhnLab V3 Internet Security,vendor_name=AhnLab, Inc.,db_signature=1372,db_version=,db_time=1646938800,last_scan=0,engine_version=2022.03.11.03,missing_updates=).
Mar 15 09:12:47 apm.f5.local notice apmd[13338]: 014902f7:5: /Common/default_ssl_vpn_policy_202203102312:Common:7251e6c8:/Common/default_ssl_vpn_policy_202203102312_act_av_software_check_ag: endpoint software detected (sdk=4.3.1453.0,type=av,id=362,vendor_id=90,version=4.18.2201.10,state=,name=Windows Defender,vendor_name=Microsoft Corporation,db_signature=477,db_version=1.359.1714.0,db_time=1646905832,last_scan=0,engine_version=1.1.18900.3,missing_updates=).
Mar 15 09:12:56 apm.f5.local notice apmd[13338]: 01490010:5: /Common/default_ssl_vpn_policy_202203102312:Common:7251e6c8: Username 'jiachunfang1230@126.com'
Mar 15 09:13:06 apm.f5.local notice apmd[13338]: 01490008:5: /Common/default_ssl_vpn_policy_202203102312:Common:7251e6c8: Connectivity resource '/Common/default_ssl_vpn_policy_202203102312_na_res' assigned
Mar 15 09:13:06 apm.f5.local notice apmd[13338]: 01490128:5: /Common/default_ssl_vpn_policy_202203102312:Common:7251e6c8: Webtop '/Common/default_ssl_vpn_policy_202203102312_webtop' assigned
Mar 15 09:13:06 apm.f5.local notice apmd[13338]: 01490005:5: /Common/default_ssl_vpn_policy_202203102312:Common:7251e6c8: Following rule 'fallback' from item 'Advanced Resource Assign' to ending 'Allow'
Mar 15 09:13:06 apm.f5.local notice apmd[13338]: 01490102:5: /Common/default_ssl_vpn_policy_202203102312:Common:7251e6c8: Access policy result: Network_Access
Mar 15 09:13:06 apm.f5.local notice apmd[13338]: 01490248:5: /Common/default_ssl_vpn_policy_202203102312:Common:7251e6c8: Received client info - Hostname: DESKTOP-HJVDO6K Type: IE Version: 11 Platform: Win10 CPU: WOW64 UI Mode: Full Javascript Support: 1 ActiveX Support: 1 Plugin Support: 0
Mar 15 09:13:09 apm.f5.local err tmm1[18812]: 01490514:3: (null):Common:00000000: Access encountered error: ERR_INPROGRESS. File: ../modules/hudfilter/access/access.c, Function: access_process_state_client_enforce_acl, Line: 13545
Mar 15 09:13:09 apm.f5.local err tmm1[18812]: 01490514:3: (null):Common:00000000: Access encountered error: ERR_INPROGRESS. File: ../modules/hudfilter/access/access.c, Function: hud_access_handler, Line: 3882
Mar 15 09:13:12 apm.f5.local err tmm1[18812]: 01490514:3: (null):Common:00000000: Access encountered error: ERR_INPROGRESS. File: ../modules/hudfilter/access/access.c, Function: access_process_state_client_enforce_session, Line: 9027
Mar 15 09:13:12 apm.f5.local err tmm1[18812]: 01490514:3: (null):Common:00000000: Access encountered error: ERR_INPROGRESS. File: ../modules/hudfilter/access/access.c, Function: hud_access_handler, Line: 3987
Mar 15 09:13:16 apm.f5.local notice tmm2[18812]: 01490521:5: /Common/default_ssl_vpn_policy_202203102312:Common:3416014d: Session statistics - bytes in: 3027255, bytes out: 5588147
Mar 15 09:13:24 apm.f5.local err tmm3[18812]: 01490514:3: (null):Common:00000000: Access encountered error: ERR_INPROGRESS. File: ../modules/hudfilter/access/access.c, Function: access_process_state_client_enforce_acl, Line: 13545
Mar 15 09:13:24 apm.f5.local err tmm3[18812]: 01490514:3: (null):Common:00000000: Access encountered error: ERR_INPROGRESS. File: ../modules/hudfilter/access/access.c, Function: hud_access_handler, Line: 3882
Mar 15 09:13:29 apm.f5.local notice tmm2[18812]: 01490549:5: /Common/default_ssl_vpn_policy_202203102312:Common:7251e6c8: Assigned PPP Dynamic IPv4: 109.101.115.132 ID: f8b6ec51 Tunnel Type: VPN_TUNNELTYPE_TLS NA Resource: /Common/default_ssl_vpn_policy_202203102312_na_res Client IP: 117.143.153.115 
Mar 15 09:13:29 apm.f5.local notice tmm2[18812]: 01490505:5: /Common/default_ssl_vpn_policy_202203102312:Common:7251e6c8: PPP tunnel 0x5600dc4f0a00 (ID: f8b6ec51) started.
