Mar 16 05:59:58 apm.f5.local err tmm[18812]: 01490514:3: (null):Common:00000000: Access encountered error: ERR_INPROGRESS. File: ../modules/hudfilter/access/access.c, Function: access_process_state_client_enforce_session, Line: 9027
Mar 16 05:59:58 apm.f5.local err tmm[18812]: 01490514:3: (null):Common:00000000: Access encountered error: ERR_INPROGRESS. File: ../modules/hudfilter/access/access.c, Function: hud_access_handler, Line: 3987
Mar 16 06:00:12 apm.f5.local notice tmm2[18812]: 01490549:5: /Common/default_ssl_vpn_policy_202203102312:Common:6292c01e: Assigned PPP Dynamic IPv4: 109.101.115.191 ID: b29c3129 Tunnel Type: VPN_TUNNELTYPE_TLS NA Resource: /Common/default_ssl_vpn_policy_202203102312_na_res Client IP: 114.84.76.87 
Mar 16 06:00:12 apm.f5.local notice tmm2[18812]: 01490505:5: /Common/default_ssl_vpn_policy_202203102312:Common:6292c01e: PPP tunnel 0x5600dc4d7000 (ID: b29c3129) started.
Mar 16 06:06:00 apm.f5.local notice tmm1[18812]: 01490567:5: /Common/default_ssl_vpn_policy_202203102312:Common:6292c01e: Session deleted (out_of_compliance; code - 24577).
Mar 16 06:06:00 apm.f5.local notice tmm2[18812]: 01490505:5: /Common/default_ssl_vpn_policy_202203102312:Common:6292c01e: PPP tunnel 0x5600dc4d7000 (ID: b29c3129) closed.
Mar 16 06:06:40 apm.f5.local notice tmm1[18812]: 01490521:5: /Common/default_ssl_vpn_policy_202203102312:Common:6292c01e: Session statistics - bytes in: 1639712, bytes out: 8917071
Mar 16 06:07:16 apm.f5.local notice tmm[18812]: 01490502:5: /Common/default_ssl_vpn_policy_202203102312:Common:e1ca3c5d: Session deleted due to user inactivity.
Mar 16 06:07:51 apm.f5.local notice tmm[18812]: 01490506:5: /Common/default_ssl_vpn_policy_202203102312:Common:1d427d1d: Received User-Agent header: Mozilla%2F5.0%20(Windows%20NT%2010.0%3B%20WOW64%3B%20Trident%2F7.0%3B%20rv%3A11.0)%20like%20Gecko.
Mar 16 06:07:51 apm.f5.local notice tmm[18812]: 01490500:5: /Common/default_ssl_vpn_policy_202203102312:Common:1d427d1d: New session from client IP 114.84.76.87 (ST=Shanghai/CC=CN/C=AS) at VIP 109.101.115.10 Listener /Common/default_ssl_vpn_policy_202203102312_vs (Reputation=Unknown)
Mar 16 06:07:52 apm.f5.local notice tmm[18812]: 01490521:5: /Common/default_ssl_vpn_policy_202203102312:Common:e1ca3c5d: Session statistics - bytes in: 37875, bytes out: 13846
Mar 16 06:07:55 apm.f5.local notice tmm2[18812]: 01490506:5: /Common/default_ssl_vpn_policy_202203102312:Common:22fbfc1d: Received User-Agent header: Mozilla%2F5.0%20(Windows%20NT%2010.0%3B%20WOW64)%20AppleWebKit%2F537.36%20(KHTML%2C%20like%20Gecko)%20Chrome%2F66.0.3359.117%20Safari%2F537.36%20.
Mar 16 06:07:55 apm.f5.local notice tmm2[18812]: 01490500:5: /Common/default_ssl_vpn_policy_202203102312:Common:22fbfc1d: New session from client IP 185.180.143.12 (ST=Massachusetts/CC=US/C=NA) at VIP 109.101.115.10 Listener /Common/default_ssl_vpn_policy_202203102312_vs (Reputation=Unknown)
Mar 16 06:08:16 apm.f5.local notice tmm[18812]: 01490567:5: /Common/default_ssl_vpn_policy_202203102312:Common:1d427d1d: Session deleted (restarted).
Mar 16 06:08:16 apm.f5.local notice tmm[18812]: 01490506:5: /Common/default_ssl_vpn_policy_202203102312:Common:2d6c6db9: Received User-Agent header: Mozilla%2F5.0%20(Windows%20NT%2010.0%3B%20WOW64%3B%20Trident%2F7.0%3B%20rv%3A11.0)%20like%20Gecko.
Mar 16 06:08:16 apm.f5.local notice tmm[18812]: 01490500:5: /Common/default_ssl_vpn_policy_202203102312:Common:2d6c6db9: New session from client IP 114.84.76.87 (ST=Shanghai/CC=CN/C=AS) at VIP 109.101.115.10 Listener /Common/default_ssl_vpn_policy_202203102312_vs (Reputation=Unknown)
Mar 16 06:08:52 apm.f5.local notice tmm[18812]: 01490506:5: /Common/default_ssl_vpn_policy_202203102312:Common:c863f6e0: Received User-Agent header: Mozilla%2F5.0%20(Windows%20NT%2010.0%3B%20WOW64%3B%20Trident%2F7.0%3B%20rv%3A11.0)%20like%20Gecko.
Mar 16 06:08:52 apm.f5.local notice tmm[18812]: 01490500:5: /Common/default_ssl_vpn_policy_202203102312:Common:c863f6e0: New session from client IP 114.84.76.87 (ST=Shanghai/CC=CN/C=AS) at VIP 109.101.115.10 Listener /Common/default_ssl_vpn_policy_202203102312_vs (Reputation=Unknown)
Mar 16 06:08:54 apm.f5.local notice tmm[18812]: 01490521:5: /Common/default_ssl_vpn_policy_202203102312:Common:1d427d1d: Session statistics - bytes in: 8927, bytes out: 4039
Mar 16 06:10:02 apm.f5.local notice apmd[13338]: 014902f7:5: /Common/default_ssl_vpn_policy_202203102312:Common:c863f6e0:/Common/default_ssl_vpn_policy_202203102312_act_av_software_check_ag: endpoint software detected (sdk=4.3.1453.0,type=av,id=535,vendor_id=388,version=9.0.69.1,state=1,name=AhnLab V3 Internet Security,vendor_name=AhnLab, Inc.,db_signature=1372,db_version=,db_time=1647111600,last_scan=1647231051,engine_version=2022.03.13.03,missing_updates=).
Mar 16 06:10:02 apm.f5.local notice apmd[13338]: 014902f7:5: /Common/default_ssl_vpn_policy_202203102312:Common:c863f6e0:/Common/default_ssl_vpn_policy_202203102312_act_av_software_check_ag: endpoint software detected (sdk=4.3.1453.0,type=av,id=362,vendor_id=90,version=4.12.16299.15,state=,name=Windows Defender,vendor_name=Microsoft Corporation,db_signature=477,db_version=1.251.42.0,db_time=1503597800,last_scan=0,engine_version=1.1.14104.0,missing_updates=).
Mar 16 06:10:19 apm.f5.local notice apmd[13338]: 01490010:5: /Common/default_ssl_vpn_policy_202203102312:Common:c863f6e0: Username '364374778@qq.ocm'
Mar 16 06:10:19 apm.f5.local warning apmd[13338]: 01490212:4: /Common/default_ssl_vpn_policy_202203102312:Common:c863f6e0: LOCALDB agent: (logon attempt:0) authenticate with '364374778@qq.ocm' failed
Mar 16 06:10:40 apm.f5.local notice apmd[13338]: 01490010:5: /Common/default_ssl_vpn_policy_202203102312:Common:c863f6e0: Username '364374778@qq.com'
Mar 16 06:10:40 apm.f5.local notice apmd[13338]: 01490103:5: /Common/default_ssl_vpn_policy_202203102312:Common:c863f6e0: Retry Username '364374778@qq.com'
Mar 16 06:11:05 apm.f5.local notice apmd[13338]: 01490008:5: /Common/default_ssl_vpn_policy_202203102312:Common:c863f6e0: Connectivity resource '/Common/default_ssl_vpn_policy_202203102312_na_res' assigned
Mar 16 06:11:05 apm.f5.local notice apmd[13338]: 01490128:5: /Common/default_ssl_vpn_policy_202203102312:Common:c863f6e0: Webtop '/Common/default_ssl_vpn_policy_202203102312_webtop' assigned
Mar 16 06:11:05 apm.f5.local notice apmd[13338]: 01490005:5: /Common/default_ssl_vpn_policy_202203102312:Common:c863f6e0: Following rule 'fallback' from item 'Advanced Resource Assign' to ending 'Allow'
Mar 16 06:11:05 apm.f5.local notice apmd[13338]: 01490102:5: /Common/default_ssl_vpn_policy_202203102312:Common:c863f6e0: Access policy result: Network_Access
Mar 16 06:11:05 apm.f5.local notice apmd[13338]: 01490248:5: /Common/default_ssl_vpn_policy_202203102312:Common:c863f6e0: Received client info - Hostname: KEFU-29101 Type: IE Version: 11 Platform: Win10 CPU: WOW64 UI Mode: Full Javascript Support: 1 ActiveX Support: 1 Plugin Support: 0
Mar 16 06:14:59 apm.f5.local notice tmm3[18812]: 01490506:5: /Common/default_ssl_vpn_policy_202203102312:Common:87aedc3d: Received User-Agent header: Mozilla%2F5.0%20(Windows%20NT%2010.0%3B%20Win64%3B%20x64)%20AppleWebKit%2F537.36%20(KHTML%2C%20like%20Gecko)%20Chrome%2F99.0.4844.51%20Safari%2F537.36.
Mar 16 06:14:59 apm.f5.local notice tmm3[18812]: 01490500:5: /Common/default_ssl_vpn_policy_202203102312:Common:87aedc3d: New session from client IP 114.84.76.87 (ST=Shanghai/CC=CN/C=AS) at VIP 109.101.115.10 Listener /Common/default_ssl_vpn_policy_202203102312_vs (Reputation=Unknown)
Mar 16 06:16:32 apm.f5.local notice apmd[13338]: 014902f7:5: /Common/default_ssl_vpn_policy_202203102312:Common:87aedc3d:/Common/default_ssl_vpn_policy_202203102312_act_av_software_check_ag: endpoint software detected (sdk=4.3.1453.0,type=av,id=535,vendor_id=388,version=9.0.69.1,state=1,name=AhnLab V3 Internet Security,vendor_name=AhnLab, Inc.,db_signature=1372,db_version=,db_time=1647111600,last_scan=1647381969,engine_version=2022.03.13.03,missing_updates=).
Mar 16 06:16:32 apm.f5.local notice apmd[13338]: 014902f7:5: /Common/default_ssl_vpn_policy_202203102312:Common:87aedc3d:/Common/default_ssl_vpn_policy_202203102312_act_av_software_check_ag: endpoint software detected (sdk=4.3.1453.0,type=av,id=362,vendor_id=90,version=4.12.16299.15,state=,name=Windows Defender,vendor_name=Microsoft Corporation,db_signature=477,db_version=1.251.42.0,db_time=1503597800,last_scan=0,engine_version=1.1.14104.0,missing_updates=).
Mar 16 06:16:53 apm.f5.local notice apmd[13338]: 01490010:5: /Common/default_ssl_vpn_policy_202203102312:Common:87aedc3d: Username '364374778@qq.com'
Mar 16 06:17:10 apm.f5.local notice apmd[13338]: 01490008:5: /Common/default_ssl_vpn_policy_202203102312:Common:87aedc3d: Connectivity resource '/Common/default_ssl_vpn_policy_202203102312_na_res' assigned
Mar 16 06:17:10 apm.f5.local notice apmd[13338]: 01490128:5: /Common/default_ssl_vpn_policy_202203102312:Common:87aedc3d: Webtop '/Common/default_ssl_vpn_policy_202203102312_webtop' assigned
Mar 16 06:17:10 apm.f5.local notice apmd[13338]: 01490005:5: /Common/default_ssl_vpn_policy_202203102312:Common:87aedc3d: Following rule 'fallback' from item 'Advanced Resource Assign' to ending 'Allow'
Mar 16 06:17:10 apm.f5.local notice apmd[13338]: 01490102:5: /Common/default_ssl_vpn_policy_202203102312:Common:87aedc3d: Access policy result: Network_Access
Mar 16 06:17:10 apm.f5.local notice apmd[13338]: 01490248:5: /Common/default_ssl_vpn_policy_202203102312:Common:87aedc3d: Received client info - Hostname: KEFU-29101 Type: Mozilla Version: 5 Platform: Win10 CPU: x64 UI Mode: Full Javascript Support: 1 ActiveX Support: 0 Plugin Support: 0
Mar 16 06:19:20 apm.f5.local notice tmm2[18812]: 01490506:5: /Common/default_ssl_vpn_policy_202203102312:Common:fb6042f0: Received User-Agent header: Mozilla%2F5.0%20(Windows%20NT%2010.0%3B%20WOW64%3B%20Trident%2F7.0%3B%20rv%3A11.0)%20like%20Gecko.
Mar 16 06:19:20 apm.f5.local notice tmm2[18812]: 01490500:5: /Common/default_ssl_vpn_policy_202203102312:Common:fb6042f0: New session from client IP 114.84.76.87 (ST=Shanghai/CC=CN/C=AS) at VIP 109.101.115.10 Listener /Common/default_ssl_vpn_policy_202203102312_vs (Reputation=Unknown)
Mar 16 06:19:25 apm.f5.local notice apmd[13338]: 014902f7:5: /Common/default_ssl_vpn_policy_202203102312:Common:fb6042f0:/Common/default_ssl_vpn_policy_202203102312_act_av_software_check_ag: endpoint software detected (sdk=4.3.1453.0,type=av,id=535,vendor_id=388,version=9.0.69.1,state=1,name=AhnLab V3 Internet Security,vendor_name=AhnLab, Inc.,db_signature=1372,db_version=,db_time=1647111600,last_scan=1647231051,engine_version=2022.03.13.03,missing_updates=).
Mar 16 06:19:25 apm.f5.local notice apmd[13338]: 014902f7:5: /Common/default_ssl_vpn_policy_202203102312:Common:fb6042f0:/Common/default_ssl_vpn_policy_202203102312_act_av_software_check_ag: endpoint software detected (sdk=4.3.1453.0,type=av,id=362,vendor_id=90,version=4.12.16299.15,state=,name=Windows Defender,vendor_name=Microsoft Corporation,db_signature=477,db_version=1.251.42.0,db_time=1503597800,last_scan=0,engine_version=1.1.14104.0,missing_updates=).
Mar 16 06:19:44 apm.f5.local notice apmd[13338]: 01490010:5: /Common/default_ssl_vpn_policy_202203102312:Common:fb6042f0: Username '364374778@qq.com'
Mar 16 06:20:01 apm.f5.local notice apmd[13338]: 01490008:5: /Common/default_ssl_vpn_policy_202203102312:Common:fb6042f0: Connectivity resource '/Common/default_ssl_vpn_policy_202203102312_na_res' assigned
Mar 16 06:20:01 apm.f5.local notice apmd[13338]: 01490128:5: /Common/default_ssl_vpn_policy_202203102312:Common:fb6042f0: Webtop '/Common/default_ssl_vpn_policy_202203102312_webtop' assigned
Mar 16 06:20:01 apm.f5.local notice apmd[13338]: 01490005:5: /Common/default_ssl_vpn_policy_202203102312:Common:fb6042f0: Following rule 'fallback' from item 'Advanced Resource Assign' to ending 'Allow'
Mar 16 06:20:01 apm.f5.local notice apmd[13338]: 01490102:5: /Common/default_ssl_vpn_policy_202203102312:Common:fb6042f0: Access policy result: Network_Access
Mar 16 06:20:01 apm.f5.local notice apmd[13338]: 01490248:5: /Common/default_ssl_vpn_policy_202203102312:Common:fb6042f0: Received client info - Hostname: KEFU-29101 Type: IE Version: 11 Platform: Win10 CPU: WOW64 UI Mode: Full Javascript Support: 1 ActiveX Support: 1 Plugin Support: 0
Mar 16 06:20:01 apm.f5.local err tmm[18812]: 01490514:3: (null):Common:00000000: Access encountered error: ERR_INPROGRESS. File: ../modules/hudfilter/access/access.c, Function: access_process_state_client_enforce_acl, Line: 13545
Mar 16 06:20:01 apm.f5.local err tmm[18812]: 01490514:3: (null):Common:00000000: Access encountered error: ERR_INPROGRESS. File: ../modules/hudfilter/access/access.c, Function: hud_access_handler, Line: 3882
Mar 16 06:20:52 apm.f5.local err tmm3[18812]: 01490514:3: (null):Common:00000000: Access encountered error: ERR_INPROGRESS. File: ../modules/hudfilter/access/access.c, Function: access_process_state_client_enforce_acl, Line: 13545
Mar 16 06:20:52 apm.f5.local err tmm3[18812]: 01490514:3: (null):Common:00000000: Access encountered error: ERR_INPROGRESS. File: ../modules/hudfilter/access/access.c, Function: hud_access_handler, Line: 3882
Mar 16 06:20:54 apm.f5.local err tmm[18812]: 01490514:3: (null):Common:00000000: Access encountered error: ERR_INPROGRESS. File: ../modules/hudfilter/access/access.c, Function: access_process_state_client_enforce_session, Line: 9027
Mar 16 06:20:54 apm.f5.local err tmm[18812]: 01490514:3: (null):Common:00000000: Access encountered error: ERR_INPROGRESS. File: ../modules/hudfilter/access/access.c, Function: hud_access_handler, Line: 3987
Mar 16 06:21:09 apm.f5.local notice tmm2[18812]: 01490549:5: /Common/default_ssl_vpn_policy_202203102312:Common:fb6042f0: Assigned PPP Dynamic IPv4: 109.101.115.195 ID: db85cc4c Tunnel Type: VPN_TUNNELTYPE_TLS NA Resource: /Common/default_ssl_vpn_policy_202203102312_na_res Client IP: 114.84.76.87 
Mar 16 06:21:09 apm.f5.local notice tmm2[18812]: 01490505:5: /Common/default_ssl_vpn_policy_202203102312:Common:fb6042f0: PPP tunnel 0x5600dc4edd00 (ID: db85cc4c) started.
Mar 16 06:25:54 apm.f5.local notice tmm3[18812]: 01490567:5: /Common/default_ssl_vpn_policy_202203102312:Common:87aedc3d: Session deleted (out_of_compliance; code - 24577).
Mar 16 06:26:28 apm.f5.local notice tmm3[18812]: 01490521:5: /Common/default_ssl_vpn_policy_202203102312:Common:87aedc3d: Session statistics - bytes in: 152029, bytes out: 4368653
Mar 16 06:31:53 apm.f5.local notice tmm2[18812]: 01490567:5: /Common/default_ssl_vpn_policy_202203102312:Common:fb6042f0: Session deleted (out_of_compliance; code - 24577).
Mar 16 06:31:53 apm.f5.local notice tmm2[18812]: 01490505:5: /Common/default_ssl_vpn_policy_202203102312:Common:fb6042f0: PPP tunnel 0x5600dc4edd00 (ID: db85cc4c) closed.
Mar 16 06:32:27 apm.f5.local notice tmm2[18812]: 01490521:5: /Common/default_ssl_vpn_policy_202203102312:Common:fb6042f0: Session statistics - bytes in: 800992, bytes out: 1996478
Mar 16 06:33:10 apm.f5.local notice tmm[18812]: 01490506:5: /Common/default_ssl_vpn_policy_202203102312:Common:2578dd35: Received User-Agent header: Mozilla%2F5.0%20(Windows%20NT%2010.0%3B%20WOW64%3B%20Trident%2F7.0%3B%20rv%3A11.0)%20like%20Gecko.
Mar 16 06:33:10 apm.f5.local notice tmm[18812]: 01490500:5: /Common/default_ssl_vpn_policy_202203102312:Common:2578dd35: New session from client IP 114.84.76.87 (ST=Shanghai/CC=CN/C=AS) at VIP 109.101.115.10 Listener /Common/default_ssl_vpn_policy_202203102312_vs (Reputation=Unknown)
Mar 16 06:33:24 apm.f5.local notice apmd[13338]: 014902f7:5: /Common/default_ssl_vpn_policy_202203102312:Common:2578dd35:/Common/default_ssl_vpn_policy_202203102312_act_av_software_check_ag: endpoint software detected (sdk=4.3.1453.0,type=av,id=535,vendor_id=388,version=9.0.69.1,state=1,name=AhnLab V3 Internet Security,vendor_name=AhnLab, Inc.,db_signature=1372,db_version=,db_time=1647111600,last_scan=1647231051,engine_version=2022.03.13.03,missing_updates=).
Mar 16 06:33:24 apm.f5.local notice apmd[13338]: 014902f7:5: /Common/default_ssl_vpn_policy_202203102312:Common:2578dd35:/Common/default_ssl_vpn_policy_202203102312_act_av_software_check_ag: endpoint software detected (sdk=4.3.1453.0,type=av,id=362,vendor_id=90,version=4.12.16299.15,state=,name=Windows Defender,vendor_name=Microsoft Corporation,db_signature=477,db_version=1.251.42.0,db_time=1503597800,last_scan=0,engine_version=1.1.14104.0,missing_updates=).
Mar 16 06:33:32 apm.f5.local notice tmm[18812]: 01490502:5: /Common/default_ssl_vpn_policy_202203102312:Common:c863f6e0: Session deleted due to user inactivity.
Mar 16 06:33:38 apm.f5.local notice apmd[13338]: 01490010:5: /Common/default_ssl_vpn_policy_202203102312:Common:2578dd35: Username '364374778'
Mar 16 06:33:38 apm.f5.local warning apmd[13338]: 01490212:4: /Common/default_ssl_vpn_policy_202203102312:Common:2578dd35: LOCALDB agent: (logon attempt:0) authenticate with '364374778' failed
Mar 16 06:33:54 apm.f5.local notice apmd[13338]: 01490010:5: /Common/default_ssl_vpn_policy_202203102312:Common:2578dd35: Username '364374778@qq.com'
Mar 16 06:33:54 apm.f5.local notice apmd[13338]: 01490103:5: /Common/default_ssl_vpn_policy_202203102312:Common:2578dd35: Retry Username '364374778@qq.com'
Mar 16 06:34:07 apm.f5.local notice tmm[18812]: 01490521:5: /Common/default_ssl_vpn_policy_202203102312:Common:c863f6e0: Session statistics - bytes in: 110587, bytes out: 50153
Mar 16 06:34:10 apm.f5.local notice apmd[13338]: 01490008:5: /Common/default_ssl_vpn_policy_202203102312:Common:2578dd35: Connectivity resource '/Common/default_ssl_vpn_policy_202203102312_na_res' assigned
Mar 16 06:34:10 apm.f5.local notice apmd[13338]: 01490128:5: /Common/default_ssl_vpn_policy_202203102312:Common:2578dd35: Webtop '/Common/default_ssl_vpn_policy_202203102312_webtop' assigned
Mar 16 06:34:10 apm.f5.local notice apmd[13338]: 01490005:5: /Common/default_ssl_vpn_policy_202203102312:Common:2578dd35: Following rule 'fallback' from item 'Advanced Resource Assign' to ending 'Allow'
Mar 16 06:34:10 apm.f5.local notice apmd[13338]: 01490102:5: /Common/default_ssl_vpn_policy_202203102312:Common:2578dd35: Access policy result: Network_Access
Mar 16 06:34:10 apm.f5.local notice apmd[13338]: 01490248:5: /Common/default_ssl_vpn_policy_202203102312:Common:2578dd35: Received client info - Hostname: KEFU-29101 Type: IE Version: 11 Platform: Win10 CPU: WOW64 UI Mode: Full Javascript Support: 1 ActiveX Support: 1 Plugin Support: 0
Mar 16 06:35:59 apm.f5.local err tmm[18812]: 01490514:3: (null):Common:00000000: Access encountered error: ERR_INPROGRESS. File: ../modules/hudfilter/access/access.c, Function: access_process_state_client_enforce_acl, Line: 13545
Mar 16 06:36:01 apm.f5.local err tmm3[18812]: 01490514:3: (null):Common:00000000: Access encountered error: ERR_INPROGRESS. File: ../modules/hudfilter/access/access.c, Function: access_process_state_client_enforce_session, Line: 9027
Mar 16 06:36:01 apm.f5.local err tmm3[18812]: 01490514:3: (null):Common:00000000: Access encountered error: ERR_INPROGRESS. File: ../modules/hudfilter/access/access.c, Function: hud_access_handler, Line: 3987
Mar 16 06:36:30 apm.f5.local notice tmm1[18812]: 01490549:5: /Common/default_ssl_vpn_policy_202203102312:Common:2578dd35: Assigned PPP Dynamic IPv4: 109.101.115.101 ID: 8b4284e1 Tunnel Type: VPN_TUNNELTYPE_TLS NA Resource: /Common/default_ssl_vpn_policy_202203102312_na_res Client IP: 114.84.76.87 
Mar 16 06:36:30 apm.f5.local notice tmm1[18812]: 01490505:5: /Common/default_ssl_vpn_policy_202203102312:Common:2578dd35: PPP tunnel 0x5600708c9000 (ID: 8b4284e1) started.
Mar 16 06:36:45 apm.f5.local notice tmm[18812]: 01490567:5: /Common/default_ssl_vpn_policy_202203102312:Common:2578dd35: Session deleted (out_of_compliance; code - 24577).
Mar 16 06:36:45 apm.f5.local notice tmm1[18812]: 01490505:5: /Common/default_ssl_vpn_policy_202203102312:Common:2578dd35: PPP tunnel 0x5600708c9000 (ID: 8b4284e1) closed.
Mar 16 06:37:06 apm.f5.local notice tmm[18812]: 01490506:5: /Common/default_ssl_vpn_policy_202203102312:Common:19985a60: Received User-Agent header: Mozilla%2F5.0%20(Windows%20NT%2010.0%3B%20WOW64%3B%20Trident%2F7.0%3B%20rv%3A11.0)%20like%20Gecko.
Mar 16 06:37:06 apm.f5.local notice tmm[18812]: 01490500:5: /Common/default_ssl_vpn_policy_202203102312:Common:19985a60: New session from client IP 114.84.76.87 (ST=Shanghai/CC=CN/C=AS) at VIP 109.101.115.10 Listener /Common/default_ssl_vpn_policy_202203102312_vs (Reputation=Unknown)
Mar 16 06:37:06 apm.f5.local warning tmm1[18812]: 01490512:4: /Common/default_ssl_vpn_policy_202203102312:Common:19985a60: Authorization failure: Denied request for webtop /Common/default_ssl_vpn_policy_202203102312_webtop
Mar 16 06:37:06 apm.f5.local notice tmm[18812]: 01490501:5: /Common/default_ssl_vpn_policy_202203102312:Common:19985a60: Session deleted due to user logout request.
Mar 16 06:37:09 apm.f5.local notice tmm2[18812]: 01490506:5: /Common/default_ssl_vpn_policy_202203102312:Common:284c05cc: Received User-Agent header: Mozilla%2F4.0%20(compatible%3B%20MSIE%207.0%3B%20Windows%20NT%2010.0%3B%20WOW64%3B%20Trident%2F7.0%3B%20.NET4.0C%3B%20.NET4.0E%3B%20.NET%20CLR%202.0.50727%3B%20.NET%20CLR%203.0.30729%3B%20.NET%20CLR%203.5.30729).
Mar 16 06:37:09 apm.f5.local notice tmm2[18812]: 01490500:5: /Common/default_ssl_vpn_policy_202203102312:Common:284c05cc: New session from client IP 114.84.76.87 (ST=Shanghai/CC=CN/C=AS) at VIP 109.101.115.10 Listener /Common/default_ssl_vpn_policy_202203102312_vs (Reputation=Unknown)
Mar 16 06:37:15 apm.f5.local notice tmm[18812]: 01490506:5: /Common/default_ssl_vpn_policy_202203102312:Common:92500234: Received User-Agent header: Mozilla%2F5.0%20(Windows%20NT%2010.0%3B%20WOW64%3B%20Trident%2F7.0%3B%20rv%3A11.0)%20like%20Gecko.
Mar 16 06:37:15 apm.f5.local notice tmm[18812]: 01490500:5: /Common/default_ssl_vpn_policy_202203102312:Common:92500234: New session from client IP 114.84.76.87 (ST=Shanghai/CC=CN/C=AS) at VIP 109.101.115.10 Listener /Common/default_ssl_vpn_policy_202203102312_vs (Reputation=Unknown)
Mar 16 06:37:25 apm.f5.local notice tmm[18812]: 01490521:5: /Common/default_ssl_vpn_policy_202203102312:Common:2578dd35: Session statistics - bytes in: 91831, bytes out: 45597
Mar 16 06:37:31 apm.f5.local notice apmd[13338]: 014902f7:5: /Common/default_ssl_vpn_policy_202203102312:Common:92500234:/Common/default_ssl_vpn_policy_202203102312_act_av_software_check_ag: endpoint software detected (sdk=4.3.1453.0,type=av,id=535,vendor_id=388,version=9.0.69.1,state=1,name=AhnLab V3 Internet Security,vendor_name=AhnLab, Inc.,db_signature=1372,db_version=,db_time=1647111600,last_scan=1647231051,engine_version=2022.03.13.03,missing_updates=).
Mar 16 06:37:31 apm.f5.local notice apmd[13338]: 014902f7:5: /Common/default_ssl_vpn_policy_202203102312:Common:92500234:/Common/default_ssl_vpn_policy_202203102312_act_av_software_check_ag: endpoint software detected (sdk=4.3.1453.0,type=av,id=362,vendor_id=90,version=4.12.16299.15,state=,name=Windows Defender,vendor_name=Microsoft Corporation,db_signature=477,db_version=1.251.42.0,db_time=1503597800,last_scan=0,engine_version=1.1.14104.0,missing_updates=).
Mar 16 06:37:46 apm.f5.local notice tmm[18812]: 01490521:5: /Common/default_ssl_vpn_policy_202203102312:Common:19985a60: Session statistics - bytes in: 8984, bytes out: 3517
Mar 16 06:37:49 apm.f5.local notice apmd[13338]: 01490010:5: /Common/default_ssl_vpn_policy_202203102312:Common:92500234: Username '364374778@QQ.COM'
Mar 16 06:37:57 apm.f5.local notice apmd[13338]: 01490008:5: /Common/default_ssl_vpn_policy_202203102312:Common:92500234: Connectivity resource '/Common/default_ssl_vpn_policy_202203102312_na_res' assigned
Mar 16 06:37:57 apm.f5.local notice apmd[13338]: 01490128:5: /Common/default_ssl_vpn_policy_202203102312:Common:92500234: Webtop '/Common/default_ssl_vpn_policy_202203102312_webtop' assigned
Mar 16 06:37:57 apm.f5.local notice apmd[13338]: 01490005:5: /Common/default_ssl_vpn_policy_202203102312:Common:92500234: Following rule 'fallback' from item 'Advanced Resource Assign' to ending 'Allow'
Mar 16 06:37:57 apm.f5.local notice apmd[13338]: 01490102:5: /Common/default_ssl_vpn_policy_202203102312:Common:92500234: Access policy result: Network_Access
Mar 16 06:37:57 apm.f5.local notice apmd[13338]: 01490248:5: /Common/default_ssl_vpn_policy_202203102312:Common:92500234: Received client info - Hostname: KEFU-29101 Type: IE Version: 11 Platform: Win10 CPU: WOW64 UI Mode: Full Javascript Support: 1 ActiveX Support: 1 Plugin Support: 0
Mar 16 06:37:59 apm.f5.local err tmm1[18812]: 01490514:3: (null):Common:00000000: Access encountered error: ERR_INPROGRESS. File: ../modules/hudfilter/access/access.c, Function: access_process_state_client_enforce_acl, Line: 13545
Mar 16 06:37:59 apm.f5.local err tmm1[18812]: 01490514:3: (null):Common:00000000: Access encountered error: ERR_INPROGRESS. File: ../modules/hudfilter/access/access.c, Function: hud_access_handler, Line: 3882
Mar 16 06:38:01 apm.f5.local err tmm3[18812]: 01490514:3: (null):Common:00000000: Access encountered error: ERR_INPROGRESS. File: ../modules/hudfilter/access/access.c, Function: access_process_state_client_enforce_session, Line: 9027
Mar 16 06:38:01 apm.f5.local err tmm3[18812]: 01490514:3: (null):Common:00000000: Access encountered error: ERR_INPROGRESS. File: ../modules/hudfilter/access/access.c, Function: hud_access_handler, Line: 3987
Mar 16 06:38:03 apm.f5.local notice tmm2[18812]: 01490502:5: /Common/default_ssl_vpn_policy_202203102312:Common:22fbfc1d: Session deleted due to user inactivity.
Mar 16 06:38:08 apm.f5.local notice tmm3[18812]: 01490549:5: /Common/default_ssl_vpn_policy_202203102312:Common:92500234: Assigned PPP Dynamic IPv4: 109.101.115.108 ID: 31450fed Tunnel Type: VPN_TUNNELTYPE_TLS NA Resource: /Common/default_ssl_vpn_policy_202203102312_na_res Client IP: 114.84.76.87 
Mar 16 06:38:08 apm.f5.local notice tmm3[18812]: 01490505:5: /Common/default_ssl_vpn_policy_202203102312:Common:92500234: PPP tunnel 0x5601480e0e00 (ID: 31450fed) started.
Mar 16 06:38:44 apm.f5.local notice tmm2[18812]: 01490521:5: /Common/default_ssl_vpn_policy_202203102312:Common:22fbfc1d: Session statistics - bytes in: 0, bytes out: 0
Mar 16 06:38:58 apm.f5.local notice tmm[18812]: 01490502:5: /Common/default_ssl_vpn_policy_202203102312:Common:2d6c6db9: Session deleted due to user inactivity.
Mar 16 06:39:39 apm.f5.local notice tmm[18812]: 01490521:5: /Common/default_ssl_vpn_policy_202203102312:Common:2d6c6db9: Session statistics - bytes in: 2958, bytes out: 1810
Mar 16 06:40:55 apm.f5.local notice tmm2[18812]: 01490506:5: /Common/default_ssl_vpn_policy_202203102312:Common:583b0d74: Received User-Agent header: Mozilla%2F5.0%20(Windows%20NT%2010.0%3B%20WOW64%3B%20Trident%2F7.0%3B%20rv%3A11.0)%20like%20Gecko.
Mar 16 06:40:55 apm.f5.local notice tmm2[18812]: 01490500:5: /Common/default_ssl_vpn_policy_202203102312:Common:583b0d74: New session from client IP 58.39.4.123 (ST=Shanghai/CC=CN/C=AS) at VIP 109.101.115.10 Listener /Common/default_ssl_vpn_policy_202203102312_vs (Reputation=Unknown)
Mar 16 06:49:28 apm.f5.local notice apmd[13338]: 014902f7:5: /Common/default_ssl_vpn_policy_202203102312:Common:583b0d74:/Common/default_ssl_vpn_policy_202203102312_act_av_software_check_ag: endpoint software detected (sdk=4.3.1453.0,type=av,id=535,vendor_id=388,version=9.0.69.1,state=0,name=AhnLab V3 Internet Security,vendor_name=AhnLab, Inc.,db_signature=1372,db_version=,db_time=1647284400,last_scan=1647316961,engine_version=2022.03.15.03,missing_updates=).
Mar 16 06:49:28 apm.f5.local notice apmd[13338]: 014902f7:5: /Common/default_ssl_vpn_policy_202203102312:Common:583b0d74:/Common/default_ssl_vpn_policy_202203102312_act_av_software_check_ag: endpoint software detected (sdk=4.3.1453.0,type=av,id=362,vendor_id=90,version=4.18.2102.4,state=,name=Windows Defender,vendor_name=Microsoft Corporation,db_signature=477,db_version=1.333.1602.0,db_time=1617077127,last_scan=0,engine_version=1.1.17900.7,missing_updates=).
Mar 16 06:49:52 apm.f5.local notice apmd[13338]: 01490010:5: /Common/default_ssl_vpn_policy_202203102312:Common:583b0d74: Username 'xtt2008@hotmail.com'
Mar 16 06:50:46 apm.f5.local notice apmd[13338]: 01490103:5: /Common/default_ssl_vpn_policy_202203102312:Common:583b0d74: Retry Username 'xtt2008@hotmail.com'
Mar 16 06:50:46 apm.f5.local notice apmd[13338]: 01490008:5: /Common/default_ssl_vpn_policy_202203102312:Common:583b0d74: Connectivity resource '/Common/default_ssl_vpn_policy_202203102312_na_res' assigned
Mar 16 06:50:46 apm.f5.local notice apmd[13338]: 01490128:5: /Common/default_ssl_vpn_policy_202203102312:Common:583b0d74: Webtop '/Common/default_ssl_vpn_policy_202203102312_webtop' assigned
Mar 16 06:50:46 apm.f5.local notice apmd[13338]: 01490005:5: /Common/default_ssl_vpn_policy_202203102312:Common:583b0d74: Following rule 'fallback' from item 'Advanced Resource Assign' to ending 'Allow'
Mar 16 06:50:46 apm.f5.local notice apmd[13338]: 01490102:5: /Common/default_ssl_vpn_policy_202203102312:Common:583b0d74: Access policy result: Network_Access
Mar 16 06:50:46 apm.f5.local notice apmd[13338]: 01490248:5: /Common/default_ssl_vpn_policy_202203102312:Common:583b0d74: Received client info - Hostname: ZHENGJINSHAN Type: IE Version: 11 Platform: Win10 CPU: WOW64 UI Mode: Full Javascript Support: 1 ActiveX Support: 1 Plugin Support: 0
Mar 16 06:50:47 apm.f5.local err tmm[18812]: 01490514:3: (null):Common:00000000: Access encountered error: ERR_INPROGRESS. File: ../modules/hudfilter/access/access.c, Function: access_process_state_client_enforce_acl, Line: 13545
Mar 16 06:50:47 apm.f5.local err tmm[18812]: 01490514:3: (null):Common:00000000: Access encountered error: ERR_INPROGRESS. File: ../modules/hudfilter/access/access.c, Function: hud_access_handler, Line: 3882
Mar 16 06:50:50 apm.f5.local err tmm[18812]: 01490514:3: (null):Common:00000000: Access encountered error: ERR_INPROGRESS. File: ../modules/hudfilter/access/access.c, Function: access_process_state_client_enforce_session, Line: 9027
Mar 16 06:50:50 apm.f5.local err tmm[18812]: 01490514:3: (null):Common:00000000: Access encountered error: ERR_INPROGRESS. File: ../modules/hudfilter/access/access.c, Function: hud_access_handler, Line: 3987
Mar 16 06:50:57 apm.f5.local notice tmm3[18812]: 01490549:5: /Common/default_ssl_vpn_policy_202203102312:Common:583b0d74: Assigned PPP Dynamic IPv4: 109.101.115.53 ID: c73ca0aa Tunnel Type: VPN_TUNNELTYPE_TLS NA Resource: /Common/default_ssl_vpn_policy_202203102312_na_res Client IP: 58.39.4.123 
Mar 16 06:50:57 apm.f5.local notice tmm3[18812]: 01490505:5: /Common/default_ssl_vpn_policy_202203102312:Common:583b0d74: PPP tunnel 0x5601480cf600 (ID: c73ca0aa) started.
Mar 16 06:52:53 apm.f5.local notice tmm3[18812]: 01490505:5: /Common/default_ssl_vpn_policy_202203102312:Common:583b0d74: PPP tunnel 0x5601480cf600 (ID: c73ca0aa) closed.
Mar 16 07:07:38 apm.f5.local notice tmm2[18812]: 01490502:5: /Common/default_ssl_vpn_policy_202203102312:Common:284c05cc: Session deleted due to user inactivity.
Mar 16 07:08:19 apm.f5.local notice tmm2[18812]: 01490521:5: /Common/default_ssl_vpn_policy_202203102312:Common:284c05cc: Session statistics - bytes in: 906, bytes out: 399
Mar 16 07:09:13 apm.f5.local notice tmm1[18812]: 01490506:5: /Common/default_ssl_vpn_policy_202203102312:Common:e07e334f: Received User-Agent header: Mozilla%2F5.0%20(Windows%20NT%2010.0%3B%20WOW64%3B%20Trident%2F7.0%3B%20rv%3A11.0)%20like%20Gecko.
Mar 16 07:09:13 apm.f5.local notice tmm1[18812]: 01490500:5: /Common/default_ssl_vpn_policy_202203102312:Common:e07e334f: New session from client IP 117.143.177.177 (ST=Shanghai/CC=CN/C=AS) at VIP 109.101.115.10 Listener /Common/default_ssl_vpn_policy_202203102312_vs (Reputation=Unknown)
Mar 16 07:09:48 apm.f5.local notice apmd[13338]: 014902f7:5: /Common/default_ssl_vpn_policy_202203102312:Common:e07e334f:/Common/default_ssl_vpn_policy_202203102312_act_av_software_check_ag: endpoint software detected (sdk=4.3.1453.0,type=av,id=535,vendor_id=388,version=9.0.69.1,state=1,name=AhnLab V3 Internet Security,vendor_name=AhnLab, Inc.,db_signature=1372,db_version=,db_time=1647284400,last_scan=1647318776,engine_version=2022.03.15.03,missing_updates=).
Mar 16 07:09:48 apm.f5.local notice apmd[13338]: 014902f7:5: /Common/default_ssl_vpn_policy_202203102312:Common:e07e334f:/Common/default_ssl_vpn_policy_202203102312_act_av_software_check_ag: endpoint software detected (sdk=4.3.1453.0,type=av,id=362,vendor_id=90,version=4.18.1807.18075,state=,name=Windows Defender,vendor_name=Microsoft Corporation,db_signature=477,db_version=,db_time=0,last_scan=0,engine_version=,missing_updates=).
Mar 16 07:10:00 apm.f5.local notice apmd[13338]: 01490010:5: /Common/default_ssl_vpn_policy_202203102312:Common:e07e334f: Username '1422187408@qq.com'
Mar 16 07:10:00 apm.f5.local warning apmd[13338]: 01490212:4: /Common/default_ssl_vpn_policy_202203102312:Common:e07e334f: LOCALDB agent: (logon attempt:0) authenticate with '1422187408@qq.com' failed
Mar 16 07:10:18 apm.f5.local notice apmd[13338]: 01490010:5: /Common/default_ssl_vpn_policy_202203102312:Common:e07e334f: Username '1422187408@qq.com'
Mar 16 07:10:18 apm.f5.local notice apmd[13338]: 01490103:5: /Common/default_ssl_vpn_policy_202203102312:Common:e07e334f: Retry Username '1422187408@qq.com'
Mar 16 07:10:18 apm.f5.local warning apmd[13338]: 01490212:4: /Common/default_ssl_vpn_policy_202203102312:Common:e07e334f: LOCALDB agent: (logon attempt:1) authenticate with '1422187408@qq.com' failed
Mar 16 07:10:53 apm.f5.local notice apmd[13338]: 01490010:5: /Common/default_ssl_vpn_policy_202203102312:Common:e07e334f: Username '1422187408@qq.com'
Mar 16 07:10:53 apm.f5.local notice apmd[13338]: 01490103:5: /Common/default_ssl_vpn_policy_202203102312:Common:e07e334f: Retry Username '1422187408@qq.com'
Mar 16 07:10:53 apm.f5.local warning apmd[13338]: 01490212:4: /Common/default_ssl_vpn_policy_202203102312:Common:e07e334f: LOCALDB agent: (logon attempt:2) authenticate with '1422187408@qq.com' failed
Mar 16 07:11:18 apm.f5.local notice apmd[13338]: 01490010:5: /Common/default_ssl_vpn_policy_202203102312:Common:e07e334f: Username '1422187408@qq.com'
Mar 16 07:11:18 apm.f5.local notice apmd[13338]: 01490103:5: /Common/default_ssl_vpn_policy_202203102312:Common:e07e334f: Retry Username '1422187408@qq.com'
Mar 16 07:11:18 apm.f5.local warning apmd[13338]: 01490212:4: /Common/default_ssl_vpn_policy_202203102312:Common:e07e334f: LOCALDB agent: (logon attempt:3) authenticate with '1422187408@qq.com' failed
Mar 16 07:11:37 apm.f5.local notice apmd[13338]: 01490010:5: /Common/default_ssl_vpn_policy_202203102312:Common:e07e334f: Username '1422187408@qq.com'
Mar 16 07:11:37 apm.f5.local notice apmd[13338]: 01490103:5: /Common/default_ssl_vpn_policy_202203102312:Common:e07e334f: Retry Username '1422187408@qq.com'
Mar 16 07:11:37 apm.f5.local warning apmd[13338]: 01490212:4: /Common/default_ssl_vpn_policy_202203102312:Common:e07e334f: LOCALDB agent: (logon attempt:4) authenticate with '1422187408@qq.com' failed
Mar 16 07:11:37 apm.f5.local notice apmd[13338]: 01490005:5: /Common/default_ssl_vpn_policy_202203102312:Common:e07e334f: Following rule 'fallback' from item 'LocalDB Auth' to ending 'Deny'
Mar 16 07:11:37 apm.f5.local notice apmd[13338]: 01490102:5: /Common/default_ssl_vpn_policy_202203102312:Common:e07e334f: Access policy result: Logon_Deny
Mar 16 07:11:37 apm.f5.local notice apmd[13338]: 01490248:5: /Common/default_ssl_vpn_policy_202203102312:Common:e07e334f: Received client info - Hostname: TM-94212 Type: IE Version: 11 Platform: Win10 CPU: WOW64 UI Mode: Full Javascript Support: 1 ActiveX Support: 1 Plugin Support: 0
Mar 16 07:11:41 apm.f5.local notice tmm1[18812]: 01490567:5: /Common/default_ssl_vpn_policy_202203102312:Common:e07e334f: Session deleted (policy_result).
Mar 16 07:11:49 apm.f5.local notice tmm3[18812]: 01490506:5: /Common/default_ssl_vpn_policy_202203102312:Common:78950c07: Received User-Agent header: Mozilla%2F5.0%20(Windows%20NT%2010.0%3B%20WOW64%3B%20Trident%2F7.0%3B%20rv%3A11.0)%20like%20Gecko.
Mar 16 07:11:49 apm.f5.local notice tmm3[18812]: 01490500:5: /Common/default_ssl_vpn_policy_202203102312:Common:78950c07: New session from client IP 117.143.177.177 (ST=Shanghai/CC=CN/C=AS) at VIP 109.101.115.10 Listener /Common/default_ssl_vpn_policy_202203102312_vs (Reputation=Unknown)
Mar 16 07:12:17 apm.f5.local notice apmd[13338]: 014902f7:5: /Common/default_ssl_vpn_policy_202203102312:Common:78950c07:/Common/default_ssl_vpn_policy_202203102312_act_av_software_check_ag: endpoint software detected (sdk=4.3.1453.0,type=av,id=535,vendor_id=388,version=9.0.69.1,state=1,name=AhnLab V3 Internet Security,vendor_name=AhnLab, Inc.,db_signature=1372,db_version=,db_time=1647284400,last_scan=1647318776,engine_version=2022.03.15.03,missing_updates=).
Mar 16 07:12:17 apm.f5.local notice apmd[13338]: 014902f7:5: /Common/default_ssl_vpn_policy_202203102312:Common:78950c07:/Common/default_ssl_vpn_policy_202203102312_act_av_software_check_ag: endpoint software detected (sdk=4.3.1453.0,type=av,id=362,vendor_id=90,version=4.18.1807.18075,state=,name=Windows Defender,vendor_name=Microsoft Corporation,db_signature=477,db_version=,db_time=0,last_scan=0,engine_version=,missing_updates=).
Mar 16 07:12:17 apm.f5.local notice tmm1[18812]: 01490521:5: /Common/default_ssl_vpn_policy_202203102312:Common:e07e334f: Session statistics - bytes in: 48052, bytes out: 96420
Mar 16 07:12:23 apm.f5.local notice apmd[13338]: 01490010:5: /Common/default_ssl_vpn_policy_202203102312:Common:78950c07: Username ''
Mar 16 07:12:23 apm.f5.local warning apmd[13338]: 01490212:4: /Common/default_ssl_vpn_policy_202203102312:Common:78950c07: LOCALDB agent: (logon attempt:0) authenticate with '' failed
Mar 16 07:12:40 apm.f5.local notice apmd[13338]: 01490010:5: /Common/default_ssl_vpn_policy_202203102312:Common:78950c07: Username '1422187408@qq.com'
Mar 16 07:12:40 apm.f5.local notice apmd[13338]: 01490103:5: /Common/default_ssl_vpn_policy_202203102312:Common:78950c07: Retry Username '1422187408@qq.com'
Mar 16 07:12:40 apm.f5.local warning apmd[13338]: 01490212:4: /Common/default_ssl_vpn_policy_202203102312:Common:78950c07: LOCALDB agent: (logon attempt:1) authenticate with '1422187408@qq.com' failed
Mar 16 07:12:44 apm.f5.local notice tmm1[18812]: 01490506:5: /Common/default_ssl_vpn_policy_202203102312:Common:aa1e7f16: Received User-Agent header: Mozilla%2F5.0%20(Windows%20NT%2010.0%3B%20WOW64%3B%20Trident%2F7.0%3B%20rv%3A11.0)%20like%20Gecko.
Mar 16 07:12:44 apm.f5.local notice tmm1[18812]: 01490500:5: /Common/default_ssl_vpn_policy_202203102312:Common:aa1e7f16: New session from client IP 183.193.172.232 (ST=Shanghai/CC=CN/C=AS) at VIP 109.101.115.10 Listener /Common/default_ssl_vpn_policy_202203102312_vs (Reputation=Unknown)
Mar 16 07:13:11 apm.f5.local notice apmd[13338]: 014902f7:5: /Common/default_ssl_vpn_policy_202203102312:Common:aa1e7f16:/Common/default_ssl_vpn_policy_202203102312_act_av_software_check_ag: endpoint software detected (sdk=4.3.1453.0,type=av,id=535,vendor_id=388,version=9.0.69.1,state=1,name=AhnLab V3 Internet Security,vendor_name=AhnLab, Inc.,db_signature=1372,db_version=,db_time=1647284400,last_scan=1647317052,engine_version=2022.03.15.03,missing_updates=).
Mar 16 07:13:11 apm.f5.local notice apmd[13338]: 014902f7:5: /Common/default_ssl_vpn_policy_202203102312:Common:aa1e7f16:/Common/default_ssl_vpn_policy_202203102312_act_av_software_check_ag: endpoint software detected (sdk=4.3.1453.0,type=av,id=362,vendor_id=90,version=4.18.1807.18075,state=,name=Windows Defender,vendor_name=Microsoft Corporation,db_signature=477,db_version=1.351.453.0,db_time=1634264417,last_scan=0,engine_version=1.1.18600.4,missing_updates=).
Mar 16 07:13:13 apm.f5.local notice tmm3[18812]: 01490567:5: /Common/default_ssl_vpn_policy_202203102312:Common:78950c07: Session deleted (restarted).
Mar 16 07:13:13 apm.f5.local notice tmm1[18812]: 01490506:5: /Common/default_ssl_vpn_policy_202203102312:Common:1c32aaea: Received User-Agent header: Mozilla%2F5.0%20(Windows%20NT%2010.0%3B%20WOW64%3B%20Trident%2F7.0%3B%20rv%3A11.0)%20like%20Gecko.
Mar 16 07:13:13 apm.f5.local notice tmm1[18812]: 01490500:5: /Common/default_ssl_vpn_policy_202203102312:Common:1c32aaea: New session from client IP 117.143.177.177 (ST=Shanghai/CC=CN/C=AS) at VIP 109.101.115.10 Listener /Common/default_ssl_vpn_policy_202203102312_vs (Reputation=Unknown)
Mar 16 07:13:28 apm.f5.local notice apmd[13338]: 01490010:5: /Common/default_ssl_vpn_policy_202203102312:Common:aa1e7f16: Username '591072236@QQ.COM'
Mar 16 07:13:34 apm.f5.local notice apmd[13338]: 014902f7:5: /Common/default_ssl_vpn_policy_202203102312:Common:1c32aaea:/Common/default_ssl_vpn_policy_202203102312_act_av_software_check_ag: endpoint software detected (sdk=4.3.1453.0,type=av,id=535,vendor_id=388,version=9.0.69.1,state=1,name=AhnLab V3 Internet Security,vendor_name=AhnLab, Inc.,db_signature=1372,db_version=,db_time=1647284400,last_scan=1647318776,engine_version=2022.03.15.03,missing_updates=).
Mar 16 07:13:34 apm.f5.local notice apmd[13338]: 014902f7:5: /Common/default_ssl_vpn_policy_202203102312:Common:1c32aaea:/Common/default_ssl_vpn_policy_202203102312_act_av_software_check_ag: endpoint software detected (sdk=4.3.1453.0,type=av,id=362,vendor_id=90,version=4.18.1807.18075,state=,name=Windows Defender,vendor_name=Microsoft Corporation,db_signature=477,db_version=,db_time=0,last_scan=0,engine_version=,missing_updates=).
Mar 16 07:13:50 apm.f5.local notice apmd[13338]: 01490010:5: /Common/default_ssl_vpn_policy_202203102312:Common:1c32aaea: Username '1422187408@qq.com'
Mar 16 07:13:50 apm.f5.local warning apmd[13338]: 01490212:4: /Common/default_ssl_vpn_policy_202203102312:Common:1c32aaea: LOCALDB agent: (logon attempt:0) authenticate with '1422187408@qq.com' failed
Mar 16 07:13:51 apm.f5.local notice apmd[13338]: 01490008:5: /Common/default_ssl_vpn_policy_202203102312:Common:aa1e7f16: Connectivity resource '/Common/default_ssl_vpn_policy_202203102312_na_res' assigned
Mar 16 07:13:51 apm.f5.local notice apmd[13338]: 01490128:5: /Common/default_ssl_vpn_policy_202203102312:Common:aa1e7f16: Webtop '/Common/default_ssl_vpn_policy_202203102312_webtop' assigned
Mar 16 07:13:51 apm.f5.local notice apmd[13338]: 01490005:5: /Common/default_ssl_vpn_policy_202203102312:Common:aa1e7f16: Following rule 'fallback' from item 'Advanced Resource Assign' to ending 'Allow'
Mar 16 07:13:51 apm.f5.local notice apmd[13338]: 01490102:5: /Common/default_ssl_vpn_policy_202203102312:Common:aa1e7f16: Access policy result: Network_Access
Mar 16 07:13:51 apm.f5.local notice apmd[13338]: 01490248:5: /Common/default_ssl_vpn_policy_202203102312:Common:aa1e7f16: Received client info - Hostname: DESKTOP-90TSML7 Type: IE Version: 11 Platform: Win10 CPU: WOW64 UI Mode: Full Javascript Support: 1 ActiveX Support: 1 Plugin Support: 0
Mar 16 07:13:52 apm.f5.local notice tmm3[18812]: 01490521:5: /Common/default_ssl_vpn_policy_202203102312:Common:78950c07: Session statistics - bytes in: 25536, bytes out: 11240
Mar 16 07:13:52 apm.f5.local err tmm[18812]: 01490514:3: (null):Common:00000000: Access encountered error: ERR_INPROGRESS. File: ../modules/hudfilter/access/access.c, Function: access_process_state_client_enforce_acl, Line: 13545
Mar 16 07:13:52 apm.f5.local err tmm[18812]: 01490514:3: (null):Common:00000000: Access encountered error: ERR_INPROGRESS. File: ../modules/hudfilter/access/access.c, Function: hud_access_handler, Line: 3882
Mar 16 07:13:54 apm.f5.local err tmm2[18812]: 01490514:3: (null):Common:00000000: Access encountered error: ERR_INPROGRESS. File: ../modules/hudfilter/access/access.c, Function: access_process_state_client_enforce_session, Line: 9027
Mar 16 07:13:54 apm.f5.local err tmm2[18812]: 01490514:3: (null):Common:00000000: Access encountered error: ERR_INPROGRESS. File: ../modules/hudfilter/access/access.c, Function: hud_access_handler, Line: 3987
Mar 16 07:14:04 apm.f5.local notice tmm3[18812]: 01490549:5: /Common/default_ssl_vpn_policy_202203102312:Common:aa1e7f16: Assigned PPP Dynamic IPv4: 109.101.115.103 ID: b4ea8e39 Tunnel Type: VPN_TUNNELTYPE_TLS NA Resource: /Common/default_ssl_vpn_policy_202203102312_na_res Client IP: 183.193.172.232 
Mar 16 07:14:04 apm.f5.local notice tmm3[18812]: 01490505:5: /Common/default_ssl_vpn_policy_202203102312:Common:aa1e7f16: PPP tunnel 0x5601480bd700 (ID: b4ea8e39) started.
Mar 16 07:14:14 apm.f5.local notice apmd[13338]: 01490010:5: /Common/default_ssl_vpn_policy_202203102312:Common:1c32aaea: Username '1422187408@qq.com'
Mar 16 07:14:14 apm.f5.local notice apmd[13338]: 01490103:5: /Common/default_ssl_vpn_policy_202203102312:Common:1c32aaea: Retry Username '1422187408@qq.com'
Mar 16 07:14:14 apm.f5.local warning apmd[13338]: 01490212:4: /Common/default_ssl_vpn_policy_202203102312:Common:1c32aaea: LOCALDB agent: (logon attempt:1) authenticate with '1422187408@qq.com' failed
Mar 16 07:14:25 apm.f5.local notice apmd[13338]: 01490010:5: /Common/default_ssl_vpn_policy_202203102312:Common:1c32aaea: Username '1422187408@qq.com'
Mar 16 07:14:25 apm.f5.local notice apmd[13338]: 01490103:5: /Common/default_ssl_vpn_policy_202203102312:Common:1c32aaea: Retry Username '1422187408@qq.com'
Mar 16 07:14:25 apm.f5.local warning apmd[13338]: 01490212:4: /Common/default_ssl_vpn_policy_202203102312:Common:1c32aaea: LOCALDB agent: (logon attempt:2) authenticate with '1422187408@qq.com' failed
Mar 16 07:14:44 apm.f5.local notice apmd[13338]: 01490010:5: /Common/default_ssl_vpn_policy_202203102312:Common:1c32aaea: Username '1422187408@qq.com'
Mar 16 07:14:44 apm.f5.local notice apmd[13338]: 01490103:5: /Common/default_ssl_vpn_policy_202203102312:Common:1c32aaea: Retry Username '1422187408@qq.com'
Mar 16 07:14:44 apm.f5.local warning apmd[13338]: 01490212:4: /Common/default_ssl_vpn_policy_202203102312:Common:1c32aaea: LOCALDB agent: (logon attempt:3) authenticate with '1422187408@qq.com' failed
Mar 16 07:15:06 apm.f5.local notice apmd[13338]: 01490010:5: /Common/default_ssl_vpn_policy_202203102312:Common:1c32aaea: Username '1422187408@qq.com'
Mar 16 07:15:06 apm.f5.local notice apmd[13338]: 01490103:5: /Common/default_ssl_vpn_policy_202203102312:Common:1c32aaea: Retry Username '1422187408@qq.com'
Mar 16 07:15:06 apm.f5.local warning apmd[13338]: 01490212:4: /Common/default_ssl_vpn_policy_202203102312:Common:1c32aaea: LOCALDB agent: (logon attempt:4) authenticate with '1422187408@qq.com' failed
Mar 16 07:15:06 apm.f5.local notice apmd[13338]: 01490005:5: /Common/default_ssl_vpn_policy_202203102312:Common:1c32aaea: Following rule 'fallback' from item 'LocalDB Auth' to ending 'Deny'
Mar 16 07:15:06 apm.f5.local notice apmd[13338]: 01490102:5: /Common/default_ssl_vpn_policy_202203102312:Common:1c32aaea: Access policy result: Logon_Deny
Mar 16 07:15:06 apm.f5.local notice apmd[13338]: 01490248:5: /Common/default_ssl_vpn_policy_202203102312:Common:1c32aaea: Received client info - Hostname: TM-94212 Type: IE Version: 11 Platform: Win10 CPU: WOW64 UI Mode: Full Javascript Support: 1 ActiveX Support: 1 Plugin Support: 0
Mar 16 07:15:09 apm.f5.local notice tmm1[18812]: 01490567:5: /Common/default_ssl_vpn_policy_202203102312:Common:1c32aaea: Session deleted (policy_result).
Mar 16 07:15:21 apm.f5.local notice tmm[18812]: 01490506:5: /Common/default_ssl_vpn_policy_202203102312:Common:ad8aff0d: Received User-Agent header: Mozilla%2F5.0%20(Windows%20NT%2010.0%3B%20WOW64%3B%20Trident%2F7.0%3B%20rv%3A11.0)%20like%20Gecko.
Mar 16 07:15:21 apm.f5.local notice tmm[18812]: 01490500:5: /Common/default_ssl_vpn_policy_202203102312:Common:ad8aff0d: New session from client IP 183.193.172.232 (ST=Shanghai/CC=CN/C=AS) at VIP 109.101.115.10 Listener /Common/default_ssl_vpn_policy_202203102312_vs (Reputation=Unknown)
Mar 16 07:15:22 apm.f5.local notice tmm3[18812]: 01490506:5: /Common/default_ssl_vpn_policy_202203102312:Common:63b2faf3: Received User-Agent header: Mozilla%2F5.0%20(Windows%20NT%2010.0%3B%20WOW64%3B%20Trident%2F7.0%3B%20rv%3A11.0)%20like%20Gecko.
Mar 16 07:15:22 apm.f5.local notice tmm3[18812]: 01490500:5: /Common/default_ssl_vpn_policy_202203102312:Common:63b2faf3: New session from client IP 117.143.177.177 (ST=Shanghai/CC=CN/C=AS) at VIP 109.101.115.10 Listener /Common/default_ssl_vpn_policy_202203102312_vs (Reputation=Unknown)
Mar 16 07:15:33 apm.f5.local notice apmd[13338]: 014902f7:5: /Common/default_ssl_vpn_policy_202203102312:Common:63b2faf3:/Common/default_ssl_vpn_policy_202203102312_act_av_software_check_ag: endpoint software detected (sdk=4.3.1453.0,type=av,id=535,vendor_id=388,version=9.0.69.1,state=1,name=AhnLab V3 Internet Security,vendor_name=AhnLab, Inc.,db_signature=1372,db_version=,db_time=1647284400,last_scan=1647318776,engine_version=2022.03.15.03,missing_updates=).
Mar 16 07:15:33 apm.f5.local notice apmd[13338]: 014902f7:5: /Common/default_ssl_vpn_policy_202203102312:Common:63b2faf3:/Common/default_ssl_vpn_policy_202203102312_act_av_software_check_ag: endpoint software detected (sdk=4.3.1453.0,type=av,id=362,vendor_id=90,version=4.18.1807.18075,state=,name=Windows Defender,vendor_name=Microsoft Corporation,db_signature=477,db_version=,db_time=0,last_scan=0,engine_version=,missing_updates=).
Mar 16 07:15:42 apm.f5.local notice apmd[13338]: 01490010:5: /Common/default_ssl_vpn_policy_202203102312:Common:63b2faf3: Username '1422187408@qq.com'
Mar 16 07:15:42 apm.f5.local warning apmd[13338]: 01490212:4: /Common/default_ssl_vpn_policy_202203102312:Common:63b2faf3: LOCALDB agent: (logon attempt:0) authenticate with '1422187408@qq.com' failed
Mar 16 07:15:46 apm.f5.local notice tmm1[18812]: 01490521:5: /Common/default_ssl_vpn_policy_202203102312:Common:1c32aaea: Session statistics - bytes in: 39113, bytes out: 18171
Mar 16 07:15:49 apm.f5.local notice apmd[13338]: 01490010:5: /Common/default_ssl_vpn_policy_202203102312:Common:63b2faf3: Username '1422187408@qq.com'
