Mar 15 09:50:42 apm.f5.local notice apmd[13338]: 01490005:5: /Common/default_ssl_vpn_policy_202203102312:Common:16908158: Following rule 'fallback' from item 'Antivirus' to ending 'Deny'
Mar 15 09:50:45 apm.f5.local notice tmm3[18812]: 01490549:5: /Common/default_ssl_vpn_policy_202203102312:Common:6d7f767b: Assigned PPP Dynamic IPv4: 109.101.115.126 ID: c3d9f477 Tunnel Type: VPN_TUNNELTYPE_TLS NA Resource: /Common/default_ssl_vpn_policy_202203102312_na_res Client IP: 139.226.116.80 
Mar 15 09:50:45 apm.f5.local notice tmm3[18812]: 01490505:5: /Common/default_ssl_vpn_policy_202203102312:Common:6d7f767b: PPP tunnel 0x5601480cd500 (ID: c3d9f477) started.
Mar 15 09:51:10 apm.f5.local notice apmd[13338]: 01490103:5: /Common/default_ssl_vpn_policy_202203102312:Common:a061415c: Retry Username 'wuchangsheng1223@163.com'
Mar 15 09:51:17 apm.f5.local notice apmd[13338]: 01490103:5: /Common/default_ssl_vpn_policy_202203102312:Common:a061415c: Retry Username 'wuchangsheng1223@163.com'
Mar 15 09:51:17 apm.f5.local notice apmd[13338]: 01490005:5: /Common/default_ssl_vpn_policy_202203102312:Common:a061415c: Following rule 'fallback' from item 'OTP Verify' to ending 'Deny'
Mar 15 09:51:17 apm.f5.local notice apmd[13338]: 01490102:5: /Common/default_ssl_vpn_policy_202203102312:Common:a061415c: Access policy result: Logon_Deny
Mar 15 09:51:17 apm.f5.local notice apmd[13338]: 01490248:5: /Common/default_ssl_vpn_policy_202203102312:Common:a061415c: Received client info - Hostname: SPCI-HANXUE Type: IE Version: 11 Platform: Win10 CPU: WOW64 UI Mode: Full Javascript Support: 1 ActiveX Support: 1 Plugin Support: 0
Mar 15 09:51:20 apm.f5.local notice tmm3[18812]: 01490567:5: /Common/default_ssl_vpn_policy_202203102312:Common:a061415c: Session deleted (policy_result).
Mar 15 09:51:31 apm.f5.local notice tmm1[18812]: 01490506:5: /Common/default_ssl_vpn_policy_202203102312:Common:594e031a: Received User-Agent header: Mozilla%2F5.0%20(Windows%20NT%2010.0%3B%20WOW64%3B%20Trident%2F7.0%3B%20rv%3A11.0)%20like%20Gecko.
Mar 15 09:51:31 apm.f5.local notice tmm1[18812]: 01490500:5: /Common/default_ssl_vpn_policy_202203102312:Common:594e031a: New session from client IP 120.204.79.24 (ST=Shanghai/CC=CN/C=AS) at VIP 109.101.115.10 Listener /Common/default_ssl_vpn_policy_202203102312_vs (Reputation=Unknown)
Mar 15 09:51:32 apm.f5.local notice tmm3[18812]: 01490505:5: /Common/default_ssl_vpn_policy_202203102312:Common:457769d2: PPP tunnel 0x5601480fee00 (ID: bf27301a) closed.
Mar 15 09:51:33 apm.f5.local notice tmm3[18812]: 01490549:5: /Common/default_ssl_vpn_policy_202203102312:Common:457769d2: Assigned PPP Dynamic IPv4: 109.101.115.231 ID: ad592f6c Tunnel Type: VPN_TUNNELTYPE_TLS NA Resource: /Common/default_ssl_vpn_policy_202203102312_na_res Client IP: 124.77.92.207 - Reconnect
Mar 15 09:51:33 apm.f5.local notice tmm3[18812]: 01490505:5: /Common/default_ssl_vpn_policy_202203102312:Common:457769d2: PPP tunnel 0x5601480dca00 (ID: ad592f6c) started.
Mar 15 09:51:42 apm.f5.local notice apmd[13338]: 014902f7:5: /Common/default_ssl_vpn_policy_202203102312:Common:594e031a:/Common/default_ssl_vpn_policy_202203102312_act_av_software_check_ag: endpoint software detected (sdk=4.3.1453.0,type=av,id=535,vendor_id=388,version=9.0.69.1,state=1,name=AhnLab V3 Internet Security,vendor_name=AhnLab, Inc.,db_signature=1372,db_version=,db_time=1647108000,last_scan=1647305085,engine_version=2022.03.13.02,missing_updates=).
Mar 15 09:51:42 apm.f5.local notice apmd[13338]: 014902f7:5: /Common/default_ssl_vpn_policy_202203102312:Common:594e031a:/Common/default_ssl_vpn_policy_202203102312_act_av_software_check_ag: endpoint software detected (sdk=4.3.1453.0,type=av,id=362,vendor_id=90,version=4.18.1807.18075,state=,name=Windows Defender,vendor_name=Microsoft Corporation,db_signature=477,db_version=1.273.933.0,db_time=1533572275,last_scan=0,engine_version=1.1.15100.1,missing_updates=).
Mar 15 09:51:55 apm.f5.local notice apmd[13338]: 01490010:5: /Common/default_ssl_vpn_policy_202203102312:Common:594e031a: Username 'wuchangsheng1223@163.com'
Mar 15 09:51:59 apm.f5.local notice tmm3[18812]: 01490521:5: /Common/default_ssl_vpn_policy_202203102312:Common:a061415c: Session statistics - bytes in: 32276, bytes out: 68561
Mar 15 09:52:02 apm.f5.local notice apmd[13338]: 01490010:5: /Common/default_ssl_vpn_policy_202203102312:Common:f914871d: Username 'fuliguo1985@icloud.com'
Mar 15 09:52:02 apm.f5.local notice apmd[13338]: 01490103:5: /Common/default_ssl_vpn_policy_202203102312:Common:f914871d: Retry Username 'fuliguo1985@icloud.com'
Mar 15 09:52:02 apm.f5.local warning apmd[13338]: 01490212:4: /Common/default_ssl_vpn_policy_202203102312:Common:f914871d: LOCALDB agent: (logon attempt:1) authenticate with 'fuliguo1985@icloud.com' failed
Mar 15 09:52:09 apm.f5.local notice apmd[13338]: 01490008:5: /Common/default_ssl_vpn_policy_202203102312:Common:594e031a: Connectivity resource '/Common/default_ssl_vpn_policy_202203102312_na_res' assigned
Mar 15 09:52:09 apm.f5.local notice apmd[13338]: 01490128:5: /Common/default_ssl_vpn_policy_202203102312:Common:594e031a: Webtop '/Common/default_ssl_vpn_policy_202203102312_webtop' assigned
Mar 15 09:52:09 apm.f5.local notice apmd[13338]: 01490005:5: /Common/default_ssl_vpn_policy_202203102312:Common:594e031a: Following rule 'fallback' from item 'Advanced Resource Assign' to ending 'Allow'
Mar 15 09:52:09 apm.f5.local notice apmd[13338]: 01490102:5: /Common/default_ssl_vpn_policy_202203102312:Common:594e031a: Access policy result: Network_Access
Mar 15 09:52:09 apm.f5.local notice apmd[13338]: 01490248:5: /Common/default_ssl_vpn_policy_202203102312:Common:594e031a: Received client info - Hostname: SPCI-HANXUE Type: IE Version: 11 Platform: Win10 CPU: WOW64 UI Mode: Full Javascript Support: 1 ActiveX Support: 1 Plugin Support: 0
Mar 15 09:52:13 apm.f5.local err tmm[18812]: 01490514:3: (null):Common:00000000: Access encountered error: ERR_INPROGRESS. File: ../modules/hudfilter/access/access.c, Function: access_process_state_client_enforce_acl, Line: 13545
Mar 15 09:52:13 apm.f5.local err tmm[18812]: 01490514:3: (null):Common:00000000: Access encountered error: ERR_INPROGRESS. File: ../modules/hudfilter/access/access.c, Function: hud_access_handler, Line: 3882
Mar 15 09:52:16 apm.f5.local err tmm3[18812]: 01490514:3: (null):Common:00000000: Access encountered error: ERR_INPROGRESS. File: ../modules/hudfilter/access/access.c, Function: access_process_state_client_enforce_session, Line: 9027
Mar 15 09:52:16 apm.f5.local err tmm3[18812]: 01490514:3: (null):Common:00000000: Access encountered error: ERR_INPROGRESS. File: ../modules/hudfilter/access/access.c, Function: hud_access_handler, Line: 3987
Mar 15 09:52:23 apm.f5.local notice tmm2[18812]: 01490549:5: /Common/default_ssl_vpn_policy_202203102312:Common:594e031a: Assigned PPP Dynamic IPv4: 109.101.115.104 ID: cacc1fa3 Tunnel Type: VPN_TUNNELTYPE_TLS NA Resource: /Common/default_ssl_vpn_policy_202203102312_na_res Client IP: 120.204.79.24 
Mar 15 09:52:23 apm.f5.local notice tmm2[18812]: 01490505:5: /Common/default_ssl_vpn_policy_202203102312:Common:594e031a: PPP tunnel 0x5600dc500a00 (ID: cacc1fa3) started.
Mar 15 09:52:58 apm.f5.local notice tmm[18812]: 01490505:5: /Common/default_ssl_vpn_policy_202203102312:Common:c75def70: PPP tunnel 0x560001758500 (ID: 6adb33ed) closed.
Mar 15 09:53:41 apm.f5.local notice tmm3[18812]: 01490567:5: /Common/default_ssl_vpn_policy_202203102312:Common:69ec5cfa: Session deleted (restarted).
Mar 15 09:53:41 apm.f5.local notice tmm[18812]: 01490506:5: /Common/default_ssl_vpn_policy_202203102312:Common:0c62136c: Received User-Agent header: Mozilla%2F5.0%20(Windows%20NT%2010.0%3B%20Win64%3B%20x64)%20AppleWebKit%2F537.36%20(KHTML%2C%20like%20Gecko)%20Chrome%2F99.0.4844.51%20Safari%2F537.36.
Mar 15 09:53:41 apm.f5.local notice tmm[18812]: 01490500:5: /Common/default_ssl_vpn_policy_202203102312:Common:0c62136c: New session from client IP 180.171.236.67 (ST=Shanghai/CC=CN/C=AS) at VIP 109.101.115.10 Listener /Common/default_ssl_vpn_policy_202203102312_vs (Reputation=Unknown)
Mar 15 09:53:57 apm.f5.local notice tmm1[18812]: 01490506:5: /Common/default_ssl_vpn_policy_202203102312:Common:b3bdeec6: Received User-Agent header: Mozilla%2F4.0%20(compatible%3B%20MSIE%207.0%3B%20Windows%20NT%2010.0%3B%20WOW64%3B%20Trident%2F7.0%3B%20.NET4.0C%3B%20.NET4.0E%3B%20.NET%20CLR%202.0.50727%3B%20.NET%20CLR%203.0.30729%3B%20.NET%20CLR%203.5.30729).
Mar 15 09:53:57 apm.f5.local notice tmm1[18812]: 01490500:5: /Common/default_ssl_vpn_policy_202203102312:Common:b3bdeec6: New session from client IP 180.171.236.67 (ST=Shanghai/CC=CN/C=AS) at VIP 109.101.115.10 Listener /Common/default_ssl_vpn_policy_202203102312_vs (Reputation=Unknown)
Mar 15 09:54:04 apm.f5.local notice apmd[13338]: 014902f7:5: /Common/default_ssl_vpn_policy_202203102312:Common:0c62136c:/Common/default_ssl_vpn_policy_202203102312_act_av_software_check_ag: endpoint software detected (sdk=4.3.1453.0,type=av,id=535,vendor_id=388,version=9.0.69.1,state=1,name=AhnLab V3 Internet Security,vendor_name=AhnLab, Inc.,db_signature=1372,db_version=,db_time=1646938800,last_scan=1647308979,engine_version=2022.03.11.03,missing_updates=).
Mar 15 09:54:04 apm.f5.local notice apmd[13338]: 014902f7:5: /Common/default_ssl_vpn_policy_202203102312:Common:0c62136c:/Common/default_ssl_vpn_policy_202203102312_act_av_software_check_ag: endpoint software detected (sdk=4.3.1453.0,type=av,id=362,vendor_id=90,version=4.18.1807.18075,state=,name=Windows Defender,vendor_name=Microsoft Corporation,db_signature=477,db_version=,db_time=0,last_scan=0,engine_version=,missing_updates=).
Mar 15 09:54:09 apm.f5.local notice apmd[13338]: 01490005:5: /Common/default_ssl_vpn_policy_202203102312:Common:bff34bbb: Following rule 'fallback' from item 'Antivirus' to ending 'Deny'
Mar 15 09:54:09 apm.f5.local notice apmd[13338]: 01490102:5: /Common/default_ssl_vpn_policy_202203102312:Common:bff34bbb: Access policy result: Logon_Deny
Mar 15 09:54:09 apm.f5.local notice apmd[13338]: 01490248:5: /Common/default_ssl_vpn_policy_202203102312:Common:bff34bbb: Received client info - Hostname:  Type: IE Version: 11 Platform: Win10 CPU: WOW64 UI Mode: Full Javascript Support: 1 ActiveX Support: 1 Plugin Support: 0
Mar 15 09:54:09 apm.f5.local notice tmm1[18812]: 01490567:5: /Common/default_ssl_vpn_policy_202203102312:Common:bff34bbb: Session deleted (policy_result).
Mar 15 09:54:11 apm.f5.local notice tmm2[18812]: 01490506:5: /Common/default_ssl_vpn_policy_202203102312:Common:070f2e2b: Received User-Agent header: Mozilla%2F5.0%20(Windows%20NT%2010.0%3B%20WOW64%3B%20Trident%2F7.0%3B%20rv%3A11.0)%20like%20Gecko.
Mar 15 09:54:11 apm.f5.local notice tmm2[18812]: 01490500:5: /Common/default_ssl_vpn_policy_202203102312:Common:070f2e2b: New session from client IP 183.193.138.222 (ST=Shanghai/CC=CN/C=AS) at VIP 109.101.115.10 Listener /Common/default_ssl_vpn_policy_202203102312_vs (Reputation=Unknown)
Mar 15 09:54:16 apm.f5.local notice tmm3[18812]: 01490521:5: /Common/default_ssl_vpn_policy_202203102312:Common:69ec5cfa: Session statistics - bytes in: 46373, bytes out: 994100
Mar 15 09:54:19 apm.f5.local notice tmm1[18812]: 01490506:5: /Common/default_ssl_vpn_policy_202203102312:Common:2b057938: Received User-Agent header: Mozilla%2F5.0%20(Windows%20NT%2010.0%3B%20WOW64%3B%20Trident%2F7.0%3B%20rv%3A11.0)%20like%20Gecko.
Mar 15 09:54:19 apm.f5.local notice tmm1[18812]: 01490500:5: /Common/default_ssl_vpn_policy_202203102312:Common:2b057938: New session from client IP 111.32.123.59 (ST=Tianjin/CC=CN/C=AS) at VIP 109.101.115.10 Listener /Common/default_ssl_vpn_policy_202203102312_vs (Reputation=Unknown)
Mar 15 09:54:49 apm.f5.local notice tmm1[18812]: 01490521:5: /Common/default_ssl_vpn_policy_202203102312:Common:bff34bbb: Session statistics - bytes in: 328682, bytes out: 10751124
Mar 15 09:54:53 apm.f5.local notice tmm2[18812]: 01490506:5: /Common/default_ssl_vpn_policy_202203102312:Common:790a1736: Received User-Agent header: Mozilla%2F5.0%20(Windows%20NT%2010.0%3B%20WOW64%3B%20Trident%2F7.0%3B%20rv%3A11.0)%20like%20Gecko.
Mar 15 09:54:53 apm.f5.local notice tmm2[18812]: 01490500:5: /Common/default_ssl_vpn_policy_202203102312:Common:790a1736: New session from client IP 120.204.79.47 (ST=Shanghai/CC=CN/C=AS) at VIP 109.101.115.10 Listener /Common/default_ssl_vpn_policy_202203102312_vs (Reputation=Unknown)
Mar 15 09:54:54 apm.f5.local notice apmd[13338]: 01490010:5: /Common/default_ssl_vpn_policy_202203102312:Common:0c62136c: Username '540711941@qq.com'
Mar 15 09:55:02 apm.f5.local notice tmm1[18812]: 01490502:5: /Common/default_ssl_vpn_policy_202203102312:Common:59b3db4e: Session deleted due to user inactivity.
Mar 15 09:55:13 apm.f5.local notice apmd[13338]: 01490008:5: /Common/default_ssl_vpn_policy_202203102312:Common:0c62136c: Connectivity resource '/Common/default_ssl_vpn_policy_202203102312_na_res' assigned
Mar 15 09:55:13 apm.f5.local notice apmd[13338]: 01490128:5: /Common/default_ssl_vpn_policy_202203102312:Common:0c62136c: Webtop '/Common/default_ssl_vpn_policy_202203102312_webtop' assigned
Mar 15 09:55:13 apm.f5.local notice apmd[13338]: 01490005:5: /Common/default_ssl_vpn_policy_202203102312:Common:0c62136c: Following rule 'fallback' from item 'Advanced Resource Assign' to ending 'Allow'
Mar 15 09:55:13 apm.f5.local notice apmd[13338]: 01490102:5: /Common/default_ssl_vpn_policy_202203102312:Common:0c62136c: Access policy result: Network_Access
Mar 15 09:55:13 apm.f5.local notice apmd[13338]: 01490248:5: /Common/default_ssl_vpn_policy_202203102312:Common:0c62136c: Received client info - Hostname: DESKTOP-6R2LP8S Type: Mozilla Version: 5 Platform: Win10 CPU: x64 UI Mode: Full Javascript Support: 1 ActiveX Support: 0 Plugin Support: 0
Mar 15 09:55:20 apm.f5.local err tmm[18812]: 01490514:3: (null):Common:00000000: Access encountered error: ERR_INPROGRESS. File: ../modules/hudfilter/access/access.c, Function: access_process_state_client_enforce_acl, Line: 13545
Mar 15 09:55:41 apm.f5.local notice apmd[13338]: 01490010:5: /Common/default_ssl_vpn_policy_202203102312:Common:fc6f24fc: Username '36896530@qq.com'
Mar 15 09:55:42 apm.f5.local notice apmd[13338]: 01490005:5: /Common/default_ssl_vpn_policy_202203102312:Common:10b706c8: Following rule 'fallback' from item 'Antivirus' to ending 'Deny'
Mar 15 09:55:43 apm.f5.local notice tmm1[18812]: 01490521:5: /Common/default_ssl_vpn_policy_202203102312:Common:59b3db4e: Session statistics - bytes in: 190083, bytes out: 5425204
Mar 15 09:55:58 apm.f5.local err tmm[18812]: 01490514:3: (null):Common:00000000: Access encountered error: ERR_INPROGRESS. File: ../modules/hudfilter/access/access.c, Function: access_process_state_client_enforce_session, Line: 9027
Mar 15 09:55:58 apm.f5.local err tmm[18812]: 01490514:3: (null):Common:00000000: Access encountered error: ERR_INPROGRESS. File: ../modules/hudfilter/access/access.c, Function: hud_access_handler, Line: 3987
Mar 15 09:56:05 apm.f5.local notice tmm1[18812]: 01490506:5: /Common/default_ssl_vpn_policy_202203102312:Common:6c428c80: Received User-Agent header: Mozilla%2F4.0%20(compatible%3B%20MSIE%207.0%3B%20Windows%20NT%2010.0%3B%20WOW64%3B%20Trident%2F7.0%3B%20.NET4.0C%3B%20.NET4.0E%3B%20.NET%20CLR%202.0.50727%3B%20.NET%20CLR%203.0.30729%3B%20.NET%20CLR%203.5.30729).
Mar 15 09:56:05 apm.f5.local notice tmm1[18812]: 01490500:5: /Common/default_ssl_vpn_policy_202203102312:Common:6c428c80: New session from client IP 183.193.138.222 (ST=Shanghai/CC=CN/C=AS) at VIP 109.101.115.10 Listener /Common/default_ssl_vpn_policy_202203102312_vs (Reputation=Unknown)
Mar 15 09:56:20 apm.f5.local notice apmd[13338]: 014902f7:5: /Common/default_ssl_vpn_policy_202203102312:Common:070f2e2b:/Common/default_ssl_vpn_policy_202203102312_act_av_software_check_ag: endpoint software detected (sdk=4.3.1453.0,type=av,id=535,vendor_id=388,version=9.0.69.1,state=1,name=AhnLab V3 Internet Security,vendor_name=AhnLab, Inc.,db_signature=1372,db_version=,db_time=1646938800,last_scan=1646971687,engine_version=2022.03.11.03,missing_updates=).
Mar 15 09:56:20 apm.f5.local notice apmd[13338]: 014902f7:5: /Common/default_ssl_vpn_policy_202203102312:Common:070f2e2b:/Common/default_ssl_vpn_policy_202203102312_act_av_software_check_ag: endpoint software detected (sdk=4.3.1453.0,type=av,id=362,vendor_id=90,version=4.18.2108.7,state=,name=Windows Defender,vendor_name=Microsoft Corporation,db_signature=477,db_version=1.349.1301.0,db_time=1632429144,last_scan=0,engine_version=1.1.18500.10,missing_updates=).
Mar 15 09:56:43 apm.f5.local notice apmd[13338]: 01490010:5: /Common/default_ssl_vpn_policy_202203102312:Common:070f2e2b: Username '641314334@qq.com'
Mar 15 09:57:01 apm.f5.local notice apmd[13338]: 01490008:5: /Common/default_ssl_vpn_policy_202203102312:Common:070f2e2b: Connectivity resource '/Common/default_ssl_vpn_policy_202203102312_na_res' assigned
Mar 15 09:57:01 apm.f5.local notice apmd[13338]: 01490128:5: /Common/default_ssl_vpn_policy_202203102312:Common:070f2e2b: Webtop '/Common/default_ssl_vpn_policy_202203102312_webtop' assigned
Mar 15 09:57:01 apm.f5.local notice apmd[13338]: 01490005:5: /Common/default_ssl_vpn_policy_202203102312:Common:070f2e2b: Following rule 'fallback' from item 'Advanced Resource Assign' to ending 'Allow'
Mar 15 09:57:01 apm.f5.local notice apmd[13338]: 01490102:5: /Common/default_ssl_vpn_policy_202203102312:Common:070f2e2b: Access policy result: Network_Access
Mar 15 09:57:01 apm.f5.local notice apmd[13338]: 01490248:5: /Common/default_ssl_vpn_policy_202203102312:Common:070f2e2b: Received client info - Hostname: TM-94093 Type: IE Version: 11 Platform: Win10 CPU: WOW64 UI Mode: Full Javascript Support: 1 ActiveX Support: 1 Plugin Support: 0
Mar 15 09:57:04 apm.f5.local err tmm[18812]: 01490514:3: (null):Common:00000000: Access encountered error: ERR_INPROGRESS. File: ../modules/hudfilter/access/access.c, Function: access_process_state_client_enforce_acl, Line: 13545
Mar 15 09:57:04 apm.f5.local err tmm[18812]: 01490514:3: (null):Common:00000000: Access encountered error: ERR_INPROGRESS. File: ../modules/hudfilter/access/access.c, Function: hud_access_handler, Line: 3882
Mar 15 09:57:25 apm.f5.local notice tmm2[18812]: 01490549:5: /Common/default_ssl_vpn_policy_202203102312:Common:070f2e2b: Assigned PPP Dynamic IPv4: 109.101.115.154 ID: b27620cd Tunnel Type: VPN_TUNNELTYPE_TLS NA Resource: /Common/default_ssl_vpn_policy_202203102312_na_res Client IP: 183.193.138.222 
Mar 15 09:57:25 apm.f5.local notice tmm2[18812]: 01490505:5: /Common/default_ssl_vpn_policy_202203102312:Common:070f2e2b: PPP tunnel 0x5600dc4f6100 (ID: b27620cd) started.
Mar 15 09:58:04 apm.f5.local notice tmm3[18812]: 01490502:5: /Common/default_ssl_vpn_policy_202203102312:Common:c75def70: Session deleted due to user inactivity.
Mar 15 09:58:10 apm.f5.local notice tmm1[18812]: 01490501:5: /Common/default_ssl_vpn_policy_202203102312:Common:fc6f24fc: Session deleted due to user logout request.
Mar 15 09:58:17 apm.f5.local notice tmm2[18812]: 01490506:5: /Common/default_ssl_vpn_policy_202203102312:Common:1ef702aa: Received User-Agent header: Mozilla%2F5.0%20(Windows%20NT%2010.0%3B%20WOW64%3B%20Trident%2F7.0%3B%20rv%3A11.0)%20like%20Gecko.
Mar 15 09:58:17 apm.f5.local notice tmm2[18812]: 01490500:5: /Common/default_ssl_vpn_policy_202203102312:Common:1ef702aa: New session from client IP 120.204.189.234 (ST=Shanghai/CC=CN/C=AS) at VIP 109.101.115.10 Listener /Common/default_ssl_vpn_policy_202203102312_vs (Reputation=Unknown)
Mar 15 09:58:40 apm.f5.local notice tmm3[18812]: 01490521:5: /Common/default_ssl_vpn_policy_202203102312:Common:c75def70: Session statistics - bytes in: 426197, bytes out: 494206
Mar 15 09:58:45 apm.f5.local notice tmm1[18812]: 01490521:5: /Common/default_ssl_vpn_policy_202203102312:Common:fc6f24fc: Session statistics - bytes in: 17234, bytes out: 20486
Mar 15 09:59:10 apm.f5.local notice tmm[18812]: 01490505:5: /Common/default_ssl_vpn_policy_202203102312:Common:4f7837bb: PPP tunnel 0x56000177f500 (ID: 786176e1) closed.
Mar 15 10:00:05 apm.f5.local notice apmd[13338]: 014902f7:5: /Common/default_ssl_vpn_policy_202203102312:Common:2b057938:/Common/default_ssl_vpn_policy_202203102312_act_av_software_check_ag: endpoint software detected (sdk=4.3.1453.0,type=av,id=535,vendor_id=388,version=9.0.69.1,state=1,name=AhnLab V3 Internet Security,vendor_name=AhnLab, Inc.,db_signature=1372,db_version=,db_time=1647194400,last_scan=1647230721,engine_version=2022.03.14.02,missing_updates=).
Mar 15 10:00:05 apm.f5.local notice apmd[13338]: 014902f7:5: /Common/default_ssl_vpn_policy_202203102312:Common:2b057938:/Common/default_ssl_vpn_policy_202203102312_act_av_software_check_ag: endpoint software detected (sdk=4.3.1453.0,type=av,id=362,vendor_id=90,version=4.18.1807.18075,state=,name=Windows Defender,vendor_name=Microsoft Corporation,db_signature=477,db_version=1.329.2785.0,db_time=1611501524,last_scan=0,engine_version=1.1.17700.4,missing_updates=).
Mar 15 10:00:42 apm.f5.local notice apmd[13338]: 01490005:5: /Common/default_ssl_vpn_policy_202203102312:Common:790a1736: Following rule 'fallback' from item 'Antivirus' to ending 'Deny'
Mar 15 10:00:43 apm.f5.local notice apmd[13338]: 01490102:5: /Common/default_ssl_vpn_policy_202203102312:Common:790a1736: Access policy result: Logon_Deny
Mar 15 10:00:43 apm.f5.local notice apmd[13338]: 01490248:5: /Common/default_ssl_vpn_policy_202203102312:Common:790a1736: Received client info - Hostname: KEFU-29115 Type: IE Version: 11 Platform: Win10 CPU: WOW64 UI Mode: Full Javascript Support: 1 ActiveX Support: 1 Plugin Support: 0
Mar 15 10:00:43 apm.f5.local notice tmm2[18812]: 01490567:5: /Common/default_ssl_vpn_policy_202203102312:Common:790a1736: Session deleted (policy_result).
Mar 15 10:00:59 apm.f5.local notice tmm1[18812]: 01490502:5: /Common/default_ssl_vpn_policy_202203102312:Common:4f7837bb: Session deleted due to user inactivity.
Mar 15 10:01:10 apm.f5.local notice apmd[13338]: 01490010:5: /Common/default_ssl_vpn_policy_202203102312:Common:2b057938: Username 'wang-ming2112@163.com'
Mar 15 10:01:10 apm.f5.local warning apmd[13338]: 01490212:4: /Common/default_ssl_vpn_policy_202203102312:Common:2b057938: LOCALDB agent: (logon attempt:0) authenticate with 'wang-ming2112@163.com' failed
Mar 15 10:01:24 apm.f5.local notice tmm2[18812]: 01490521:5: /Common/default_ssl_vpn_policy_202203102312:Common:790a1736: Session statistics - bytes in: 13322, bytes out: 6126
Mar 15 10:01:33 apm.f5.local notice tmm1[18812]: 01490521:5: /Common/default_ssl_vpn_policy_202203102312:Common:4f7837bb: Session statistics - bytes in: 813264, bytes out: 3721036
Mar 15 10:02:01 apm.f5.local notice apmd[13338]: 01490010:5: /Common/default_ssl_vpn_policy_202203102312:Common:2b057938: Username 'wang-ming2112@163.com'
Mar 15 10:02:01 apm.f5.local notice apmd[13338]: 01490103:5: /Common/default_ssl_vpn_policy_202203102312:Common:2b057938: Retry Username 'wang-ming2112@163.com'
Mar 15 10:02:01 apm.f5.local warning apmd[13338]: 01490212:4: /Common/default_ssl_vpn_policy_202203102312:Common:2b057938: LOCALDB agent: (logon attempt:1) authenticate with 'wang-ming2112@163.com' failed
Mar 15 10:02:09 apm.f5.local notice apmd[13338]: 01490010:5: /Common/default_ssl_vpn_policy_202203102312:Common:f914871d: Username 'fuliguo85@qq.com'
Mar 15 10:02:09 apm.f5.local notice apmd[13338]: 01490103:5: /Common/default_ssl_vpn_policy_202203102312:Common:f914871d: Retry Username 'fuliguo85@qq.com'
Mar 15 10:02:09 apm.f5.local warning apmd[13338]: 01490212:4: /Common/default_ssl_vpn_policy_202203102312:Common:f914871d: LOCALDB agent: (logon attempt:2) authenticate with 'fuliguo85@qq.com' failed
Mar 15 10:02:11 apm.f5.local notice tmm2[18812]: 01490506:5: /Common/default_ssl_vpn_policy_202203102312:Common:d009a507: Received User-Agent header: Mozilla%2F5.0%20(Windows%20NT%2010.0%3B%20WOW64%3B%20Trident%2F7.0%3B%20rv%3A11.0)%20like%20Gecko.
Mar 15 10:02:11 apm.f5.local notice tmm2[18812]: 01490500:5: /Common/default_ssl_vpn_policy_202203102312:Common:d009a507: New session from client IP 116.230.92.93 (ST=Shanghai/CC=CN/C=AS) at VIP 109.101.115.10 Listener /Common/default_ssl_vpn_policy_202203102312_vs (Reputation=Unknown)
Mar 15 10:02:28 apm.f5.local notice apmd[13338]: 014902f7:5: /Common/default_ssl_vpn_policy_202203102312:Common:d009a507:/Common/default_ssl_vpn_policy_202203102312_act_av_software_check_ag: endpoint software detected (sdk=4.3.1453.0,type=av,id=535,vendor_id=388,version=9.0.69.1,state=1,name=AhnLab V3 Internet Security,vendor_name=AhnLab, Inc.,db_signature=1372,db_version=,db_time=1647187200,last_scan=1646976518,engine_version=2022.03.14.00,missing_updates=).
Mar 15 10:02:28 apm.f5.local notice apmd[13338]: 014902f7:5: /Common/default_ssl_vpn_policy_202203102312:Common:d009a507:/Common/default_ssl_vpn_policy_202203102312_act_av_software_check_ag: endpoint software detected (sdk=4.3.1453.0,type=av,id=362,vendor_id=90,version=4.18.2201.10,state=,name=Windows Defender,vendor_name=Microsoft Corporation,db_signature=477,db_version=1.359.1714.0,db_time=1646905832,last_scan=0,engine_version=1.1.18900.3,missing_updates=).
Mar 15 10:02:36 apm.f5.local notice tmm2[18812]: 01490505:5: /Common/default_ssl_vpn_policy_202203102312:Common:3f3669b8: PPP tunnel 0x5600dc4db300 (ID: 60a4bdac) closed.
Mar 15 10:02:43 apm.f5.local notice tmm2[18812]: 01490506:5: /Common/default_ssl_vpn_policy_202203102312:Common:948e6262: Received User-Agent header: Mozilla%2F5.0%20(Windows%20NT%2010.0%3B%20WOW64%3B%20Trident%2F7.0%3B%20rv%3A11.0)%20like%20Gecko.
Mar 15 10:02:43 apm.f5.local notice tmm2[18812]: 01490500:5: /Common/default_ssl_vpn_policy_202203102312:Common:948e6262: New session from client IP 61.152.208.215 (ST=Shanghai/CC=CN/C=AS) at VIP 109.101.115.10 Listener /Common/default_ssl_vpn_policy_202203102312_vs (Reputation=Unknown)
Mar 15 10:02:46 apm.f5.local notice apmd[13338]: 01490010:5: /Common/default_ssl_vpn_policy_202203102312:Common:d009a507: Username '2226349805@qq.com'
Mar 15 10:02:48 apm.f5.local notice tmm[18812]: 01490506:5: /Common/default_ssl_vpn_policy_202203102312:Common:7d8bfcb0: Received User-Agent header: Mozilla%2F5.0%20(Windows%20NT%2010.0%3B%20WOW64%3B%20Trident%2F7.0%3B%20rv%3A11.0)%20like%20Gecko.
Mar 15 10:02:48 apm.f5.local notice tmm[18812]: 01490500:5: /Common/default_ssl_vpn_policy_202203102312:Common:7d8bfcb0: New session from client IP 120.204.189.234 (ST=Shanghai/CC=CN/C=AS) at VIP 109.101.115.10 Listener /Common/default_ssl_vpn_policy_202203102312_vs (Reputation=Unknown)
Mar 15 10:02:50 apm.f5.local notice ldbutil[56134]: 01ab0115:5: Marked the user /Common/ssl_vpn_localdb_202203102317:fuliguo1985@icloud.com for deletion in memcache.
Mar 15 10:02:50 apm.f5.local notice localdbmgr[13373]: 01ab0105:5: Update: [UPDATE auth_user SET deleted = 1 WHERE uname="fuliguo1985@icloud.com" AND instance="/Common/ssl_vpn_localdb_202203102317";]
Mar 15 10:02:50 apm.f5.local notice localdbmgr[13373]: 01ab0105:5: Updated DB for Admin triggered deletion for user /Common/ssl_vpn_localdb_202203102317:fuliguo1985@icloud.com
Mar 15 10:02:50 apm.f5.local notice localdbmgr[13373]: 01ab0116:5: Local user (/Common/ssl_vpn_localdb_202203102317:fuliguo1985@icloud.com) changes succesfully persisted to the database.
Mar 15 10:02:50 apm.f5.local notice ldbutil[56136]: 01ab0105:5: Update: [UPDATE auth_user SET deleted = 1 WHERE uname="fuliguo1985@icloud.com" AND instance="/Common/ssl_vpn_localdb_202203102317";]
Mar 15 10:02:50 apm.f5.local notice ldbutil[56136]: 01ab0105:5: Updated DB for Admin triggered deletion for user /Common/ssl_vpn_localdb_202203102317:fuliguo1985@icloud.com
Mar 15 10:02:58 apm.f5.local notice tmm2[18812]: 01490567:5: /Common/default_ssl_vpn_policy_202203102312:Common:4e13534d: Session deleted (out_of_compliance; code - 24577).
Mar 15 10:02:59 apm.f5.local notice tmm2[18812]: 01490505:5: /Common/default_ssl_vpn_policy_202203102312:Common:4e13534d: PPP tunnel 0x5600dc4ced00 (ID: 208182ab) closed.
Mar 15 10:03:02 apm.f5.local notice apmd[13338]: 01490010:5: /Common/default_ssl_vpn_policy_202203102312:Common:2b057938: Username 'wang-ming2112@163.com'
Mar 15 10:03:02 apm.f5.local notice apmd[13338]: 01490103:5: /Common/default_ssl_vpn_policy_202203102312:Common:2b057938: Retry Username 'wang-ming2112@163.com'
Mar 15 10:03:04 apm.f5.local notice apmd[13338]: 01490008:5: /Common/default_ssl_vpn_policy_202203102312:Common:d009a507: Connectivity resource '/Common/default_ssl_vpn_policy_202203102312_na_res' assigned
Mar 15 10:03:04 apm.f5.local notice apmd[13338]: 01490128:5: /Common/default_ssl_vpn_policy_202203102312:Common:d009a507: Webtop '/Common/default_ssl_vpn_policy_202203102312_webtop' assigned
Mar 15 10:03:04 apm.f5.local notice apmd[13338]: 01490005:5: /Common/default_ssl_vpn_policy_202203102312:Common:d009a507: Following rule 'fallback' from item 'Advanced Resource Assign' to ending 'Allow'
Mar 15 10:03:04 apm.f5.local notice apmd[13338]: 01490102:5: /Common/default_ssl_vpn_policy_202203102312:Common:d009a507: Access policy result: Network_Access
Mar 15 10:03:04 apm.f5.local notice apmd[13338]: 01490248:5: /Common/default_ssl_vpn_policy_202203102312:Common:d009a507: Received client info - Hostname: DESKTOP-LFUMGVF Type: IE Version: 11 Platform: Win10 CPU: WOW64 UI Mode: Full Javascript Support: 1 ActiveX Support: 1 Plugin Support: 0
Mar 15 10:03:05 apm.f5.local err tmm2[18812]: 01490514:3: (null):Common:00000000: Access encountered error: ERR_INPROGRESS. File: ../modules/hudfilter/access/access.c, Function: access_process_state_client_enforce_acl, Line: 13545
Mar 15 10:03:06 apm.f5.local notice tmm2[18812]: 01490506:5: /Common/default_ssl_vpn_policy_202203102312:Common:63aeb147: Received User-Agent header: Mozilla%2F4.0%20(compatible%3B%20MSIE%207.0%3B%20Windows%20NT%2010.0%3B%20WOW64%3B%20Trident%2F7.0%3B%20.NET4.0C%3B%20.NET4.0E%3B%20.NET%20CLR%202.0.50727%3B%20.NET%20CLR%203.0.30729%3B%20.NET%20CLR%203.5.30729).
Mar 15 10:03:06 apm.f5.local notice tmm2[18812]: 01490500:5: /Common/default_ssl_vpn_policy_202203102312:Common:63aeb147: New session from client IP 112.255.65.175 (ST=Shandong/CC=CN/C=AS) at VIP 109.101.115.10 Listener /Common/default_ssl_vpn_policy_202203102312_vs (Reputation=Unknown)
Mar 15 10:03:08 apm.f5.local err tmm3[18812]: 01490514:3: (null):Common:00000000: Access encountered error: ERR_INPROGRESS. File: ../modules/hudfilter/access/access.c, Function: access_process_state_client_enforce_session, Line: 9027
Mar 15 10:03:08 apm.f5.local err tmm3[18812]: 01490514:3: (null):Common:00000000: Access encountered error: ERR_INPROGRESS. File: ../modules/hudfilter/access/access.c, Function: hud_access_handler, Line: 3987
Mar 15 10:03:15 apm.f5.local notice tmm1[18812]: 01490549:5: /Common/default_ssl_vpn_policy_202203102312:Common:d009a507: Assigned PPP Dynamic IPv4: 109.101.115.159 ID: dbf2ef88 Tunnel Type: VPN_TUNNELTYPE_TLS NA Resource: /Common/default_ssl_vpn_policy_202203102312_na_res Client IP: 116.230.92.93 
Mar 15 10:03:15 apm.f5.local notice tmm1[18812]: 01490505:5: /Common/default_ssl_vpn_policy_202203102312:Common:d009a507: PPP tunnel 0x5600708e0000 (ID: dbf2ef88) started.
Mar 15 10:03:21 apm.f5.local notice apmd[13338]: 014902f7:5: /Common/default_ssl_vpn_policy_202203102312:Common:948e6262:/Common/default_ssl_vpn_policy_202203102312_act_av_software_check_ag: endpoint software detected (sdk=4.3.1453.0,type=av,id=535,vendor_id=388,version=9.0.69.1,state=1,name=AhnLab V3 Internet Security,vendor_name=AhnLab, Inc.,db_signature=1372,db_version=,db_time=1647111600,last_scan=1647230552,engine_version=2022.03.13.03,missing_updates=).
Mar 15 10:03:21 apm.f5.local notice apmd[13338]: 014902f7:5: /Common/default_ssl_vpn_policy_202203102312:Common:948e6262:/Common/default_ssl_vpn_policy_202203102312_act_av_software_check_ag: endpoint software detected (sdk=4.3.1453.0,type=av,id=362,vendor_id=90,version=4.18.1807.18075,state=,name=Windows Defender,vendor_name=Microsoft Corporation,db_signature=477,db_version=,db_time=0,last_scan=0,engine_version=,missing_updates=).
Mar 15 10:03:37 apm.f5.local notice tmm2[18812]: 01490521:5: /Common/default_ssl_vpn_policy_202203102312:Common:4e13534d: Session statistics - bytes in: 29177840, bytes out: 23996135
Mar 15 10:03:38 apm.f5.local notice ldbutil[56170]: 01ab0113:5: Modified local user(/Common/ssl_vpn_localdb_202203102317:fuliguo85@qq.com) entry in memcache.
Mar 15 10:03:38 apm.f5.local notice localdbmgr[13373]: 01ab0105:5: Updated DB for Admin triggered changes to user /Common/ssl_vpn_localdb_202203102317:fuliguo85@qq.com
Mar 15 10:03:38 apm.f5.local notice localdbmgr[13373]: 01ab0116:5: Local user (/Common/ssl_vpn_localdb_202203102317:fuliguo85@qq.com) changes succesfully persisted to the database.
Mar 15 10:03:40 apm.f5.local notice apmd[13338]: 01490008:5: /Common/default_ssl_vpn_policy_202203102312:Common:2b057938: Connectivity resource '/Common/default_ssl_vpn_policy_202203102312_na_res' assigned
Mar 15 10:03:40 apm.f5.local notice apmd[13338]: 01490128:5: /Common/default_ssl_vpn_policy_202203102312:Common:2b057938: Webtop '/Common/default_ssl_vpn_policy_202203102312_webtop' assigned
Mar 15 10:03:40 apm.f5.local notice apmd[13338]: 01490005:5: /Common/default_ssl_vpn_policy_202203102312:Common:2b057938: Following rule 'fallback' from item 'Advanced Resource Assign' to ending 'Allow'
Mar 15 10:03:40 apm.f5.local notice apmd[13338]: 01490102:5: /Common/default_ssl_vpn_policy_202203102312:Common:2b057938: Access policy result: Network_Access
Mar 15 10:03:40 apm.f5.local notice apmd[13338]: 01490248:5: /Common/default_ssl_vpn_policy_202203102312:Common:2b057938: Received client info - Hostname: DESKTOP-N7E6FS6 Type: IE Version: 11 Platform: Win10 CPU: WOW64 UI Mode: Full Javascript Support: 1 ActiveX Support: 1 Plugin Support: 0
Mar 15 10:03:50 apm.f5.local err tmm2[18812]: 01490514:3: (null):Common:00000000: Access encountered error: ERR_INPROGRESS. File: ../modules/hudfilter/access/access.c, Function: access_process_state_client_enforce_acl, Line: 13545
Mar 15 10:03:50 apm.f5.local err tmm2[18812]: 01490514:3: (null):Common:00000000: Access encountered error: ERR_INPROGRESS. File: ../modules/hudfilter/access/access.c, Function: hud_access_handler, Line: 3882
Mar 15 10:04:38 apm.f5.local notice apmd[13338]: 01490010:5: /Common/default_ssl_vpn_policy_202203102312:Common:f914871d: Username 'fuliguo85@qq.com'
Mar 15 10:04:38 apm.f5.local notice apmd[13338]: 01490103:5: /Common/default_ssl_vpn_policy_202203102312:Common:f914871d: Retry Username 'fuliguo85@qq.com'
Mar 15 10:04:50 apm.f5.local notice apmd[13338]: 014902f7:5: /Common/default_ssl_vpn_policy_202203102312:Common:7d8bfcb0:/Common/default_ssl_vpn_policy_202203102312_act_av_software_check_ag: endpoint software detected (sdk=4.3.1453.0,type=av,id=535,vendor_id=388,version=9.0.69.1,state=1,name=AhnLab V3 Internet Security,vendor_name=AhnLab, Inc.,db_signature=1372,db_version=,db_time=1646593200,last_scan=1647230686,engine_version=2022.03.07.03,missing_updates=).
Mar 15 10:04:50 apm.f5.local notice apmd[13338]: 014902f7:5: /Common/default_ssl_vpn_policy_202203102312:Common:7d8bfcb0:/Common/default_ssl_vpn_policy_202203102312_act_av_software_check_ag: endpoint software detected (sdk=4.3.1453.0,type=av,id=362,vendor_id=90,version=4.18.1909.6,state=,name=Windows Defender,vendor_name=Microsoft Corporation,db_signature=477,db_version=1.331.2079.0,db_time=1614561748,last_scan=0,engine_version=1.1.17800.5,missing_updates=).
Mar 15 10:04:53 apm.f5.local notice tmm[18812]: 01490502:5: /Common/default_ssl_vpn_policy_202203102312:Common:a57f1551: Session deleted due to user inactivity.
Mar 15 10:05:08 apm.f5.local notice tmm3[18812]: 01490506:5: /Common/default_ssl_vpn_policy_202203102312:Common:9329a4a3: Received User-Agent header: Mozilla%2F5.0%20(Windows%20NT%2010.0%3B%20WOW64%3B%20Trident%2F7.0%3B%20rv%3A11.0)%20like%20Gecko.
Mar 15 10:05:08 apm.f5.local notice tmm3[18812]: 01490500:5: /Common/default_ssl_vpn_policy_202203102312:Common:9329a4a3: New session from client IP 120.204.79.47 (ST=Shanghai/CC=CN/C=AS) at VIP 109.101.115.10 Listener /Common/default_ssl_vpn_policy_202203102312_vs (Reputation=Unknown)
Mar 15 10:05:11 apm.f5.local notice localdbmgr[13373]: 01ab0105:5: Updated DB for Admin triggered changes to user /Common/ssl_vpn_localdb_202203102317:fuliguo85@qq.com
Mar 15 10:05:19 apm.f5.local notice tmm3[18812]: 01490502:5: /Common/default_ssl_vpn_policy_202203102312:Common:68b78705: Session deleted due to user inactivity.
Mar 15 10:05:28 apm.f5.local notice tmm2[18812]: 01490505:5: /Common/default_ssl_vpn_policy_202203102312:Common:070f2e2b: PPP tunnel 0x5600dc4f6100 (ID: b27620cd) closed.
Mar 15 10:05:34 apm.f5.local notice tmm[18812]: 01490521:5: /Common/default_ssl_vpn_policy_202203102312:Common:a57f1551: Session statistics - bytes in: 18996, bytes out: 141518
Mar 15 10:05:53 apm.f5.local notice apmd[13338]: 01490010:5: /Common/default_ssl_vpn_policy_202203102312:Common:7d8bfcb0: Username '36896530@qq.com'
Mar 15 10:06:00 apm.f5.local notice tmm3[18812]: 01490521:5: /Common/default_ssl_vpn_policy_202203102312:Common:68b78705: Session statistics - bytes in: 906, bytes out: 399
Mar 15 10:06:06 apm.f5.local notice apmd[13338]: 01490008:5: /Common/default_ssl_vpn_policy_202203102312:Common:7d8bfcb0: Connectivity resource '/Common/default_ssl_vpn_policy_202203102312_na_res' assigned
Mar 15 10:06:06 apm.f5.local notice apmd[13338]: 01490128:5: /Common/default_ssl_vpn_policy_202203102312:Common:7d8bfcb0: Webtop '/Common/default_ssl_vpn_policy_202203102312_webtop' assigned
Mar 15 10:06:06 apm.f5.local notice apmd[13338]: 01490005:5: /Common/default_ssl_vpn_policy_202203102312:Common:7d8bfcb0: Following rule 'fallback' from item 'Advanced Resource Assign' to ending 'Allow'
Mar 15 10:06:06 apm.f5.local notice apmd[13338]: 01490102:5: /Common/default_ssl_vpn_policy_202203102312:Common:7d8bfcb0: Access policy result: Network_Access
Mar 15 10:06:06 apm.f5.local notice apmd[13338]: 01490248:5: /Common/default_ssl_vpn_policy_202203102312:Common:7d8bfcb0: Received client info - Hostname: SPCI-CHENJUN Type: IE Version: 11 Platform: Win10 CPU: WOW64 UI Mode: Full Javascript Support: 1 ActiveX Support: 1 Plugin Support: 0
Mar 15 10:06:42 apm.f5.local notice apmd[13338]: 01490010:5: /Common/default_ssl_vpn_policy_202203102312:Common:948e6262: Username '290791104@qq.com'
Mar 15 10:07:05 apm.f5.local err tmm2[18812]: 01490514:3: (null):Common:00000000: Access encountered error: ERR_INPROGRESS. File: ../modules/hudfilter/access/access.c, Function: access_process_state_client_enforce_acl, Line: 13545
Mar 15 10:07:05 apm.f5.local err tmm2[18812]: 01490514:3: (null):Common:00000000: Access encountered error: ERR_INPROGRESS. File: ../modules/hudfilter/access/access.c, Function: hud_access_handler, Line: 3882
Mar 15 10:07:06 apm.f5.local notice tmm2[18812]: 01490567:5: /Common/default_ssl_vpn_policy_202203102312:Common:63aeb147: Session deleted (restarted).
Mar 15 10:07:07 apm.f5.local notice tmm[18812]: 01490506:5: /Common/default_ssl_vpn_policy_202203102312:Common:e800934f: Received User-Agent header: Mozilla%2F5.0%20(Windows%20NT%2010.0%3B%20WOW64%3B%20Trident%2F7.0%3B%20rv%3A11.0)%20like%20Gecko.
Mar 15 10:07:07 apm.f5.local notice tmm[18812]: 01490500:5: /Common/default_ssl_vpn_policy_202203102312:Common:e800934f: New session from client IP 112.255.65.175 (ST=Shandong/CC=CN/C=AS) at VIP 109.101.115.10 Listener /Common/default_ssl_vpn_policy_202203102312_vs (Reputation=Unknown)
Mar 15 10:07:07 apm.f5.local notice tmm[18812]: 01490501:5: /Common/default_ssl_vpn_policy_202203102312:Common:e800934f: Session deleted due to user logout request.
Mar 15 10:07:12 apm.f5.local err tmm[18812]: 01490514:3: (null):Common:00000000: Access encountered error: ERR_INPROGRESS. File: ../modules/hudfilter/access/access.c, Function: access_process_state_client_enforce_session, Line: 9027
Mar 15 10:07:12 apm.f5.local err tmm[18812]: 01490514:3: (null):Common:00000000: Access encountered error: ERR_INPROGRESS. File: ../modules/hudfilter/access/access.c, Function: hud_access_handler, Line: 3987
Mar 15 10:07:14 apm.f5.local notice apmd[13338]: 01490008:5: /Common/default_ssl_vpn_policy_202203102312:Common:948e6262: Connectivity resource '/Common/default_ssl_vpn_policy_202203102312_na_res' assigned
Mar 15 10:07:14 apm.f5.local notice apmd[13338]: 01490128:5: /Common/default_ssl_vpn_policy_202203102312:Common:948e6262: Webtop '/Common/default_ssl_vpn_policy_202203102312_webtop' assigned
Mar 15 10:07:14 apm.f5.local notice apmd[13338]: 01490005:5: /Common/default_ssl_vpn_policy_202203102312:Common:948e6262: Following rule 'fallback' from item 'Advanced Resource Assign' to ending 'Allow'
Mar 15 10:07:14 apm.f5.local notice apmd[13338]: 01490102:5: /Common/default_ssl_vpn_policy_202203102312:Common:948e6262: Access policy result: Network_Access
Mar 15 10:07:14 apm.f5.local notice apmd[13338]: 01490248:5: /Common/default_ssl_vpn_policy_202203102312:Common:948e6262: Received client info - Hostname: TM-94209 Type: IE Version: 11 Platform: Win10 CPU: WOW64 UI Mode: Full Javascript Support: 1 ActiveX Support: 1 Plugin Support: 0
Mar 15 10:07:14 apm.f5.local notice tmm[18812]: 01490502:5: /Common/default_ssl_vpn_policy_202203102312:Common:3f3669b8: Session deleted due to user inactivity.
Mar 15 10:07:16 apm.f5.local notice tmm2[18812]: 01490506:5: /Common/default_ssl_vpn_policy_202203102312:Common:da24883c: Received User-Agent header: Mozilla%2F5.0%20(Windows%20NT%2010.0%3B%20WOW64%3B%20Trident%2F7.0%3B%20rv%3A11.0)%20like%20Gecko.
Mar 15 10:07:16 apm.f5.local notice tmm2[18812]: 01490500:5: /Common/default_ssl_vpn_policy_202203102312:Common:da24883c: New session from client IP 112.255.65.175 (ST=Shandong/CC=CN/C=AS) at VIP 109.101.115.10 Listener /Common/default_ssl_vpn_policy_202203102312_vs (Reputation=Unknown)
Mar 15 10:07:41 apm.f5.local notice tmm[18812]: 01490521:5: /Common/default_ssl_vpn_policy_202203102312:Common:e800934f: Session statistics - bytes in: 949, bytes out: 399
Mar 15 10:07:43 apm.f5.local notice tmm2[18812]: 01490521:5: /Common/default_ssl_vpn_policy_202203102312:Common:63aeb147: Session statistics - bytes in: 140478, bytes out: 4482727
Mar 15 10:07:48 apm.f5.local notice tmm[18812]: 01490502:5: /Common/default_ssl_vpn_policy_202203102312:Common:282f4491: Session deleted due to user inactivity.
Mar 15 10:07:52 apm.f5.local notice tmm[18812]: 01490521:5: /Common/default_ssl_vpn_policy_202203102312:Common:3f3669b8: Session statistics - bytes in: 959009, bytes out: 1305419
Mar 15 10:08:29 apm.f5.local notice tmm[18812]: 01490521:5: /Common/default_ssl_vpn_policy_202203102312:Common:282f4491: Session statistics - bytes in: 116665, bytes out: 4311760
Mar 15 10:08:39 apm.f5.local notice tmm2[18812]: 01490567:5: /Common/default_ssl_vpn_policy_202203102312:Common:da24883c: Session deleted (restarted).
Mar 15 10:08:39 apm.f5.local notice tmm3[18812]: 01490506:5: /Common/default_ssl_vpn_policy_202203102312:Common:6cedd476: Received User-Agent header: Mozilla%2F5.0%20(Windows%20NT%2010.0%3B%20WOW64%3B%20Trident%2F7.0%3B%20rv%3A11.0)%20like%20Gecko.
Mar 15 10:08:39 apm.f5.local notice tmm3[18812]: 01490500:5: /Common/default_ssl_vpn_policy_202203102312:Common:6cedd476: New session from client IP 112.255.65.175 (ST=Shandong/CC=CN/C=AS) at VIP 109.101.115.10 Listener /Common/default_ssl_vpn_policy_202203102312_vs (Reputation=Unknown)
Mar 15 10:08:39 apm.f5.local notice tmm3[18812]: 01490501:5: /Common/default_ssl_vpn_policy_202203102312:Common:6cedd476: Session deleted due to user logout request.
Mar 15 10:09:14 apm.f5.local notice tmm3[18812]: 01490521:5: /Common/default_ssl_vpn_policy_202203102312:Common:6cedd476: Session statistics - bytes in: 991, bytes out: 399
Mar 15 10:09:16 apm.f5.local notice tmm2[18812]: 01490521:5: /Common/default_ssl_vpn_policy_202203102312:Common:da24883c: Session statistics - bytes in: 161529, bytes out: 5122960
Mar 15 10:09:39 apm.f5.local notice apmd[13338]: 01490008:5: /Common/default_ssl_vpn_policy_202203102312:Common:f914871d: Connectivity resource '/Common/default_ssl_vpn_policy_202203102312_na_res' assigned
Mar 15 10:09:39 apm.f5.local notice apmd[13338]: 01490128:5: /Common/default_ssl_vpn_policy_202203102312:Common:f914871d: Webtop '/Common/default_ssl_vpn_policy_202203102312_webtop' assigned
Mar 15 10:09:39 apm.f5.local notice apmd[13338]: 01490005:5: /Common/default_ssl_vpn_policy_202203102312:Common:f914871d: Following rule 'fallback' from item 'Advanced Resource Assign' to ending 'Allow'
Mar 15 10:09:39 apm.f5.local notice apmd[13338]: 01490102:5: /Common/default_ssl_vpn_policy_202203102312:Common:f914871d: Access policy result: Network_Access
Mar 15 10:09:39 apm.f5.local notice apmd[13338]: 01490248:5: /Common/default_ssl_vpn_policy_202203102312:Common:f914871d: Received client info - Hostname: DESKTOP-CE0R4LB Type: IE Version: 11 Platform: Win10 CPU: WOW64 UI Mode: Full Javascript Support: 1 ActiveX Support: 1 Plugin Support: 0
Mar 15 10:09:41 apm.f5.local notice tmm1[18812]: 01490506:5: /Common/default_ssl_vpn_policy_202203102312:Common:022344d4: Received User-Agent header: Mozilla%2F4.0%20(compatible%3B%20MSIE%207.0%3B%20Windows%20NT%2010.0%3B%20WOW64%3B%20Trident%2F7.0%3B%20.NET4.0C%3B%20.NET4.0E%3B%20.NET%20CLR%202.0.50727%3B%20.NET%20CLR%203.0.30729%3B%20.NET%20CLR%203.5.30729).
Mar 15 10:09:41 apm.f5.local notice tmm1[18812]: 01490500:5: /Common/default_ssl_vpn_policy_202203102312:Common:022344d4: New session from client IP 112.255.65.175 (ST=Shandong/CC=CN/C=AS) at VIP 109.101.115.10 Listener /Common/default_ssl_vpn_policy_202203102312_vs (Reputation=Unknown)
Mar 15 10:09:58 apm.f5.local err tmm3[18812]: 01490514:3: (null):Common:00000000: Access encountered error: ERR_INPROGRESS. File: ../modules/hudfilter/access/access.c, Function: access_process_state_client_enforce_acl, Line: 13545
Mar 15 10:09:58 apm.f5.local err tmm3[18812]: 01490514:3: (null):Common:00000000: Access encountered error: ERR_INPROGRESS. File: ../modules/hudfilter/access/access.c, Function: hud_access_handler, Line: 3882
Mar 15 10:09:58 apm.f5.local notice tmm2[18812]: 01490506:5: /Common/default_ssl_vpn_policy_202203102312:Common:1a72d3ca: Received User-Agent header: Mozilla%2F5.0%20(Windows%20NT%2010.0%3B%20WOW64%3B%20Trident%2F7.0%3B%20rv%3A11.0)%20like%20Gecko.
Mar 15 10:09:58 apm.f5.local notice tmm2[18812]: 01490500:5: /Common/default_ssl_vpn_policy_202203102312:Common:1a72d3ca: New session from client IP 112.255.65.175 (ST=Shandong/CC=CN/C=AS) at VIP 109.101.115.10 Listener /Common/default_ssl_vpn_policy_202203102312_vs (Reputation=Unknown)
Mar 15 10:10:11 apm.f5.local notice localdbmgr[13373]: 01ab0105:5: Updated DB for Admin triggered changes to user /Common/ssl_vpn_localdb_202203102317:fuliguo85@qq.com
Mar 15 10:10:12 apm.f5.local notice apmd[13338]: 014902f7:5: /Common/default_ssl_vpn_policy_202203102312:Common:1a72d3ca:/Common/default_ssl_vpn_policy_202203102312_act_av_software_check_ag: endpoint software detected (sdk=4.3.1453.0,type=av,id=535,vendor_id=388,version=9.0.69.1,state=1,name=AhnLab V3 Internet Security,vendor_name=AhnLab, Inc.,db_signature=1372,db_version=,db_time=1647198000,last_scan=1647231989,engine_version=2022.03.14.03,missing_updates=).
Mar 15 10:10:12 apm.f5.local notice apmd[13338]: 014902f7:5: /Common/default_ssl_vpn_policy_202203102312:Common:1a72d3ca:/Common/default_ssl_vpn_policy_202203102312_act_av_software_check_ag: endpoint software detected (sdk=4.3.1453.0,type=av,id=362,vendor_id=90,version=4.18.1807.18075,state=,name=Windows Defender,vendor_name=Microsoft Corporation,db_signature=477,db_version=1.273.933.0,db_time=1533572275,last_scan=0,engine_version=1.1.15100.1,missing_updates=).
Mar 15 10:10:19 apm.f5.local notice tmm1[18812]: 01490567:5: /Common/default_ssl_vpn_policy_202203102312:Common:b0236a04: Session deleted (out_of_compliance; code - 24577).
Mar 15 10:10:19 apm.f5.local notice tmm3[18812]: 01490505:5: /Common/default_ssl_vpn_policy_202203102312:Common:b0236a04: PPP tunnel 0x5601480c0b00 (ID: b25ff564) closed.
Mar 15 10:10:20 apm.f5.local notice tmm[18812]: 01490506:5: /Common/default_ssl_vpn_policy_202203102312:Common:b34fb176: Received User-Agent header: Mozilla%2F5.0%20(Windows%20NT%2010.0%3B%20WOW64%3B%20Trident%2F7.0%3B%20rv%3A11.0)%20like%20Gecko.
Mar 15 10:10:20 apm.f5.local notice tmm[18812]: 01490500:5: /Common/default_ssl_vpn_policy_202203102312:Common:b34fb176: New session from client IP 120.204.189.234 (ST=Shanghai/CC=CN/C=AS) at VIP 109.101.115.10 Listener /Common/default_ssl_vpn_policy_202203102312_vs (Reputation=Unknown)
Mar 15 10:10:39 apm.f5.local notice apmd[13338]: 014902f7:5: /Common/default_ssl_vpn_policy_202203102312:Common:b34fb176:/Common/default_ssl_vpn_policy_202203102312_act_av_software_check_ag: endpoint software detected (sdk=4.3.1453.0,type=av,id=535,vendor_id=388,version=9.0.69.1,state=1,name=AhnLab V3 Internet Security,vendor_name=AhnLab, Inc.,db_signature=1372,db_version=,db_time=1646593200,last_scan=1647230686,engine_version=2022.03.07.03,missing_updates=).
Mar 15 10:10:39 apm.f5.local notice apmd[13338]: 014902f7:5: /Common/default_ssl_vpn_policy_202203102312:Common:b34fb176:/Common/default_ssl_vpn_policy_202203102312_act_av_software_check_ag: endpoint software detected (sdk=4.3.1453.0,type=av,id=362,vendor_id=90,version=4.18.1909.6,state=,name=Windows Defender,vendor_name=Microsoft Corporation,db_signature=477,db_version=1.331.2079.0,db_time=1614561748,last_scan=0,engine_version=1.1.17800.5,missing_updates=).
Mar 15 10:10:51 apm.f5.local notice apmd[13338]: 01490010:5: /Common/default_ssl_vpn_policy_202203102312:Common:b34fb176: Username '36896530@qq.com'
Mar 15 10:10:58 apm.f5.local notice apmd[13338]: 01490008:5: /Common/default_ssl_vpn_policy_202203102312:Common:b34fb176: Connectivity resource '/Common/default_ssl_vpn_policy_202203102312_na_res' assigned
Mar 15 10:10:58 apm.f5.local notice apmd[13338]: 01490128:5: /Common/default_ssl_vpn_policy_202203102312:Common:b34fb176: Webtop '/Common/default_ssl_vpn_policy_202203102312_webtop' assigned
