Mar 13 10:46:35 apm.f5.local notice tmm1[17534]: 01490506:5: /Common/default_ssl_vpn_policy_202203102312:Common:e7a0eb7d: Received User-Agent header: Mozilla%2F5.0%20(Windows%20NT%2010.0%3B%20Win64%3B%20x64)%20AppleWebKit%2F537.36%20(KHTML%2C%20like%20Gecko)%20Chrome%2F93.0.4577.63%20Safari%2F537.36.
Mar 13 10:46:35 apm.f5.local notice tmm1[17534]: 01490500:5: /Common/default_ssl_vpn_policy_202203102312:Common:e7a0eb7d: New session from client IP 58.247.201.250 (ST=Shanghai/CC=CN/C=AS) at VIP 109.101.115.10 Listener /Common/default_ssl_vpn_policy_202203102312_vs (Reputation=Unknown)
Mar 13 10:46:42 apm.f5.local notice apmd[12353]: 014902f7:5: /Common/default_ssl_vpn_policy_202203102312:Common:e7a0eb7d:/Common/default_ssl_vpn_policy_202203102312_act_av_software_check_ag: endpoint software detected (sdk=4.3.1453.0,type=av,id=535,vendor_id=388,version=9.0.69.1,state=0,name=AhnLab V3 Internet Security,vendor_name=AhnLab, Inc.,db_signature=1372,db_version=,db_time=1647104400,last_scan=0,engine_version=2022.03.13.01,missing_updates=).
Mar 13 10:46:42 apm.f5.local notice apmd[12353]: 014902f7:5: /Common/default_ssl_vpn_policy_202203102312:Common:e7a0eb7d:/Common/default_ssl_vpn_policy_202203102312_act_av_software_check_ag: endpoint software detected (sdk=4.3.1453.0,type=av,id=362,vendor_id=90,version=4.18.2201.10,state=,name=Windows Defender,vendor_name=Microsoft Corporation,db_signature=477,db_version=1.359.1761.0,db_time=1646968816,last_scan=0,engine_version=1.1.18900.3,missing_updates=).
Mar 13 10:46:51 apm.f5.local notice tmm[17534]: 01490521:5: /Common/default_ssl_vpn_policy_202203102312:Common:c31a2a4a: Session statistics - bytes in: 88304, bytes out: 3689812
Mar 13 10:46:59 apm.f5.local notice apmd[12353]: 01490010:5: /Common/default_ssl_vpn_policy_202203102312:Common:e7a0eb7d: Username '506590149@qq.com'
Mar 13 10:47:09 apm.f5.local notice tmm1[17534]: 01490521:5: /Common/default_ssl_vpn_policy_202203102312:Common:c6388d7f: Session statistics - bytes in: 216259, bytes out: 12509260
Mar 13 10:47:18 apm.f5.local notice apmd[12353]: 01490008:5: /Common/default_ssl_vpn_policy_202203102312:Common:e7a0eb7d: Connectivity resource '/Common/default_ssl_vpn_policy_202203102312_na_res' assigned
Mar 13 10:47:18 apm.f5.local notice apmd[12353]: 01490128:5: /Common/default_ssl_vpn_policy_202203102312:Common:e7a0eb7d: Webtop '/Common/default_ssl_vpn_policy_202203102312_webtop' assigned
Mar 13 10:47:18 apm.f5.local notice apmd[12353]: 01490005:5: /Common/default_ssl_vpn_policy_202203102312:Common:e7a0eb7d: Following rule 'fallback' from item 'Advanced Resource Assign' to ending 'Allow'
Mar 13 10:47:18 apm.f5.local notice apmd[12353]: 01490102:5: /Common/default_ssl_vpn_policy_202203102312:Common:e7a0eb7d: Access policy result: Network_Access
Mar 13 10:47:18 apm.f5.local notice apmd[12353]: 01490248:5: /Common/default_ssl_vpn_policy_202203102312:Common:e7a0eb7d: Received client info - Hostname: DESKTOP-605VJ61 Type: Mozilla Version: 5 Platform: Win10 CPU: x64 UI Mode: Full Javascript Support: 1 ActiveX Support: 0 Plugin Support: 0
Mar 13 10:47:21 apm.f5.local err tmm1[17534]: 01490514:3: (null):Common:00000000: Access encountered error: ERR_INPROGRESS. File: ../modules/hudfilter/access/access.c, Function: access_process_state_client_enforce_acl, Line: 13545
Mar 13 10:47:27 apm.f5.local err tmm1[17534]: 01490514:3: (null):Common:00000000: Access encountered error: ERR_INPROGRESS. File: ../modules/hudfilter/access/access.c, Function: access_process_state_client_enforce_session, Line: 9027
Mar 13 10:47:27 apm.f5.local err tmm1[17534]: 01490514:3: (null):Common:00000000: Access encountered error: ERR_INPROGRESS. File: ../modules/hudfilter/access/access.c, Function: hud_access_handler, Line: 3987
Mar 13 10:47:58 apm.f5.local err tmm[17534]: 01490514:3: (null):Common:00000000: Access encountered error: ERR_INPROGRESS. File: ../modules/hudfilter/access/access.c, Function: access_process_state_client_enforce_session, Line: 9027
Mar 13 10:47:58 apm.f5.local err tmm[17534]: 01490514:3: (null):Common:00000000: Access encountered error: ERR_INPROGRESS. File: ../modules/hudfilter/access/access.c, Function: hud_access_handler, Line: 3987
Mar 13 10:48:04 apm.f5.local notice tmm[17534]: 01490549:5: /Common/default_ssl_vpn_policy_202203102312:Common:15670a8e: Assigned PPP Dynamic IPv4: 109.101.115.19 ID: 180a0bc1 Tunnel Type: VPN_TUNNELTYPE_TLS NA Resource: /Common/default_ssl_vpn_policy_202203102312_na_res Client IP: 58.247.201.250 
Mar 13 10:48:04 apm.f5.local notice tmm[17534]: 01490505:5: /Common/default_ssl_vpn_policy_202203102312:Common:15670a8e: PPP tunnel 0x56000158d000 (ID: 180a0bc1) started.
Mar 13 10:48:15 apm.f5.local notice tmm1[17534]: 01490549:5: /Common/default_ssl_vpn_policy_202203102312:Common:e7a0eb7d: Assigned PPP Dynamic IPv4: 109.101.115.20 ID: d9059b90 Tunnel Type: VPN_TUNNELTYPE_TLS NA Resource: /Common/default_ssl_vpn_policy_202203102312_na_res Client IP: 58.247.201.250 
Mar 13 10:48:15 apm.f5.local notice tmm1[17534]: 01490505:5: /Common/default_ssl_vpn_policy_202203102312:Common:e7a0eb7d: PPP tunnel 0x560027b03600 (ID: d9059b90) started.
Mar 13 10:48:48 apm.f5.local notice tmm[17534]: 01490506:5: /Common/default_ssl_vpn_policy_202203102312:Common:93a0bf24: Received User-Agent header: Mozilla%2F5.0%20(Windows%20NT%2010.0%3B%20Win64%3B%20x64)%20AppleWebKit%2F537.36%20(KHTML%2C%20like%20Gecko)%20Chrome%2F99.0.4844.51%20Safari%2F537.36.
Mar 13 10:48:48 apm.f5.local notice tmm[17534]: 01490500:5: /Common/default_ssl_vpn_policy_202203102312:Common:93a0bf24: New session from client IP 58.39.104.65 (ST=Shanghai/CC=CN/C=AS) at VIP 109.101.115.10 Listener /Common/default_ssl_vpn_policy_202203102312_vs (Reputation=Unknown)
Mar 13 10:48:55 apm.f5.local err tmm[17534]: 01490514:3: (null):Common:00000000: Access encountered error: ERR_INPROGRESS. File: ../modules/hudfilter/access/access.c, Function: access_process_state_client_enforce_acl, Line: 13545
Mar 13 10:48:55 apm.f5.local err tmm[17534]: 01490514:3: (null):Common:00000000: Access encountered error: ERR_INPROGRESS. File: ../modules/hudfilter/access/access.c, Function: hud_access_handler, Line: 3882
Mar 13 10:49:02 apm.f5.local err tmm[17534]: 01490514:3: (null):Common:00000000: Access encountered error: ERR_INPROGRESS. File: ../modules/hudfilter/access/access.c, Function: access_process_state_client_enforce_session, Line: 9027
Mar 13 10:49:02 apm.f5.local err tmm[17534]: 01490514:3: (null):Common:00000000: Access encountered error: ERR_INPROGRESS. File: ../modules/hudfilter/access/access.c, Function: hud_access_handler, Line: 3987
Mar 13 10:50:08 apm.f5.local notice tmm[17534]: 01490506:5: /Common/default_ssl_vpn_policy_202203102312:Common:80a7d926: Received User-Agent header: Mozilla%2F5.0%20(Windows%20NT%2010.0%3B%20Win64%3B%20x64)%20AppleWebKit%2F537.36%20(KHTML%2C%20like%20Gecko)%20Chrome%2F99.0.4844.51%20Safari%2F537.36.
Mar 13 10:50:08 apm.f5.local notice tmm[17534]: 01490500:5: /Common/default_ssl_vpn_policy_202203102312:Common:80a7d926: New session from client IP 58.39.104.65 (ST=Shanghai/CC=CN/C=AS) at VIP 109.101.115.10 Listener /Common/default_ssl_vpn_policy_202203102312_vs (Reputation=Unknown)
Mar 13 10:50:30 apm.f5.local notice tmm1[17534]: 01490506:5: /Common/default_ssl_vpn_policy_202203102312:Common:b8949f9a: Received User-Agent header: Mozilla%2F5.0%20(Windows%20NT%2010.0%3B%20Win64%3B%20x64)%20AppleWebKit%2F537.36%20(KHTML%2C%20like%20Gecko)%20Chrome%2F99.0.4844.51%20Safari%2F537.36.
Mar 13 10:50:30 apm.f5.local notice tmm1[17534]: 01490500:5: /Common/default_ssl_vpn_policy_202203102312:Common:b8949f9a: New session from client IP 112.65.61.155 (ST=Shanghai/CC=CN/C=AS) at VIP 109.101.115.10 Listener /Common/default_ssl_vpn_policy_202203102312_vs (Reputation=Unknown)
Mar 13 10:50:31 apm.f5.local notice tmm1[17534]: 01490502:5: /Common/default_ssl_vpn_policy_202203102312:Common:a143c9eb: Session deleted due to user inactivity.
Mar 13 10:51:12 apm.f5.local notice tmm1[17534]: 01490521:5: /Common/default_ssl_vpn_policy_202203102312:Common:a143c9eb: Session statistics - bytes in: 85733, bytes out: 3859852
Mar 13 10:51:21 apm.f5.local notice apmd[12353]: 014902f7:5: /Common/default_ssl_vpn_policy_202203102312:Common:b8949f9a:/Common/default_ssl_vpn_policy_202203102312_act_av_software_check_ag: endpoint software detected (sdk=4.3.1453.0,type=av,id=535,vendor_id=388,version=9.0.69.1,state=1,name=AhnLab V3 Internet Security,vendor_name=AhnLab, Inc.,db_signature=1372,db_version=,db_time=1647104400,last_scan=1646976518,engine_version=2022.03.13.01,missing_updates=).
Mar 13 10:51:21 apm.f5.local notice apmd[12353]: 014902f7:5: /Common/default_ssl_vpn_policy_202203102312:Common:b8949f9a:/Common/default_ssl_vpn_policy_202203102312_act_av_software_check_ag: endpoint software detected (sdk=4.3.1453.0,type=av,id=362,vendor_id=90,version=4.18.2201.10,state=,name=Windows Defender,vendor_name=Microsoft Corporation,db_signature=477,db_version=1.359.1714.0,db_time=1646905832,last_scan=0,engine_version=1.1.18900.3,missing_updates=).
Mar 13 10:51:21 apm.f5.local notice apmd[12353]: 01490005:5: /Common/default_ssl_vpn_policy_202203102312:Common:b8949f9a: Following rule 'fallback' from item 'Antivirus' to ending 'Deny'
Mar 13 10:51:22 apm.f5.local notice apmd[12353]: 01490102:5: /Common/default_ssl_vpn_policy_202203102312:Common:b8949f9a: Access policy result: Logon_Deny
Mar 13 10:51:22 apm.f5.local notice apmd[12353]: 01490248:5: /Common/default_ssl_vpn_policy_202203102312:Common:b8949f9a: Received client info - Hostname: DESKTOP-LFUMGVF Type: Mozilla Version: 5 Platform: Win10 CPU: x64 UI Mode: Full Javascript Support: 1 ActiveX Support: 0 Plugin Support: 0
Mar 13 10:51:22 apm.f5.local notice tmm1[17534]: 01490567:5: /Common/default_ssl_vpn_policy_202203102312:Common:b8949f9a: Session deleted (policy_result).
Mar 13 10:51:43 apm.f5.local notice tmm1[17534]: 01490502:5: /Common/default_ssl_vpn_policy_202203102312:Common:15670a8e: Session deleted due to user inactivity.
Mar 13 10:51:43 apm.f5.local notice tmm[17534]: 01490505:5: /Common/default_ssl_vpn_policy_202203102312:Common:15670a8e: PPP tunnel 0x56000158d000 (ID: 180a0bc1) closed.
Mar 13 10:51:56 apm.f5.local notice tmm1[17534]: 01490521:5: /Common/default_ssl_vpn_policy_202203102312:Common:b8949f9a: Session statistics - bytes in: 75245, bytes out: 3744747
Mar 13 10:52:22 apm.f5.local notice tmm1[17534]: 01490521:5: /Common/default_ssl_vpn_policy_202203102312:Common:15670a8e: Session statistics - bytes in: 2098001, bytes out: 10622254
Mar 13 10:53:07 apm.f5.local notice tmm[17534]: 01490506:5: /Common/default_ssl_vpn_policy_202203102312:Common:66a06eb6: Received User-Agent header: Mozilla%2F5.0%20(Windows%20NT%2010.0%3B%20WOW64%3B%20Trident%2F7.0%3B%20rv%3A11.0)%20like%20Gecko.
Mar 13 10:53:07 apm.f5.local notice tmm[17534]: 01490500:5: /Common/default_ssl_vpn_policy_202203102312:Common:66a06eb6: New session from client IP 112.65.61.155 (ST=Shanghai/CC=CN/C=AS) at VIP 109.101.115.10 Listener /Common/default_ssl_vpn_policy_202203102312_vs (Reputation=Unknown)
Mar 13 10:53:36 apm.f5.local notice tmm1[17534]: 01490506:5: /Common/default_ssl_vpn_policy_202203102312:Common:7310365e: Received User-Agent header: Mozilla%2F5.0%20(Windows%20NT%2010.0%3B%20WOW64%3B%20Trident%2F7.0%3B%20rv%3A11.0)%20like%20Gecko.
Mar 13 10:53:36 apm.f5.local notice tmm1[17534]: 01490500:5: /Common/default_ssl_vpn_policy_202203102312:Common:7310365e: New session from client IP 58.247.201.250 (ST=Shanghai/CC=CN/C=AS) at VIP 109.101.115.10 Listener /Common/default_ssl_vpn_policy_202203102312_vs (Reputation=Unknown)
Mar 13 10:53:51 apm.f5.local notice apmd[12353]: 014902f7:5: /Common/default_ssl_vpn_policy_202203102312:Common:66a06eb6:/Common/default_ssl_vpn_policy_202203102312_act_av_software_check_ag: endpoint software detected (sdk=4.3.1453.0,type=av,id=535,vendor_id=388,version=9.0.69.1,state=1,name=AhnLab V3 Internet Security,vendor_name=AhnLab, Inc.,db_signature=1372,db_version=,db_time=1647104400,last_scan=1646976518,engine_version=2022.03.13.01,missing_updates=).
Mar 13 10:53:51 apm.f5.local notice apmd[12353]: 014902f7:5: /Common/default_ssl_vpn_policy_202203102312:Common:66a06eb6:/Common/default_ssl_vpn_policy_202203102312_act_av_software_check_ag: endpoint software detected (sdk=4.3.1453.0,type=av,id=362,vendor_id=90,version=4.18.2201.10,state=,name=Windows Defender,vendor_name=Microsoft Corporation,db_signature=477,db_version=1.359.1714.0,db_time=1646905832,last_scan=0,engine_version=1.1.18900.3,missing_updates=).
Mar 13 10:53:51 apm.f5.local notice apmd[12353]: 01490005:5: /Common/default_ssl_vpn_policy_202203102312:Common:66a06eb6: Following rule 'fallback' from item 'Antivirus' to ending 'Deny'
Mar 13 10:53:52 apm.f5.local notice apmd[12353]: 01490102:5: /Common/default_ssl_vpn_policy_202203102312:Common:66a06eb6: Access policy result: Logon_Deny
Mar 13 10:53:52 apm.f5.local notice apmd[12353]: 01490248:5: /Common/default_ssl_vpn_policy_202203102312:Common:66a06eb6: Received client info - Hostname: DESKTOP-LFUMGVF Type: IE Version: 11 Platform: Win10 CPU: WOW64 UI Mode: Full Javascript Support: 1 ActiveX Support: 1 Plugin Support: 0
Mar 13 10:53:52 apm.f5.local notice apmd[12353]: 014902f7:5: /Common/default_ssl_vpn_policy_202203102312:Common:7310365e:/Common/default_ssl_vpn_policy_202203102312_act_av_software_check_ag: endpoint software detected (sdk=4.3.1453.0,type=av,id=535,vendor_id=388,version=9.0.69.1,state=1,name=AhnLab V3 Internet Security,vendor_name=AhnLab, Inc.,db_signature=1372,db_version=,db_time=1647104400,last_scan=0,engine_version=2022.03.13.01,missing_updates=).
Mar 13 10:53:52 apm.f5.local notice apmd[12353]: 014902f7:5: /Common/default_ssl_vpn_policy_202203102312:Common:7310365e:/Common/default_ssl_vpn_policy_202203102312_act_av_software_check_ag: endpoint software detected (sdk=4.3.1453.0,type=av,id=362,vendor_id=90,version=4.18.2201.10,state=,name=Windows Defender,vendor_name=Microsoft Corporation,db_signature=477,db_version=1.359.1703.0,db_time=1646890729,last_scan=0,engine_version=1.1.18900.3,missing_updates=).
Mar 13 10:53:52 apm.f5.local notice apmd[12353]: 01490005:5: /Common/default_ssl_vpn_policy_202203102312:Common:7310365e: Following rule 'fallback' from item 'Antivirus' to ending 'Deny'
Mar 13 10:53:52 apm.f5.local notice tmm[17534]: 01490567:5: /Common/default_ssl_vpn_policy_202203102312:Common:66a06eb6: Session deleted (policy_result).
Mar 13 10:53:53 apm.f5.local notice apmd[12353]: 01490102:5: /Common/default_ssl_vpn_policy_202203102312:Common:7310365e: Access policy result: Logon_Deny
Mar 13 10:53:53 apm.f5.local notice apmd[12353]: 01490248:5: /Common/default_ssl_vpn_policy_202203102312:Common:7310365e: Received client info - Hostname: DESKTOP-5613UDI Type: IE Version: 11 Platform: Win10 CPU: WOW64 UI Mode: Full Javascript Support: 1 ActiveX Support: 1 Plugin Support: 0
Mar 13 10:53:53 apm.f5.local notice tmm1[17534]: 01490567:5: /Common/default_ssl_vpn_policy_202203102312:Common:7310365e: Session deleted (policy_result).
Mar 13 10:53:56 apm.f5.local notice tmm[17534]: 01490506:5: /Common/default_ssl_vpn_policy_202203102312:Common:23804509: Received User-Agent header: Mozilla%2F5.0%20(Windows%20NT%2010.0%3B%20WOW64%3B%20Trident%2F7.0%3B%20rv%3A11.0)%20like%20Gecko.
Mar 13 10:53:56 apm.f5.local notice tmm[17534]: 01490500:5: /Common/default_ssl_vpn_policy_202203102312:Common:23804509: New session from client IP 58.247.201.250 (ST=Shanghai/CC=CN/C=AS) at VIP 109.101.115.10 Listener /Common/default_ssl_vpn_policy_202203102312_vs (Reputation=Unknown)
Mar 13 10:54:05 apm.f5.local notice apmd[12353]: 014902f7:5: /Common/default_ssl_vpn_policy_202203102312:Common:23804509:/Common/default_ssl_vpn_policy_202203102312_act_av_software_check_ag: endpoint software detected (sdk=4.3.1453.0,type=av,id=535,vendor_id=388,version=9.0.69.1,state=1,name=AhnLab V3 Internet Security,vendor_name=AhnLab, Inc.,db_signature=1372,db_version=,db_time=1647104400,last_scan=0,engine_version=2022.03.13.01,missing_updates=).
Mar 13 10:54:05 apm.f5.local notice apmd[12353]: 014902f7:5: /Common/default_ssl_vpn_policy_202203102312:Common:23804509:/Common/default_ssl_vpn_policy_202203102312_act_av_software_check_ag: endpoint software detected (sdk=4.3.1453.0,type=av,id=362,vendor_id=90,version=4.18.2201.10,state=,name=Windows Defender,vendor_name=Microsoft Corporation,db_signature=477,db_version=1.359.1703.0,db_time=1646890729,last_scan=0,engine_version=1.1.18900.3,missing_updates=).
Mar 13 10:54:05 apm.f5.local notice apmd[12353]: 01490005:5: /Common/default_ssl_vpn_policy_202203102312:Common:23804509: Following rule 'fallback' from item 'Antivirus' to ending 'Deny'
Mar 13 10:54:06 apm.f5.local notice apmd[12353]: 01490102:5: /Common/default_ssl_vpn_policy_202203102312:Common:23804509: Access policy result: Logon_Deny
Mar 13 10:54:06 apm.f5.local notice apmd[12353]: 01490248:5: /Common/default_ssl_vpn_policy_202203102312:Common:23804509: Received client info - Hostname: DESKTOP-5613UDI Type: IE Version: 11 Platform: Win10 CPU: WOW64 UI Mode: Full Javascript Support: 1 ActiveX Support: 1 Plugin Support: 0
Mar 13 10:54:06 apm.f5.local notice tmm[17534]: 01490567:5: /Common/default_ssl_vpn_policy_202203102312:Common:23804509: Session deleted (policy_result).
Mar 13 10:54:13 apm.f5.local notice tmm[17534]: 01490502:5: /Common/default_ssl_vpn_policy_202203102312:Common:93a0bf24: Session deleted due to user inactivity.
Mar 13 10:54:25 apm.f5.local notice tmm[17534]: 01490521:5: /Common/default_ssl_vpn_policy_202203102312:Common:66a06eb6: Session statistics - bytes in: 12055, bytes out: 5252
Mar 13 10:54:31 apm.f5.local notice apmd[12353]: 01490079:5: 00000000: Access policy '/Common/default_ssl_vpn_policy_202203102312' configuration has changed.Access profile '/Common/default_ssl_vpn_policy_202203102312' configuration changes need to be applied for the new configuration
Mar 13 10:54:31 apm.f5.local notice tmm1[17534]: 01490521:5: /Common/default_ssl_vpn_policy_202203102312:Common:7310365e: Session statistics - bytes in: 9455, bytes out: 3782
Mar 13 10:54:35 apm.f5.local notice tmm1[17534]: 01490511:5: /Common:00000000: Initializing Access profile /Common/default_ssl_vpn_policy_202203102312 with max concurrent user sessions limit: 0
Mar 13 10:54:35 apm.f5.local notice tmm1[17534]: 01490511:5: /Common:00000000: Initializing Access profile /Common/default_ssl_vpn_policy_202203102312 with max concurrent user sessions limit: 0
Mar 13 10:54:35 apm.f5.local notice tmm[17534]: 01490511:5: /Common:00000000: Initializing Access profile /Common/default_ssl_vpn_policy_202203102312 with max concurrent user sessions limit: 0
Mar 13 10:54:35 apm.f5.local notice tmm[17534]: 01490511:5: /Common:00000000: Initializing Access profile /Common/default_ssl_vpn_policy_202203102312 with max concurrent user sessions limit: 0
Mar 13 10:54:35 apm.f5.local notice apmd[12353]: 01490165:5: Access profile: /Common/default_ssl_vpn_policy_202203102312 initialized with configuration snapshot catalog: tmm.session.f5f5f5f5f5f5f5f5f5f5f5f5f5f5f5f5
Mar 13 10:54:35 apm.f5.local notice apmd[12353]: 01490166:5: Current snapshot ID: 1646984274 retrieved from session db for access profile: /Common/default_ssl_vpn_policy_202203102312
Mar 13 10:54:35 apm.f5.local notice apmd[12353]: 01490169:5: Snapshot catalog entry: tmm.session.f5f5f5f5f5f5f5f5f5f5f5f5f5f5f5f5./Common/default_ssl_vpn_policy_202203102312.1646984275 added for access profile: /Common/default_ssl_vpn_policy_202203102312
Mar 13 10:54:35 apm.f5.local notice apmd[12353]: 0149016a:5: Initiating snapshot creation: tmm.session.260f3f67397e_11ooooooooooooooooo for access profile: /Common/default_ssl_vpn_policy_202203102312
Mar 13 10:54:35 apm.f5.local notice apmd[12353]: 0149016b:5: Completed snapshot creation: tmm.session.260f3f67397e_11ooooooooooooooooo for access profile: /Common/default_ssl_vpn_policy_202203102312
Mar 13 10:54:35 apm.f5.local notice apmd[12353]: 01490167:5: Current snapshot ID: 1646984275 updated inside session db for access profile: /Common/default_ssl_vpn_policy_202203102312
Mar 13 10:54:35 apm.f5.local notice apmd[12353]: 01490101:5: 00000000: Access profile: /Common/default_ssl_vpn_policy_202203102312 configuration has been applied. Newly active generation count is: 14
Mar 13 10:54:44 apm.f5.local notice tmm[17534]: 01490521:5: /Common/default_ssl_vpn_policy_202203102312:Common:23804509: Session statistics - bytes in: 8970, bytes out: 3799
Mar 13 10:54:54 apm.f5.local notice tmm[17534]: 01490521:5: /Common/default_ssl_vpn_policy_202203102312:Common:93a0bf24: Session statistics - bytes in: 104190, bytes out: 3998089
Mar 13 10:54:55 apm.f5.local notice apmd[12353]: 014902f7:5: /Common/default_ssl_vpn_policy_202203102312:Common:80a7d926:/Common/default_ssl_vpn_policy_202203102312_act_av_software_check_ag: endpoint software detected (sdk=4.3.1453.0,type=av,id=362,vendor_id=90,version=4.18.2201.10,state=1,name=Windows Defender,vendor_name=Microsoft Corporation,db_signature=477,db_version=1.359.1864.0,db_time=1647115413,last_scan=0,engine_version=1.1.18900.3,missing_updates=).
Mar 13 10:54:55 apm.f5.local notice apmd[12353]: 01490005:5: /Common/default_ssl_vpn_policy_202203102312:Common:80a7d926: Following rule 'fallback' from item 'Antivirus' to ending 'Deny'
Mar 13 10:54:56 apm.f5.local notice tmm1[17534]: 01490506:5: /Common/default_ssl_vpn_policy_202203102312:Common:97865108: Received User-Agent header: Mozilla%2F5.0%20(Windows%20NT%2010.0%3B%20Win64%3B%20x64%3B%20rv%3A97.0)%20Gecko%2F20100101%20Firefox%2F97.0.
Mar 13 10:54:56 apm.f5.local notice tmm1[17534]: 01490500:5: /Common/default_ssl_vpn_policy_202203102312:Common:97865108: New session from client IP 58.247.201.250 (ST=Shanghai/CC=CN/C=AS) at VIP 109.101.115.10 Listener /Common/default_ssl_vpn_policy_202203102312_vs (Reputation=Unknown)
Mar 13 10:54:57 apm.f5.local notice apmd[12353]: 01490102:5: /Common/default_ssl_vpn_policy_202203102312:Common:80a7d926: Access policy result: Logon_Deny
Mar 13 10:54:57 apm.f5.local notice apmd[12353]: 01490248:5: /Common/default_ssl_vpn_policy_202203102312:Common:80a7d926: Received client info - Hostname: DESKTOP-P2ODK0U Type: Mozilla Version: 5 Platform: Win10 CPU: x64 UI Mode: Full Javascript Support: 1 ActiveX Support: 0 Plugin Support: 0
Mar 13 10:54:57 apm.f5.local notice tmm[17534]: 01490567:5: /Common/default_ssl_vpn_policy_202203102312:Common:80a7d926: Session deleted (policy_result).
Mar 13 10:55:09 apm.f5.local notice tmm[17534]: 01490506:5: /Common/default_ssl_vpn_policy_202203102312:Common:bcd5147d: Received User-Agent header: Mozilla%2F5.0%20(Windows%20NT%2010.0%3B%20WOW64%3B%20Trident%2F7.0%3B%20rv%3A11.0)%20like%20Gecko.
Mar 13 10:55:09 apm.f5.local notice tmm[17534]: 01490500:5: /Common/default_ssl_vpn_policy_202203102312:Common:bcd5147d: New session from client IP 58.247.201.250 (ST=Shanghai/CC=CN/C=AS) at VIP 109.101.115.10 Listener /Common/default_ssl_vpn_policy_202203102312_vs (Reputation=Unknown)
Mar 13 10:55:22 apm.f5.local notice apmd[12353]: 014902f7:5: /Common/default_ssl_vpn_policy_202203102312:Common:bcd5147d:/Common/default_ssl_vpn_policy_202203102312_act_av_software_check_ag: endpoint software detected (sdk=4.3.1453.0,type=av,id=535,vendor_id=388,version=9.0.69.1,state=1,name=AhnLab V3 Internet Security,vendor_name=AhnLab, Inc.,db_signature=1372,db_version=,db_time=1647104400,last_scan=0,engine_version=2022.03.13.01,missing_updates=).
Mar 13 10:55:22 apm.f5.local notice apmd[12353]: 014902f7:5: /Common/default_ssl_vpn_policy_202203102312:Common:bcd5147d:/Common/default_ssl_vpn_policy_202203102312_act_av_software_check_ag: endpoint software detected (sdk=4.3.1453.0,type=av,id=362,vendor_id=90,version=4.18.2201.10,state=,name=Windows Defender,vendor_name=Microsoft Corporation,db_signature=477,db_version=1.359.1703.0,db_time=1646890729,last_scan=0,engine_version=1.1.18900.3,missing_updates=).
Mar 13 10:55:22 apm.f5.local notice apmd[12353]: 01490005:5: /Common/default_ssl_vpn_policy_202203102312:Common:bcd5147d: Following rule 'fallback' from item 'Antivirus' to ending 'Deny'
Mar 13 10:55:23 apm.f5.local notice apmd[12353]: 01490102:5: /Common/default_ssl_vpn_policy_202203102312:Common:bcd5147d: Access policy result: Logon_Deny
Mar 13 10:55:23 apm.f5.local notice apmd[12353]: 01490248:5: /Common/default_ssl_vpn_policy_202203102312:Common:bcd5147d: Received client info - Hostname: DESKTOP-5613UDI Type: IE Version: 11 Platform: Win10 CPU: WOW64 UI Mode: Full Javascript Support: 1 ActiveX Support: 1 Plugin Support: 0
Mar 13 10:55:24 apm.f5.local notice tmm[17534]: 01490567:5: /Common/default_ssl_vpn_policy_202203102312:Common:bcd5147d: Session deleted (policy_result).
Mar 13 10:55:32 apm.f5.local notice tmm[17534]: 01490506:5: /Common/default_ssl_vpn_policy_202203102312:Common:2853092b: Received User-Agent header: Mozilla%2F5.0%20(Windows%20NT%2010.0%3B%20WOW64%3B%20Trident%2F7.0%3B%20rv%3A11.0)%20like%20Gecko.
Mar 13 10:55:32 apm.f5.local notice tmm[17534]: 01490500:5: /Common/default_ssl_vpn_policy_202203102312:Common:2853092b: New session from client IP 58.247.201.250 (ST=Shanghai/CC=CN/C=AS) at VIP 109.101.115.10 Listener /Common/default_ssl_vpn_policy_202203102312_vs (Reputation=Unknown)
Mar 13 10:55:33 apm.f5.local notice tmm[17534]: 01490505:5: /Common/default_ssl_vpn_policy_202203102312:Common:4594759c: PPP tunnel 0x56000158e900 (ID: b0eb6496) closed.
Mar 13 10:55:33 apm.f5.local notice tmm[17534]: 01490521:5: /Common/default_ssl_vpn_policy_202203102312:Common:80a7d926: Session statistics - bytes in: 176619, bytes out: 6094005
Mar 13 10:55:34 apm.f5.local notice tmm[17534]: 01490549:5: /Common/default_ssl_vpn_policy_202203102312:Common:4594759c: Assigned PPP Dynamic IPv4: 109.101.115.21 ID: a1ec1996 Tunnel Type: VPN_TUNNELTYPE_TLS NA Resource: /Common/default_ssl_vpn_policy_202203102312_na_res Client IP: 58.247.201.250 
Mar 13 10:55:34 apm.f5.local notice tmm[17534]: 01490505:5: /Common/default_ssl_vpn_policy_202203102312:Common:4594759c: PPP tunnel 0x56000158bd00 (ID: a1ec1996) started.
Mar 13 10:55:50 apm.f5.local notice apmd[12353]: 014902f7:5: /Common/default_ssl_vpn_policy_202203102312:Common:2853092b:/Common/default_ssl_vpn_policy_202203102312_act_av_software_check_ag: endpoint software detected (sdk=4.3.1453.0,type=av,id=535,vendor_id=388,version=9.0.69.1,state=1,name=AhnLab V3 Internet Security,vendor_name=AhnLab, Inc.,db_signature=1372,db_version=,db_time=1647104400,last_scan=0,engine_version=2022.03.13.01,missing_updates=).
Mar 13 10:55:50 apm.f5.local notice apmd[12353]: 014902f7:5: /Common/default_ssl_vpn_policy_202203102312:Common:2853092b:/Common/default_ssl_vpn_policy_202203102312_act_av_software_check_ag: endpoint software detected (sdk=4.3.1453.0,type=av,id=362,vendor_id=90,version=4.18.2201.10,state=,name=Windows Defender,vendor_name=Microsoft Corporation,db_signature=477,db_version=1.359.1703.0,db_time=1646890729,last_scan=0,engine_version=1.1.18900.3,missing_updates=).
Mar 13 10:55:50 apm.f5.local notice apmd[12353]: 01490005:5: /Common/default_ssl_vpn_policy_202203102312:Common:2853092b: Following rule 'fallback' from item 'Antivirus' to ending 'Deny'
Mar 13 10:56:02 apm.f5.local notice tmm[17534]: 01490521:5: /Common/default_ssl_vpn_policy_202203102312:Common:bcd5147d: Session statistics - bytes in: 8510, bytes out: 3383
Mar 13 10:56:11 apm.f5.local notice tmm[17534]: 01490506:5: /Common/default_ssl_vpn_policy_202203102312:Common:81ee3042: Received User-Agent header: Mozilla%2F5.0%20(Windows%20NT%2010.0%3B%20WOW64%3B%20Trident%2F7.0%3B%20rv%3A11.0)%20like%20Gecko.
Mar 13 10:56:11 apm.f5.local notice tmm[17534]: 01490500:5: /Common/default_ssl_vpn_policy_202203102312:Common:81ee3042: New session from client IP 58.247.201.250 (ST=Shanghai/CC=CN/C=AS) at VIP 109.101.115.10 Listener /Common/default_ssl_vpn_policy_202203102312_vs (Reputation=Unknown)
Mar 13 10:56:22 apm.f5.local notice apmd[12353]: 014902f7:5: /Common/default_ssl_vpn_policy_202203102312:Common:81ee3042:/Common/default_ssl_vpn_policy_202203102312_act_av_software_check_ag: endpoint software detected (sdk=4.3.1453.0,type=av,id=535,vendor_id=388,version=9.0.69.1,state=1,name=AhnLab V3 Internet Security,vendor_name=AhnLab, Inc.,db_signature=1372,db_version=,db_time=1647104400,last_scan=0,engine_version=2022.03.13.01,missing_updates=).
Mar 13 10:56:22 apm.f5.local notice apmd[12353]: 014902f7:5: /Common/default_ssl_vpn_policy_202203102312:Common:81ee3042:/Common/default_ssl_vpn_policy_202203102312_act_av_software_check_ag: endpoint software detected (sdk=4.3.1453.0,type=av,id=362,vendor_id=90,version=4.18.2201.10,state=,name=Windows Defender,vendor_name=Microsoft Corporation,db_signature=477,db_version=1.359.1703.0,db_time=1646890729,last_scan=0,engine_version=1.1.18900.3,missing_updates=).
Mar 13 10:56:22 apm.f5.local notice apmd[12353]: 01490005:5: /Common/default_ssl_vpn_policy_202203102312:Common:81ee3042: Following rule 'fallback' from item 'Antivirus' to ending 'Deny'
Mar 13 10:56:23 apm.f5.local notice apmd[12353]: 01490102:5: /Common/default_ssl_vpn_policy_202203102312:Common:81ee3042: Access policy result: Logon_Deny
Mar 13 10:56:23 apm.f5.local notice apmd[12353]: 01490248:5: /Common/default_ssl_vpn_policy_202203102312:Common:81ee3042: Received client info - Hostname: DESKTOP-5613UDI Type: IE Version: 11 Platform: Win10 CPU: WOW64 UI Mode: Full Javascript Support: 1 ActiveX Support: 1 Plugin Support: 0
Mar 13 10:56:23 apm.f5.local notice tmm[17534]: 01490567:5: /Common/default_ssl_vpn_policy_202203102312:Common:81ee3042: Session deleted (policy_result).
Mar 13 10:56:39 apm.f5.local notice tmm1[17534]: 01490506:5: /Common/default_ssl_vpn_policy_202203102312:Common:7c7e2179: Received User-Agent header: Mozilla%2F5.0%20(Windows%20NT%2010.0%3B%20WOW64%3B%20Trident%2F7.0%3B%20rv%3A11.0)%20like%20Gecko.
Mar 13 10:56:39 apm.f5.local notice tmm1[17534]: 01490500:5: /Common/default_ssl_vpn_policy_202203102312:Common:7c7e2179: New session from client IP 58.247.201.250 (ST=Shanghai/CC=CN/C=AS) at VIP 109.101.115.10 Listener /Common/default_ssl_vpn_policy_202203102312_vs (Reputation=Unknown)
Mar 13 10:57:00 apm.f5.local notice tmm[17534]: 01490521:5: /Common/default_ssl_vpn_policy_202203102312:Common:81ee3042: Session statistics - bytes in: 9321, bytes out: 3782
Mar 13 10:57:42 apm.f5.local notice apmd[12353]: 014902f7:5: /Common/default_ssl_vpn_policy_202203102312:Common:7c7e2179:/Common/default_ssl_vpn_policy_202203102312_act_av_software_check_ag: endpoint software detected (sdk=4.3.1453.0,type=av,id=535,vendor_id=388,version=9.0.69.1,state=1,name=AhnLab V3 Internet Security,vendor_name=AhnLab, Inc.,db_signature=1372,db_version=,db_time=1647104400,last_scan=0,engine_version=2022.03.13.01,missing_updates=).
Mar 13 10:57:42 apm.f5.local notice apmd[12353]: 014902f7:5: /Common/default_ssl_vpn_policy_202203102312:Common:7c7e2179:/Common/default_ssl_vpn_policy_202203102312_act_av_software_check_ag: endpoint software detected (sdk=4.3.1453.0,type=av,id=362,vendor_id=90,version=4.18.2201.10,state=,name=Windows Defender,vendor_name=Microsoft Corporation,db_signature=477,db_version=1.359.1703.0,db_time=1646890729,last_scan=0,engine_version=1.1.18900.3,missing_updates=).
Mar 13 10:57:42 apm.f5.local notice apmd[12353]: 01490005:5: /Common/default_ssl_vpn_policy_202203102312:Common:7c7e2179: Following rule 'fallback' from item 'Antivirus' to ending 'Deny'
Mar 13 10:57:43 apm.f5.local notice apmd[12353]: 01490102:5: /Common/default_ssl_vpn_policy_202203102312:Common:7c7e2179: Access policy result: Logon_Deny
Mar 13 10:57:43 apm.f5.local notice apmd[12353]: 01490248:5: /Common/default_ssl_vpn_policy_202203102312:Common:7c7e2179: Received client info - Hostname: DESKTOP-5613UDI Type: IE Version: 11 Platform: Win10 CPU: WOW64 UI Mode: Full Javascript Support: 1 ActiveX Support: 1 Plugin Support: 0
Mar 13 10:57:43 apm.f5.local notice tmm1[17534]: 01490567:5: /Common/default_ssl_vpn_policy_202203102312:Common:7c7e2179: Session deleted (policy_result).
Mar 13 10:57:44 apm.f5.local notice tmm1[17534]: 01490506:5: /Common/default_ssl_vpn_policy_202203102312:Common:228e48bc: Received User-Agent header: Mozilla%2F5.0%20(Windows%20NT%2010.0%3B%20WOW64%3B%20Trident%2F7.0%3B%20rv%3A11.0)%20like%20Gecko.
Mar 13 10:57:44 apm.f5.local notice tmm1[17534]: 01490500:5: /Common/default_ssl_vpn_policy_202203102312:Common:228e48bc: New session from client IP 112.65.61.155 (ST=Shanghai/CC=CN/C=AS) at VIP 109.101.115.10 Listener /Common/default_ssl_vpn_policy_202203102312_vs (Reputation=Unknown)
Mar 13 10:57:56 apm.f5.local notice tmm[17534]: 01490506:5: /Common/default_ssl_vpn_policy_202203102312:Common:8778b6e0: Received User-Agent header: Mozilla%2F5.0%20(Windows%20NT%2010.0%3B%20WOW64%3B%20Trident%2F7.0%3B%20rv%3A11.0)%20like%20Gecko.
Mar 13 10:57:56 apm.f5.local notice tmm[17534]: 01490500:5: /Common/default_ssl_vpn_policy_202203102312:Common:8778b6e0: New session from client IP 58.247.201.250 (ST=Shanghai/CC=CN/C=AS) at VIP 109.101.115.10 Listener /Common/default_ssl_vpn_policy_202203102312_vs (Reputation=Unknown)
Mar 13 10:58:04 apm.f5.local notice apmd[12353]: 014902f7:5: /Common/default_ssl_vpn_policy_202203102312:Common:8778b6e0:/Common/default_ssl_vpn_policy_202203102312_act_av_software_check_ag: endpoint software detected (sdk=4.3.1453.0,type=av,id=535,vendor_id=388,version=9.0.69.1,state=1,name=AhnLab V3 Internet Security,vendor_name=AhnLab, Inc.,db_signature=1372,db_version=,db_time=1647104400,last_scan=0,engine_version=2022.03.13.01,missing_updates=).
Mar 13 10:58:04 apm.f5.local notice apmd[12353]: 014902f7:5: /Common/default_ssl_vpn_policy_202203102312:Common:8778b6e0:/Common/default_ssl_vpn_policy_202203102312_act_av_software_check_ag: endpoint software detected (sdk=4.3.1453.0,type=av,id=362,vendor_id=90,version=4.18.2201.10,state=,name=Windows Defender,vendor_name=Microsoft Corporation,db_signature=477,db_version=1.359.1703.0,db_time=1646890729,last_scan=0,engine_version=1.1.18900.3,missing_updates=).
Mar 13 10:58:04 apm.f5.local notice apmd[12353]: 01490005:5: /Common/default_ssl_vpn_policy_202203102312:Common:8778b6e0: Following rule 'fallback' from item 'Antivirus' to ending 'Deny'
Mar 13 10:58:05 apm.f5.local notice apmd[12353]: 01490102:5: /Common/default_ssl_vpn_policy_202203102312:Common:8778b6e0: Access policy result: Logon_Deny
Mar 13 10:58:05 apm.f5.local notice apmd[12353]: 01490248:5: /Common/default_ssl_vpn_policy_202203102312:Common:8778b6e0: Received client info - Hostname: DESKTOP-5613UDI Type: IE Version: 11 Platform: Win10 CPU: WOW64 UI Mode: Full Javascript Support: 1 ActiveX Support: 1 Plugin Support: 0
Mar 13 10:58:05 apm.f5.local notice tmm[17534]: 01490567:5: /Common/default_ssl_vpn_policy_202203102312:Common:8778b6e0: Session deleted (policy_result).
Mar 13 10:58:22 apm.f5.local notice apmd[12353]: 014902f7:5: /Common/default_ssl_vpn_policy_202203102312:Common:228e48bc:/Common/default_ssl_vpn_policy_202203102312_act_av_software_check_ag: endpoint software detected (sdk=4.3.1453.0,type=av,id=535,vendor_id=388,version=9.0.69.1,state=1,name=AhnLab V3 Internet Security,vendor_name=AhnLab, Inc.,db_signature=1372,db_version=,db_time=1647104400,last_scan=1646976518,engine_version=2022.03.13.01,missing_updates=).
Mar 13 10:58:22 apm.f5.local notice apmd[12353]: 014902f7:5: /Common/default_ssl_vpn_policy_202203102312:Common:228e48bc:/Common/default_ssl_vpn_policy_202203102312_act_av_software_check_ag: endpoint software detected (sdk=4.3.1453.0,type=av,id=362,vendor_id=90,version=4.18.2201.10,state=,name=Windows Defender,vendor_name=Microsoft Corporation,db_signature=477,db_version=1.359.1714.0,db_time=1646905832,last_scan=0,engine_version=1.1.18900.3,missing_updates=).
Mar 13 10:58:22 apm.f5.local notice apmd[12353]: 01490005:5: /Common/default_ssl_vpn_policy_202203102312:Common:228e48bc: Following rule 'fallback' from item 'Antivirus' to ending 'Deny'
Mar 13 10:58:23 apm.f5.local notice apmd[12353]: 01490102:5: /Common/default_ssl_vpn_policy_202203102312:Common:228e48bc: Access policy result: Logon_Deny
Mar 13 10:58:23 apm.f5.local notice apmd[12353]: 01490248:5: /Common/default_ssl_vpn_policy_202203102312:Common:228e48bc: Received client info - Hostname: DESKTOP-LFUMGVF Type: IE Version: 11 Platform: Win10 CPU: WOW64 UI Mode: Full Javascript Support: 1 ActiveX Support: 1 Plugin Support: 0
Mar 13 10:58:23 apm.f5.local notice tmm1[17534]: 01490567:5: /Common/default_ssl_vpn_policy_202203102312:Common:228e48bc: Session deleted (policy_result).
Mar 13 10:58:24 apm.f5.local notice tmm1[17534]: 01490521:5: /Common/default_ssl_vpn_policy_202203102312:Common:7c7e2179: Session statistics - bytes in: 8460, bytes out: 3383
Mar 13 10:58:41 apm.f5.local notice tmm[17534]: 01490521:5: /Common/default_ssl_vpn_policy_202203102312:Common:8778b6e0: Session statistics - bytes in: 8340, bytes out: 3383
Mar 13 10:58:59 apm.f5.local notice tmm1[17534]: 01490521:5: /Common/default_ssl_vpn_policy_202203102312:Common:228e48bc: Session statistics - bytes in: 84032, bytes out: 3668467
Mar 13 11:00:58 apm.f5.local notice apmd[12353]: 014902f7:5: /Common/default_ssl_vpn_policy_202203102312:Common:97865108:/Common/default_ssl_vpn_policy_202203102312_act_av_software_check_ag: endpoint software detected (sdk=4.3.1453.0,type=av,id=535,vendor_id=388,version=9.0.69.1,state=1,name=AhnLab V3 Internet Security,vendor_name=AhnLab, Inc.,db_signature=1372,db_version=,db_time=1646935200,last_scan=1647136590,engine_version=2022.03.11.03,missing_updates=).
Mar 13 11:00:58 apm.f5.local notice apmd[12353]: 014902f7:5: /Common/default_ssl_vpn_policy_202203102312:Common:97865108:/Common/default_ssl_vpn_policy_202203102312_act_av_software_check_ag: endpoint software detected (sdk=4.3.1453.0,type=av,id=362,vendor_id=90,version=4.18.2007.8,state=,name=Windows Defender,vendor_name=Microsoft Corporation,db_signature=477,db_version=1.321.1797.0,db_time=1597888018,last_scan=0,engine_version=1.1.17300.4,missing_updates=).
Mar 13 11:00:58 apm.f5.local notice apmd[12353]: 01490005:5: /Common/default_ssl_vpn_policy_202203102312:Common:97865108: Following rule 'fallback' from item 'Antivirus' to ending 'Deny'
Mar 13 11:00:59 apm.f5.local notice apmd[12353]: 01490102:5: /Common/default_ssl_vpn_policy_202203102312:Common:97865108: Access policy result: Logon_Deny
Mar 13 11:00:59 apm.f5.local notice apmd[12353]: 01490248:5: /Common/default_ssl_vpn_policy_202203102312:Common:97865108: Received client info - Hostname: DESKTOP-HUMC8TD Type: Mozilla Version: 5 Platform: Win10 CPU: x64 UI Mode: Full Javascript Support: 1 ActiveX Support: 0 Plugin Support: 0
Mar 13 11:00:59 apm.f5.local notice tmm1[17534]: 01490567:5: /Common/default_ssl_vpn_policy_202203102312:Common:97865108: Session deleted (policy_result).
Mar 13 11:01:03 apm.f5.local notice tmm[17534]: 01490502:5: /Common/default_ssl_vpn_policy_202203102312:Common:2853092b: Session deleted due to user inactivity.
Mar 13 11:01:34 apm.f5.local notice tmm1[17534]: 01490521:5: /Common/default_ssl_vpn_policy_202203102312:Common:97865108: Session statistics - bytes in: 314883, bytes out: 10583209
Mar 13 11:01:44 apm.f5.local notice tmm[17534]: 01490521:5: /Common/default_ssl_vpn_policy_202203102312:Common:2853092b: Session statistics - bytes in: 7319, bytes out: 2984
Mar 13 11:01:49 apm.f5.local notice tmm[17534]: 01490506:5: /Common/default_ssl_vpn_policy_202203102312:Common:2827febb: Received User-Agent header: Mozilla%2F5.0%20(Windows%20NT%2010.0%3B%20WOW64%3B%20Trident%2F7.0%3B%20rv%3A11.0)%20like%20Gecko.
Mar 13 11:01:49 apm.f5.local notice tmm[17534]: 01490500:5: /Common/default_ssl_vpn_policy_202203102312:Common:2827febb: New session from client IP 112.65.61.155 (ST=Shanghai/CC=CN/C=AS) at VIP 109.101.115.10 Listener /Common/default_ssl_vpn_policy_202203102312_vs (Reputation=Unknown)
Mar 13 11:02:05 apm.f5.local notice tmm[17534]: 01490506:5: /Common/default_ssl_vpn_policy_202203102312:Common:11ef7fbc: Received User-Agent header: Mozilla%2F5.0%20(Windows%20NT%2010.0%3B%20WOW64%3B%20Trident%2F7.0%3B%20rv%3A11.0)%20like%20Gecko.
Mar 13 11:02:05 apm.f5.local notice tmm[17534]: 01490500:5: /Common/default_ssl_vpn_policy_202203102312:Common:11ef7fbc: New session from client IP 58.247.201.250 (ST=Shanghai/CC=CN/C=AS) at VIP 109.101.115.10 Listener /Common/default_ssl_vpn_policy_202203102312_vs (Reputation=Unknown)
Mar 13 11:02:19 apm.f5.local notice apmd[12353]: 014902f7:5: /Common/default_ssl_vpn_policy_202203102312:Common:11ef7fbc:/Common/default_ssl_vpn_policy_202203102312_act_av_software_check_ag: endpoint software detected (sdk=4.3.1453.0,type=av,id=535,vendor_id=388,version=9.0.69.1,state=1,name=AhnLab V3 Internet Security,vendor_name=AhnLab, Inc.,db_signature=1372,db_version=,db_time=1647104400,last_scan=0,engine_version=2022.03.13.01,missing_updates=).
Mar 13 11:02:19 apm.f5.local notice apmd[12353]: 014902f7:5: /Common/default_ssl_vpn_policy_202203102312:Common:11ef7fbc:/Common/default_ssl_vpn_policy_202203102312_act_av_software_check_ag: endpoint software detected (sdk=4.3.1453.0,type=av,id=362,vendor_id=90,version=4.18.2201.10,state=,name=Windows Defender,vendor_name=Microsoft Corporation,db_signature=477,db_version=1.359.1703.0,db_time=1646890729,last_scan=0,engine_version=1.1.18900.3,missing_updates=).
Mar 13 11:02:19 apm.f5.local notice apmd[12353]: 01490005:5: /Common/default_ssl_vpn_policy_202203102312:Common:11ef7fbc: Following rule 'fallback' from item 'Antivirus' to ending 'Deny'
Mar 13 11:02:20 apm.f5.local notice apmd[12353]: 01490102:5: /Common/default_ssl_vpn_policy_202203102312:Common:11ef7fbc: Access policy result: Logon_Deny
Mar 13 11:02:20 apm.f5.local notice apmd[12353]: 01490248:5: /Common/default_ssl_vpn_policy_202203102312:Common:11ef7fbc: Received client info - Hostname: DESKTOP-5613UDI Type: IE Version: 11 Platform: Win10 CPU: WOW64 UI Mode: Full Javascript Support: 1 ActiveX Support: 1 Plugin Support: 0
Mar 13 11:02:20 apm.f5.local notice tmm[17534]: 01490567:5: /Common/default_ssl_vpn_policy_202203102312:Common:11ef7fbc: Session deleted (policy_result).
Mar 13 11:02:25 apm.f5.local notice tmm[17534]: 01490506:5: /Common/default_ssl_vpn_policy_202203102312:Common:8f8f8cc2: Received User-Agent header: Mozilla%2F5.0%20(Windows%20NT%2010.0%3B%20Win64%3B%20x64%3B%20rv%3A97.0)%20Gecko%2F20100101%20Firefox%2F97.0.
Mar 13 11:02:25 apm.f5.local notice tmm[17534]: 01490500:5: /Common/default_ssl_vpn_policy_202203102312:Common:8f8f8cc2: New session from client IP 58.247.201.250 (ST=Shanghai/CC=CN/C=AS) at VIP 109.101.115.10 Listener /Common/default_ssl_vpn_policy_202203102312_vs (Reputation=Unknown)
Mar 13 11:02:38 apm.f5.local notice apmd[12353]: 01490005:5: /Common/default_ssl_vpn_policy_202203102312:Common:8f8f8cc2: Following rule 'fallback' from item 'Antivirus' to ending 'Deny'
Mar 13 11:02:38 apm.f5.local notice apmd[12353]: 01490102:5: /Common/default_ssl_vpn_policy_202203102312:Common:8f8f8cc2: Access policy result: Logon_Deny
Mar 13 11:02:38 apm.f5.local notice apmd[12353]: 01490248:5: /Common/default_ssl_vpn_policy_202203102312:Common:8f8f8cc2: Received client info - Hostname:  Type: Mozilla Version: 5 Platform: Win10 CPU: x64 UI Mode: Full Javascript Support: 1 ActiveX Support: 0 Plugin Support: 0
Mar 13 11:02:38 apm.f5.local notice tmm[17534]: 01490567:5: /Common/default_ssl_vpn_policy_202203102312:Common:8f8f8cc2: Session deleted (policy_result).
Mar 13 11:02:47 apm.f5.local notice apmd[12353]: 014902f7:5: /Common/default_ssl_vpn_policy_202203102312:Common:2827febb:/Common/default_ssl_vpn_policy_202203102312_act_av_software_check_ag: endpoint software detected (sdk=4.3.1453.0,type=av,id=535,vendor_id=388,version=9.0.69.1,state=1,name=AhnLab V3 Internet Security,vendor_name=AhnLab, Inc.,db_signature=1372,db_version=,db_time=1647104400,last_scan=1646976518,engine_version=2022.03.13.01,missing_updates=).
Mar 13 11:02:47 apm.f5.local notice apmd[12353]: 014902f7:5: /Common/default_ssl_vpn_policy_202203102312:Common:2827febb:/Common/default_ssl_vpn_policy_202203102312_act_av_software_check_ag: endpoint software detected (sdk=4.3.1453.0,type=av,id=362,vendor_id=90,version=4.18.2201.10,state=,name=Windows Defender,vendor_name=Microsoft Corporation,db_signature=477,db_version=1.359.1714.0,db_time=1646905832,last_scan=0,engine_version=1.1.18900.3,missing_updates=).
Mar 13 11:02:47 apm.f5.local notice apmd[12353]: 01490005:5: /Common/default_ssl_vpn_policy_202203102312:Common:2827febb: Following rule 'fallback' from item 'Antivirus' to ending 'Deny'
Mar 13 11:02:48 apm.f5.local notice apmd[12353]: 01490102:5: /Common/default_ssl_vpn_policy_202203102312:Common:2827febb: Access policy result: Logon_Deny
Mar 13 11:02:48 apm.f5.local notice apmd[12353]: 01490248:5: /Common/default_ssl_vpn_policy_202203102312:Common:2827febb: Received client info - Hostname: DESKTOP-LFUMGVF Type: IE Version: 11 Platform: Win10 CPU: WOW64 UI Mode: Full Javascript Support: 1 ActiveX Support: 1 Plugin Support: 0
Mar 13 11:02:48 apm.f5.local notice tmm[17534]: 01490567:5: /Common/default_ssl_vpn_policy_202203102312:Common:2827febb: Session deleted (policy_result).
Mar 13 11:02:48 apm.f5.local notice tmm1[17534]: 01490506:5: /Common/default_ssl_vpn_policy_202203102312:Common:027202b8: Received User-Agent header: Mozilla%2F4.0%20(compatible%3B%20MSIE%207.0%3B%20Windows%20NT%2010.0%3B%20WOW64%3B%20Trident%2F7.0%3B%20.NET4.0C%3B%20.NET4.0E%3B%20.NET%20CLR%202.0.50727%3B%20.NET%20CLR%203.0.30729%3B%20.NET%20CLR%203.5.30729).
Mar 13 11:02:48 apm.f5.local notice tmm1[17534]: 01490500:5: /Common/default_ssl_vpn_policy_202203102312:Common:027202b8: New session from client IP 58.247.201.250 (ST=Shanghai/CC=CN/C=AS) at VIP 109.101.115.10 Listener /Common/default_ssl_vpn_policy_202203102312_vs (Reputation=Unknown)
Mar 13 11:02:59 apm.f5.local notice tmm[17534]: 01490521:5: /Common/default_ssl_vpn_policy_202203102312:Common:11ef7fbc: Session statistics - bytes in: 8610, bytes out: 4803
Mar 13 11:03:11 apm.f5.local notice tmm[17534]: 01490521:5: /Common/default_ssl_vpn_policy_202203102312:Common:8f8f8cc2: Session statistics - bytes in: 4529, bytes out: 49436
Mar 13 11:03:25 apm.f5.local notice tmm[17534]: 01490521:5: /Common/default_ssl_vpn_policy_202203102312:Common:2827febb: Session statistics - bytes in: 68893, bytes out: 3632419
Mar 13 11:03:38 apm.f5.local notice tmm[17534]: 01490506:5: /Common/default_ssl_vpn_policy_202203102312:Common:2e6bb6e9: Received User-Agent header: Mozilla%2F5.0%20(Windows%20NT%2010.0%3B%20WOW64%3B%20Trident%2F7.0%3B%20rv%3A11.0)%20like%20Gecko.
Mar 13 11:03:38 apm.f5.local notice tmm[17534]: 01490500:5: /Common/default_ssl_vpn_policy_202203102312:Common:2e6bb6e9: New session from client IP 112.65.61.155 (ST=Shanghai/CC=CN/C=AS) at VIP 109.101.115.10 Listener /Common/default_ssl_vpn_policy_202203102312_vs (Reputation=Unknown)
Mar 13 11:03:55 apm.f5.local notice apmd[12353]: 014902f7:5: /Common/default_ssl_vpn_policy_202203102312:Common:2e6bb6e9:/Common/default_ssl_vpn_policy_202203102312_act_av_software_check_ag: endpoint software detected (sdk=4.3.1453.0,type=av,id=535,vendor_id=388,version=9.0.69.1,state=1,name=AhnLab V3 Internet Security,vendor_name=AhnLab, Inc.,db_signature=1372,db_version=,db_time=1647104400,last_scan=1646976518,engine_version=2022.03.13.01,missing_updates=).
Mar 13 11:03:55 apm.f5.local notice apmd[12353]: 014902f7:5: /Common/default_ssl_vpn_policy_202203102312:Common:2e6bb6e9:/Common/default_ssl_vpn_policy_202203102312_act_av_software_check_ag: endpoint software detected (sdk=4.3.1453.0,type=av,id=362,vendor_id=90,version=4.18.2201.10,state=,name=Windows Defender,vendor_name=Microsoft Corporation,db_signature=477,db_version=1.359.1714.0,db_time=1646905832,last_scan=0,engine_version=1.1.18900.3,missing_updates=).
Mar 13 11:03:55 apm.f5.local notice apmd[12353]: 01490005:5: /Common/default_ssl_vpn_policy_202203102312:Common:2e6bb6e9: Following rule 'fallback' from item 'Antivirus' to ending 'Deny'
Mar 13 11:03:56 apm.f5.local notice apmd[12353]: 01490102:5: /Common/default_ssl_vpn_policy_202203102312:Common:2e6bb6e9: Access policy result: Logon_Deny
Mar 13 11:03:56 apm.f5.local notice apmd[12353]: 01490248:5: /Common/default_ssl_vpn_policy_202203102312:Common:2e6bb6e9: Received client info - Hostname: DESKTOP-LFUMGVF Type: IE Version: 11 Platform: Win10 CPU: WOW64 UI Mode: Full Javascript Support: 1 ActiveX Support: 1 Plugin Support: 0
Mar 13 11:03:56 apm.f5.local notice tmm[17534]: 01490567:5: /Common/default_ssl_vpn_policy_202203102312:Common:2e6bb6e9: Session deleted (policy_result).
Mar 13 11:04:04 apm.f5.local notice tmm[17534]: 01490505:5: /Common/default_ssl_vpn_policy_202203102312:Common:4594759c: PPP tunnel 0x56000158bd00 (ID: a1ec1996) closed.
Mar 13 11:04:27 apm.f5.local notice tmm[17534]: 01490506:5: /Common/default_ssl_vpn_policy_202203102312:Common:68cef6ed: Received User-Agent header: Mozilla%2F5.0%20(Windows%20NT%2010.0%3B%20Win64%3B%20x64)%20AppleWebKit%2F537.36%20(KHTML%2C%20like%20Gecko)%20Chrome%2F99.0.4844.51%20Safari%2F537.36.
Mar 13 11:04:27 apm.f5.local notice tmm[17534]: 01490500:5: /Common/default_ssl_vpn_policy_202203102312:Common:68cef6ed: New session from client IP 112.65.61.155 (ST=Shanghai/CC=CN/C=AS) at VIP 109.101.115.10 Listener /Common/default_ssl_vpn_policy_202203102312_vs (Reputation=Unknown)
Mar 13 11:04:33 apm.f5.local notice tmm[17534]: 01490521:5: /Common/default_ssl_vpn_policy_202203102312:Common:2e6bb6e9: Session statistics - bytes in: 11290, bytes out: 4904
Mar 13 11:04:58 apm.f5.local notice tmm1[17534]: 01490567:5: /Common/default_ssl_vpn_policy_202203102312:Common:e7a0eb7d: Session deleted (user_initiated; code - 1).
Mar 13 11:04:58 apm.f5.local notice tmm1[17534]: 01490505:5: /Common/default_ssl_vpn_policy_202203102312:Common:e7a0eb7d: PPP tunnel 0x560027b03600 (ID: d9059b90) closed.
Mar 13 11:05:32 apm.f5.local notice tmm1[17534]: 01490521:5: /Common/default_ssl_vpn_policy_202203102312:Common:e7a0eb7d: Session statistics - bytes in: 1155001, bytes out: 5767635
