Mar 14 09:14:26 apm.f5.local notice apmd[13338]: 014902f7:5: /Common/default_ssl_vpn_policy_202203102312:Common:024702e6:/Common/default_ssl_vpn_policy_202203102312_act_av_software_check_ag: endpoint software detected (sdk=4.3.1453.0,type=av,id=362,vendor_id=90,version=4.18.2201.10,state=,name=Windows Defender,vendor_name=Microsoft Corporation,db_signature=477,db_version=1.359.1761.0,db_time=1646968816,last_scan=0,engine_version=1.1.18900.3,missing_updates=).
Mar 14 09:14:32 apm.f5.local notice tmm1[18812]: 01490505:5: /Common/default_ssl_vpn_policy_202203102312:Common:644e66d9: PPP tunnel 0x5600708c7c00 (ID: 64ab59fb) closed.
Mar 14 09:14:53 apm.f5.local err tmm2[18812]: 01490514:3: (null):Common:00000000: Access encountered error: ERR_INPROGRESS. File: ../modules/hudfilter/access/access.c, Function: access_process_state_client_enforce_acl, Line: 13545
Mar 14 09:14:53 apm.f5.local err tmm2[18812]: 01490514:3: (null):Common:00000000: Access encountered error: ERR_INPROGRESS. File: ../modules/hudfilter/access/access.c, Function: hud_access_handler, Line: 3882
Mar 14 09:14:56 apm.f5.local err tmm1[18812]: 01490514:3: (null):Common:00000000: Access encountered error: ERR_INPROGRESS. File: ../modules/hudfilter/access/access.c, Function: access_process_state_client_enforce_session, Line: 9027
Mar 14 09:14:56 apm.f5.local err tmm1[18812]: 01490514:3: (null):Common:00000000: Access encountered error: ERR_INPROGRESS. File: ../modules/hudfilter/access/access.c, Function: hud_access_handler, Line: 3987
Mar 14 09:15:01 apm.f5.local notice tmm1[18812]: 01490549:5: /Common/default_ssl_vpn_policy_202203102312:Common:644e66d9: Assigned PPP Dynamic IPv4: 109.101.115.144 ID: e565a632 Tunnel Type: VPN_TUNNELTYPE_TLS NA Resource: /Common/default_ssl_vpn_policy_202203102312_na_res Client IP: 120.204.103.134 - Reconnect
Mar 14 09:15:01 apm.f5.local notice tmm1[18812]: 01490505:5: /Common/default_ssl_vpn_policy_202203102312:Common:644e66d9: PPP tunnel 0x5600708c6700 (ID: e565a632) started.
Mar 14 09:15:28 apm.f5.local notice tmm2[18812]: 01490506:5: /Common/default_ssl_vpn_policy_202203102312:Common:87361629: Received User-Agent header: Mozilla%2F5.0%20(Windows%20NT%2010.0%3B%20WOW64%3B%20Trident%2F7.0%3B%20rv%3A11.0)%20like%20Gecko.
Mar 14 09:15:28 apm.f5.local notice tmm2[18812]: 01490500:5: /Common/default_ssl_vpn_policy_202203102312:Common:87361629: New session from client IP 61.152.197.145 (ST=Shanghai/CC=CN/C=AS) at VIP 109.101.115.10 Listener /Common/default_ssl_vpn_policy_202203102312_vs (Reputation=Unknown)
Mar 14 09:15:43 apm.f5.local notice tmm[18812]: 01490506:5: /Common/default_ssl_vpn_policy_202203102312:Common:b4ff9d94: Received User-Agent header: Mozilla%2F4.0%20(compatible%3B%20MSIE%207.0%3B%20Windows%20NT%2010.0%3B%20WOW64%3B%20Trident%2F7.0%3B%20.NET4.0C%3B%20.NET4.0E%3B%20.NET%20CLR%202.0.50727%3B%20.NET%20CLR%203.0.30729%3B%20.NET%20CLR%203.5.30729).
Mar 14 09:15:43 apm.f5.local notice tmm[18812]: 01490500:5: /Common/default_ssl_vpn_policy_202203102312:Common:b4ff9d94: New session from client IP 183.195.94.195 (ST=Shanghai/CC=CN/C=AS) at VIP 109.101.115.10 Listener /Common/default_ssl_vpn_policy_202203102312_vs (Reputation=Unknown)
Mar 14 09:15:45 apm.f5.local notice apmd[13338]: 014902f7:5: /Common/default_ssl_vpn_policy_202203102312:Common:87361629:/Common/default_ssl_vpn_policy_202203102312_act_av_software_check_ag: endpoint software detected (sdk=4.3.1453.0,type=av,id=535,vendor_id=388,version=9.0.69.1,state=1,name=AhnLab V3 Internet Security,vendor_name=AhnLab, Inc.,db_signature=1372,db_version=,db_time=1646938800,last_scan=1614312082,engine_version=2022.03.11.03,missing_updates=).
Mar 14 09:15:45 apm.f5.local notice apmd[13338]: 014902f7:5: /Common/default_ssl_vpn_policy_202203102312:Common:87361629:/Common/default_ssl_vpn_policy_202203102312_act_av_software_check_ag: endpoint software detected (sdk=4.3.1453.0,type=av,id=362,vendor_id=90,version=4.12.16299.15,state=,name=Windows Defender,vendor_name=Microsoft Corporation,db_signature=477,db_version=1.251.42.0,db_time=1503597800,last_scan=0,engine_version=1.1.14104.0,missing_updates=).
Mar 14 09:15:51 apm.f5.local notice apmd[13338]: 01490010:5: /Common/default_ssl_vpn_policy_202203102312:Common:87361629: Username '525781749@qq.com'
Mar 14 09:15:59 apm.f5.local notice tmm1[18812]: 01490502:5: /Common/default_ssl_vpn_policy_202203102312:Common:ee779f03: Session deleted due to user inactivity.
Mar 14 09:16:20 apm.f5.local notice apmd[13338]: 01490008:5: /Common/default_ssl_vpn_policy_202203102312:Common:87361629: Connectivity resource '/Common/default_ssl_vpn_policy_202203102312_na_res' assigned
Mar 14 09:16:20 apm.f5.local notice apmd[13338]: 01490128:5: /Common/default_ssl_vpn_policy_202203102312:Common:87361629: Webtop '/Common/default_ssl_vpn_policy_202203102312_webtop' assigned
Mar 14 09:16:20 apm.f5.local notice apmd[13338]: 01490005:5: /Common/default_ssl_vpn_policy_202203102312:Common:87361629: Following rule 'fallback' from item 'Advanced Resource Assign' to ending 'Allow'
Mar 14 09:16:20 apm.f5.local notice apmd[13338]: 01490102:5: /Common/default_ssl_vpn_policy_202203102312:Common:87361629: Access policy result: Network_Access
Mar 14 09:16:20 apm.f5.local notice apmd[13338]: 01490248:5: /Common/default_ssl_vpn_policy_202203102312:Common:87361629: Received client info - Hostname: SPCI-HOUYUMENG Type: IE Version: 11 Platform: Win10 CPU: WOW64 UI Mode: Full Javascript Support: 1 ActiveX Support: 1 Plugin Support: 0
Mar 14 09:16:22 apm.f5.local err tmm[18812]: 01490514:3: (null):Common:00000000: Access encountered error: ERR_INPROGRESS. File: ../modules/hudfilter/access/access.c, Function: access_process_state_client_enforce_acl, Line: 13545
Mar 14 09:16:22 apm.f5.local err tmm[18812]: 01490514:3: (null):Common:00000000: Access encountered error: ERR_INPROGRESS. File: ../modules/hudfilter/access/access.c, Function: hud_access_handler, Line: 3882
Mar 14 09:16:24 apm.f5.local err tmm[18812]: 01490514:3: (null):Common:00000000: Access encountered error: ERR_INPROGRESS. File: ../modules/hudfilter/access/access.c, Function: access_process_state_client_enforce_session, Line: 9027
Mar 14 09:16:24 apm.f5.local err tmm[18812]: 01490514:3: (null):Common:00000000: Access encountered error: ERR_INPROGRESS. File: ../modules/hudfilter/access/access.c, Function: hud_access_handler, Line: 3987
Mar 14 09:16:33 apm.f5.local notice tmm3[18812]: 01490549:5: /Common/default_ssl_vpn_policy_202203102312:Common:87361629: Assigned PPP Dynamic IPv4: 109.101.115.173 ID: f5ec7363 Tunnel Type: VPN_TUNNELTYPE_TLS NA Resource: /Common/default_ssl_vpn_policy_202203102312_na_res Client IP: 61.152.197.145 
Mar 14 09:16:33 apm.f5.local notice tmm3[18812]: 01490505:5: /Common/default_ssl_vpn_policy_202203102312:Common:87361629: PPP tunnel 0x5601480c7100 (ID: f5ec7363) started.
Mar 14 09:16:33 apm.f5.local notice tmm3[18812]: 01490505:5: /Common/default_ssl_vpn_policy_202203102312:Common:87361629: PPP tunnel 0x5601480c7100 (ID: f5ec7363) closed.
Mar 14 09:16:40 apm.f5.local notice tmm1[18812]: 01490521:5: /Common/default_ssl_vpn_policy_202203102312:Common:ee779f03: Session statistics - bytes in: 906, bytes out: 399
Mar 14 09:18:26 apm.f5.local notice apmd[13338]: 01490005:5: /Common/default_ssl_vpn_policy_202203102312:Common:f6d11dac: Following rule 'fallback' from item 'Antivirus' to ending 'Deny'
Mar 14 09:18:28 apm.f5.local notice apmd[13338]: 01490102:5: /Common/default_ssl_vpn_policy_202203102312:Common:f6d11dac: Access policy result: Logon_Deny
Mar 14 09:18:28 apm.f5.local notice apmd[13338]: 01490248:5: /Common/default_ssl_vpn_policy_202203102312:Common:f6d11dac: Received client info - Hostname: LINTAO Type: Mozilla Version: 5 Platform: Win10 CPU: x64 UI Mode: Full Javascript Support: 1 ActiveX Support: 0 Plugin Support: 0
Mar 14 09:18:28 apm.f5.local notice tmm2[18812]: 01490567:5: /Common/default_ssl_vpn_policy_202203102312:Common:f6d11dac: Session deleted (policy_result).
Mar 14 09:18:39 apm.f5.local notice tmm1[18812]: 01490506:5: /Common/default_ssl_vpn_policy_202203102312:Common:8d9ecbcb: Received User-Agent header: Mozilla%2F5.0%20(Windows%20NT%2010.0%3B%20WOW64%3B%20Trident%2F7.0%3B%20rv%3A11.0)%20like%20Gecko.
Mar 14 09:18:39 apm.f5.local notice tmm1[18812]: 01490500:5: /Common/default_ssl_vpn_policy_202203102312:Common:8d9ecbcb: New session from client IP 223.167.122.50 (ST=Shanghai/CC=CN/C=AS) at VIP 109.101.115.10 Listener /Common/default_ssl_vpn_policy_202203102312_vs (Reputation=Unknown)
Mar 14 09:18:56 apm.f5.local notice tmm1[18812]: 01490505:5: /Common/default_ssl_vpn_policy_202203102312:Common:644e66d9: PPP tunnel 0x5600708c6700 (ID: e565a632) closed.
Mar 14 09:18:57 apm.f5.local notice tmm2[18812]: 01490506:5: /Common/default_ssl_vpn_policy_202203102312:Common:dbe9ff5d: Received User-Agent header: Mozilla%2F5.0%20(Windows%20NT%2010.0%3B%20Win64%3B%20x64)%20AppleWebKit%2F537.36%20(KHTML%2C%20like%20Gecko)%20Chrome%2F99.0.4844.51%20Safari%2F537.36.
Mar 14 09:18:57 apm.f5.local notice tmm2[18812]: 01490500:5: /Common/default_ssl_vpn_policy_202203102312:Common:dbe9ff5d: New session from client IP 223.167.122.50 (ST=Shanghai/CC=CN/C=AS) at VIP 109.101.115.10 Listener /Common/default_ssl_vpn_policy_202203102312_vs (Reputation=Unknown)
Mar 14 09:18:57 apm.f5.local err tmm2[18812]: 01490514:3: (null):Common:00000000: Access encountered error: ERR_INPROGRESS. File: ../modules/hudfilter/access/access.c, Function: access_process_state_client_enforce_acl, Line: 13545
Mar 14 09:18:57 apm.f5.local err tmm2[18812]: 01490514:3: (null):Common:00000000: Access encountered error: ERR_INPROGRESS. File: ../modules/hudfilter/access/access.c, Function: hud_access_handler, Line: 3882
Mar 14 09:19:00 apm.f5.local err tmm1[18812]: 01490514:3: (null):Common:00000000: Access encountered error: ERR_INPROGRESS. File: ../modules/hudfilter/access/access.c, Function: access_process_state_client_enforce_session, Line: 9027
Mar 14 09:19:00 apm.f5.local err tmm1[18812]: 01490514:3: (null):Common:00000000: Access encountered error: ERR_INPROGRESS. File: ../modules/hudfilter/access/access.c, Function: hud_access_handler, Line: 3987
Mar 14 09:19:00 apm.f5.local notice apmd[13338]: 014902f7:5: /Common/default_ssl_vpn_policy_202203102312:Common:8d9ecbcb:/Common/default_ssl_vpn_policy_202203102312_act_av_software_check_ag: endpoint software detected (sdk=4.3.1453.0,type=av,id=535,vendor_id=388,version=9.0.69.1,state=0,name=AhnLab V3 Internet Security,vendor_name=AhnLab, Inc.,db_signature=1372,db_version=,db_time=1647108000,last_scan=1647146124,engine_version=2022.03.13.02,missing_updates=).
Mar 14 09:19:00 apm.f5.local notice apmd[13338]: 014902f7:5: /Common/default_ssl_vpn_policy_202203102312:Common:8d9ecbcb:/Common/default_ssl_vpn_policy_202203102312_act_av_software_check_ag: endpoint software detected (sdk=4.3.1453.0,type=av,id=362,vendor_id=90,version=4.12.16299.15,state=1,name=Windows Defender,vendor_name=Microsoft Corporation,db_signature=477,db_version=1.359.1909.0,db_time=1647192790,last_scan=0,engine_version=1.1.18900.3,missing_updates=).
Mar 14 09:19:02 apm.f5.local notice tmm2[18812]: 01490521:5: /Common/default_ssl_vpn_policy_202203102312:Common:f6d11dac: Session statistics - bytes in: 117395, bytes out: 4059448
Mar 14 09:19:19 apm.f5.local notice tmm[18812]: 01490502:5: /Common/default_ssl_vpn_policy_202203102312:Common:c1f6cab7: Session deleted due to user inactivity.
Mar 14 09:19:25 apm.f5.local notice apmd[13338]: 01490010:5: /Common/default_ssl_vpn_policy_202203102312:Common:8d9ecbcb: Username 'lintao_ins@outlook.com'
Mar 14 09:19:33 apm.f5.local notice tmm3[18812]: 01490502:5: /Common/default_ssl_vpn_policy_202203102312:Common:7e472b27: Session deleted due to user inactivity.
Mar 14 09:19:37 apm.f5.local notice tmm[18812]: 01490506:5: /Common/default_ssl_vpn_policy_202203102312:Common:9b90f9a5: Received User-Agent header: Mozilla%2F5.0%20(Windows%20NT%2010.0%3B%20WOW64%3B%20Trident%2F7.0%3B%20rv%3A11.0)%20like%20Gecko.
Mar 14 09:19:37 apm.f5.local notice tmm[18812]: 01490500:5: /Common/default_ssl_vpn_policy_202203102312:Common:9b90f9a5: New session from client IP 183.195.94.195 (ST=Shanghai/CC=CN/C=AS) at VIP 109.101.115.10 Listener /Common/default_ssl_vpn_policy_202203102312_vs (Reputation=Unknown)
Mar 14 09:19:38 apm.f5.local notice tmm1[18812]: 01490567:5: /Common/default_ssl_vpn_policy_202203102312:Common:b5b4fad7: Session deleted (out_of_compliance; code - 24577).
Mar 14 09:19:39 apm.f5.local notice tmm[18812]: 01490505:5: /Common/default_ssl_vpn_policy_202203102312:Common:b5b4fad7: PPP tunnel 0x56000175ae00 (ID: 42db6dd7) closed.
Mar 14 09:19:57 apm.f5.local notice tmm1[18812]: 01490502:5: /Common/default_ssl_vpn_policy_202203102312:Common:024702e6: Session deleted due to user inactivity.
Mar 14 09:19:58 apm.f5.local notice tmm[18812]: 01490521:5: /Common/default_ssl_vpn_policy_202203102312:Common:c1f6cab7: Session statistics - bytes in: 14729, bytes out: 13433
Mar 14 09:20:13 apm.f5.local notice tmm3[18812]: 01490521:5: /Common/default_ssl_vpn_policy_202203102312:Common:7e472b27: Session statistics - bytes in: 18717, bytes out: 175562
Mar 14 09:20:17 apm.f5.local notice tmm1[18812]: 01490521:5: /Common/default_ssl_vpn_policy_202203102312:Common:b5b4fad7: Session statistics - bytes in: 1633905, bytes out: 3047084
Mar 14 09:20:30 apm.f5.local err tmm1[18812]: 01490514:3: (null):Common:00000000: Access encountered error: ERR_INPROGRESS. File: ../modules/hudfilter/access/access.c, Function: access_process_state_client_enforce_acl, Line: 13545
Mar 14 09:20:31 apm.f5.local err tmm3[18812]: 01490514:3: (null):Common:00000000: Access encountered error: ERR_INPROGRESS. File: ../modules/hudfilter/access/access.c, Function: access_process_state_client_enforce_session, Line: 9027
Mar 14 09:20:31 apm.f5.local err tmm3[18812]: 01490514:3: (null):Common:00000000: Access encountered error: ERR_INPROGRESS. File: ../modules/hudfilter/access/access.c, Function: hud_access_handler, Line: 3987
Mar 14 09:20:38 apm.f5.local notice tmm1[18812]: 01490521:5: /Common/default_ssl_vpn_policy_202203102312:Common:024702e6: Session statistics - bytes in: 16344, bytes out: 55047
Mar 14 09:20:43 apm.f5.local notice tmm[18812]: 01490506:5: /Common/default_ssl_vpn_policy_202203102312:Common:3b70f7a8: Received User-Agent header: Mozilla%2F4.0%20(compatible%3B%20MSIE%207.0%3B%20Windows%20NT%2010.0%3B%20WOW64%3B%20Trident%2F7.0%3B%20.NET4.0C%3B%20.NET4.0E%3B%20.NET%20CLR%202.0.50727%3B%20.NET%20CLR%203.0.30729%3B%20.NET%20CLR%203.5.30729).
Mar 14 09:20:43 apm.f5.local notice tmm[18812]: 01490500:5: /Common/default_ssl_vpn_policy_202203102312:Common:3b70f7a8: New session from client IP 183.195.94.195 (ST=Shanghai/CC=CN/C=AS) at VIP 109.101.115.10 Listener /Common/default_ssl_vpn_policy_202203102312_vs (Reputation=Unknown)
Mar 14 09:20:44 apm.f5.local notice tmm[18812]: 01490549:5: /Common/default_ssl_vpn_policy_202203102312:Common:644e66d9: Assigned PPP Dynamic IPv4: 109.101.115.144 ID: 4f6262a2 Tunnel Type: VPN_TUNNELTYPE_TLS NA Resource: /Common/default_ssl_vpn_policy_202203102312_na_res Client IP: 120.204.103.134 - Reconnect
Mar 14 09:20:44 apm.f5.local notice tmm[18812]: 01490505:5: /Common/default_ssl_vpn_policy_202203102312:Common:644e66d9: PPP tunnel 0x56000175ae00 (ID: 4f6262a2) started.
Mar 14 09:20:52 apm.f5.local notice tmm[18812]: 01490502:5: /Common/default_ssl_vpn_policy_202203102312:Common:b4ff9d94: Session deleted due to user inactivity.
Mar 14 09:20:53 apm.f5.local notice tmm3[18812]: 01490506:5: /Common/default_ssl_vpn_policy_202203102312:Common:b4e30afe: Received User-Agent header: Mozilla%2F5.0%20(Windows%20NT%2010.0%3B%20WOW64%3B%20Trident%2F7.0%3B%20rv%3A11.0)%20like%20Gecko.
Mar 14 09:20:53 apm.f5.local notice tmm3[18812]: 01490500:5: /Common/default_ssl_vpn_policy_202203102312:Common:b4e30afe: New session from client IP 183.192.140.102 (ST=Shanghai/CC=CN/C=AS) at VIP 109.101.115.10 Listener /Common/default_ssl_vpn_policy_202203102312_vs (Reputation=Unknown)
Mar 14 09:20:59 apm.f5.local notice tmm[18812]: 01490505:5: /Common/default_ssl_vpn_policy_202203102312:Common:644e66d9: PPP tunnel 0x56000175ae00 (ID: 4f6262a2) closed.
Mar 14 09:21:33 apm.f5.local notice tmm[18812]: 01490521:5: /Common/default_ssl_vpn_policy_202203102312:Common:b4ff9d94: Session statistics - bytes in: 906, bytes out: 399
Mar 14 09:21:34 apm.f5.local err tmm2[18812]: 01490514:3: (null):Common:00000000: Access encountered error: ERR_INPROGRESS. File: ../modules/hudfilter/access/access.c, Function: access_process_state_client_enforce_acl, Line: 13545
Mar 14 09:21:34 apm.f5.local err tmm2[18812]: 01490514:3: (null):Common:00000000: Access encountered error: ERR_INPROGRESS. File: ../modules/hudfilter/access/access.c, Function: hud_access_handler, Line: 3882
Mar 14 09:21:36 apm.f5.local err tmm2[18812]: 01490514:3: (null):Common:00000000: Access encountered error: ERR_INPROGRESS. File: ../modules/hudfilter/access/access.c, Function: access_process_state_client_enforce_session, Line: 9027
Mar 14 09:21:36 apm.f5.local err tmm2[18812]: 01490514:3: (null):Common:00000000: Access encountered error: ERR_INPROGRESS. File: ../modules/hudfilter/access/access.c, Function: hud_access_handler, Line: 3987
Mar 14 09:21:46 apm.f5.local err tmm[18812]: 01490514:3: (null):Common:00000000: Access encountered error: ERR_INPROGRESS. File: ../modules/hudfilter/access/access.c, Function: access_process_state_client_enforce_acl, Line: 13545
Mar 14 09:21:46 apm.f5.local err tmm[18812]: 01490514:3: (null):Common:00000000: Access encountered error: ERR_INPROGRESS. File: ../modules/hudfilter/access/access.c, Function: hud_access_handler, Line: 3882
Mar 14 09:21:55 apm.f5.local err tmm3[18812]: 01490514:3: (null):Common:00000000: Access encountered error: ERR_INPROGRESS. File: ../modules/hudfilter/access/access.c, Function: access_process_state_client_enforce_session, Line: 9027
Mar 14 09:21:55 apm.f5.local err tmm3[18812]: 01490514:3: (null):Common:00000000: Access encountered error: ERR_INPROGRESS. File: ../modules/hudfilter/access/access.c, Function: hud_access_handler, Line: 3987
Mar 14 09:22:01 apm.f5.local notice tmm[18812]: 01490502:5: /Common/default_ssl_vpn_policy_202203102312:Common:54fad72e: Session deleted due to user inactivity.
Mar 14 09:22:02 apm.f5.local notice tmm1[18812]: 01490506:5: /Common/default_ssl_vpn_policy_202203102312:Common:5fdfe404: Received User-Agent header: Mozilla%2F5.0%20(Windows%20NT%2010.0%3B%20WOW64%3B%20Trident%2F7.0%3B%20rv%3A11.0)%20like%20Gecko.
Mar 14 09:22:02 apm.f5.local notice tmm1[18812]: 01490500:5: /Common/default_ssl_vpn_policy_202203102312:Common:5fdfe404: New session from client IP 120.204.189.234 (ST=Shanghai/CC=CN/C=AS) at VIP 109.101.115.10 Listener /Common/default_ssl_vpn_policy_202203102312_vs (Reputation=Unknown)
Mar 14 09:22:05 apm.f5.local notice tmm3[18812]: 01490549:5: /Common/default_ssl_vpn_policy_202203102312:Common:644e66d9: Assigned PPP Dynamic IPv4: 109.101.115.144 ID: 940e7077 Tunnel Type: VPN_TUNNELTYPE_TLS NA Resource: /Common/default_ssl_vpn_policy_202203102312_na_res Client IP: 120.204.103.134 - Reconnect
Mar 14 09:22:05 apm.f5.local notice tmm3[18812]: 01490505:5: /Common/default_ssl_vpn_policy_202203102312:Common:644e66d9: PPP tunnel 0x5601480ed500 (ID: 940e7077) started.
Mar 14 09:22:15 apm.f5.local notice tmm3[18812]: 01490505:5: /Common/default_ssl_vpn_policy_202203102312:Common:644e66d9: PPP tunnel 0x5601480ed500 (ID: 940e7077) closed.
Mar 14 09:22:17 apm.f5.local notice tmm3[18812]: 01490506:5: /Common/default_ssl_vpn_policy_202203102312:Common:59b4881e: Received User-Agent header: Mozilla%2F5.0%20(Windows%20NT%2010.0%3B%20WOW64%3B%20Trident%2F7.0%3B%20rv%3A11.0)%20like%20Gecko.
Mar 14 09:22:17 apm.f5.local notice tmm3[18812]: 01490500:5: /Common/default_ssl_vpn_policy_202203102312:Common:59b4881e: New session from client IP 120.204.155.143 (ST=Shanghai/CC=CN/C=AS) at VIP 109.101.115.10 Listener /Common/default_ssl_vpn_policy_202203102312_vs (Reputation=Unknown)
Mar 14 09:22:35 apm.f5.local err tmm2[18812]: 01490514:3: (null):Common:00000000: Access encountered error: ERR_INPROGRESS. File: ../modules/hudfilter/access/access.c, Function: access_process_state_client_enforce_acl, Line: 13545
Mar 14 09:22:35 apm.f5.local err tmm2[18812]: 01490514:3: (null):Common:00000000: Access encountered error: ERR_INPROGRESS. File: ../modules/hudfilter/access/access.c, Function: hud_access_handler, Line: 3882
Mar 14 09:22:38 apm.f5.local notice tmm[18812]: 01490521:5: /Common/default_ssl_vpn_policy_202203102312:Common:54fad72e: Session statistics - bytes in: 380540, bytes out: 638144
Mar 14 09:22:44 apm.f5.local notice tmm3[18812]: 01490549:5: /Common/default_ssl_vpn_policy_202203102312:Common:644e66d9: Assigned PPP Dynamic IPv4: 109.101.115.144 ID: ede11a8b Tunnel Type: VPN_TUNNELTYPE_TLS NA Resource: /Common/default_ssl_vpn_policy_202203102312_na_res Client IP: 120.204.103.134 - Reconnect
Mar 14 09:22:44 apm.f5.local notice tmm3[18812]: 01490505:5: /Common/default_ssl_vpn_policy_202203102312:Common:644e66d9: PPP tunnel 0x5601480d8100 (ID: ede11a8b) started.
Mar 14 09:22:49 apm.f5.local notice tmm3[18812]: 01490505:5: /Common/default_ssl_vpn_policy_202203102312:Common:644e66d9: PPP tunnel 0x5601480d8100 (ID: ede11a8b) closed.
Mar 14 09:22:58 apm.f5.local notice tmm1[18812]: 01490567:5: /Common/default_ssl_vpn_policy_202203102312:Common:8d9ecbcb: Session deleted (restarted).
Mar 14 09:22:58 apm.f5.local notice tmm1[18812]: 01490506:5: /Common/default_ssl_vpn_policy_202203102312:Common:d67bded6: Received User-Agent header: Mozilla%2F5.0%20(Windows%20NT%2010.0%3B%20WOW64%3B%20Trident%2F7.0%3B%20rv%3A11.0)%20like%20Gecko.
Mar 14 09:22:58 apm.f5.local notice tmm1[18812]: 01490500:5: /Common/default_ssl_vpn_policy_202203102312:Common:d67bded6: New session from client IP 223.167.122.50 (ST=Shanghai/CC=CN/C=AS) at VIP 109.101.115.10 Listener /Common/default_ssl_vpn_policy_202203102312_vs (Reputation=Unknown)
Mar 14 09:23:06 apm.f5.local err tmm2[18812]: 01490514:3: (null):Common:00000000: Access encountered error: ERR_INPROGRESS. File: ../modules/hudfilter/access/access.c, Function: access_process_state_client_enforce_acl, Line: 13545
Mar 14 09:23:06 apm.f5.local err tmm2[18812]: 01490514:3: (null):Common:00000000: Access encountered error: ERR_INPROGRESS. File: ../modules/hudfilter/access/access.c, Function: hud_access_handler, Line: 3882
Mar 14 09:23:07 apm.f5.local notice apmd[13338]: 014902f7:5: /Common/default_ssl_vpn_policy_202203102312:Common:d67bded6:/Common/default_ssl_vpn_policy_202203102312_act_av_software_check_ag: endpoint software detected (sdk=4.3.1453.0,type=av,id=535,vendor_id=388,version=9.0.69.1,state=0,name=AhnLab V3 Internet Security,vendor_name=AhnLab, Inc.,db_signature=1372,db_version=,db_time=1647108000,last_scan=1647146124,engine_version=2022.03.13.02,missing_updates=).
Mar 14 09:23:07 apm.f5.local notice apmd[13338]: 014902f7:5: /Common/default_ssl_vpn_policy_202203102312:Common:d67bded6:/Common/default_ssl_vpn_policy_202203102312_act_av_software_check_ag: endpoint software detected (sdk=4.3.1453.0,type=av,id=362,vendor_id=90,version=4.12.16299.15,state=1,name=Windows Defender,vendor_name=Microsoft Corporation,db_signature=477,db_version=1.359.1909.0,db_time=1647192790,last_scan=0,engine_version=1.1.18900.3,missing_updates=).
Mar 14 09:23:09 apm.f5.local err tmm1[18812]: 01490514:3: (null):Common:00000000: Access encountered error: ERR_INPROGRESS. File: ../modules/hudfilter/access/access.c, Function: access_process_state_client_enforce_session, Line: 9027
Mar 14 09:23:09 apm.f5.local err tmm1[18812]: 01490514:3: (null):Common:00000000: Access encountered error: ERR_INPROGRESS. File: ../modules/hudfilter/access/access.c, Function: hud_access_handler, Line: 3987
Mar 14 09:23:16 apm.f5.local notice tmm2[18812]: 01490549:5: /Common/default_ssl_vpn_policy_202203102312:Common:644e66d9: Assigned PPP Dynamic IPv4: 109.101.115.144 ID: a4c8fd4d Tunnel Type: VPN_TUNNELTYPE_TLS NA Resource: /Common/default_ssl_vpn_policy_202203102312_na_res Client IP: 120.204.103.134 - Reconnect
Mar 14 09:23:16 apm.f5.local notice tmm2[18812]: 01490505:5: /Common/default_ssl_vpn_policy_202203102312:Common:644e66d9: PPP tunnel 0x5600dc508e00 (ID: a4c8fd4d) started.
Mar 14 09:23:20 apm.f5.local notice tmm3[18812]: 01490567:5: /Common/default_ssl_vpn_policy_202203102312:Common:b4e30afe: Session deleted (restarted).
Mar 14 09:23:20 apm.f5.local notice tmm3[18812]: 01490506:5: /Common/default_ssl_vpn_policy_202203102312:Common:1d2e5371: Received User-Agent header: Mozilla%2F5.0%20(Windows%20NT%2010.0%3B%20WOW64%3B%20Trident%2F7.0%3B%20rv%3A11.0)%20like%20Gecko.
Mar 14 09:23:20 apm.f5.local notice tmm3[18812]: 01490500:5: /Common/default_ssl_vpn_policy_202203102312:Common:1d2e5371: New session from client IP 183.192.140.102 (ST=Shanghai/CC=CN/C=AS) at VIP 109.101.115.10 Listener /Common/default_ssl_vpn_policy_202203102312_vs (Reputation=Unknown)
Mar 14 09:23:31 apm.f5.local notice tmm1[18812]: 01490505:5: /Common/default_ssl_vpn_policy_202203102312:Common:75aa9421: PPP tunnel 0x560070909400 (ID: aafff1e1) closed.
Mar 14 09:23:32 apm.f5.local notice tmm1[18812]: 01490521:5: /Common/default_ssl_vpn_policy_202203102312:Common:8d9ecbcb: Session statistics - bytes in: 27503, bytes out: 14292
Mar 14 09:23:33 apm.f5.local notice apmd[13338]: 01490010:5: /Common/default_ssl_vpn_policy_202203102312:Common:d67bded6: Username 'lintao_ins@outlook.com'
Mar 14 09:23:34 apm.f5.local notice apmd[13338]: 014902f7:5: /Common/default_ssl_vpn_policy_202203102312:Common:5fdfe404:/Common/default_ssl_vpn_policy_202203102312_act_av_software_check_ag: endpoint software detected (sdk=4.3.1453.0,type=av,id=535,vendor_id=388,version=9.0.69.1,state=1,name=AhnLab V3 Internet Security,vendor_name=AhnLab, Inc.,db_signature=1372,db_version=,db_time=1646593200,last_scan=1647144113,engine_version=2022.03.07.03,missing_updates=).
Mar 14 09:23:34 apm.f5.local notice apmd[13338]: 014902f7:5: /Common/default_ssl_vpn_policy_202203102312:Common:5fdfe404:/Common/default_ssl_vpn_policy_202203102312_act_av_software_check_ag: endpoint software detected (sdk=4.3.1453.0,type=av,id=362,vendor_id=90,version=4.18.1909.6,state=,name=Windows Defender,vendor_name=Microsoft Corporation,db_signature=477,db_version=1.331.2079.0,db_time=1614561748,last_scan=0,engine_version=1.1.17800.5,missing_updates=).
Mar 14 09:23:42 apm.f5.local notice tmm2[18812]: 01490505:5: /Common/default_ssl_vpn_policy_202203102312:Common:644e66d9: PPP tunnel 0x5600dc508e00 (ID: a4c8fd4d) closed.
Mar 14 09:23:57 apm.f5.local notice apmd[13338]: 01490008:5: /Common/default_ssl_vpn_policy_202203102312:Common:d67bded6: Connectivity resource '/Common/default_ssl_vpn_policy_202203102312_na_res' assigned
Mar 14 09:23:57 apm.f5.local notice apmd[13338]: 01490128:5: /Common/default_ssl_vpn_policy_202203102312:Common:d67bded6: Webtop '/Common/default_ssl_vpn_policy_202203102312_webtop' assigned
Mar 14 09:23:57 apm.f5.local notice apmd[13338]: 01490005:5: /Common/default_ssl_vpn_policy_202203102312:Common:d67bded6: Following rule 'fallback' from item 'Advanced Resource Assign' to ending 'Allow'
Mar 14 09:23:57 apm.f5.local notice apmd[13338]: 01490102:5: /Common/default_ssl_vpn_policy_202203102312:Common:d67bded6: Access policy result: Network_Access
Mar 14 09:23:57 apm.f5.local notice apmd[13338]: 01490248:5: /Common/default_ssl_vpn_policy_202203102312:Common:d67bded6: Received client info - Hostname: LINTAO Type: IE Version: 11 Platform: Win10 CPU: WOW64 UI Mode: Full Javascript Support: 1 ActiveX Support: 1 Plugin Support: 0
Mar 14 09:23:58 apm.f5.local err tmm[18812]: 01490514:3: (null):Common:00000000: Access encountered error: ERR_INPROGRESS. File: ../modules/hudfilter/access/access.c, Function: access_process_state_client_enforce_acl, Line: 13545
Mar 14 09:23:58 apm.f5.local err tmm[18812]: 01490514:3: (null):Common:00000000: Access encountered error: ERR_INPROGRESS. File: ../modules/hudfilter/access/access.c, Function: hud_access_handler, Line: 3882
Mar 14 09:24:01 apm.f5.local notice tmm3[18812]: 01490521:5: /Common/default_ssl_vpn_policy_202203102312:Common:b4e30afe: Session statistics - bytes in: 10591, bytes out: 6347
Mar 14 09:24:09 apm.f5.local notice tmm3[18812]: 01490506:5: /Common/default_ssl_vpn_policy_202203102312:Common:d43431b8: Received User-Agent header: Mozilla%2F5.0%20(Windows%20NT%2010.0%3B%20WOW64%3B%20Trident%2F7.0%3B%20rv%3A11.0)%20like%20Gecko.
Mar 14 09:24:09 apm.f5.local notice tmm3[18812]: 01490500:5: /Common/default_ssl_vpn_policy_202203102312:Common:d43431b8: New session from client IP 61.129.101.45 (ST=Shanghai/CC=CN/C=AS) at VIP 109.101.115.10 Listener /Common/default_ssl_vpn_policy_202203102312_vs (Reputation=Unknown)
Mar 14 09:24:14 apm.f5.local err tmm[18812]: 01490514:3: (null):Common:00000000: Access encountered error: ERR_INPROGRESS. File: ../modules/hudfilter/access/access.c, Function: access_process_state_client_enforce_session, Line: 9027
Mar 14 09:24:14 apm.f5.local err tmm[18812]: 01490514:3: (null):Common:00000000: Access encountered error: ERR_INPROGRESS. File: ../modules/hudfilter/access/access.c, Function: hud_access_handler, Line: 3987
Mar 14 09:24:15 apm.f5.local notice tmm2[18812]: 01490567:5: /Common/default_ssl_vpn_policy_202203102312:Common:87361629: Session deleted (out_of_compliance; code - 6).
Mar 14 09:24:17 apm.f5.local err tmm2[18812]: 01490514:3: (null):Common:00000000: Access encountered error: ERR_INPROGRESS. File: ../modules/hudfilter/access/access.c, Function: access_process_state_client_enforce_acl, Line: 13545
Mar 14 09:24:17 apm.f5.local err tmm2[18812]: 01490514:3: (null):Common:00000000: Access encountered error: ERR_INPROGRESS. File: ../modules/hudfilter/access/access.c, Function: hud_access_handler, Line: 3882
Mar 14 09:24:19 apm.f5.local err tmm1[18812]: 01490514:3: (null):Common:00000000: Access encountered error: ERR_INPROGRESS. File: ../modules/hudfilter/access/access.c, Function: access_process_state_client_enforce_session, Line: 9027
Mar 14 09:24:19 apm.f5.local err tmm1[18812]: 01490514:3: (null):Common:00000000: Access encountered error: ERR_INPROGRESS. File: ../modules/hudfilter/access/access.c, Function: hud_access_handler, Line: 3987
Mar 14 09:24:21 apm.f5.local notice tmm3[18812]: 01490567:5: /Common/default_ssl_vpn_policy_202203102312:Common:59b4881e: Session deleted (restarted).
Mar 14 09:24:21 apm.f5.local notice tmm2[18812]: 01490506:5: /Common/default_ssl_vpn_policy_202203102312:Common:b9f88e43: Received User-Agent header: Mozilla%2F5.0%20(Windows%20NT%2010.0%3B%20WOW64%3B%20Trident%2F7.0%3B%20rv%3A11.0)%20like%20Gecko.
Mar 14 09:24:21 apm.f5.local notice tmm2[18812]: 01490500:5: /Common/default_ssl_vpn_policy_202203102312:Common:b9f88e43: New session from client IP 120.204.155.143 (ST=Shanghai/CC=CN/C=AS) at VIP 109.101.115.10 Listener /Common/default_ssl_vpn_policy_202203102312_vs (Reputation=Unknown)
Mar 14 09:24:21 apm.f5.local notice tmm2[18812]: 01490501:5: /Common/default_ssl_vpn_policy_202203102312:Common:b9f88e43: Session deleted due to user logout request.
Mar 14 09:24:28 apm.f5.local notice apmd[13338]: 014902f7:5: /Common/default_ssl_vpn_policy_202203102312:Common:d43431b8:/Common/default_ssl_vpn_policy_202203102312_act_av_software_check_ag: endpoint software detected (sdk=4.3.1453.0,type=av,id=535,vendor_id=388,version=9.0.69.1,state=1,name=AhnLab V3 Internet Security,vendor_name=AhnLab, Inc.,db_signature=1372,db_version=,db_time=1647108000,last_scan=1646971278,engine_version=2022.03.13.02,missing_updates=).
Mar 14 09:24:28 apm.f5.local notice apmd[13338]: 014902f7:5: /Common/default_ssl_vpn_policy_202203102312:Common:d43431b8:/Common/default_ssl_vpn_policy_202203102312_act_av_software_check_ag: endpoint software detected (sdk=4.3.1453.0,type=av,id=362,vendor_id=90,version=4.18.1807.18075,state=,name=Windows Defender,vendor_name=Microsoft Corporation,db_signature=477,db_version=1.355.2188.0,db_time=1642616821,last_scan=0,engine_version=1.1.18800.4,missing_updates=).
Mar 14 09:24:35 apm.f5.local err tmm[18812]: 01490514:3: (null):Common:00000000: Access encountered error: ERR_INPROGRESS. File: ../modules/hudfilter/access/access.c, Function: access_process_state_client_enforce_acl, Line: 13545
Mar 14 09:24:35 apm.f5.local err tmm[18812]: 01490514:3: (null):Common:00000000: Access encountered error: ERR_INPROGRESS. File: ../modules/hudfilter/access/access.c, Function: hud_access_handler, Line: 3882
Mar 14 09:24:39 apm.f5.local err tmm2[18812]: 01490514:3: (null):Common:00000000: Access encountered error: ERR_INPROGRESS. File: ../modules/hudfilter/access/access.c, Function: access_process_state_client_enforce_session, Line: 9027
Mar 14 09:24:39 apm.f5.local err tmm2[18812]: 01490514:3: (null):Common:00000000: Access encountered error: ERR_INPROGRESS. File: ../modules/hudfilter/access/access.c, Function: hud_access_handler, Line: 3987
Mar 14 09:24:45 apm.f5.local notice apmd[13338]: 01490010:5: /Common/default_ssl_vpn_policy_202203102312:Common:d43431b8: Username 'nohjung91@naver.com'
Mar 14 09:24:46 apm.f5.local notice tmm3[18812]: 01490549:5: /Common/default_ssl_vpn_policy_202203102312:Common:d67bded6: Assigned PPP Dynamic IPv4: 109.101.115.174 ID: 54d1c1ac Tunnel Type: VPN_TUNNELTYPE_TLS NA Resource: /Common/default_ssl_vpn_policy_202203102312_na_res Client IP: 223.167.122.50 
Mar 14 09:24:46 apm.f5.local notice tmm3[18812]: 01490505:5: /Common/default_ssl_vpn_policy_202203102312:Common:d67bded6: PPP tunnel 0x5601480f6600 (ID: 54d1c1ac) started.
Mar 14 09:24:46 apm.f5.local notice tmm3[18812]: 01490505:5: /Common/default_ssl_vpn_policy_202203102312:Common:d67bded6: PPP tunnel 0x5601480f6600 (ID: 54d1c1ac) closed.
Mar 14 09:24:55 apm.f5.local notice tmm2[18812]: 01490521:5: /Common/default_ssl_vpn_policy_202203102312:Common:87361629: Session statistics - bytes in: 27196, bytes out: 16982
Mar 14 09:24:57 apm.f5.local notice tmm[18812]: 01490506:5: /Common/default_ssl_vpn_policy_202203102312:Common:9ba1eeda: Received User-Agent header: Mozilla%2F5.0%20(Windows%20NT%2010.0%3B%20WOW64%3B%20Trident%2F7.0%3B%20rv%3A11.0)%20like%20Gecko.
Mar 14 09:24:57 apm.f5.local notice tmm[18812]: 01490500:5: /Common/default_ssl_vpn_policy_202203102312:Common:9ba1eeda: New session from client IP 183.192.140.102 (ST=Shanghai/CC=CN/C=AS) at VIP 109.101.115.10 Listener /Common/default_ssl_vpn_policy_202203102312_vs (Reputation=Unknown)
Mar 14 09:24:57 apm.f5.local notice tmm3[18812]: 01490521:5: /Common/default_ssl_vpn_policy_202203102312:Common:59b4881e: Session statistics - bytes in: 6436, bytes out: 3759
Mar 14 09:24:59 apm.f5.local err tmm2[18812]: 01490514:3: (null):Common:00000000: Access encountered error: ERR_INPROGRESS. File: ../modules/hudfilter/access/access.c, Function: access_process_state_client_enforce_acl, Line: 13545
Mar 14 09:24:59 apm.f5.local err tmm2[18812]: 01490514:3: (null):Common:00000000: Access encountered error: ERR_INPROGRESS. File: ../modules/hudfilter/access/access.c, Function: hud_access_handler, Line: 3882
Mar 14 09:25:01 apm.f5.local notice tmm2[18812]: 01490521:5: /Common/default_ssl_vpn_policy_202203102312:Common:b9f88e43: Session statistics - bytes in: 911, bytes out: 399
Mar 14 09:25:03 apm.f5.local err tmm[18812]: 01490514:3: (null):Common:00000000: Access encountered error: ERR_INPROGRESS. File: ../modules/hudfilter/access/access.c, Function: access_process_state_client_enforce_session, Line: 9027
Mar 14 09:25:03 apm.f5.local err tmm[18812]: 01490514:3: (null):Common:00000000: Access encountered error: ERR_INPROGRESS. File: ../modules/hudfilter/access/access.c, Function: hud_access_handler, Line: 3987
Mar 14 09:25:03 apm.f5.local notice tmm[18812]: 01490502:5: /Common/default_ssl_vpn_policy_202203102312:Common:9b90f9a5: Session deleted due to user inactivity.
Mar 14 09:25:26 apm.f5.local notice apmd[13338]: 01490010:5: /Common/default_ssl_vpn_policy_202203102312:Common:5fdfe404: Username '36896530@qq.com'
Mar 14 09:25:31 apm.f5.local notice apmd[13338]: 01490008:5: /Common/default_ssl_vpn_policy_202203102312:Common:d43431b8: Connectivity resource '/Common/default_ssl_vpn_policy_202203102312_na_res' assigned
Mar 14 09:25:31 apm.f5.local notice apmd[13338]: 01490128:5: /Common/default_ssl_vpn_policy_202203102312:Common:d43431b8: Webtop '/Common/default_ssl_vpn_policy_202203102312_webtop' assigned
Mar 14 09:25:31 apm.f5.local notice apmd[13338]: 01490005:5: /Common/default_ssl_vpn_policy_202203102312:Common:d43431b8: Following rule 'fallback' from item 'Advanced Resource Assign' to ending 'Allow'
Mar 14 09:25:31 apm.f5.local notice apmd[13338]: 01490102:5: /Common/default_ssl_vpn_policy_202203102312:Common:d43431b8: Access policy result: Network_Access
Mar 14 09:25:31 apm.f5.local notice apmd[13338]: 01490248:5: /Common/default_ssl_vpn_policy_202203102312:Common:d43431b8: Received client info - Hostname: SPCI-LISHASHA Type: IE Version: 11 Platform: Win10 CPU: WOW64 UI Mode: Full Javascript Support: 1 ActiveX Support: 1 Plugin Support: 0
Mar 14 09:25:36 apm.f5.local notice tmm[18812]: 01490521:5: /Common/default_ssl_vpn_policy_202203102312:Common:9b90f9a5: Session statistics - bytes in: 13396, bytes out: 7119
Mar 14 09:25:37 apm.f5.local err tmm1[18812]: 01490514:3: (null):Common:00000000: Access encountered error: ERR_INPROGRESS. File: ../modules/hudfilter/access/access.c, Function: access_process_state_client_enforce_acl, Line: 13545
Mar 14 09:25:37 apm.f5.local err tmm1[18812]: 01490514:3: (null):Common:00000000: Access encountered error: ERR_INPROGRESS. File: ../modules/hudfilter/access/access.c, Function: hud_access_handler, Line: 3882
Mar 14 09:25:40 apm.f5.local notice apmd[13338]: 01490008:5: /Common/default_ssl_vpn_policy_202203102312:Common:5fdfe404: Connectivity resource '/Common/default_ssl_vpn_policy_202203102312_na_res' assigned
Mar 14 09:25:40 apm.f5.local notice apmd[13338]: 01490128:5: /Common/default_ssl_vpn_policy_202203102312:Common:5fdfe404: Webtop '/Common/default_ssl_vpn_policy_202203102312_webtop' assigned
Mar 14 09:25:40 apm.f5.local notice apmd[13338]: 01490005:5: /Common/default_ssl_vpn_policy_202203102312:Common:5fdfe404: Following rule 'fallback' from item 'Advanced Resource Assign' to ending 'Allow'
Mar 14 09:25:40 apm.f5.local notice apmd[13338]: 01490102:5: /Common/default_ssl_vpn_policy_202203102312:Common:5fdfe404: Access policy result: Network_Access
Mar 14 09:25:40 apm.f5.local notice apmd[13338]: 01490248:5: /Common/default_ssl_vpn_policy_202203102312:Common:5fdfe404: Received client info - Hostname: SPCI-CHENJUN Type: IE Version: 11 Platform: Win10 CPU: WOW64 UI Mode: Full Javascript Support: 1 ActiveX Support: 1 Plugin Support: 0
Mar 14 09:25:41 apm.f5.local err tmm[18812]: 01490514:3: (null):Common:00000000: Access encountered error: ERR_INPROGRESS. File: ../modules/hudfilter/access/access.c, Function: access_process_state_client_enforce_session, Line: 9027
Mar 14 09:25:41 apm.f5.local err tmm[18812]: 01490514:3: (null):Common:00000000: Access encountered error: ERR_INPROGRESS. File: ../modules/hudfilter/access/access.c, Function: hud_access_handler, Line: 3987
Mar 14 09:25:43 apm.f5.local notice tmm2[18812]: 01490506:5: /Common/default_ssl_vpn_policy_202203102312:Common:1f40c87c: Received User-Agent header: Mozilla%2F4.0%20(compatible%3B%20MSIE%207.0%3B%20Windows%20NT%2010.0%3B%20WOW64%3B%20Trident%2F7.0%3B%20.NET4.0C%3B%20.NET4.0E%3B%20.NET%20CLR%202.0.50727%3B%20.NET%20CLR%203.0.30729%3B%20.NET%20CLR%203.5.30729).
Mar 14 09:25:43 apm.f5.local notice tmm2[18812]: 01490500:5: /Common/default_ssl_vpn_policy_202203102312:Common:1f40c87c: New session from client IP 183.195.94.195 (ST=Shanghai/CC=CN/C=AS) at VIP 109.101.115.10 Listener /Common/default_ssl_vpn_policy_202203102312_vs (Reputation=Unknown)
Mar 14 09:26:04 apm.f5.local err tmm2[18812]: 01490514:3: (null):Common:00000000: Access encountered error: ERR_INPROGRESS. File: ../modules/hudfilter/access/access.c, Function: access_process_state_client_enforce_acl, Line: 13545
Mar 14 09:26:04 apm.f5.local err tmm2[18812]: 01490514:3: (null):Common:00000000: Access encountered error: ERR_INPROGRESS. File: ../modules/hudfilter/access/access.c, Function: hud_access_handler, Line: 3882
Mar 14 09:26:05 apm.f5.local err tmm[18812]: 01490514:3: (null):Common:00000000: Access encountered error: ERR_INPROGRESS. File: ../modules/hudfilter/access/access.c, Function: access_process_state_client_enforce_acl, Line: 13545
Mar 14 09:26:05 apm.f5.local err tmm[18812]: 01490514:3: (null):Common:00000000: Access encountered error: ERR_INPROGRESS. File: ../modules/hudfilter/access/access.c, Function: hud_access_handler, Line: 3882
Mar 14 09:26:06 apm.f5.local notice tmm[18812]: 01490502:5: /Common/default_ssl_vpn_policy_202203102312:Common:3b70f7a8: Session deleted due to user inactivity.
Mar 14 09:26:06 apm.f5.local err tmm2[18812]: 01490514:3: (null):Common:00000000: Access encountered error: ERR_INPROGRESS. File: ../modules/hudfilter/access/access.c, Function: access_process_state_client_enforce_acl, Line: 13545
Mar 14 09:26:06 apm.f5.local err tmm2[18812]: 01490514:3: (null):Common:00000000: Access encountered error: ERR_INPROGRESS. File: ../modules/hudfilter/access/access.c, Function: hud_access_handler, Line: 3882
Mar 14 09:26:09 apm.f5.local err tmm[18812]: 01490514:3: (null):Common:00000000: Access encountered error: ERR_INPROGRESS. File: ../modules/hudfilter/access/access.c, Function: access_process_state_client_enforce_session, Line: 9027
Mar 14 09:26:09 apm.f5.local err tmm[18812]: 01490514:3: (null):Common:00000000: Access encountered error: ERR_INPROGRESS. File: ../modules/hudfilter/access/access.c, Function: hud_access_handler, Line: 3987
Mar 14 09:26:18 apm.f5.local notice tmm2[18812]: 01490549:5: /Common/default_ssl_vpn_policy_202203102312:Common:d43431b8: Assigned PPP Dynamic IPv4: 109.101.115.175 ID: 1154491c Tunnel Type: VPN_TUNNELTYPE_TLS NA Resource: /Common/default_ssl_vpn_policy_202203102312_na_res Client IP: 61.129.101.45 
Mar 14 09:26:18 apm.f5.local notice tmm2[18812]: 01490505:5: /Common/default_ssl_vpn_policy_202203102312:Common:d43431b8: PPP tunnel 0x5600dc501a00 (ID: 1154491c) started.
Mar 14 09:26:19 apm.f5.local err tmm2[18812]: 01490514:3: (null):Common:00000000: Access encountered error: ERR_INPROGRESS. File: ../modules/hudfilter/access/access.c, Function: access_process_state_client_enforce_session, Line: 9027
Mar 14 09:26:19 apm.f5.local err tmm2[18812]: 01490514:3: (null):Common:00000000: Access encountered error: ERR_INPROGRESS. File: ../modules/hudfilter/access/access.c, Function: hud_access_handler, Line: 3987
Mar 14 09:26:19 apm.f5.local notice tmm2[18812]: 014905d5:5: /Common/default_ssl_vpn_policy_202203102312:Common: Invalid token c107e81279a92566e55b9922efe59ea6   recieved from client IP 120.204.189.234 at VIP 109.101.115.10. Error ERR_NOT_FOUND
Mar 14 09:26:24 apm.f5.local notice tmm[18812]: 01490549:5: /Common/default_ssl_vpn_policy_202203102312:Common:75aa9421: Assigned PPP Dynamic IPv4: 109.101.115.143 ID: 90c07cd1 Tunnel Type: VPN_TUNNELTYPE_TLS NA Resource: /Common/default_ssl_vpn_policy_202203102312_na_res Client IP: 39.144.39.18 - Reconnect
Mar 14 09:26:24 apm.f5.local notice tmm[18812]: 01490505:5: /Common/default_ssl_vpn_policy_202203102312:Common:75aa9421: PPP tunnel 0x56000176ba00 (ID: 90c07cd1) started.
Mar 14 09:26:28 apm.f5.local notice tmm[18812]: 01490506:5: /Common/default_ssl_vpn_policy_202203102312:Common:0485f75a: Received User-Agent header: Mozilla%2F5.0%20(Windows%20NT%2010.0%3B%20WOW64%3B%20Trident%2F7.0%3B%20rv%3A11.0)%20like%20Gecko.
Mar 14 09:26:28 apm.f5.local notice tmm[18812]: 01490500:5: /Common/default_ssl_vpn_policy_202203102312:Common:0485f75a: New session from client IP 61.152.197.145 (ST=Shanghai/CC=CN/C=AS) at VIP 109.101.115.10 Listener /Common/default_ssl_vpn_policy_202203102312_vs (Reputation=Unknown)
Mar 14 09:26:33 apm.f5.local notice tmm3[18812]: 01490506:5: /Common/default_ssl_vpn_policy_202203102312:Common:932795af: Received User-Agent header: Mozilla%2F4.0%20(compatible%3B%20MSIE%207.0%3B%20Windows%20NT%2010.0%3B%20WOW64%3B%20Trident%2F7.0%3B%20.NET4.0C%3B%20.NET4.0E%3B%20.NET%20CLR%202.0.50727%3B%20.NET%20CLR%203.0.30729%3B%20.NET%20CLR%203.5.30729).
Mar 14 09:26:33 apm.f5.local notice tmm3[18812]: 01490500:5: /Common/default_ssl_vpn_policy_202203102312:Common:932795af: New session from client IP 183.192.140.102 (ST=Shanghai/CC=CN/C=AS) at VIP 109.101.115.10 Listener /Common/default_ssl_vpn_policy_202203102312_vs (Reputation=Unknown)
Mar 14 09:26:47 apm.f5.local notice tmm[18812]: 01490521:5: /Common/default_ssl_vpn_policy_202203102312:Common:3b70f7a8: Session statistics - bytes in: 906, bytes out: 399
Mar 14 09:27:39 apm.f5.local notice tmm2[18812]: 01490502:5: /Common/default_ssl_vpn_policy_202203102312:Common:2084a5e4: Session deleted due to user inactivity.
Mar 14 09:27:40 apm.f5.local notice tmm2[18812]: 01490506:5: /Common/default_ssl_vpn_policy_202203102312:Common:a8f2c84f: Received User-Agent header: Mozilla%2F5.0%20(Windows%20NT%2010.0%3B%20WOW64%3B%20Trident%2F7.0%3B%20rv%3A11.0)%20like%20Gecko.
Mar 14 09:27:40 apm.f5.local notice tmm2[18812]: 01490500:5: /Common/default_ssl_vpn_policy_202203102312:Common:a8f2c84f: New session from client IP 61.152.208.215 (ST=Shanghai/CC=CN/C=AS) at VIP 109.101.115.10 Listener /Common/default_ssl_vpn_policy_202203102312_vs (Reputation=Unknown)
Mar 14 09:27:55 apm.f5.local notice tmm1[18812]: 01490506:5: /Common/default_ssl_vpn_policy_202203102312:Common:108f4d28: Received User-Agent header: Mozilla%2F5.0%20(Windows%20NT%2010.0%3B%20WOW64%3B%20Trident%2F7.0%3B%20rv%3A11.0)%20like%20Gecko.
Mar 14 09:27:55 apm.f5.local notice tmm1[18812]: 01490500:5: /Common/default_ssl_vpn_policy_202203102312:Common:108f4d28: New session from client IP 183.195.94.195 (ST=Shanghai/CC=CN/C=AS) at VIP 109.101.115.10 Listener /Common/default_ssl_vpn_policy_202203102312_vs (Reputation=Unknown)
Mar 14 09:28:01 apm.f5.local notice tmm3[18812]: 01490502:5: /Common/default_ssl_vpn_policy_202203102312:Common:75aa9421: Session deleted due to user inactivity.
Mar 14 09:28:01 apm.f5.local notice tmm[18812]: 01490505:5: /Common/default_ssl_vpn_policy_202203102312:Common:75aa9421: PPP tunnel 0x56000176ba00 (ID: 90c07cd1) closed.
Mar 14 09:28:09 apm.f5.local notice apmd[13338]: 01490005:5: /Common/default_ssl_vpn_policy_202203102312:Common:dbe9ff5d: Following rule 'fallback' from item 'Antivirus' to ending 'Deny'
Mar 14 09:28:20 apm.f5.local notice tmm2[18812]: 01490521:5: /Common/default_ssl_vpn_policy_202203102312:Common:2084a5e4: Session statistics - bytes in: 4196573, bytes out: 17333106
Mar 14 09:28:27 apm.f5.local notice tmm1[18812]: 01490506:5: /Common/default_ssl_vpn_policy_202203102312:Common:4defbc89: Received User-Agent header: Mozilla%2F5.0%20(Windows%20NT%2010.0%3B%20WOW64%3B%20Trident%2F7.0%3B%20rv%3A11.0)%20like%20Gecko.
Mar 14 09:28:27 apm.f5.local notice tmm1[18812]: 01490500:5: /Common/default_ssl_vpn_policy_202203102312:Common:4defbc89: New session from client IP 120.204.155.143 (ST=Shanghai/CC=CN/C=AS) at VIP 109.101.115.10 Listener /Common/default_ssl_vpn_policy_202203102312_vs (Reputation=Unknown)
Mar 14 09:28:30 apm.f5.local notice tmm[18812]: 01490506:5: /Common/default_ssl_vpn_policy_202203102312:Common:f72a8643: Received User-Agent header: Mozilla%2F5.0%20(Windows%20NT%2010.0%3B%20WOW64%3B%20Trident%2F7.0%3B%20rv%3A11.0)%20like%20Gecko.
Mar 14 09:28:30 apm.f5.local notice tmm[18812]: 01490500:5: /Common/default_ssl_vpn_policy_202203102312:Common:f72a8643: New session from client IP 116.246.25.252 (ST=Shanghai/CC=CN/C=AS) at VIP 109.101.115.10 Listener /Common/default_ssl_vpn_policy_202203102312_vs (Reputation=Unknown)
Mar 14 09:28:35 apm.f5.local notice tmm3[18812]: 01490521:5: /Common/default_ssl_vpn_policy_202203102312:Common:75aa9421: Session statistics - bytes in: 2154098, bytes out: 5467806
Mar 14 09:28:43 apm.f5.local err tmm3[18812]: 01490514:3: (null):Common:00000000: Access encountered error: ERR_INPROGRESS. File: ../modules/hudfilter/access/access.c, Function: access_process_state_client_enforce_acl, Line: 13545
Mar 14 09:28:43 apm.f5.local err tmm3[18812]: 01490514:3: (null):Common:00000000: Access encountered error: ERR_INPROGRESS. File: ../modules/hudfilter/access/access.c, Function: hud_access_handler, Line: 3882
Mar 14 09:28:46 apm.f5.local err tmm2[18812]: 01490514:3: (null):Common:00000000: Access encountered error: ERR_INPROGRESS. File: ../modules/hudfilter/access/access.c, Function: access_process_state_client_enforce_session, Line: 9027
Mar 14 09:28:46 apm.f5.local err tmm2[18812]: 01490514:3: (null):Common:00000000: Access encountered error: ERR_INPROGRESS. File: ../modules/hudfilter/access/access.c, Function: hud_access_handler, Line: 3987
Mar 14 09:28:49 apm.f5.local notice apmd[13338]: 014902f7:5: /Common/default_ssl_vpn_policy_202203102312:Common:4defbc89:/Common/default_ssl_vpn_policy_202203102312_act_av_software_check_ag: endpoint software detected (sdk=4.3.1453.0,type=av,id=535,vendor_id=388,version=9.0.69.1,state=0,name=AhnLab V3 Internet Security,vendor_name=AhnLab, Inc.,db_signature=1372,db_version=,db_time=1647108000,last_scan=1646971379,engine_version=2022.03.13.02,missing_updates=).
Mar 14 09:28:49 apm.f5.local notice apmd[13338]: 014902f7:5: /Common/default_ssl_vpn_policy_202203102312:Common:4defbc89:/Common/default_ssl_vpn_policy_202203102312_act_av_software_check_ag: endpoint software detected (sdk=4.3.1453.0,type=av,id=362,vendor_id=90,version=4.18.1909.6,state=,name=Windows Defender,vendor_name=Microsoft Corporation,db_signature=477,db_version=1.333.988.0,db_time=1616358046,last_scan=0,engine_version=1.1.17900.7,missing_updates=).
Mar 14 09:28:52 apm.f5.local notice tmm3[18812]: 01490502:5: /Common/default_ssl_vpn_policy_202203102312:Common:1d2e5371: Session deleted due to user inactivity.
Mar 14 09:28:59 apm.f5.local notice apmd[13338]: 01490010:5: /Common/default_ssl_vpn_policy_202203102312:Common:4defbc89: Username 'lygllyuhan@163.com'
