Mar 13 11:37:26 apm.f5.local err tmm[17534]: 01490514:3: (null):Common:00000000: Access encountered error: ERR_INPROGRESS. File: ../modules/hudfilter/access/access.c, Function: access_process_state_client_enforce_acl, Line: 13545
Mar 13 11:37:26 apm.f5.local err tmm[17534]: 01490514:3: (null):Common:00000000: Access encountered error: ERR_INPROGRESS. File: ../modules/hudfilter/access/access.c, Function: hud_access_handler, Line: 3882
Mar 13 11:38:45 apm.f5.local notice tmm1[17534]: 01490549:5: /Common/default_ssl_vpn_policy_202203102312:Common:a87fb206: Assigned PPP Dynamic IPv4: 109.101.115.24 ID: 2cf8bc4a Tunnel Type: VPN_TUNNELTYPE_TLS NA Resource: /Common/default_ssl_vpn_policy_202203102312_na_res Client IP: 58.247.201.250 
Mar 13 11:38:45 apm.f5.local notice tmm1[17534]: 01490505:5: /Common/default_ssl_vpn_policy_202203102312:Common:a87fb206: PPP tunnel 0x560027b02d00 (ID: 2cf8bc4a) started.
Mar 13 11:39:54 apm.f5.local notice tmm1[17534]: 01490506:5: /Common/default_ssl_vpn_policy_202203102312:Common:e752632c: Received User-Agent header: Mozilla%2F5.0%20(Windows%20NT%2010.0%3B%20Win64%3B%20x64)%20AppleWebKit%2F537.36%20(KHTML%2C%20like%20Gecko)%20Chrome%2F99.0.4844.51%20Safari%2F537.36.
Mar 13 11:39:54 apm.f5.local notice tmm1[17534]: 01490500:5: /Common/default_ssl_vpn_policy_202203102312:Common:e752632c: New session from client IP 58.39.104.65 (ST=Shanghai/CC=CN/C=AS) at VIP 109.101.115.10 Listener /Common/default_ssl_vpn_policy_202203102312_vs (Reputation=Unknown)
Mar 13 11:40:06 apm.f5.local notice tmm[17534]: 01490506:5: /Common/default_ssl_vpn_policy_202203102312:Common:474a6be8: Received User-Agent header: Mozilla%2F5.0%20(Windows%20NT%2010.0%3B%20Win64%3B%20x64%3B%20rv%3A98.0)%20Gecko%2F20100101%20Firefox%2F98.0.
Mar 13 11:40:06 apm.f5.local notice tmm[17534]: 01490500:5: /Common/default_ssl_vpn_policy_202203102312:Common:474a6be8: New session from client IP 180.152.241.57 (ST=Shanghai/CC=CN/C=AS) at VIP 109.101.115.10 Listener /Common/default_ssl_vpn_policy_202203102312_vs (Reputation=Unknown)
Mar 13 11:40:09 apm.f5.local notice tmm1[17534]: 01490506:5: /Common/default_ssl_vpn_policy_202203102312:Common:879a94fc: Received User-Agent header: Mozilla%2F5.0%20(Windows%20NT%2010.0%3B%20Win64%3B%20x64)%20AppleWebKit%2F537.36%20(KHTML%2C%20like%20Gecko)%20Chrome%2F60.0.3112.113%20Safari%2F537.36%20.
Mar 13 11:40:09 apm.f5.local notice tmm1[17534]: 01490500:5: /Common/default_ssl_vpn_policy_202203102312:Common:879a94fc: New session from client IP 128.1.248.26 (ST=California/CC=US/C=NA) at VIP 109.101.115.10 Listener /Common/default_ssl_vpn_policy_202203102312_vs (Reputation=Unknown)
Mar 13 11:40:29 apm.f5.local notice tmm[17534]: 01490567:5: /Common/default_ssl_vpn_policy_202203102312:Common:474a6be8: Session deleted (restarted).
Mar 13 11:40:29 apm.f5.local notice tmm[17534]: 01490506:5: /Common/default_ssl_vpn_policy_202203102312:Common:ca21783e: Received User-Agent header: Mozilla%2F5.0%20(Windows%20NT%2010.0%3B%20Win64%3B%20x64%3B%20rv%3A98.0)%20Gecko%2F20100101%20Firefox%2F98.0.
Mar 13 11:40:29 apm.f5.local notice tmm[17534]: 01490500:5: /Common/default_ssl_vpn_policy_202203102312:Common:ca21783e: New session from client IP 180.152.241.57 (ST=Shanghai/CC=CN/C=AS) at VIP 109.101.115.10 Listener /Common/default_ssl_vpn_policy_202203102312_vs (Reputation=Unknown)
Mar 13 11:40:48 apm.f5.local notice apmd[12353]: 014902f7:5: /Common/default_ssl_vpn_policy_202203102312:Common:e752632c:/Common/default_ssl_vpn_policy_202203102312_act_av_software_check_ag: endpoint software detected (sdk=4.3.1453.0,type=av,id=362,vendor_id=90,version=4.18.2201.10,state=1,name=Windows Defender,vendor_name=Microsoft Corporation,db_signature=477,db_version=1.359.1864.0,db_time=1647115413,last_scan=0,engine_version=1.1.18900.3,missing_updates=).
Mar 13 11:40:48 apm.f5.local notice apmd[12353]: 01490005:5: /Common/default_ssl_vpn_policy_202203102312:Common:e752632c: Following rule 'fallback' from item 'Antivirus' to ending 'Deny'
Mar 13 11:40:49 apm.f5.local notice apmd[12353]: 01490102:5: /Common/default_ssl_vpn_policy_202203102312:Common:e752632c: Access policy result: Logon_Deny
Mar 13 11:40:49 apm.f5.local notice apmd[12353]: 01490248:5: /Common/default_ssl_vpn_policy_202203102312:Common:e752632c: Received client info - Hostname: DESKTOP-P2ODK0U Type: Mozilla Version: 5 Platform: Win10 CPU: x64 UI Mode: Full Javascript Support: 1 ActiveX Support: 0 Plugin Support: 0
Mar 13 11:40:49 apm.f5.local notice tmm1[17534]: 01490567:5: /Common/default_ssl_vpn_policy_202203102312:Common:e752632c: Session deleted (policy_result).
Mar 13 11:41:00 apm.f5.local notice apmd[12353]: 01490005:5: /Common/default_ssl_vpn_policy_202203102312:Common:ca21783e: Following rule 'fallback' from item 'Antivirus' to ending 'Deny'
Mar 13 11:41:00 apm.f5.local notice apmd[12353]: 01490102:5: /Common/default_ssl_vpn_policy_202203102312:Common:ca21783e: Access policy result: Logon_Deny
Mar 13 11:41:00 apm.f5.local notice apmd[12353]: 01490248:5: /Common/default_ssl_vpn_policy_202203102312:Common:ca21783e: Received client info - Hostname:  Type: Mozilla Version: 5 Platform: Win10 CPU: x64 UI Mode: Full Javascript Support: 1 ActiveX Support: 0 Plugin Support: 0
Mar 13 11:41:00 apm.f5.local notice tmm[17534]: 01490567:5: /Common/default_ssl_vpn_policy_202203102312:Common:ca21783e: Session deleted (policy_result).
Mar 13 11:41:02 apm.f5.local notice tmm[17534]: 01490506:5: /Common/default_ssl_vpn_policy_202203102312:Common:afcc8100: Received User-Agent header: Mozilla%2F5.0%20(Windows%20NT%2010.0%3B%20Win64%3B%20x64%3B%20rv%3A98.0)%20Gecko%2F20100101%20Firefox%2F98.0.
Mar 13 11:41:02 apm.f5.local notice tmm[17534]: 01490500:5: /Common/default_ssl_vpn_policy_202203102312:Common:afcc8100: New session from client IP 180.152.241.57 (ST=Shanghai/CC=CN/C=AS) at VIP 109.101.115.10 Listener /Common/default_ssl_vpn_policy_202203102312_vs (Reputation=Unknown)
Mar 13 11:41:10 apm.f5.local notice tmm[17534]: 01490521:5: /Common/default_ssl_vpn_policy_202203102312:Common:474a6be8: Session statistics - bytes in: 3703, bytes out: 3830
Mar 13 11:41:29 apm.f5.local notice tmm1[17534]: 01490521:5: /Common/default_ssl_vpn_policy_202203102312:Common:e752632c: Session statistics - bytes in: 22042, bytes out: 103518
Mar 13 11:41:33 apm.f5.local notice tmm[17534]: 01490521:5: /Common/default_ssl_vpn_policy_202203102312:Common:ca21783e: Session statistics - bytes in: 3186, bytes out: 3414
Mar 13 11:42:57 apm.f5.local notice tmm1[17534]: 01490505:5: /Common/default_ssl_vpn_policy_202203102312:Common:a87fb206: PPP tunnel 0x560027b02d00 (ID: 2cf8bc4a) closed.
Mar 13 11:43:27 apm.f5.local notice tmm1[17534]: 01490538:5: tmm.session.8eb207d88df_8ooooooooooooooooooo: Configuration snapshot deleted by Access.
Mar 13 11:43:27 apm.f5.local notice tmm[17534]: 01490538:5: tmm.session.8eb207d88df_8ooooooooooooooooooo: Configuration snapshot deleted by Access.
Mar 13 11:43:30 apm.f5.local notice tmm1[17534]: 01490538:5: tmm.session.25d0a5f72625_9oooooooooooooooooo: Configuration snapshot deleted by Access.
Mar 13 11:43:30 apm.f5.local notice tmm[17534]: 01490538:5: tmm.session.25d0a5f72625_9oooooooooooooooooo: Configuration snapshot deleted by Access.
Mar 13 11:45:17 apm.f5.local notice tmm1[17534]: 01490502:5: /Common/default_ssl_vpn_policy_202203102312:Common:879a94fc: Session deleted due to user inactivity.
Mar 13 11:45:58 apm.f5.local notice tmm1[17534]: 01490521:5: /Common/default_ssl_vpn_policy_202203102312:Common:879a94fc: Session statistics - bytes in: 0, bytes out: 0
Mar 13 11:46:07 apm.f5.local notice tmm[17534]: 01490502:5: /Common/default_ssl_vpn_policy_202203102312:Common:afcc8100: Session deleted due to user inactivity.
Mar 13 11:46:47 apm.f5.local notice tmm[17534]: 01490521:5: /Common/default_ssl_vpn_policy_202203102312:Common:afcc8100: Session statistics - bytes in: 2987, bytes out: 3414
Mar 13 11:49:36 apm.f5.local notice tmm1[17534]: 01490505:5: /Common/default_ssl_vpn_policy_202203102312:Common:014cc2ac: PPP tunnel 0x560027afe300 (ID: 6eabe515) closed.
Mar 13 11:51:04 apm.f5.local notice tmm1[17534]: 01490506:5: /Common/default_ssl_vpn_policy_202203102312:Common:feeaefeb: Received User-Agent header: Mozilla%2F4.0%20(compatible%3B%20MSIE%207.0%3B%20Windows%20NT%2010.0%3B%20WOW64%3B%20Trident%2F7.0%3B%20.NET4.0C%3B%20.NET4.0E%3B%20.NET%20CLR%202.0.50727%3B%20.NET%20CLR%203.0.30729%3B%20.NET%20CLR%203.5.30729).
Mar 13 11:51:04 apm.f5.local notice tmm1[17534]: 01490500:5: /Common/default_ssl_vpn_policy_202203102312:Common:feeaefeb: New session from client IP 58.247.201.250 (ST=Shanghai/CC=CN/C=AS) at VIP 109.101.115.10 Listener /Common/default_ssl_vpn_policy_202203102312_vs (Reputation=Unknown)
Mar 13 11:51:23 apm.f5.local notice apmd[12353]: 014902f7:5: /Common/default_ssl_vpn_policy_202203102312:Common:feeaefeb:/Common/default_ssl_vpn_policy_202203102312_act_av_software_check_ag: endpoint software detected (sdk=4.3.1453.0,type=av,id=535,vendor_id=388,version=9.0.69.1,state=0,name=AhnLab V3 Internet Security,vendor_name=AhnLab, Inc.,db_signature=1372,db_version=,db_time=1647104400,last_scan=0,engine_version=2022.03.13.01,missing_updates=).
Mar 13 11:51:23 apm.f5.local notice apmd[12353]: 014902f7:5: /Common/default_ssl_vpn_policy_202203102312:Common:feeaefeb:/Common/default_ssl_vpn_policy_202203102312_act_av_software_check_ag: endpoint software detected (sdk=4.3.1453.0,type=av,id=362,vendor_id=90,version=4.18.2201.10,state=,name=Windows Defender,vendor_name=Microsoft Corporation,db_signature=477,db_version=1.359.1714.0,db_time=1646905832,last_scan=0,engine_version=1.1.18900.3,missing_updates=).
Mar 13 11:51:23 apm.f5.local notice apmd[12353]: 01490005:5: /Common/default_ssl_vpn_policy_202203102312:Common:feeaefeb: Following rule 'fallback' from item 'Antivirus' to ending 'Deny'
Mar 13 11:51:24 apm.f5.local notice apmd[12353]: 01490102:5: /Common/default_ssl_vpn_policy_202203102312:Common:feeaefeb: Access policy result: Logon_Deny
Mar 13 11:51:24 apm.f5.local notice apmd[12353]: 01490248:5: /Common/default_ssl_vpn_policy_202203102312:Common:feeaefeb: Received client info - Hostname: DESKTOP-OKGJETB Type: IE Version: 11 Platform: Win10 CPU: WOW64 UI Mode: Full Javascript Support: 1 ActiveX Support: 1 Plugin Support: 0
Mar 13 11:51:24 apm.f5.local notice tmm1[17534]: 01490567:5: /Common/default_ssl_vpn_policy_202203102312:Common:feeaefeb: Session deleted (policy_result).
Mar 13 11:51:52 apm.f5.local notice tmm[17534]: 01490502:5: /Common/default_ssl_vpn_policy_202203102312:Common:014cc2ac: Session deleted due to user inactivity.
Mar 13 11:52:01 apm.f5.local notice tmm1[17534]: 01490521:5: /Common/default_ssl_vpn_policy_202203102312:Common:feeaefeb: Session statistics - bytes in: 11703, bytes out: 40900
Mar 13 11:52:06 apm.f5.local notice tmm[17534]: 01490506:5: /Common/default_ssl_vpn_policy_202203102312:Common:dbb685f2: Received User-Agent header: Mozilla%2F4.0%20(compatible%3B%20MSIE%207.0%3B%20Windows%20NT%2010.0%3B%20WOW64%3B%20Trident%2F7.0%3B%20.NET4.0C%3B%20.NET4.0E%3B%20.NET%20CLR%202.0.50727%3B%20.NET%20CLR%203.0.30729%3B%20.NET%20CLR%203.5.30729).
Mar 13 11:52:06 apm.f5.local notice tmm[17534]: 01490500:5: /Common/default_ssl_vpn_policy_202203102312:Common:dbb685f2: New session from client IP 58.247.201.250 (ST=Shanghai/CC=CN/C=AS) at VIP 109.101.115.10 Listener /Common/default_ssl_vpn_policy_202203102312_vs (Reputation=Unknown)
Mar 13 11:52:23 apm.f5.local notice apmd[12353]: 014902f7:5: /Common/default_ssl_vpn_policy_202203102312:Common:dbb685f2:/Common/default_ssl_vpn_policy_202203102312_act_av_software_check_ag: endpoint software detected (sdk=4.3.1453.0,type=av,id=535,vendor_id=388,version=9.0.69.1,state=0,name=AhnLab V3 Internet Security,vendor_name=AhnLab, Inc.,db_signature=1372,db_version=,db_time=1647104400,last_scan=0,engine_version=2022.03.13.01,missing_updates=).
Mar 13 11:52:23 apm.f5.local notice apmd[12353]: 014902f7:5: /Common/default_ssl_vpn_policy_202203102312:Common:dbb685f2:/Common/default_ssl_vpn_policy_202203102312_act_av_software_check_ag: endpoint software detected (sdk=4.3.1453.0,type=av,id=362,vendor_id=90,version=4.18.2201.10,state=,name=Windows Defender,vendor_name=Microsoft Corporation,db_signature=477,db_version=1.359.1714.0,db_time=1646905832,last_scan=0,engine_version=1.1.18900.3,missing_updates=).
Mar 13 11:52:23 apm.f5.local notice apmd[12353]: 01490005:5: /Common/default_ssl_vpn_policy_202203102312:Common:dbb685f2: Following rule 'fallback' from item 'Antivirus' to ending 'Deny'
Mar 13 11:52:24 apm.f5.local notice apmd[12353]: 01490102:5: /Common/default_ssl_vpn_policy_202203102312:Common:dbb685f2: Access policy result: Logon_Deny
Mar 13 11:52:24 apm.f5.local notice apmd[12353]: 01490248:5: /Common/default_ssl_vpn_policy_202203102312:Common:dbb685f2: Received client info - Hostname: DESKTOP-OKGJETB Type: IE Version: 11 Platform: Win10 CPU: WOW64 UI Mode: Full Javascript Support: 1 ActiveX Support: 1 Plugin Support: 0
Mar 13 11:52:24 apm.f5.local notice tmm[17534]: 01490567:5: /Common/default_ssl_vpn_policy_202203102312:Common:dbb685f2: Session deleted (policy_result).
Mar 13 11:52:28 apm.f5.local notice tmm[17534]: 01490521:5: /Common/default_ssl_vpn_policy_202203102312:Common:014cc2ac: Session statistics - bytes in: 936553, bytes out: 8541311
Mar 13 11:52:28 apm.f5.local notice tmm1[17534]: 01490502:5: /Common/default_ssl_vpn_policy_202203102312:Common:a87fb206: Session deleted due to user inactivity.
Mar 13 11:52:49 apm.f5.local notice tmm1[17534]: 01490506:5: /Common/default_ssl_vpn_policy_202203102312:Common:50bf7553: Received User-Agent header: Mozilla%2F5.0%20(Windows%20NT%2010.0%3B%20Win64%3B%20x64)%20AppleWebKit%2F537.36%20(KHTML%2C%20like%20Gecko)%20Chrome%2F99.0.4844.51%20Safari%2F537.36.
Mar 13 11:52:49 apm.f5.local notice tmm1[17534]: 01490500:5: /Common/default_ssl_vpn_policy_202203102312:Common:50bf7553: New session from client IP 58.247.201.250 (ST=Shanghai/CC=CN/C=AS) at VIP 109.101.115.10 Listener /Common/default_ssl_vpn_policy_202203102312_vs (Reputation=Unknown)
Mar 13 11:52:57 apm.f5.local notice apmd[12353]: 014902f7:5: /Common/default_ssl_vpn_policy_202203102312:Common:50bf7553:/Common/default_ssl_vpn_policy_202203102312_act_av_software_check_ag: endpoint software detected (sdk=4.3.1453.0,type=av,id=535,vendor_id=388,version=9.0.69.1,state=0,name=AhnLab V3 Internet Security,vendor_name=AhnLab, Inc.,db_signature=1372,db_version=,db_time=1647104400,last_scan=0,engine_version=2022.03.13.01,missing_updates=).
Mar 13 11:52:57 apm.f5.local notice apmd[12353]: 014902f7:5: /Common/default_ssl_vpn_policy_202203102312:Common:50bf7553:/Common/default_ssl_vpn_policy_202203102312_act_av_software_check_ag: endpoint software detected (sdk=4.3.1453.0,type=av,id=362,vendor_id=90,version=4.18.2201.10,state=,name=Windows Defender,vendor_name=Microsoft Corporation,db_signature=477,db_version=1.359.1714.0,db_time=1646905832,last_scan=0,engine_version=1.1.18900.3,missing_updates=).
Mar 13 11:52:57 apm.f5.local notice apmd[12353]: 01490005:5: /Common/default_ssl_vpn_policy_202203102312:Common:50bf7553: Following rule 'fallback' from item 'Antivirus' to ending 'Deny'
Mar 13 11:52:58 apm.f5.local notice apmd[12353]: 01490102:5: /Common/default_ssl_vpn_policy_202203102312:Common:50bf7553: Access policy result: Logon_Deny
Mar 13 11:52:58 apm.f5.local notice apmd[12353]: 01490248:5: /Common/default_ssl_vpn_policy_202203102312:Common:50bf7553: Received client info - Hostname: DESKTOP-OKGJETB Type: Mozilla Version: 5 Platform: Win10 CPU: x64 UI Mode: Full Javascript Support: 1 ActiveX Support: 0 Plugin Support: 0
Mar 13 11:52:58 apm.f5.local notice tmm1[17534]: 01490567:5: /Common/default_ssl_vpn_policy_202203102312:Common:50bf7553: Session deleted (policy_result).
Mar 13 11:53:02 apm.f5.local notice tmm[17534]: 01490521:5: /Common/default_ssl_vpn_policy_202203102312:Common:dbb685f2: Session statistics - bytes in: 9779, bytes out: 3782
Mar 13 11:53:07 apm.f5.local notice tmm1[17534]: 01490521:5: /Common/default_ssl_vpn_policy_202203102312:Common:a87fb206: Session statistics - bytes in: 537676, bytes out: 17310278
Mar 13 11:53:33 apm.f5.local notice tmm1[17534]: 01490521:5: /Common/default_ssl_vpn_policy_202203102312:Common:50bf7553: Session statistics - bytes in: 21120, bytes out: 91843
Mar 13 11:53:43 apm.f5.local notice tmm1[17534]: 01490511:5: /Common:00000000: Initializing Access profile /Common/default_ssl_vpn_policy_202203102312 with max concurrent user sessions limit: 0
Mar 13 11:53:43 apm.f5.local notice tmm1[17534]: 01490511:5: /Common:00000000: Initializing Access profile /Common/default_ssl_vpn_policy_202203102312 with max concurrent user sessions limit: 0
Mar 13 11:53:43 apm.f5.local notice tmm[17534]: 01490511:5: /Common:00000000: Initializing Access profile /Common/default_ssl_vpn_policy_202203102312 with max concurrent user sessions limit: 0
Mar 13 11:53:43 apm.f5.local notice tmm[17534]: 01490511:5: /Common:00000000: Initializing Access profile /Common/default_ssl_vpn_policy_202203102312 with max concurrent user sessions limit: 0
Mar 13 11:53:43 apm.f5.local notice apmd[12353]: 01490165:5: Access profile: /Common/default_ssl_vpn_policy_202203102312 initialized with configuration snapshot catalog: tmm.session.f5f5f5f5f5f5f5f5f5f5f5f5f5f5f5f5
Mar 13 11:53:43 apm.f5.local notice apmd[12353]: 01490166:5: Current snapshot ID: 1646984277 retrieved from session db for access profile: /Common/default_ssl_vpn_policy_202203102312
Mar 13 11:53:43 apm.f5.local notice apmd[12353]: 01490169:5: Snapshot catalog entry: tmm.session.f5f5f5f5f5f5f5f5f5f5f5f5f5f5f5f5./Common/default_ssl_vpn_policy_202203102312.1646984278 added for access profile: /Common/default_ssl_vpn_policy_202203102312
Mar 13 11:53:43 apm.f5.local notice apmd[12353]: 0149016a:5: Initiating snapshot creation: tmm.session.26ecf1a912657_14oooooooooooooooo for access profile: /Common/default_ssl_vpn_policy_202203102312
Mar 13 11:53:43 apm.f5.local notice apmd[12353]: 0149016b:5: Completed snapshot creation: tmm.session.26ecf1a912657_14oooooooooooooooo for access profile: /Common/default_ssl_vpn_policy_202203102312
Mar 13 11:53:43 apm.f5.local notice apmd[12353]: 01490167:5: Current snapshot ID: 1646984278 updated inside session db for access profile: /Common/default_ssl_vpn_policy_202203102312
Mar 13 11:53:43 apm.f5.local notice apmd[12353]: 01490101:5: 00000000: Access profile: /Common/default_ssl_vpn_policy_202203102312 configuration has been applied. Newly active generation count is: 17
Mar 13 11:54:26 apm.f5.local notice tmm1[17534]: 01490506:5: /Common/default_ssl_vpn_policy_202203102312:Common:3c8b97fa: Received User-Agent header: Mozilla%2F4.0%20(compatible%3B%20MSIE%207.0%3B%20Windows%20NT%2010.0%3B%20WOW64%3B%20Trident%2F7.0%3B%20.NET4.0C%3B%20.NET4.0E%3B%20.NET%20CLR%202.0.50727%3B%20.NET%20CLR%203.0.30729%3B%20.NET%20CLR%203.5.30729).
Mar 13 11:54:26 apm.f5.local notice tmm1[17534]: 01490500:5: /Common/default_ssl_vpn_policy_202203102312:Common:3c8b97fa: New session from client IP 58.247.201.250 (ST=Shanghai/CC=CN/C=AS) at VIP 109.101.115.10 Listener /Common/default_ssl_vpn_policy_202203102312_vs (Reputation=Unknown)
Mar 13 11:54:50 apm.f5.local notice apmd[12353]: 014902f7:5: /Common/default_ssl_vpn_policy_202203102312:Common:3c8b97fa:/Common/default_ssl_vpn_policy_202203102312_act_av_software_check_ag: endpoint software detected (sdk=4.3.1453.0,type=av,id=535,vendor_id=388,version=9.0.69.1,state=0,name=AhnLab V3 Internet Security,vendor_name=AhnLab, Inc.,db_signature=1372,db_version=,db_time=1647104400,last_scan=0,engine_version=2022.03.13.01,missing_updates=).
Mar 13 11:54:50 apm.f5.local notice apmd[12353]: 014902f7:5: /Common/default_ssl_vpn_policy_202203102312:Common:3c8b97fa:/Common/default_ssl_vpn_policy_202203102312_act_av_software_check_ag: endpoint software detected (sdk=4.3.1453.0,type=av,id=362,vendor_id=90,version=4.18.2201.10,state=,name=Windows Defender,vendor_name=Microsoft Corporation,db_signature=477,db_version=1.359.1714.0,db_time=1646905832,last_scan=0,engine_version=1.1.18900.3,missing_updates=).
Mar 13 11:54:50 apm.f5.local notice apmd[12353]: 01490005:5: /Common/default_ssl_vpn_policy_202203102312:Common:3c8b97fa: Following rule 'fallback' from item 'Antivirus' to ending 'Deny'
Mar 13 11:54:51 apm.f5.local notice apmd[12353]: 01490102:5: /Common/default_ssl_vpn_policy_202203102312:Common:3c8b97fa: Access policy result: Logon_Deny
Mar 13 11:54:51 apm.f5.local notice apmd[12353]: 01490248:5: /Common/default_ssl_vpn_policy_202203102312:Common:3c8b97fa: Received client info - Hostname: DESKTOP-OKGJETB Type: IE Version: 11 Platform: Win10 CPU: WOW64 UI Mode: Full Javascript Support: 1 ActiveX Support: 1 Plugin Support: 0
Mar 13 11:54:51 apm.f5.local notice tmm1[17534]: 01490567:5: /Common/default_ssl_vpn_policy_202203102312:Common:3c8b97fa: Session deleted (policy_result).
Mar 13 11:55:26 apm.f5.local notice tmm1[17534]: 01490521:5: /Common/default_ssl_vpn_policy_202203102312:Common:3c8b97fa: Session statistics - bytes in: 10973, bytes out: 4272
Mar 13 11:57:13 apm.f5.local notice tmm[17534]: 01490506:5: /Common/default_ssl_vpn_policy_202203102312:Common:3bdfab5e: Received User-Agent header: Mozilla%2F4.0%20(compatible%3B%20MSIE%207.0%3B%20Windows%20NT%2010.0%3B%20WOW64%3B%20Trident%2F7.0%3B%20.NET4.0C%3B%20.NET4.0E%3B%20.NET%20CLR%202.0.50727%3B%20.NET%20CLR%203.0.30729%3B%20.NET%20CLR%203.5.30729).
Mar 13 11:57:13 apm.f5.local notice tmm[17534]: 01490500:5: /Common/default_ssl_vpn_policy_202203102312:Common:3bdfab5e: New session from client IP 58.247.201.250 (ST=Shanghai/CC=CN/C=AS) at VIP 109.101.115.10 Listener /Common/default_ssl_vpn_policy_202203102312_vs (Reputation=Unknown)
Mar 13 11:57:33 apm.f5.local notice apmd[12353]: 014902f7:5: /Common/default_ssl_vpn_policy_202203102312:Common:3bdfab5e:/Common/default_ssl_vpn_policy_202203102312_act_av_software_check_ag: endpoint software detected (sdk=4.3.1453.0,type=av,id=535,vendor_id=388,version=9.0.69.1,state=0,name=AhnLab V3 Internet Security,vendor_name=AhnLab, Inc.,db_signature=1372,db_version=,db_time=1647104400,last_scan=1647143788,engine_version=2022.03.13.01,missing_updates=).
Mar 13 11:57:33 apm.f5.local notice apmd[12353]: 014902f7:5: /Common/default_ssl_vpn_policy_202203102312:Common:3bdfab5e:/Common/default_ssl_vpn_policy_202203102312_act_av_software_check_ag: endpoint software detected (sdk=4.3.1453.0,type=av,id=362,vendor_id=90,version=4.18.2201.10,state=,name=Windows Defender,vendor_name=Microsoft Corporation,db_signature=477,db_version=1.359.1714.0,db_time=1646905832,last_scan=0,engine_version=1.1.18900.3,missing_updates=).
Mar 13 11:57:33 apm.f5.local notice apmd[12353]: 01490005:5: /Common/default_ssl_vpn_policy_202203102312:Common:3bdfab5e: Following rule 'fallback' from item 'Antivirus' to ending 'Deny'
Mar 13 11:57:35 apm.f5.local notice apmd[12353]: 01490102:5: /Common/default_ssl_vpn_policy_202203102312:Common:3bdfab5e: Access policy result: Logon_Deny
Mar 13 11:57:35 apm.f5.local notice apmd[12353]: 01490248:5: /Common/default_ssl_vpn_policy_202203102312:Common:3bdfab5e: Received client info - Hostname: DESKTOP-OKGJETB Type: IE Version: 11 Platform: Win10 CPU: WOW64 UI Mode: Full Javascript Support: 1 ActiveX Support: 1 Plugin Support: 0
Mar 13 11:57:35 apm.f5.local notice tmm[17534]: 01490567:5: /Common/default_ssl_vpn_policy_202203102312:Common:3bdfab5e: Session deleted (policy_result).
Mar 13 11:58:10 apm.f5.local notice tmm[17534]: 01490521:5: /Common/default_ssl_vpn_policy_202203102312:Common:3bdfab5e: Session statistics - bytes in: 7695, bytes out: 3024
Mar 13 12:01:53 apm.f5.local notice tmm[17534]: 01490506:5: /Common/default_ssl_vpn_policy_202203102312:Common:20ea2a14: Received User-Agent header: Mozilla%2F5.0%20(Windows%20NT%2010.0%3B%20WOW64%3B%20Trident%2F7.0%3B%20rv%3A11.0)%20like%20Gecko.
Mar 13 12:01:53 apm.f5.local notice tmm[17534]: 01490500:5: /Common/default_ssl_vpn_policy_202203102312:Common:20ea2a14: New session from client IP 58.247.201.250 (ST=Shanghai/CC=CN/C=AS) at VIP 109.101.115.10 Listener /Common/default_ssl_vpn_policy_202203102312_vs (Reputation=Unknown)
Mar 13 12:03:04 apm.f5.local notice apmd[12353]: 014902f7:5: /Common/default_ssl_vpn_policy_202203102312:Common:20ea2a14:/Common/default_ssl_vpn_policy_202203102312_act_av_software_check_ag: endpoint software detected (sdk=4.3.1453.0,type=av,id=535,vendor_id=388,version=9.0.67.9 ,state=1,name=AhnLab V3 Internet Security,vendor_name=AhnLab, Inc.,db_signature=1372,db_version=,db_time=1647100800,last_scan=0,engine_version=2022.03.13.00,missing_updates=).
Mar 13 12:03:04 apm.f5.local notice apmd[12353]: 014902f7:5: /Common/default_ssl_vpn_policy_202203102312:Common:20ea2a14:/Common/default_ssl_vpn_policy_202203102312_act_av_software_check_ag: endpoint software detected (sdk=4.3.1453.0,type=av,id=362,vendor_id=90,version=4.18.1909.6,state=,name=Windows Defender,vendor_name=Microsoft Corporation,db_signature=477,db_version=1.359.1740.0,db_time=1646942561,last_scan=0,engine_version=1.1.18900.3,missing_updates=).
Mar 13 12:03:33 apm.f5.local notice tmm1[17534]: 01490538:5: tmm.session.25d4d6defe38_10ooooooooooooooooo: Configuration snapshot deleted by Access.
Mar 13 12:03:33 apm.f5.local notice tmm[17534]: 01490538:5: tmm.session.25d4d6defe38_10ooooooooooooooooo: Configuration snapshot deleted by Access.
Mar 13 12:04:01 apm.f5.local notice apmd[12353]: 01490010:5: /Common/default_ssl_vpn_policy_202203102312:Common:20ea2a14: Username 'ye19551961@126.com'
Mar 13 12:05:33 apm.f5.local notice apmd[12353]: 01490008:5: /Common/default_ssl_vpn_policy_202203102312:Common:20ea2a14: Connectivity resource '/Common/default_ssl_vpn_policy_202203102312_na_res' assigned
Mar 13 12:05:33 apm.f5.local notice apmd[12353]: 01490128:5: /Common/default_ssl_vpn_policy_202203102312:Common:20ea2a14: Webtop '/Common/default_ssl_vpn_policy_202203102312_webtop' assigned
Mar 13 12:05:33 apm.f5.local notice apmd[12353]: 01490005:5: /Common/default_ssl_vpn_policy_202203102312:Common:20ea2a14: Following rule 'fallback' from item 'Advanced Resource Assign' to ending 'Allow'
Mar 13 12:05:33 apm.f5.local notice apmd[12353]: 01490102:5: /Common/default_ssl_vpn_policy_202203102312:Common:20ea2a14: Access policy result: Network_Access
Mar 13 12:05:33 apm.f5.local notice apmd[12353]: 01490248:5: /Common/default_ssl_vpn_policy_202203102312:Common:20ea2a14: Received client info - Hostname: DESKTOP-UFGMQF9 Type: IE Version: 11 Platform: Win10 CPU: WOW64 UI Mode: Full Javascript Support: 1 ActiveX Support: 1 Plugin Support: 0
Mar 13 12:05:35 apm.f5.local err tmm[17534]: 01490514:3: (null):Common:00000000: Access encountered error: ERR_INPROGRESS. File: ../modules/hudfilter/access/access.c, Function: access_process_state_client_enforce_acl, Line: 13545
Mar 13 12:06:14 apm.f5.local err tmm[17534]: 01490514:3: (null):Common:00000000: Access encountered error: ERR_INPROGRESS. File: ../modules/hudfilter/access/access.c, Function: access_process_state_client_enforce_acl, Line: 13545
Mar 13 12:06:17 apm.f5.local err tmm[17534]: 01490514:3: (null):Common:00000000: Access encountered error: ERR_INPROGRESS. File: ../modules/hudfilter/access/access.c, Function: access_process_state_client_enforce_session, Line: 9027
Mar 13 12:06:17 apm.f5.local err tmm[17534]: 01490514:3: (null):Common:00000000: Access encountered error: ERR_INPROGRESS. File: ../modules/hudfilter/access/access.c, Function: hud_access_handler, Line: 3987
Mar 13 12:06:56 apm.f5.local notice tmm1[17534]: 01490506:5: /Common/default_ssl_vpn_policy_202203102312:Common:dd038158: Received User-Agent header: Mozilla%2F5.0%20(Windows%20NT%2010.0%3B%20Win64%3B%20x64%3B%20rv%3A97.0)%20Gecko%2F20100101%20Firefox%2F97.0.
Mar 13 12:06:56 apm.f5.local notice tmm1[17534]: 01490500:5: /Common/default_ssl_vpn_policy_202203102312:Common:dd038158: New session from client IP 58.247.201.250 (ST=Shanghai/CC=CN/C=AS) at VIP 109.101.115.10 Listener /Common/default_ssl_vpn_policy_202203102312_vs (Reputation=Unknown)
Mar 13 12:07:14 apm.f5.local notice tmm1[17534]: 01490549:5: /Common/default_ssl_vpn_policy_202203102312:Common:20ea2a14: Assigned PPP Dynamic IPv4: 109.101.115.25 ID: b068d273 Tunnel Type: VPN_TUNNELTYPE_TLS NA Resource: /Common/default_ssl_vpn_policy_202203102312_na_res Client IP: 58.247.201.250 
Mar 13 12:07:14 apm.f5.local notice tmm1[17534]: 01490505:5: /Common/default_ssl_vpn_policy_202203102312:Common:20ea2a14: PPP tunnel 0x560027b02000 (ID: b068d273) started.
Mar 13 12:07:20 apm.f5.local notice apmd[12353]: 014902f7:5: /Common/default_ssl_vpn_policy_202203102312:Common:dd038158:/Common/default_ssl_vpn_policy_202203102312_act_av_software_check_ag: endpoint software detected (sdk=4.3.1453.0,type=av,id=535,vendor_id=388,version=9.0.69.1,state=1,name=AhnLab V3 Internet Security,vendor_name=AhnLab, Inc.,db_signature=1372,db_version=,db_time=1646935200,last_scan=1647140460,engine_version=2022.03.11.03,missing_updates=).
Mar 13 12:07:20 apm.f5.local notice apmd[12353]: 014902f7:5: /Common/default_ssl_vpn_policy_202203102312:Common:dd038158:/Common/default_ssl_vpn_policy_202203102312_act_av_software_check_ag: endpoint software detected (sdk=4.3.1453.0,type=av,id=362,vendor_id=90,version=4.18.2007.8,state=,name=Windows Defender,vendor_name=Microsoft Corporation,db_signature=477,db_version=1.321.1797.0,db_time=1597888018,last_scan=0,engine_version=1.1.17300.4,missing_updates=).
Mar 13 12:07:47 apm.f5.local notice apmd[12353]: 01490010:5: /Common/default_ssl_vpn_policy_202203102312:Common:dd038158: Username 'ericky@naver.com'
Mar 13 12:08:37 apm.f5.local notice tmm[17534]: 01490538:5: tmm.session.260f3f67397e_11ooooooooooooooooo: Configuration snapshot deleted by Access.
Mar 13 12:08:37 apm.f5.local notice tmm1[17534]: 01490538:5: tmm.session.260f3f67397e_11ooooooooooooooooo: Configuration snapshot deleted by Access.
Mar 13 12:09:06 apm.f5.local notice tmm1[17534]: 01490506:5: /Common/default_ssl_vpn_policy_202203102312:Common:fa73ff21: Received User-Agent header: Mozilla%2F4.0%20(compatible%3B%20MSIE%207.0%3B%20Windows%20NT%2010.0%3B%20WOW64%3B%20Trident%2F7.0%3B%20.NET4.0C%3B%20.NET4.0E%3B%20.NET%20CLR%202.0.50727%3B%20.NET%20CLR%203.0.30729%3B%20.NET%20CLR%203.5.30729).
Mar 13 12:09:06 apm.f5.local notice tmm1[17534]: 01490500:5: /Common/default_ssl_vpn_policy_202203102312:Common:fa73ff21: New session from client IP 58.247.201.250 (ST=Shanghai/CC=CN/C=AS) at VIP 109.101.115.10 Listener /Common/default_ssl_vpn_policy_202203102312_vs (Reputation=Unknown)
Mar 13 12:09:29 apm.f5.local notice apmd[12353]: 014902f7:5: /Common/default_ssl_vpn_policy_202203102312:Common:fa73ff21:/Common/default_ssl_vpn_policy_202203102312_act_av_software_check_ag: endpoint software detected (sdk=4.3.1453.0,type=av,id=535,vendor_id=388,version=9.0.69.1,state=0,name=AhnLab V3 Internet Security,vendor_name=AhnLab, Inc.,db_signature=1372,db_version=,db_time=1647104400,last_scan=0,engine_version=2022.03.13.01,missing_updates=).
Mar 13 12:09:29 apm.f5.local notice apmd[12353]: 014902f7:5: /Common/default_ssl_vpn_policy_202203102312:Common:fa73ff21:/Common/default_ssl_vpn_policy_202203102312_act_av_software_check_ag: endpoint software detected (sdk=4.3.1453.0,type=av,id=362,vendor_id=90,version=4.18.2201.10,state=,name=Windows Defender,vendor_name=Microsoft Corporation,db_signature=477,db_version=1.359.1714.0,db_time=1646905832,last_scan=0,engine_version=1.1.18900.3,missing_updates=).
Mar 13 12:09:29 apm.f5.local notice apmd[12353]: 01490005:5: /Common/default_ssl_vpn_policy_202203102312:Common:fa73ff21: Following rule 'fallback' from item 'Antivirus' to ending 'Deny'
Mar 13 12:09:30 apm.f5.local notice apmd[12353]: 01490102:5: /Common/default_ssl_vpn_policy_202203102312:Common:fa73ff21: Access policy result: Logon_Deny
Mar 13 12:09:30 apm.f5.local notice apmd[12353]: 01490248:5: /Common/default_ssl_vpn_policy_202203102312:Common:fa73ff21: Received client info - Hostname: DESKTOP-OKGJETB Type: IE Version: 11 Platform: Win10 CPU: WOW64 UI Mode: Full Javascript Support: 1 ActiveX Support: 1 Plugin Support: 0
Mar 13 12:09:30 apm.f5.local notice tmm1[17534]: 01490567:5: /Common/default_ssl_vpn_policy_202203102312:Common:fa73ff21: Session deleted (policy_result).
Mar 13 12:09:49 apm.f5.local notice tmm[17534]: 01490506:5: /Common/default_ssl_vpn_policy_202203102312:Common:f5a243b8: Received User-Agent header: Mozilla%2F4.0%20(compatible%3B%20MSIE%207.0%3B%20Windows%20NT%2010.0%3B%20WOW64%3B%20Trident%2F7.0%3B%20.NET4.0C%3B%20.NET4.0E%3B%20.NET%20CLR%202.0.50727%3B%20.NET%20CLR%203.0.30729%3B%20.NET%20CLR%203.5.30729).
Mar 13 12:09:49 apm.f5.local notice tmm[17534]: 01490500:5: /Common/default_ssl_vpn_policy_202203102312:Common:f5a243b8: New session from client IP 58.247.201.250 (ST=Shanghai/CC=CN/C=AS) at VIP 109.101.115.10 Listener /Common/default_ssl_vpn_policy_202203102312_vs (Reputation=Unknown)
Mar 13 12:09:59 apm.f5.local notice apmd[12353]: 014902f7:5: /Common/default_ssl_vpn_policy_202203102312:Common:f5a243b8:/Common/default_ssl_vpn_policy_202203102312_act_av_software_check_ag: endpoint software detected (sdk=4.3.1453.0,type=av,id=535,vendor_id=388,version=9.0.69.1,state=0,name=AhnLab V3 Internet Security,vendor_name=AhnLab, Inc.,db_signature=1372,db_version=,db_time=1647104400,last_scan=0,engine_version=2022.03.13.01,missing_updates=).
Mar 13 12:09:59 apm.f5.local notice apmd[12353]: 014902f7:5: /Common/default_ssl_vpn_policy_202203102312:Common:f5a243b8:/Common/default_ssl_vpn_policy_202203102312_act_av_software_check_ag: endpoint software detected (sdk=4.3.1453.0,type=av,id=362,vendor_id=90,version=4.18.2201.10,state=,name=Windows Defender,vendor_name=Microsoft Corporation,db_signature=477,db_version=1.359.1714.0,db_time=1646905832,last_scan=0,engine_version=1.1.18900.3,missing_updates=).
Mar 13 12:09:59 apm.f5.local notice apmd[12353]: 01490005:5: /Common/default_ssl_vpn_policy_202203102312:Common:f5a243b8: Following rule 'fallback' from item 'Antivirus' to ending 'Deny'
Mar 13 12:10:01 apm.f5.local notice apmd[12353]: 01490102:5: /Common/default_ssl_vpn_policy_202203102312:Common:f5a243b8: Access policy result: Logon_Deny
Mar 13 12:10:01 apm.f5.local notice apmd[12353]: 01490248:5: /Common/default_ssl_vpn_policy_202203102312:Common:f5a243b8: Received client info - Hostname: DESKTOP-OKGJETB Type: IE Version: 11 Platform: Win10 CPU: WOW64 UI Mode: Full Javascript Support: 1 ActiveX Support: 1 Plugin Support: 0
Mar 13 12:10:01 apm.f5.local notice tmm[17534]: 01490567:5: /Common/default_ssl_vpn_policy_202203102312:Common:f5a243b8: Session deleted (policy_result).
Mar 13 12:10:05 apm.f5.local notice tmm1[17534]: 01490521:5: /Common/default_ssl_vpn_policy_202203102312:Common:fa73ff21: Session statistics - bytes in: 9872, bytes out: 3782
Mar 13 12:10:40 apm.f5.local notice tmm[17534]: 01490521:5: /Common/default_ssl_vpn_policy_202203102312:Common:f5a243b8: Session statistics - bytes in: 9899, bytes out: 3782
Mar 13 12:11:11 apm.f5.local notice tmm1[17534]: 01490506:5: /Common/default_ssl_vpn_policy_202203102312:Common:c5129553: Received User-Agent header: Mozilla%2F4.0%20(compatible%3B%20MSIE%207.0%3B%20Windows%20NT%2010.0%3B%20WOW64%3B%20Trident%2F7.0%3B%20.NET4.0C%3B%20.NET4.0E%3B%20.NET%20CLR%202.0.50727%3B%20.NET%20CLR%203.0.30729%3B%20.NET%20CLR%203.5.30729).
Mar 13 12:11:11 apm.f5.local notice tmm1[17534]: 01490500:5: /Common/default_ssl_vpn_policy_202203102312:Common:c5129553: New session from client IP 58.247.201.250 (ST=Shanghai/CC=CN/C=AS) at VIP 109.101.115.10 Listener /Common/default_ssl_vpn_policy_202203102312_vs (Reputation=Unknown)
Mar 13 12:11:18 apm.f5.local notice apmd[12353]: 014902f7:5: /Common/default_ssl_vpn_policy_202203102312:Common:c5129553:/Common/default_ssl_vpn_policy_202203102312_act_av_software_check_ag: endpoint software detected (sdk=4.3.1453.0,type=av,id=535,vendor_id=388,version=9.0.69.1,state=0,name=AhnLab V3 Internet Security,vendor_name=AhnLab, Inc.,db_signature=1372,db_version=,db_time=1647104400,last_scan=0,engine_version=2022.03.13.01,missing_updates=).
Mar 13 12:11:18 apm.f5.local notice apmd[12353]: 014902f7:5: /Common/default_ssl_vpn_policy_202203102312:Common:c5129553:/Common/default_ssl_vpn_policy_202203102312_act_av_software_check_ag: endpoint software detected (sdk=4.3.1453.0,type=av,id=362,vendor_id=90,version=4.18.2201.10,state=,name=Windows Defender,vendor_name=Microsoft Corporation,db_signature=477,db_version=1.359.1714.0,db_time=1646905832,last_scan=0,engine_version=1.1.18900.3,missing_updates=).
Mar 13 12:11:18 apm.f5.local notice apmd[12353]: 01490005:5: /Common/default_ssl_vpn_policy_202203102312:Common:c5129553: Following rule 'fallback' from item 'Antivirus' to ending 'Deny'
Mar 13 12:11:19 apm.f5.local notice apmd[12353]: 01490102:5: /Common/default_ssl_vpn_policy_202203102312:Common:c5129553: Access policy result: Logon_Deny
Mar 13 12:11:19 apm.f5.local notice apmd[12353]: 01490248:5: /Common/default_ssl_vpn_policy_202203102312:Common:c5129553: Received client info - Hostname: DESKTOP-OKGJETB Type: IE Version: 11 Platform: Win10 CPU: WOW64 UI Mode: Full Javascript Support: 1 ActiveX Support: 1 Plugin Support: 0
Mar 13 12:11:19 apm.f5.local notice tmm1[17534]: 01490567:5: /Common/default_ssl_vpn_policy_202203102312:Common:c5129553: Session deleted (policy_result).
Mar 13 12:11:55 apm.f5.local notice tmm1[17534]: 01490521:5: /Common/default_ssl_vpn_policy_202203102312:Common:c5129553: Session statistics - bytes in: 9873, bytes out: 3782
Mar 13 12:18:10 apm.f5.local notice tmm1[17534]: 01490502:5: /Common/default_ssl_vpn_policy_202203102312:Common:dd038158: Session deleted due to user inactivity.
Mar 13 12:18:41 apm.f5.local notice tmm[17534]: 01490538:5: tmm.session.265b52deb4fe9_12oooooooooooooooo: Configuration snapshot deleted by Access.
Mar 13 12:18:41 apm.f5.local notice tmm1[17534]: 01490538:5: tmm.session.265b52deb4fe9_12oooooooooooooooo: Configuration snapshot deleted by Access.
Mar 13 12:18:51 apm.f5.local notice tmm1[17534]: 01490521:5: /Common/default_ssl_vpn_policy_202203102312:Common:dd038158: Session statistics - bytes in: 23551, bytes out: 41069
Mar 13 12:21:10 apm.f5.local notice tmm[17534]: 01490506:5: /Common/default_ssl_vpn_policy_202203102312:Common:19bc4678: Received User-Agent header: Mozilla%2F5.0%20(Windows%20NT%2010.0%3B%20Win64%3B%20x64%3B%20rv%3A97.0)%20Gecko%2F20100101%20Firefox%2F97.0.
Mar 13 12:21:10 apm.f5.local notice tmm[17534]: 01490500:5: /Common/default_ssl_vpn_policy_202203102312:Common:19bc4678: New session from client IP 58.247.201.250 (ST=Shanghai/CC=CN/C=AS) at VIP 109.101.115.10 Listener /Common/default_ssl_vpn_policy_202203102312_vs (Reputation=Unknown)
Mar 13 12:21:36 apm.f5.local notice apmd[12353]: 014902f7:5: /Common/default_ssl_vpn_policy_202203102312:Common:19bc4678:/Common/default_ssl_vpn_policy_202203102312_act_av_software_check_ag: endpoint software detected (sdk=4.3.1453.0,type=av,id=535,vendor_id=388,version=9.0.69.1,state=1,name=AhnLab V3 Internet Security,vendor_name=AhnLab, Inc.,db_signature=1372,db_version=,db_time=1646935200,last_scan=1647141660,engine_version=2022.03.11.03,missing_updates=).
Mar 13 12:21:36 apm.f5.local notice apmd[12353]: 014902f7:5: /Common/default_ssl_vpn_policy_202203102312:Common:19bc4678:/Common/default_ssl_vpn_policy_202203102312_act_av_software_check_ag: endpoint software detected (sdk=4.3.1453.0,type=av,id=362,vendor_id=90,version=4.18.2007.8,state=,name=Windows Defender,vendor_name=Microsoft Corporation,db_signature=477,db_version=1.321.1797.0,db_time=1597888018,last_scan=0,engine_version=1.1.17300.4,missing_updates=).
Mar 13 12:23:35 apm.f5.local notice apmd[12353]: 01490010:5: /Common/default_ssl_vpn_policy_202203102312:Common:19bc4678: Username 'ericky@naver.com'
Mar 13 12:24:19 apm.f5.local notice apmd[12353]: 01490008:5: /Common/default_ssl_vpn_policy_202203102312:Common:19bc4678: Connectivity resource '/Common/default_ssl_vpn_policy_202203102312_na_res' assigned
Mar 13 12:24:19 apm.f5.local notice apmd[12353]: 01490128:5: /Common/default_ssl_vpn_policy_202203102312:Common:19bc4678: Webtop '/Common/default_ssl_vpn_policy_202203102312_webtop' assigned
Mar 13 12:24:19 apm.f5.local notice apmd[12353]: 01490005:5: /Common/default_ssl_vpn_policy_202203102312:Common:19bc4678: Following rule 'fallback' from item 'Advanced Resource Assign' to ending 'Allow'
Mar 13 12:24:19 apm.f5.local notice apmd[12353]: 01490102:5: /Common/default_ssl_vpn_policy_202203102312:Common:19bc4678: Access policy result: Network_Access
Mar 13 12:24:19 apm.f5.local notice apmd[12353]: 01490248:5: /Common/default_ssl_vpn_policy_202203102312:Common:19bc4678: Received client info - Hostname: DESKTOP-HUMC8TD Type: Mozilla Version: 5 Platform: Win10 CPU: x64 UI Mode: Full Javascript Support: 1 ActiveX Support: 0 Plugin Support: 0
Mar 13 12:24:44 apm.f5.local notice tmm1[17534]: 01490505:5: /Common/default_ssl_vpn_policy_202203102312:Common:20ea2a14: PPP tunnel 0x560027b02000 (ID: b068d273) closed.
Mar 13 12:25:26 apm.f5.local err tmm[17534]: 01490514:3: (null):Common:00000000: Access encountered error: ERR_INPROGRESS. File: ../modules/hudfilter/access/access.c, Function: access_process_state_client_enforce_acl, Line: 13545
Mar 13 12:26:43 apm.f5.local notice tmm[17534]: 01490502:5: /Common/default_ssl_vpn_policy_202203102312:Common:20ea2a14: Session deleted due to user inactivity.
Mar 13 12:27:19 apm.f5.local notice tmm[17534]: 01490521:5: /Common/default_ssl_vpn_policy_202203102312:Common:20ea2a14: Session statistics - bytes in: 907111, bytes out: 17414817
Mar 13 12:28:01 apm.f5.local notice tmm[17534]: 01490506:5: /Common/default_ssl_vpn_policy_202203102312:Common:b11bf161: Received User-Agent header: Mozilla%2F5.0%20(Windows%20NT%2010.0%3B%20WOW64%3B%20Trident%2F7.0%3B%20rv%3A11.0)%20like%20Gecko.
Mar 13 12:28:01 apm.f5.local notice tmm[17534]: 01490500:5: /Common/default_ssl_vpn_policy_202203102312:Common:b11bf161: New session from client IP 116.246.25.252 (ST=Shanghai/CC=CN/C=AS) at VIP 109.101.115.10 Listener /Common/default_ssl_vpn_policy_202203102312_vs (Reputation=Unknown)
Mar 13 12:28:19 apm.f5.local notice tmm1[17534]: 01490506:5: /Common/default_ssl_vpn_policy_202203102312:Common:aab5212c: Received User-Agent header: Mozilla%2F4.0%20(compatible%3B%20MSIE%207.0%3B%20Windows%20NT%2010.0%3B%20WOW64%3B%20Trident%2F7.0%3B%20.NET4.0C%3B%20.NET4.0E%3B%20.NET%20CLR%202.0.50727%3B%20.NET%20CLR%203.0.30729%3B%20.NET%20CLR%203.5.30729).
Mar 13 12:28:19 apm.f5.local notice tmm1[17534]: 01490500:5: /Common/default_ssl_vpn_policy_202203102312:Common:aab5212c: New session from client IP 58.247.201.250 (ST=Shanghai/CC=CN/C=AS) at VIP 109.101.115.10 Listener /Common/default_ssl_vpn_policy_202203102312_vs (Reputation=Unknown)
Mar 13 12:28:35 apm.f5.local notice tmm1[17534]: 01490505:5: /Common/default_ssl_vpn_policy_202203102312:Common:f38b5ca0: PPP tunnel 0x560027b03000 (ID: dc218183) closed.
Mar 13 12:28:37 apm.f5.local notice apmd[12353]: 014902f7:5: /Common/default_ssl_vpn_policy_202203102312:Common:aab5212c:/Common/default_ssl_vpn_policy_202203102312_act_av_software_check_ag: endpoint software detected (sdk=4.3.1453.0,type=av,id=535,vendor_id=388,version=9.0.69.1,state=0,name=AhnLab V3 Internet Security,vendor_name=AhnLab, Inc.,db_signature=1372,db_version=,db_time=1647104400,last_scan=0,engine_version=2022.03.13.01,missing_updates=).
Mar 13 12:28:37 apm.f5.local notice apmd[12353]: 014902f7:5: /Common/default_ssl_vpn_policy_202203102312:Common:aab5212c:/Common/default_ssl_vpn_policy_202203102312_act_av_software_check_ag: endpoint software detected (sdk=4.3.1453.0,type=av,id=362,vendor_id=90,version=4.18.2201.10,state=,name=Windows Defender,vendor_name=Microsoft Corporation,db_signature=477,db_version=1.359.1714.0,db_time=1646905832,last_scan=0,engine_version=1.1.18900.3,missing_updates=).
Mar 13 12:28:37 apm.f5.local notice apmd[12353]: 01490005:5: /Common/default_ssl_vpn_policy_202203102312:Common:aab5212c: Following rule 'fallback' from item 'Antivirus' to ending 'Deny'
Mar 13 12:28:38 apm.f5.local notice apmd[12353]: 01490102:5: /Common/default_ssl_vpn_policy_202203102312:Common:aab5212c: Access policy result: Logon_Deny
Mar 13 12:28:38 apm.f5.local notice apmd[12353]: 01490248:5: /Common/default_ssl_vpn_policy_202203102312:Common:aab5212c: Received client info - Hostname: DESKTOP-OKGJETB Type: IE Version: 11 Platform: Win10 CPU: WOW64 UI Mode: Full Javascript Support: 1 ActiveX Support: 1 Plugin Support: 0
Mar 13 12:28:38 apm.f5.local notice tmm1[17534]: 01490567:5: /Common/default_ssl_vpn_policy_202203102312:Common:aab5212c: Session deleted (policy_result).
Mar 13 12:29:14 apm.f5.local notice tmm1[17534]: 01490521:5: /Common/default_ssl_vpn_policy_202203102312:Common:aab5212c: Session statistics - bytes in: 8843, bytes out: 3447
Mar 13 12:29:15 apm.f5.local err tmm[17534]: 01490514:3: (null):Common:00000000: Access encountered error: ERR_INPROGRESS. File: ../modules/hudfilter/access/access.c, Function: access_process_state_client_enforce_session, Line: 9027
Mar 13 12:29:15 apm.f5.local err tmm[17534]: 01490514:3: (null):Common:00000000: Access encountered error: ERR_INPROGRESS. File: ../modules/hudfilter/access/access.c, Function: hud_access_handler, Line: 3987
Mar 13 12:29:38 apm.f5.local notice tmm1[17534]: 01490549:5: /Common/default_ssl_vpn_policy_202203102312:Common:f38b5ca0: Assigned PPP Dynamic IPv4: 109.101.115.26 ID: 2afcdbc3 Tunnel Type: VPN_TUNNELTYPE_TLS NA Resource: /Common/default_ssl_vpn_policy_202203102312_na_res Client IP: 58.247.201.250 
Mar 13 12:29:38 apm.f5.local notice tmm1[17534]: 01490505:5: /Common/default_ssl_vpn_policy_202203102312:Common:f38b5ca0: PPP tunnel 0x560027b02c00 (ID: 2afcdbc3) started.
Mar 13 12:31:31 apm.f5.local notice tmm[17534]: 01490506:5: /Common/default_ssl_vpn_policy_202203102312:Common:2bfe3ba4: Received User-Agent header: Mozilla%2F4.0%20(compatible%3B%20MSIE%207.0%3B%20Windows%20NT%2010.0%3B%20WOW64%3B%20Trident%2F7.0%3B%20.NET4.0C%3B%20.NET4.0E%3B%20.NET%20CLR%202.0.50727%3B%20.NET%20CLR%203.0.30729%3B%20.NET%20CLR%203.5.30729).
Mar 13 12:31:31 apm.f5.local notice tmm[17534]: 01490500:5: /Common/default_ssl_vpn_policy_202203102312:Common:2bfe3ba4: New session from client IP 58.247.201.250 (ST=Shanghai/CC=CN/C=AS) at VIP 109.101.115.10 Listener /Common/default_ssl_vpn_policy_202203102312_vs (Reputation=Unknown)
Mar 13 12:31:46 apm.f5.local notice tmm1[17534]: 01490505:5: /Common/default_ssl_vpn_policy_202203102312:Common:f38b5ca0: PPP tunnel 0x560027b02c00 (ID: 2afcdbc3) closed.
Mar 13 12:31:48 apm.f5.local notice apmd[12353]: 014902f7:5: /Common/default_ssl_vpn_policy_202203102312:Common:2bfe3ba4:/Common/default_ssl_vpn_policy_202203102312_act_av_software_check_ag: endpoint software detected (sdk=4.3.1453.0,type=av,id=535,vendor_id=388,version=9.0.69.1,state=0,name=AhnLab V3 Internet Security,vendor_name=AhnLab, Inc.,db_signature=1372,db_version=,db_time=1647104400,last_scan=0,engine_version=2022.03.13.01,missing_updates=).
Mar 13 12:31:48 apm.f5.local notice apmd[12353]: 014902f7:5: /Common/default_ssl_vpn_policy_202203102312:Common:2bfe3ba4:/Common/default_ssl_vpn_policy_202203102312_act_av_software_check_ag: endpoint software detected (sdk=4.3.1453.0,type=av,id=362,vendor_id=90,version=4.18.2201.10,state=,name=Windows Defender,vendor_name=Microsoft Corporation,db_signature=477,db_version=1.359.1714.0,db_time=1646905832,last_scan=0,engine_version=1.1.18900.3,missing_updates=).
Mar 13 12:31:48 apm.f5.local notice apmd[12353]: 01490005:5: /Common/default_ssl_vpn_policy_202203102312:Common:2bfe3ba4: Following rule 'fallback' from item 'Antivirus' to ending 'Deny'
Mar 13 12:31:49 apm.f5.local err tmm[17534]: 01490514:3: (null):Common:00000000: Access encountered error: ERR_INPROGRESS. File: ../modules/hudfilter/access/access.c, Function: access_process_state_client_enforce_acl, Line: 13545
Mar 13 12:31:50 apm.f5.local err tmm1[17534]: 01490514:3: (null):Common:00000000: Access encountered error: ERR_INPROGRESS. File: ../modules/hudfilter/access/access.c, Function: access_process_state_client_enforce_acl, Line: 13545
Mar 13 12:31:50 apm.f5.local notice apmd[12353]: 01490102:5: /Common/default_ssl_vpn_policy_202203102312:Common:2bfe3ba4: Access policy result: Logon_Deny
Mar 13 12:31:50 apm.f5.local notice apmd[12353]: 01490248:5: /Common/default_ssl_vpn_policy_202203102312:Common:2bfe3ba4: Received client info - Hostname: DESKTOP-OKGJETB Type: IE Version: 11 Platform: Win10 CPU: WOW64 UI Mode: Full Javascript Support: 1 ActiveX Support: 1 Plugin Support: 0
Mar 13 12:31:50 apm.f5.local notice tmm[17534]: 01490567:5: /Common/default_ssl_vpn_policy_202203102312:Common:2bfe3ba4: Session deleted (policy_result).
Mar 13 12:31:52 apm.f5.local err tmm[17534]: 01490514:3: (null):Common:00000000: Access encountered error: ERR_INPROGRESS. File: ../modules/hudfilter/access/access.c, Function: access_process_state_client_enforce_session, Line: 9027
Mar 13 12:31:52 apm.f5.local err tmm[17534]: 01490514:3: (null):Common:00000000: Access encountered error: ERR_INPROGRESS. File: ../modules/hudfilter/access/access.c, Function: hud_access_handler, Line: 3987
Mar 13 12:32:05 apm.f5.local err tmm1[17534]: 01490514:3: (null):Common:00000000: Access encountered error: ERR_INPROGRESS. File: ../modules/hudfilter/access/access.c, Function: access_process_state_client_enforce_acl, Line: 13545
Mar 13 12:32:05 apm.f5.local err tmm1[17534]: 01490514:3: (null):Common:00000000: Access encountered error: ERR_INPROGRESS. File: ../modules/hudfilter/access/access.c, Function: hud_access_handler, Line: 3882
Mar 13 12:32:05 apm.f5.local err tmm1[17534]: 01490514:3: (null):Common:00000000: Access encountered error: ERR_INPROGRESS. File: ../modules/hudfilter/access/access.c, Function: access_process_state_client_enforce_acl, Line: 13545
Mar 13 12:32:05 apm.f5.local err tmm1[17534]: 01490514:3: (null):Common:00000000: Access encountered error: ERR_INPROGRESS. File: ../modules/hudfilter/access/access.c, Function: hud_access_handler, Line: 3882
