Mar 11 15:59:25 apm.f5.local notice apmd[12353]: 01490167:5: Current snapshot ID: 1646984270 updated inside session db for access profile: /Common/default_ssl_vpn_policy_202203102312
Mar 11 15:59:25 apm.f5.local notice apmd[12353]: 01490101:5: 00000000: Access profile: /Common/default_ssl_vpn_policy_202203102312 configuration has been applied. Newly active generation count is: 9
Mar 11 15:59:35 apm.f5.local notice apmd[12353]: 014902f7:5: /Common/test:Common:0f419338:/Common/test_act_av_software_check_ag: endpoint software detected (sdk=4.3.1453.0,type=av,id=535,vendor_id=388,version=9.0.56.1,state=1,name=AhnLab V3 Internet Security,vendor_name=AhnLab, Inc.,db_signature=1372,db_version=,db_time=1578067200,last_scan=1646976518,engine_version=2020.01.04.00,missing_updates=).
Mar 11 15:59:35 apm.f5.local notice apmd[12353]: 014902f7:5: /Common/test:Common:0f419338:/Common/test_act_av_software_check_ag: endpoint software detected (sdk=4.3.1453.0,type=av,id=362,vendor_id=90,version=4.18.2201.10,state=,name=Windows Defender,vendor_name=Microsoft Corporation,db_signature=477,db_version=1.359.1714.0,db_time=1646905832,last_scan=0,engine_version=1.1.18900.3,missing_updates=).
Mar 11 16:00:41 apm.f5.local notice apmd[12353]: 01490079:5: 00000000: Access policy '/Common/test' configuration has changed.Access profile '/Common/test' configuration changes need to be applied for the new configuration
Mar 11 16:01:29 apm.f5.local notice apmd[12353]: 01490010:5: /Common/test:Common:0f419338: Username 'finux@126.com'
Mar 11 16:01:32 apm.f5.local err apmd[12353]: 01490000:3: ApmD.cpp func: "sendAccessPolicyResponse()" line: 2726 Msg: 0f419338: duplicated request dropped
Mar 11 16:01:33 apm.f5.local notice tmm1[17534]: 01490501:5: /Common/test:Common:0f419338: Session deleted due to user logout request.
Mar 11 16:01:33 apm.f5.local err tmm1[17534]: 01490514:3: (null):Common:00000000: Access encountered error: ERR_NOT_FOUND. File: ../modules/hudfilter/access/access.c, Function: access_rotate_sid, Line: 27171
Mar 11 16:01:33 apm.f5.local err tmm1[17534]: 01490514:3: (null):Common:00000000: Access encountered error: ERR_NOT_FOUND. File: ../modules/hudfilter/access/access.c, Function: access_process_state_client_wait_for_resp, Line: 10845
Mar 11 16:01:35 apm.f5.local notice tmm[17534]: 01490506:5: /Common/test:Common:b02c3832: Received User-Agent header: Mozilla%2F5.0%20(Windows%20NT%2010.0%3B%20Win64%3B%20x64)%20AppleWebKit%2F537.36%20(KHTML%2C%20like%20Gecko)%20Chrome%2F99.0.4844.51%20Safari%2F537.36.
Mar 11 16:01:35 apm.f5.local notice tmm[17534]: 01490500:5: /Common/test:Common:b02c3832: New session from client IP 58.247.201.241 (ST=Shanghai/CC=CN/C=AS) at VIP 109.101.115.10 Listener /Common/default_ssl_vpn_policy_202203102312_vs (Reputation=Unknown)
Mar 11 16:02:05 apm.f5.local notice apmd[12353]: 014902f7:5: /Common/test:Common:b02c3832:/Common/test_act_av_software_check_ag: endpoint software detected (sdk=4.3.1453.0,type=av,id=535,vendor_id=388,version=9.0.56.1,state=1,name=AhnLab V3 Internet Security,vendor_name=AhnLab, Inc.,db_signature=1372,db_version=,db_time=1578067200,last_scan=1646976518,engine_version=2020.01.04.00,missing_updates=).
Mar 11 16:02:05 apm.f5.local notice apmd[12353]: 014902f7:5: /Common/test:Common:b02c3832:/Common/test_act_av_software_check_ag: endpoint software detected (sdk=4.3.1453.0,type=av,id=362,vendor_id=90,version=4.18.2201.10,state=,name=Windows Defender,vendor_name=Microsoft Corporation,db_signature=477,db_version=1.359.1714.0,db_time=1646905832,last_scan=0,engine_version=1.1.18900.3,missing_updates=).
Mar 11 16:02:10 apm.f5.local notice tmm1[17534]: 01490521:5: /Common/test:Common:0f419338: Session statistics - bytes in: 22559, bytes out: 6216
Mar 11 16:02:16 apm.f5.local notice apmd[12353]: 01490010:5: /Common/test:Common:b02c3832: Username 'finux@126.com'
Mar 11 16:02:42 apm.f5.local notice apmd[12353]: 01490010:5: /Common/test:Common:b02c3832: Username '1646985695'
Mar 11 16:02:42 apm.f5.local notice apmd[12353]: 01490008:5: /Common/test:Common:b02c3832: Connectivity resource '/Common/test_NA' assigned
Mar 11 16:02:42 apm.f5.local notice apmd[12353]: 01490128:5: /Common/test:Common:b02c3832: Webtop '/Common/webtop' assigned
Mar 11 16:02:43 apm.f5.local notice apmd[12353]: 01490005:5: /Common/test:Common:b02c3832: Following rule 'fallback' from item 'Advanced Resource Assign' to ending 'Allow'
Mar 11 16:02:43 apm.f5.local notice apmd[12353]: 01490102:5: /Common/test:Common:b02c3832: Access policy result: Full
Mar 11 16:02:43 apm.f5.local notice apmd[12353]: 01490248:5: /Common/test:Common:b02c3832: Received client info - Hostname: DESKTOP-LFUMGVF Type: Mozilla Version: 5 Platform: Win10 CPU: x64 UI Mode: Full Javascript Support: 1 ActiveX Support: 0 Plugin Support: 0
Mar 11 16:02:46 apm.f5.local err tmm1[17534]: 01490514:3: (null):Common:00000000: Access encountered error: ERR_INPROGRESS. File: ../modules/hudfilter/access/access.c, Function: access_process_state_client_enforce_acl, Line: 13545
Mar 11 16:02:46 apm.f5.local err tmm1[17534]: 01490514:3: (null):Common:00000000: Access encountered error: ERR_INPROGRESS. File: ../modules/hudfilter/access/access.c, Function: hud_access_handler, Line: 3882
Mar 11 16:02:50 apm.f5.local notice apmd[12353]: 01490079:5: 00000000: Access policy '/Common/default_ssl_vpn_policy_202203102312' configuration has changed.Access profile '/Common/default_ssl_vpn_policy_202203102312' configuration changes need to be applied for the new configuration
Mar 11 16:02:51 apm.f5.local err tmm[17534]: 01490514:3: (null):Common:00000000: Access encountered error: ERR_INPROGRESS. File: ../modules/hudfilter/access/access.c, Function: access_process_state_client_enforce_session, Line: 9027
Mar 11 16:02:51 apm.f5.local err tmm[17534]: 01490514:3: (null):Common:00000000: Access encountered error: ERR_INPROGRESS. File: ../modules/hudfilter/access/access.c, Function: hud_access_handler, Line: 3987
Mar 11 16:03:03 apm.f5.local notice tmm1[17534]: 01490549:5: /Common/test:Common:b02c3832: Assigned PPP Dynamic IPv4: 109.101.115.11 ID: 2a427178 Tunnel Type: VPN_TUNNELTYPE_TLS NA Resource: /Common/test_NA Client IP: 58.247.201.241 
Mar 11 16:03:03 apm.f5.local notice tmm1[17534]: 01490505:5: /Common/test:Common:b02c3832: PPP tunnel 0x560027afd700 (ID: 2a427178) started.
Mar 11 16:05:47 apm.f5.local notice ldbutil[22719]: 01ab0113:5: Modified local user(/Common/ssl_vpn_localdb_202203102317:289777157@qq.com) entry in memcache.
Mar 11 16:05:47 apm.f5.local notice localdbmgr[12386]: 01ab0105:5: Updated DB for Admin triggered changes to user /Common/ssl_vpn_localdb_202203102317:289777157@qq.com
Mar 11 16:05:47 apm.f5.local notice localdbmgr[12386]: 01ab0116:5: Local user (/Common/ssl_vpn_localdb_202203102317:289777157@qq.com) changes succesfully persisted to the database.
Mar 11 16:08:00 apm.f5.local notice localdbmgr[12386]: 01ab0105:5: Updated DB for Admin triggered changes to user /Common/ssl_vpn_localdb_202203102317:289777157@qq.com
Mar 11 16:08:53 apm.f5.local notice apmd[12353]: 01490165:5: Access profile: /Common/default_ssl_vpn_policy_202203102312 initialized with configuration snapshot catalog: tmm.session.f5f5f5f5f5f5f5f5f5f5f5f5f5f5f5f5
Mar 11 16:08:53 apm.f5.local notice apmd[12353]: 01490166:5: Current snapshot ID: 1646984270 retrieved from session db for access profile: /Common/default_ssl_vpn_policy_202203102312
Mar 11 16:08:53 apm.f5.local notice apmd[12353]: 01490169:5: Snapshot catalog entry: tmm.session.f5f5f5f5f5f5f5f5f5f5f5f5f5f5f5f5./Common/default_ssl_vpn_policy_202203102312.1646984271 added for access profile: /Common/default_ssl_vpn_policy_202203102312
Mar 11 16:08:53 apm.f5.local notice apmd[12353]: 0149016a:5: Initiating snapshot creation: tmm.session.79d2cc0e4bf_6ooooooooooooooooooo for access profile: /Common/default_ssl_vpn_policy_202203102312
Mar 11 16:08:53 apm.f5.local notice apmd[12353]: 0149016b:5: Completed snapshot creation: tmm.session.79d2cc0e4bf_6ooooooooooooooooooo for access profile: /Common/default_ssl_vpn_policy_202203102312
Mar 11 16:08:53 apm.f5.local notice apmd[12353]: 01490167:5: Current snapshot ID: 1646984271 updated inside session db for access profile: /Common/default_ssl_vpn_policy_202203102312
Mar 11 16:08:53 apm.f5.local notice apmd[12353]: 01490101:5: 00000000: Access profile: /Common/default_ssl_vpn_policy_202203102312 configuration has been applied. Newly active generation count is: 10
Mar 11 16:09:14 apm.f5.local notice tmm[17534]: 01490511:5: /Common:00000000: Initializing Access profile /Common/default_ssl_vpn_policy_202203102312 with max concurrent user sessions limit: 0
Mar 11 16:09:14 apm.f5.local notice tmm1[17534]: 01490511:5: /Common:00000000: Initializing Access profile /Common/default_ssl_vpn_policy_202203102312 with max concurrent user sessions limit: 0
Mar 11 16:09:14 apm.f5.local notice tmm1[17534]: 01490511:5: /Common:00000000: Initializing Access profile /Common/default_ssl_vpn_policy_202203102312 with max concurrent user sessions limit: 0
Mar 11 16:09:14 apm.f5.local notice tmm[17534]: 01490511:5: /Common:00000000: Initializing Access profile /Common/default_ssl_vpn_policy_202203102312 with max concurrent user sessions limit: 0
Mar 11 16:09:15 apm.f5.local notice tmm[17534]: 01490576:5: /Common/default_ssl_vpn_policy_202203102312:Common:b02c3832 Session invalidated due to profile scope mismatch (expected '/Common/default_ssl_vpn_policy_202203102312', got '/Common/test').
Mar 11 16:09:15 apm.f5.local notice tmm[17534]: 01490567:5: /Common/test:Common:b02c3832: Session deleted (security_check).
Mar 11 16:09:15 apm.f5.local notice tmm1[17534]: 01490505:5: /Common/test:Common:b02c3832: PPP tunnel 0x560027afd700 (ID: 2a427178) closed.
Mar 11 16:09:55 apm.f5.local notice tmm[17534]: 01490521:5: /Common/test:Common:b02c3832: Session statistics - bytes in: 647837, bytes out: 1888741
Mar 11 16:09:56 apm.f5.local notice apmd[12353]: 01490165:5: Access profile: /Common/test initialized with configuration snapshot catalog: tmm.session.f5f5f5f5f5f5f5f5f5f5f5f5f5f5f5f5
Mar 11 16:09:56 apm.f5.local notice apmd[12353]: 01490166:5: Current snapshot ID: 1646984268 retrieved from session db for access profile: /Common/test
Mar 11 16:09:56 apm.f5.local notice apmd[12353]: 01490169:5: Snapshot catalog entry: tmm.session.f5f5f5f5f5f5f5f5f5f5f5f5f5f5f5f5./Common/test.1646984269 added for access profile: /Common/test
Mar 11 16:09:56 apm.f5.local notice apmd[12353]: 0149016a:5: Initiating snapshot creation: tmm.session.7dc7dac215_7oooooooooooooooooooo for access profile: /Common/test
Mar 11 16:09:56 apm.f5.local notice apmd[12353]: 0149016b:5: Completed snapshot creation: tmm.session.7dc7dac215_7oooooooooooooooooooo for access profile: /Common/test
Mar 11 16:09:56 apm.f5.local notice apmd[12353]: 01490167:5: Current snapshot ID: 1646984269 updated inside session db for access profile: /Common/test
Mar 11 16:09:56 apm.f5.local notice apmd[12353]: 01490101:5: 00000000: Access profile: /Common/test configuration has been applied. Newly active generation count is: 8
Mar 11 16:10:21 apm.f5.local notice tmm[17534]: 01490506:5: /Common/default_ssl_vpn_policy_202203102312:Common:c968c309: Received User-Agent header: Mozilla%2F5.0%20(Windows%20NT%2010.0%3B%20Win64%3B%20x64)%20AppleWebKit%2F537.36%20(KHTML%2C%20like%20Gecko)%20Chrome%2F99.0.4844.51%20Safari%2F537.36.
Mar 11 16:10:21 apm.f5.local notice tmm[17534]: 01490500:5: /Common/default_ssl_vpn_policy_202203102312:Common:c968c309: New session from client IP 58.247.201.241 (ST=Shanghai/CC=CN/C=AS) at VIP 109.101.115.10 Listener /Common/default_ssl_vpn_policy_202203102312_vs (Reputation=Unknown)
Mar 11 16:10:40 apm.f5.local notice apmd[12353]: 014902f7:5: /Common/default_ssl_vpn_policy_202203102312:Common:c968c309:/Common/default_ssl_vpn_policy_202203102312_act_av_software_check_ag: endpoint software detected (sdk=4.3.1453.0,type=av,id=535,vendor_id=388,version=9.0.56.1,state=1,name=AhnLab V3 Internet Security,vendor_name=AhnLab, Inc.,db_signature=1372,db_version=,db_time=1578067200,last_scan=1646976518,engine_version=2020.01.04.00,missing_updates=).
Mar 11 16:10:40 apm.f5.local notice apmd[12353]: 014902f7:5: /Common/default_ssl_vpn_policy_202203102312:Common:c968c309:/Common/default_ssl_vpn_policy_202203102312_act_av_software_check_ag: endpoint software detected (sdk=4.3.1453.0,type=av,id=362,vendor_id=90,version=4.18.2201.10,state=,name=Windows Defender,vendor_name=Microsoft Corporation,db_signature=477,db_version=1.359.1714.0,db_time=1646905832,last_scan=0,engine_version=1.1.18900.3,missing_updates=).
Mar 11 16:11:29 apm.f5.local notice apmd[12353]: 01490010:5: /Common/default_ssl_vpn_policy_202203102312:Common:c968c309: Username 'finux@126.com'
Mar 11 16:11:50 apm.f5.local notice apmd[12353]: 01490008:5: /Common/default_ssl_vpn_policy_202203102312:Common:c968c309: Connectivity resource '/Common/default_ssl_vpn_policy_202203102312_na_res' assigned
Mar 11 16:11:50 apm.f5.local notice apmd[12353]: 01490128:5: /Common/default_ssl_vpn_policy_202203102312:Common:c968c309: Webtop '/Common/default_ssl_vpn_policy_202203102312_webtop' assigned
Mar 11 16:11:50 apm.f5.local notice apmd[12353]: 01490005:5: /Common/default_ssl_vpn_policy_202203102312:Common:c968c309: Following rule 'fallback' from item 'Advanced Resource Assign' to ending 'Allow'
Mar 11 16:11:50 apm.f5.local notice apmd[12353]: 01490102:5: /Common/default_ssl_vpn_policy_202203102312:Common:c968c309: Access policy result: Network_Access
Mar 11 16:11:50 apm.f5.local notice apmd[12353]: 01490248:5: /Common/default_ssl_vpn_policy_202203102312:Common:c968c309: Received client info - Hostname: DESKTOP-LFUMGVF Type: Mozilla Version: 5 Platform: Win10 CPU: x64 UI Mode: Full Javascript Support: 1 ActiveX Support: 0 Plugin Support: 0
Mar 11 16:11:53 apm.f5.local err tmm1[17534]: 01490514:3: (null):Common:00000000: Access encountered error: ERR_INPROGRESS. File: ../modules/hudfilter/access/access.c, Function: access_process_state_client_enforce_acl, Line: 13545
Mar 11 16:11:53 apm.f5.local err tmm1[17534]: 01490514:3: (null):Common:00000000: Access encountered error: ERR_INPROGRESS. File: ../modules/hudfilter/access/access.c, Function: hud_access_handler, Line: 3882
Mar 11 16:11:56 apm.f5.local err tmm1[17534]: 01490514:3: (null):Common:00000000: Access encountered error: ERR_INPROGRESS. File: ../modules/hudfilter/access/access.c, Function: access_process_state_client_enforce_session, Line: 9027
Mar 11 16:11:56 apm.f5.local err tmm1[17534]: 01490514:3: (null):Common:00000000: Access encountered error: ERR_INPROGRESS. File: ../modules/hudfilter/access/access.c, Function: hud_access_handler, Line: 3987
Mar 11 16:12:03 apm.f5.local notice tmm1[17534]: 01490549:5: /Common/default_ssl_vpn_policy_202203102312:Common:c968c309: Assigned PPP Dynamic IPv4: 109.101.115.12 ID: 7a2ed533 Tunnel Type: VPN_TUNNELTYPE_TLS NA Resource: /Common/default_ssl_vpn_policy_202203102312_na_res Client IP: 58.247.201.241 
Mar 11 16:12:03 apm.f5.local notice tmm1[17534]: 01490505:5: /Common/default_ssl_vpn_policy_202203102312:Common:c968c309: PPP tunnel 0x560027afd900 (ID: 7a2ed533) started.
Mar 11 16:12:22 apm.f5.local notice tmm[17534]: 01490506:5: /Common/default_ssl_vpn_policy_202203102312:Common:f2c14af9: Received User-Agent header: Mozilla%2F5.0%20(Windows%20NT%2010.0%3B%20Win64%3B%20x64%3B%20rv%3A97.0)%20Gecko%2F20100101%20Firefox%2F97.0.
Mar 11 16:12:22 apm.f5.local notice tmm[17534]: 01490500:5: /Common/default_ssl_vpn_policy_202203102312:Common:f2c14af9: New session from client IP 58.247.201.241 (ST=Shanghai/CC=CN/C=AS) at VIP 109.101.115.10 Listener /Common/default_ssl_vpn_policy_202203102312_vs (Reputation=Unknown)
Mar 11 16:14:04 apm.f5.local err tmm1[17534]: 01490514:3: (null):Common:00000000: Access encountered error: ERR_INPROGRESS. File: ../modules/hudfilter/access/access.c, Function: access_process_state_client_enforce_session, Line: 9027
Mar 11 16:14:04 apm.f5.local err tmm1[17534]: 01490514:3: (null):Common:00000000: Access encountered error: ERR_INPROGRESS. File: ../modules/hudfilter/access/access.c, Function: hud_access_handler, Line: 3987
Mar 11 16:14:05 apm.f5.local notice tmm[17534]: 014905d5:5: /Common/default_ssl_vpn_policy_202203102312:Common: Invalid token 2556c61c629590d8319ce2168cac1902   recieved from client IP 58.247.201.241 at VIP 109.101.115.10. Error ERR_NOT_FOUND
Mar 11 16:14:11 apm.f5.local err tmm[17534]: 01490514:3: (null):Common:00000000: Access encountered error: ERR_INPROGRESS. File: ../modules/hudfilter/access/access.c, Function: access_process_state_client_enforce_acl, Line: 13545
Mar 11 16:14:14 apm.f5.local err tmm[17534]: 01490514:3: (null):Common:00000000: Access encountered error: ERR_INPROGRESS. File: ../modules/hudfilter/access/access.c, Function: access_process_state_client_enforce_session, Line: 9027
Mar 11 16:14:14 apm.f5.local err tmm[17534]: 01490514:3: (null):Common:00000000: Access encountered error: ERR_INPROGRESS. File: ../modules/hudfilter/access/access.c, Function: hud_access_handler, Line: 3987
Mar 11 16:14:15 apm.f5.local notice apmd[12353]: 01490079:5: 00000000: Access policy '/Common/default_ssl_vpn_policy_202203102312' configuration has changed.Access profile '/Common/default_ssl_vpn_policy_202203102312' configuration changes need to be applied for the new configuration
Mar 11 16:14:27 apm.f5.local notice tmm[17534]: 01490511:5: /Common:00000000: Initializing Access profile /Common/default_ssl_vpn_policy_202203102312 with max concurrent user sessions limit: 0
Mar 11 16:14:27 apm.f5.local notice tmm1[17534]: 01490511:5: /Common:00000000: Initializing Access profile /Common/default_ssl_vpn_policy_202203102312 with max concurrent user sessions limit: 0
Mar 11 16:14:27 apm.f5.local notice tmm[17534]: 01490511:5: /Common:00000000: Initializing Access profile /Common/default_ssl_vpn_policy_202203102312 with max concurrent user sessions limit: 0
Mar 11 16:14:27 apm.f5.local notice tmm1[17534]: 01490511:5: /Common:00000000: Initializing Access profile /Common/default_ssl_vpn_policy_202203102312 with max concurrent user sessions limit: 0
Mar 11 16:14:27 apm.f5.local notice apmd[12353]: 01490165:5: Access profile: /Common/default_ssl_vpn_policy_202203102312 initialized with configuration snapshot catalog: tmm.session.f5f5f5f5f5f5f5f5f5f5f5f5f5f5f5f5
Mar 11 16:14:27 apm.f5.local notice apmd[12353]: 01490166:5: Current snapshot ID: 1646984271 retrieved from session db for access profile: /Common/default_ssl_vpn_policy_202203102312
Mar 11 16:14:27 apm.f5.local notice apmd[12353]: 01490169:5: Snapshot catalog entry: tmm.session.f5f5f5f5f5f5f5f5f5f5f5f5f5f5f5f5./Common/default_ssl_vpn_policy_202203102312.1646984272 added for access profile: /Common/default_ssl_vpn_policy_202203102312
Mar 11 16:14:27 apm.f5.local notice apmd[12353]: 0149016a:5: Initiating snapshot creation: tmm.session.8eb207d88df_8ooooooooooooooooooo for access profile: /Common/default_ssl_vpn_policy_202203102312
Mar 11 16:14:27 apm.f5.local notice apmd[12353]: 0149016b:5: Completed snapshot creation: tmm.session.8eb207d88df_8ooooooooooooooooooo for access profile: /Common/default_ssl_vpn_policy_202203102312
Mar 11 16:14:27 apm.f5.local notice apmd[12353]: 01490167:5: Current snapshot ID: 1646984272 updated inside session db for access profile: /Common/default_ssl_vpn_policy_202203102312
Mar 11 16:14:27 apm.f5.local notice apmd[12353]: 01490101:5: 00000000: Access profile: /Common/default_ssl_vpn_policy_202203102312 configuration has been applied. Newly active generation count is: 11
Mar 11 16:14:44 apm.f5.local notice tmm[17534]: 01490567:5: /Common/default_ssl_vpn_policy_202203102312:Common:c968c309: Session deleted (user_initiated; code - 1).
Mar 11 16:14:45 apm.f5.local notice tmm1[17534]: 01490505:5: /Common/default_ssl_vpn_policy_202203102312:Common:c968c309: PPP tunnel 0x560027afd900 (ID: 7a2ed533) closed.
Mar 11 16:14:48 apm.f5.local notice tmm[17534]: 01490506:5: /Common/default_ssl_vpn_policy_202203102312:Common:12506faa: Received User-Agent header: Mozilla%2F5.0%20(Windows%20NT%2010.0%3B%20Win64%3B%20x64)%20AppleWebKit%2F537.36%20(KHTML%2C%20like%20Gecko)%20Chrome%2F99.0.4844.51%20Safari%2F537.36.
Mar 11 16:14:48 apm.f5.local notice tmm[17534]: 01490500:5: /Common/default_ssl_vpn_policy_202203102312:Common:12506faa: New session from client IP 58.247.201.241 (ST=Shanghai/CC=CN/C=AS) at VIP 109.101.115.10 Listener /Common/default_ssl_vpn_policy_202203102312_vs (Reputation=Unknown)
Mar 11 16:14:59 apm.f5.local notice apmd[12353]: 014902f7:5: /Common/default_ssl_vpn_policy_202203102312:Common:12506faa:/Common/default_ssl_vpn_policy_202203102312_act_av_software_check_ag: endpoint software detected (sdk=4.3.1453.0,type=av,id=535,vendor_id=388,version=9.0.56.1,state=1,name=AhnLab V3 Internet Security,vendor_name=AhnLab, Inc.,db_signature=1372,db_version=,db_time=1578067200,last_scan=1646976518,engine_version=2020.01.04.00,missing_updates=).
Mar 11 16:14:59 apm.f5.local notice apmd[12353]: 014902f7:5: /Common/default_ssl_vpn_policy_202203102312:Common:12506faa:/Common/default_ssl_vpn_policy_202203102312_act_av_software_check_ag: endpoint software detected (sdk=4.3.1453.0,type=av,id=362,vendor_id=90,version=4.18.2201.10,state=,name=Windows Defender,vendor_name=Microsoft Corporation,db_signature=477,db_version=1.359.1714.0,db_time=1646905832,last_scan=0,engine_version=1.1.18900.3,missing_updates=).
Mar 11 16:15:09 apm.f5.local notice apmd[12353]: 01490010:5: /Common/default_ssl_vpn_policy_202203102312:Common:12506faa: Username 'finux@126.com'
Mar 11 16:15:21 apm.f5.local notice apmd[12353]: 01490008:5: /Common/default_ssl_vpn_policy_202203102312:Common:12506faa: Connectivity resource '/Common/default_ssl_vpn_policy_202203102312_na_res' assigned
Mar 11 16:15:21 apm.f5.local notice apmd[12353]: 01490128:5: /Common/default_ssl_vpn_policy_202203102312:Common:12506faa: Webtop '/Common/default_ssl_vpn_policy_202203102312_webtop' assigned
Mar 11 16:15:21 apm.f5.local notice apmd[12353]: 01490005:5: /Common/default_ssl_vpn_policy_202203102312:Common:12506faa: Following rule 'fallback' from item 'Advanced Resource Assign' to ending 'Allow'
Mar 11 16:15:21 apm.f5.local notice apmd[12353]: 01490102:5: /Common/default_ssl_vpn_policy_202203102312:Common:12506faa: Access policy result: Network_Access
Mar 11 16:15:21 apm.f5.local notice apmd[12353]: 01490248:5: /Common/default_ssl_vpn_policy_202203102312:Common:12506faa: Received client info - Hostname: DESKTOP-LFUMGVF Type: Mozilla Version: 5 Platform: Win10 CPU: x64 UI Mode: Full Javascript Support: 1 ActiveX Support: 0 Plugin Support: 0
Mar 11 16:15:21 apm.f5.local notice tmm[17534]: 01490521:5: /Common/default_ssl_vpn_policy_202203102312:Common:c968c309: Session statistics - bytes in: 236480, bytes out: 432387
Mar 11 16:15:25 apm.f5.local err tmm1[17534]: 01490514:3: (null):Common:00000000: Access encountered error: ERR_INPROGRESS. File: ../modules/hudfilter/access/access.c, Function: access_process_state_client_enforce_acl, Line: 13545
Mar 11 16:15:25 apm.f5.local err tmm1[17534]: 01490514:3: (null):Common:00000000: Access encountered error: ERR_INPROGRESS. File: ../modules/hudfilter/access/access.c, Function: hud_access_handler, Line: 3882
Mar 11 16:15:35 apm.f5.local notice tmm1[17534]: 01490549:5: /Common/default_ssl_vpn_policy_202203102312:Common:12506faa: Assigned PPP Dynamic IPv4: 109.101.115.13 ID: 04ec3708 Tunnel Type: VPN_TUNNELTYPE_TLS NA Resource: /Common/default_ssl_vpn_policy_202203102312_na_res Client IP: 58.247.201.241 
Mar 11 16:15:35 apm.f5.local notice tmm1[17534]: 01490505:5: /Common/default_ssl_vpn_policy_202203102312:Common:12506faa: PPP tunnel 0x560027afdf00 (ID: 04ec3708) started.
Mar 11 16:17:56 apm.f5.local notice tmm[17534]: 01490502:5: /Common/default_ssl_vpn_policy_202203102312:Common:f2c14af9: Session deleted due to user inactivity.
Mar 11 16:18:31 apm.f5.local notice tmm[17534]: 01490521:5: /Common/default_ssl_vpn_policy_202203102312:Common:f2c14af9: Session statistics - bytes in: 14093, bytes out: 65974
Mar 11 16:26:06 apm.f5.local notice tmm1[17534]: 01490505:5: /Common/default_ssl_vpn_policy_202203102312:Common:12506faa: PPP tunnel 0x560027afdf00 (ID: 04ec3708) closed.
Mar 11 16:27:46 apm.f5.local notice tmm1[17534]: 01490549:5: /Common/default_ssl_vpn_policy_202203102312:Common:12506faa: Assigned PPP Dynamic IPv4: 109.101.115.13 ID: 3bd5af1e Tunnel Type: VPN_TUNNELTYPE_TLS NA Resource: /Common/default_ssl_vpn_policy_202203102312_na_res Client IP: 58.247.201.241 - Reconnect
Mar 11 16:27:46 apm.f5.local notice tmm1[17534]: 01490505:5: /Common/default_ssl_vpn_policy_202203102312:Common:12506faa: PPP tunnel 0x560027afe300 (ID: 3bd5af1e) started.
Mar 11 16:30:20 apm.f5.local notice tmm[17534]: 01490506:5: /Common/default_ssl_vpn_policy_202203102312:Common:35bb71fb: Received User-Agent header: Mozilla%2F5.0%20(Windows%20NT%2010.0%3B%20Win64%3B%20x64%3B%20rv%3A97.0)%20Gecko%2F20100101%20Firefox%2F97.0.
Mar 11 16:30:20 apm.f5.local notice tmm[17534]: 01490500:5: /Common/default_ssl_vpn_policy_202203102312:Common:35bb71fb: New session from client IP 58.247.201.241 (ST=Shanghai/CC=CN/C=AS) at VIP 109.101.115.10 Listener /Common/default_ssl_vpn_policy_202203102312_vs (Reputation=Unknown)
Mar 11 16:32:20 apm.f5.local notice tmm[17534]: 01490567:5: /Common/default_ssl_vpn_policy_202203102312:Common:35bb71fb: Session deleted (restarted).
Mar 11 16:32:20 apm.f5.local notice tmm1[17534]: 01490506:5: /Common/default_ssl_vpn_policy_202203102312:Common:a6f2c295: Received User-Agent header: Mozilla%2F5.0%20(Windows%20NT%2010.0%3B%20Win64%3B%20x64%3B%20rv%3A97.0)%20Gecko%2F20100101%20Firefox%2F97.0.
Mar 11 16:32:20 apm.f5.local notice tmm1[17534]: 01490500:5: /Common/default_ssl_vpn_policy_202203102312:Common:a6f2c295: New session from client IP 58.247.201.241 (ST=Shanghai/CC=CN/C=AS) at VIP 109.101.115.10 Listener /Common/default_ssl_vpn_policy_202203102312_vs (Reputation=Unknown)
Mar 11 16:32:56 apm.f5.local notice tmm[17534]: 01490521:5: /Common/default_ssl_vpn_policy_202203102312:Common:35bb71fb: Session statistics - bytes in: 9059, bytes out: 11662
Mar 11 16:33:53 apm.f5.local notice tmm[17534]: 01490506:5: /Common/default_ssl_vpn_policy_202203102312:Common:f9671cc1: Received User-Agent header: Mozilla%2F5.0%20(Windows%20NT%2010.0%3B%20Win64%3B%20x64)%20AppleWebKit%2F537.36%20(KHTML%2C%20like%20Gecko)%20Chrome%2F99.0.4844.51%20Safari%2F537.36.
Mar 11 16:33:53 apm.f5.local notice tmm[17534]: 01490500:5: /Common/default_ssl_vpn_policy_202203102312:Common:f9671cc1: New session from client IP 58.247.201.154 (ST=Shanghai/CC=CN/C=AS) at VIP 109.101.115.10 Listener /Common/default_ssl_vpn_policy_202203102312_vs (Reputation=Unknown)
Mar 11 16:35:16 apm.f5.local notice tmm1[17534]: 01490506:5: /Common/default_ssl_vpn_policy_202203102312:Common:1ddffdcd: Received User-Agent header: Mozilla%2F5.0%20(Windows%20NT%2010.0%3B%20Win64%3B%20x64)%20AppleWebKit%2F537.36%20(KHTML%2C%20like%20Gecko)%20Chrome%2F99.0.4844.51%20Safari%2F537.36.
Mar 11 16:35:16 apm.f5.local notice tmm1[17534]: 01490500:5: /Common/default_ssl_vpn_policy_202203102312:Common:1ddffdcd: New session from client IP 58.247.201.154 (ST=Shanghai/CC=CN/C=AS) at VIP 109.101.115.10 Listener /Common/default_ssl_vpn_policy_202203102312_vs (Reputation=Unknown)
Mar 11 16:35:39 apm.f5.local notice apmd[12353]: 01490005:5: /Common/default_ssl_vpn_policy_202203102312:Common:1ddffdcd: Following rule 'fallback' from item 'Antivirus' to ending 'Deny'
Mar 11 16:35:39 apm.f5.local notice apmd[12353]: 01490102:5: /Common/default_ssl_vpn_policy_202203102312:Common:1ddffdcd: Access policy result: Logon_Deny
Mar 11 16:35:39 apm.f5.local notice apmd[12353]: 01490248:5: /Common/default_ssl_vpn_policy_202203102312:Common:1ddffdcd: Received client info - Hostname:  Type: Mozilla Version: 5 Platform: Win10 CPU: x64 UI Mode: Full Javascript Support: 1 ActiveX Support: 0 Plugin Support: 0
Mar 11 16:35:39 apm.f5.local notice tmm1[17534]: 01490567:5: /Common/default_ssl_vpn_policy_202203102312:Common:1ddffdcd: Session deleted (policy_result).
Mar 11 16:35:43 apm.f5.local notice tmm[17534]: 01490506:5: /Common/default_ssl_vpn_policy_202203102312:Common:abe00a7d: Received User-Agent header: Mozilla%2F5.0%20(Windows%20NT%2010.0%3B%20Win64%3B%20x64)%20AppleWebKit%2F537.36%20(KHTML%2C%20like%20Gecko)%20Chrome%2F99.0.4844.51%20Safari%2F537.36.
Mar 11 16:35:43 apm.f5.local notice tmm[17534]: 01490500:5: /Common/default_ssl_vpn_policy_202203102312:Common:abe00a7d: New session from client IP 58.247.201.154 (ST=Shanghai/CC=CN/C=AS) at VIP 109.101.115.10 Listener /Common/default_ssl_vpn_policy_202203102312_vs (Reputation=Unknown)
Mar 11 16:36:14 apm.f5.local notice tmm[17534]: 01490506:5: /Common/default_ssl_vpn_policy_202203102312:Common:3eb68051: Received User-Agent header: Mozilla%2F4.0%20(compatible%3B%20MSIE%207.0%3B%20Windows%20NT%2010.0%3B%20WOW64%3B%20Trident%2F7.0%3B%20.NET4.0C%3B%20.NET4.0E%3B%20.NET%20CLR%202.0.50727%3B%20.NET%20CLR%203.0.30729%3B%20.NET%20CLR%203.5.30729).
Mar 11 16:36:14 apm.f5.local notice tmm[17534]: 01490500:5: /Common/default_ssl_vpn_policy_202203102312:Common:3eb68051: New session from client IP 58.247.201.154 (ST=Shanghai/CC=CN/C=AS) at VIP 109.101.115.10 Listener /Common/default_ssl_vpn_policy_202203102312_vs (Reputation=Unknown)
Mar 11 16:36:19 apm.f5.local notice tmm1[17534]: 01490521:5: /Common/default_ssl_vpn_policy_202203102312:Common:1ddffdcd: Session statistics - bytes in: 19970, bytes out: 86909
Mar 11 16:36:24 apm.f5.local notice apmd[12353]: 014902f7:5: /Common/default_ssl_vpn_policy_202203102312:Common:abe00a7d:/Common/default_ssl_vpn_policy_202203102312_act_av_software_check_ag: endpoint software detected (sdk=4.3.1453.0,type=av,id=362,vendor_id=90,version=4.18.2201.10,state=1,name=Windows Defender,vendor_name=Microsoft Corporation,db_signature=477,db_version=1.359.1703.0,db_time=1646890729,last_scan=0,engine_version=1.1.18900.3,missing_updates=).
Mar 11 16:36:24 apm.f5.local notice apmd[12353]: 01490005:5: /Common/default_ssl_vpn_policy_202203102312:Common:abe00a7d: Following rule 'fallback' from item 'Antivirus' to ending 'Deny'
Mar 11 16:36:26 apm.f5.local notice apmd[12353]: 01490102:5: /Common/default_ssl_vpn_policy_202203102312:Common:abe00a7d: Access policy result: Logon_Deny
Mar 11 16:36:26 apm.f5.local notice apmd[12353]: 01490248:5: /Common/default_ssl_vpn_policy_202203102312:Common:abe00a7d: Received client info - Hostname: DESKTOP-5613UDI Type: Mozilla Version: 5 Platform: Win10 CPU: x64 UI Mode: Full Javascript Support: 1 ActiveX Support: 0 Plugin Support: 0
Mar 11 16:36:26 apm.f5.local notice apmd[12353]: 014902f7:5: /Common/default_ssl_vpn_policy_202203102312:Common:f9671cc1:/Common/default_ssl_vpn_policy_202203102312_act_av_software_check_ag: endpoint software detected (sdk=4.3.1453.0,type=av,id=362,vendor_id=90,version=4.18.2201.10,state=1,name=Windows Defender,vendor_name=Microsoft Corporation,db_signature=477,db_version=1.359.1703.0,db_time=1646890729,last_scan=0,engine_version=1.1.18900.3,missing_updates=).
Mar 11 16:36:26 apm.f5.local notice apmd[12353]: 01490005:5: /Common/default_ssl_vpn_policy_202203102312:Common:f9671cc1: Following rule 'fallback' from item 'Antivirus' to ending 'Deny'
Mar 11 16:36:26 apm.f5.local notice tmm[17534]: 01490567:5: /Common/default_ssl_vpn_policy_202203102312:Common:abe00a7d: Session deleted (policy_result).
Mar 11 16:37:05 apm.f5.local notice tmm[17534]: 01490521:5: /Common/default_ssl_vpn_policy_202203102312:Common:abe00a7d: Session statistics - bytes in: 82685, bytes out: 5780606
Mar 11 16:37:52 apm.f5.local notice tmm1[17534]: 01490502:5: /Common/default_ssl_vpn_policy_202203102312:Common:a6f2c295: Session deleted due to user inactivity.
Mar 11 16:38:33 apm.f5.local notice tmm1[17534]: 01490521:5: /Common/default_ssl_vpn_policy_202203102312:Common:a6f2c295: Session statistics - bytes in: 10427, bytes out: 12029
Mar 11 16:39:17 apm.f5.local notice tmm1[17534]: 01490505:5: /Common/default_ssl_vpn_policy_202203102312:Common:12506faa: PPP tunnel 0x560027afe300 (ID: 3bd5af1e) closed.
Mar 11 16:40:13 apm.f5.local notice tmm1[17534]: 01490506:5: /Common/default_ssl_vpn_policy_202203102312:Common:6c2bb9be: Received User-Agent header: Mozilla%2F5.0%20(Windows%20NT%2010.0%3B%20Win64%3B%20x64)%20AppleWebKit%2F537.36%20(KHTML%2C%20like%20Gecko)%20Chrome%2F99.0.4844.51%20Safari%2F537.36.
Mar 11 16:40:13 apm.f5.local notice tmm1[17534]: 01490500:5: /Common/default_ssl_vpn_policy_202203102312:Common:6c2bb9be: New session from client IP 58.247.201.241 (ST=Shanghai/CC=CN/C=AS) at VIP 109.101.115.10 Listener /Common/default_ssl_vpn_policy_202203102312_vs (Reputation=Unknown)
Mar 11 16:40:27 apm.f5.local notice apmd[12353]: 014902f7:5: /Common/default_ssl_vpn_policy_202203102312:Common:6c2bb9be:/Common/default_ssl_vpn_policy_202203102312_act_av_software_check_ag: endpoint software detected (sdk=4.3.1453.0,type=av,id=535,vendor_id=388,version=9.0.56.1,state=1,name=AhnLab V3 Internet Security,vendor_name=AhnLab, Inc.,db_signature=1372,db_version=,db_time=1578067200,last_scan=1646976518,engine_version=2020.01.04.00,missing_updates=).
Mar 11 16:40:27 apm.f5.local notice apmd[12353]: 014902f7:5: /Common/default_ssl_vpn_policy_202203102312:Common:6c2bb9be:/Common/default_ssl_vpn_policy_202203102312_act_av_software_check_ag: endpoint software detected (sdk=4.3.1453.0,type=av,id=362,vendor_id=90,version=4.18.2201.10,state=,name=Windows Defender,vendor_name=Microsoft Corporation,db_signature=477,db_version=1.359.1714.0,db_time=1646905832,last_scan=0,engine_version=1.1.18900.3,missing_updates=).
Mar 11 16:40:46 apm.f5.local notice apmd[12353]: 01490010:5: /Common/default_ssl_vpn_policy_202203102312:Common:6c2bb9be: Username 'finux@126.com'
Mar 11 16:41:06 apm.f5.local notice apmd[12353]: 01490008:5: /Common/default_ssl_vpn_policy_202203102312:Common:6c2bb9be: Connectivity resource '/Common/default_ssl_vpn_policy_202203102312_na_res' assigned
Mar 11 16:41:06 apm.f5.local notice apmd[12353]: 01490128:5: /Common/default_ssl_vpn_policy_202203102312:Common:6c2bb9be: Webtop '/Common/default_ssl_vpn_policy_202203102312_webtop' assigned
Mar 11 16:41:06 apm.f5.local notice apmd[12353]: 01490005:5: /Common/default_ssl_vpn_policy_202203102312:Common:6c2bb9be: Following rule 'fallback' from item 'Advanced Resource Assign' to ending 'Allow'
Mar 11 16:41:06 apm.f5.local notice apmd[12353]: 01490102:5: /Common/default_ssl_vpn_policy_202203102312:Common:6c2bb9be: Access policy result: Network_Access
Mar 11 16:41:06 apm.f5.local notice apmd[12353]: 01490248:5: /Common/default_ssl_vpn_policy_202203102312:Common:6c2bb9be: Received client info - Hostname: DESKTOP-LFUMGVF Type: Mozilla Version: 5 Platform: Win10 CPU: x64 UI Mode: Full Javascript Support: 1 ActiveX Support: 0 Plugin Support: 0
Mar 11 16:41:23 apm.f5.local notice tmm[17534]: 01490549:5: /Common/default_ssl_vpn_policy_202203102312:Common:6c2bb9be: Assigned PPP Dynamic IPv4: 109.101.115.14 ID: 5a69849f Tunnel Type: VPN_TUNNELTYPE_TLS NA Resource: /Common/default_ssl_vpn_policy_202203102312_na_res Client IP: 58.247.201.241 
Mar 11 16:41:23 apm.f5.local notice tmm[17534]: 01490505:5: /Common/default_ssl_vpn_policy_202203102312:Common:6c2bb9be: PPP tunnel 0x56000158fb00 (ID: 5a69849f) started.
Mar 11 16:41:33 apm.f5.local notice tmm[17534]: 01490502:5: /Common/default_ssl_vpn_policy_202203102312:Common:3eb68051: Session deleted due to user inactivity.
Mar 11 16:41:53 apm.f5.local notice tmm[17534]: 01490502:5: /Common/default_ssl_vpn_policy_202203102312:Common:f9671cc1: Session deleted due to user inactivity.
Mar 11 16:42:14 apm.f5.local notice tmm[17534]: 01490521:5: /Common/default_ssl_vpn_policy_202203102312:Common:3eb68051: Session statistics - bytes in: 906, bytes out: 399
Mar 11 16:42:34 apm.f5.local notice tmm[17534]: 01490521:5: /Common/default_ssl_vpn_policy_202203102312:Common:f9671cc1: Session statistics - bytes in: 65038, bytes out: 3693533
Mar 11 16:54:17 apm.f5.local notice tmm[17534]: 01490502:5: /Common/default_ssl_vpn_policy_202203102312:Common:12506faa: Session deleted due to user inactivity.
Mar 11 16:54:51 apm.f5.local notice tmm[17534]: 01490521:5: /Common/default_ssl_vpn_policy_202203102312:Common:12506faa: Session statistics - bytes in: 2539123, bytes out: 4984811
Mar 11 17:03:13 apm.f5.local notice tmm1[17534]: 01490567:5: /Common/default_ssl_vpn_policy_202203102312:Common:6c2bb9be: Session deleted (user_initiated; code - 1).
Mar 11 17:03:14 apm.f5.local notice tmm[17534]: 01490505:5: /Common/default_ssl_vpn_policy_202203102312:Common:6c2bb9be: PPP tunnel 0x56000158fb00 (ID: 5a69849f) closed.
Mar 11 17:03:54 apm.f5.local notice tmm1[17534]: 01490521:5: /Common/default_ssl_vpn_policy_202203102312:Common:6c2bb9be: Session statistics - bytes in: 849950, bytes out: 1173377
Mar 11 17:04:32 apm.f5.local notice tmm[17534]: 01490506:5: /Common/default_ssl_vpn_policy_202203102312:Common:f29e0b39: Received User-Agent header: Mozilla%2F5.0%20(Windows%20NT%2010.0%3B%20Win64%3B%20x64)%20AppleWebKit%2F537.36%20(KHTML%2C%20like%20Gecko)%20Chrome%2F99.0.4844.51%20Safari%2F537.36.
Mar 11 17:04:32 apm.f5.local notice tmm[17534]: 01490500:5: /Common/default_ssl_vpn_policy_202203102312:Common:f29e0b39: New session from client IP 58.247.201.241 (ST=Shanghai/CC=CN/C=AS) at VIP 109.101.115.10 Listener /Common/default_ssl_vpn_policy_202203102312_vs (Reputation=Unknown)
Mar 11 17:08:34 apm.f5.local notice tmm1[17534]: 01490538:5: tmm.session.53721f838_3ooooooooooooooooooooo: Configuration snapshot deleted by Access.
Mar 11 17:08:34 apm.f5.local notice tmm[17534]: 01490538:5: tmm.session.53721f838_3ooooooooooooooooooooo: Configuration snapshot deleted by Access.
Mar 11 17:09:38 apm.f5.local notice tmm[17534]: 01490538:5: tmm.session.79d2cc0e4bf_6ooooooooooooooooooo: Configuration snapshot deleted by Access.
Mar 11 17:09:38 apm.f5.local notice tmm1[17534]: 01490538:5: tmm.session.79d2cc0e4bf_6ooooooooooooooooooo: Configuration snapshot deleted by Access.
Mar 11 17:09:50 apm.f5.local notice tmm[17534]: 01490502:5: /Common/default_ssl_vpn_policy_202203102312:Common:f29e0b39: Session deleted due to user inactivity.
Mar 11 17:10:31 apm.f5.local notice tmm[17534]: 01490521:5: /Common/default_ssl_vpn_policy_202203102312:Common:f29e0b39: Session statistics - bytes in: 13267, bytes out: 68756
Mar 11 17:34:51 apm.f5.local notice tmm1[17534]: 01490506:5: /Common/default_ssl_vpn_policy_202203102312:Common:055db7be: Received User-Agent header: Mozilla%2F5.0%20zgrab%2F0.x.
Mar 11 17:34:51 apm.f5.local notice tmm1[17534]: 01490500:5: /Common/default_ssl_vpn_policy_202203102312:Common:055db7be: New session from client IP 192.241.214.50 (ST=California/CC=US/C=NA) at VIP 109.101.115.10 Listener /Common/default_ssl_vpn_policy_202203102312_vs (Reputation=Unknown)
Mar 11 17:39:53 apm.f5.local notice tmm1[17534]: 01490502:5: /Common/default_ssl_vpn_policy_202203102312:Common:055db7be: Session deleted due to user inactivity.
Mar 11 17:40:33 apm.f5.local notice tmm[17534]: 01490506:5: /Common/default_ssl_vpn_policy_202203102312:Common:cfd19572: Received User-Agent header: Mozilla%2F4.0%20(compatible%3B%20MSIE%207.0%3B%20Windows%20NT%2010.0%3B%20WOW64%3B%20Trident%2F7.0%3B%20.NET4.0C%3B%20.NET4.0E%3B%20.NET%20CLR%202.0.50727%3B%20.NET%20CLR%203.0.30729%3B%20.NET%20CLR%203.5.30729).
Mar 11 17:40:33 apm.f5.local notice tmm[17534]: 01490500:5: /Common/default_ssl_vpn_policy_202203102312:Common:cfd19572: New session from client IP 58.247.201.241 (ST=Shanghai/CC=CN/C=AS) at VIP 109.101.115.10 Listener /Common/default_ssl_vpn_policy_202203102312_vs (Reputation=Unknown)
Mar 11 17:40:34 apm.f5.local notice tmm1[17534]: 01490521:5: /Common/default_ssl_vpn_policy_202203102312:Common:055db7be: Session statistics - bytes in: 0, bytes out: 0
Mar 11 17:40:43 apm.f5.local notice tmm1[17534]: 01490506:5: /Common/default_ssl_vpn_policy_202203102312:Common:3a52ac0f: Received User-Agent header: Mozilla%2F5.0%20(Windows%20NT%2010.0%3B%20Win64%3B%20x64)%20AppleWebKit%2F537.36%20(KHTML%2C%20like%20Gecko)%20Chrome%2F99.0.4844.51%20Safari%2F537.36.
Mar 11 17:40:43 apm.f5.local notice tmm1[17534]: 01490500:5: /Common/default_ssl_vpn_policy_202203102312:Common:3a52ac0f: New session from client IP 58.247.201.241 (ST=Shanghai/CC=CN/C=AS) at VIP 109.101.115.10 Listener /Common/default_ssl_vpn_policy_202203102312_vs (Reputation=Unknown)
Mar 11 17:46:04 apm.f5.local notice tmm[17534]: 01490502:5: /Common/default_ssl_vpn_policy_202203102312:Common:cfd19572: Session deleted due to user inactivity.
Mar 11 17:46:45 apm.f5.local notice tmm[17534]: 01490521:5: /Common/default_ssl_vpn_policy_202203102312:Common:cfd19572: Session statistics - bytes in: 912, bytes out: 399
Mar 11 17:46:59 apm.f5.local notice tmm1[17534]: 01490502:5: /Common/default_ssl_vpn_policy_202203102312:Common:3a52ac0f: Session deleted due to user inactivity.
Mar 11 17:47:40 apm.f5.local notice tmm1[17534]: 01490521:5: /Common/default_ssl_vpn_policy_202203102312:Common:3a52ac0f: Session statistics - bytes in: 9083, bytes out: 2394
Mar 11 19:17:56 apm.f5.local notice tmm1[17534]: 01490517:5: /Common/default_ssl_vpn_policy_202203102312:Common:c1a3fcf2: User-Agent header is absent or empty
Mar 11 19:17:56 apm.f5.local notice tmm1[17534]: 01490500:5: /Common/default_ssl_vpn_policy_202203102312:Common:c1a3fcf2: New session from client IP 83.97.20.34 (ST=Bucuresti/CC=RO/C=EU) at VIP 109.101.115.10 Listener /Common/default_ssl_vpn_policy_202203102312_vs (Reputation=Unknown)
Mar 11 19:23:01 apm.f5.local notice tmm1[17534]: 01490502:5: /Common/default_ssl_vpn_policy_202203102312:Common:c1a3fcf2: Session deleted due to user inactivity.
Mar 11 19:23:42 apm.f5.local notice tmm1[17534]: 01490521:5: /Common/default_ssl_vpn_policy_202203102312:Common:c1a3fcf2: Session statistics - bytes in: 0, bytes out: 0
Mar 12 01:30:28 apm.f5.local notice tmm[17534]: 01490517:5: /Common/default_ssl_vpn_policy_202203102312:Common:b08fc65e: User-Agent header is absent or empty
Mar 12 01:30:28 apm.f5.local notice tmm[17534]: 01490500:5: /Common/default_ssl_vpn_policy_202203102312:Common:b08fc65e: New session from client IP 83.97.20.34 (ST=Bucuresti/CC=RO/C=EU) at VIP 109.101.115.10 Listener /Common/default_ssl_vpn_policy_202203102312_vs (Reputation=Unknown)
Mar 12 01:35:31 apm.f5.local notice tmm[17534]: 01490502:5: /Common/default_ssl_vpn_policy_202203102312:Common:b08fc65e: Session deleted due to user inactivity.
Mar 12 01:36:12 apm.f5.local notice tmm[17534]: 01490521:5: /Common/default_ssl_vpn_policy_202203102312:Common:b08fc65e: Session statistics - bytes in: 0, bytes out: 0
