Mar 17 03:53:25 apm.f5.local warning tmm1[18812]: 01490531:4: 6c8f99ba: Detected invalid host header (%24%7Bip%7D%3A%24%7Bport%7D) originating from IP 123.160.221.19.
Mar 17 03:53:25 apm.f5.local notice tmm1[18812]: 01490567:5: /Common/default_ssl_vpn_policy_202203102312:Common:6c8f99ba: Session deleted (invalid_hostname).
Mar 17 03:53:27 apm.f5.local notice tmm[18812]: 01490506:5: /Common/default_ssl_vpn_policy_202203102312:Common:e2987628: Received User-Agent header: Mozilla%2F5.0%20(Macintosh%3B%20Intel%20Mac%20OS%20X%2010_15_7)%20AppleWebKit%2F537.36%20(KHTML%2C%20like%20Gecko)%20Chrome%2F96.0.4664.110%20Safari%2F537.36.
Mar 17 03:53:27 apm.f5.local notice tmm[18812]: 01490500:5: /Common/default_ssl_vpn_policy_202203102312:Common:e2987628: New session from client IP 211.95.50.8 (ST=Beijing/CC=CN/C=AS) at VIP 109.101.115.10 Listener /Common/default_ssl_vpn_policy_202203102312_vs (Reputation=Unknown)
Mar 17 03:53:30 apm.f5.local notice tmm[18812]: 01490506:5: /Common/default_ssl_vpn_policy_202203102312:Common:4b8635d8: Received User-Agent header: Mozilla%2F5.0%20(Macintosh%3B%20Intel%20Mac%20OS%20X%2011_0_0)%20AppleWebKit%2F537.36%20(KHTML%2C%20like%20Gecko)%20Chrome%2F87.0.4280.88%20Safari%2F537.36.
Mar 17 03:53:30 apm.f5.local notice tmm[18812]: 01490500:5: /Common/default_ssl_vpn_policy_202203102312:Common:4b8635d8: New session from client IP 211.95.50.8 (ST=Beijing/CC=CN/C=AS) at VIP 109.101.115.10 Listener /Common/default_ssl_vpn_policy_202203102312_vs (Reputation=Unknown)
Mar 17 03:54:04 apm.f5.local notice tmm1[18812]: 01490521:5: /Common/default_ssl_vpn_policy_202203102312:Common:6c8f99ba: Session statistics - bytes in: 0, bytes out: 0
Mar 17 04:10:28 apm.f5.local notice tmm3[18812]: 01490538:5: tmm.session.445fb1781577f_16oooooooooooooooo: Configuration snapshot deleted by Access.
Mar 17 04:10:28 apm.f5.local notice tmm1[18812]: 01490538:5: tmm.session.445fb1781577f_16oooooooooooooooo: Configuration snapshot deleted by Access.
Mar 17 04:10:28 apm.f5.local notice tmm2[18812]: 01490538:5: tmm.session.445fb1781577f_16oooooooooooooooo: Configuration snapshot deleted by Access.
Mar 17 04:10:28 apm.f5.local notice tmm[18812]: 01490538:5: tmm.session.445fb1781577f_16oooooooooooooooo: Configuration snapshot deleted by Access.
Mar 17 04:23:34 apm.f5.local notice tmm[18812]: 01490502:5: /Common/default_ssl_vpn_policy_202203102312:Common:e2987628: Session deleted due to user inactivity.
Mar 17 04:23:51 apm.f5.local notice tmm[18812]: 01490502:5: /Common/default_ssl_vpn_policy_202203102312:Common:4b8635d8: Session deleted due to user inactivity.
Mar 17 04:24:15 apm.f5.local notice tmm[18812]: 01490521:5: /Common/default_ssl_vpn_policy_202203102312:Common:e2987628: Session statistics - bytes in: 0, bytes out: 0
Mar 17 04:24:32 apm.f5.local notice tmm[18812]: 01490521:5: /Common/default_ssl_vpn_policy_202203102312:Common:4b8635d8: Session statistics - bytes in: 9080, bytes out: 16468
Mar 17 04:29:37 apm.f5.local notice tmm1[18812]: 01490506:5: /Common/default_ssl_vpn_policy_202203102312:Common:327adf64: Received User-Agent header: Mozilla%2F5.0%20(Windows%20NT%2010.0%3B%20WOW64%3B%20Trident%2F7.0%3B%20rv%3A11.0)%20like%20Gecko.
Mar 17 04:29:37 apm.f5.local notice tmm1[18812]: 01490500:5: /Common/default_ssl_vpn_policy_202203102312:Common:327adf64: New session from client IP 114.84.76.87 (ST=Shanghai/CC=CN/C=AS) at VIP 109.101.115.10 Listener /Common/default_ssl_vpn_policy_202203102312_vs (Reputation=Unknown)
Mar 17 04:29:59 apm.f5.local notice apmd[13338]: 01490010:5: /Common/default_ssl_vpn_policy_202203102312:Common:327adf64: Username '364374778@qq.com'
Mar 17 04:30:16 apm.f5.local notice apmd[13338]: 01490008:5: /Common/default_ssl_vpn_policy_202203102312:Common:327adf64: Connectivity resource '/Common/default_ssl_vpn_policy_202203102312_na_res' assigned
Mar 17 04:30:16 apm.f5.local notice apmd[13338]: 01490128:5: /Common/default_ssl_vpn_policy_202203102312:Common:327adf64: Webtop '/Common/default_ssl_vpn_policy_202203102312_webtop' assigned
Mar 17 04:30:16 apm.f5.local notice apmd[13338]: 01490005:5: /Common/default_ssl_vpn_policy_202203102312:Common:327adf64: Following rule 'fallback' from item 'Advanced Resource Assign' to ending 'Allow'
Mar 17 04:30:16 apm.f5.local notice apmd[13338]: 01490102:5: /Common/default_ssl_vpn_policy_202203102312:Common:327adf64: Access policy result: Network_Access
Mar 17 04:30:16 apm.f5.local notice apmd[13338]: 01490248:5: /Common/default_ssl_vpn_policy_202203102312:Common:327adf64: Received client info - Hostname: KEFU-29101 Type: IE Version: 11 Platform: Win10 CPU: WOW64 UI Mode: Full Javascript Support: 1 ActiveX Support: 1 Plugin Support: 0
Mar 17 04:30:18 apm.f5.local err tmm2[18812]: 01490514:3: (null):Common:00000000: Access encountered error: ERR_INPROGRESS. File: ../modules/hudfilter/access/access.c, Function: access_process_state_client_enforce_acl, Line: 13545
Mar 17 04:30:18 apm.f5.local err tmm2[18812]: 01490514:3: (null):Common:00000000: Access encountered error: ERR_INPROGRESS. File: ../modules/hudfilter/access/access.c, Function: hud_access_handler, Line: 3882
Mar 17 04:30:21 apm.f5.local err tmm[18812]: 01490514:3: (null):Common:00000000: Access encountered error: ERR_INPROGRESS. File: ../modules/hudfilter/access/access.c, Function: access_process_state_client_enforce_session, Line: 9027
Mar 17 04:30:21 apm.f5.local err tmm[18812]: 01490514:3: (null):Common:00000000: Access encountered error: ERR_INPROGRESS. File: ../modules/hudfilter/access/access.c, Function: hud_access_handler, Line: 3987
Mar 17 04:30:30 apm.f5.local notice tmm3[18812]: 01490549:5: /Common/default_ssl_vpn_policy_202203102312:Common:327adf64: Assigned PPP Dynamic IPv4: 109.101.115.241 ID: 15afc28e Tunnel Type: VPN_TUNNELTYPE_TLS NA Resource: /Common/default_ssl_vpn_policy_202203102312_na_res Client IP: 114.84.76.87 
Mar 17 04:30:30 apm.f5.local notice tmm3[18812]: 01490505:5: /Common/default_ssl_vpn_policy_202203102312:Common:327adf64: PPP tunnel 0x5601480e6200 (ID: 15afc28e) started.
Mar 17 04:31:58 apm.f5.local notice tmm3[18812]: 01490505:5: /Common/default_ssl_vpn_policy_202203102312:Common:327adf64: PPP tunnel 0x5601480e6200 (ID: 15afc28e) closed.
Mar 17 05:02:04 apm.f5.local notice tmm1[18812]: 01490502:5: /Common/default_ssl_vpn_policy_202203102312:Common:327adf64: Session deleted due to user inactivity.
Mar 17 05:02:45 apm.f5.local notice tmm1[18812]: 01490521:5: /Common/default_ssl_vpn_policy_202203102312:Common:327adf64: Session statistics - bytes in: 622182, bytes out: 1821872
Mar 17 07:19:49 apm.f5.local notice tmm[18812]: 01490506:5: /Common/default_ssl_vpn_policy_202203102312:Common:0adfc6e6: Received User-Agent header: Mozilla%2F5.0%20(compatible%3B%20bingbot%2F2.0%3B%20%2Bhttp%3A%2F%2Fwww.bing.com%2Fbingbot.htm).
Mar 17 07:19:49 apm.f5.local notice tmm[18812]: 01490500:5: /Common/default_ssl_vpn_policy_202203102312:Common:0adfc6e6: New session from client IP 207.46.13.229 (ST=Washington/CC=US/C=NA) at VIP 109.101.115.10 Listener /Common/default_ssl_vpn_policy_202203102312_vs (Reputation=Unknown)
Mar 17 07:19:50 apm.f5.local notice tmm3[18812]: 01490506:5: /Common/default_ssl_vpn_policy_202203102312:Common:ee08d9e2: Received User-Agent header: Mozilla%2F5.0%20(compatible%3B%20bingbot%2F2.0%3B%20%2Bhttp%3A%2F%2Fwww.bing.com%2Fbingbot.htm).
Mar 17 07:19:50 apm.f5.local notice tmm3[18812]: 01490500:5: /Common/default_ssl_vpn_policy_202203102312:Common:ee08d9e2: New session from client IP 207.46.13.229 (ST=Washington/CC=US/C=NA) at VIP 109.101.115.10 Listener /Common/default_ssl_vpn_policy_202203102312_vs (Reputation=Unknown)
Mar 17 07:23:07 apm.f5.local notice tmm3[18812]: 01490506:5: /Common/default_ssl_vpn_policy_202203102312:Common:9e7c78fe: Received User-Agent header: Mozilla%2F5.0%20(Windows%20NT%2010.0%3B%20WOW64%3B%20Trident%2F7.0%3B%20rv%3A11.0)%20like%20Gecko.
Mar 17 07:23:07 apm.f5.local notice tmm3[18812]: 01490500:5: /Common/default_ssl_vpn_policy_202203102312:Common:9e7c78fe: New session from client IP 58.39.54.87 (ST=Shanghai/CC=CN/C=AS) at VIP 109.101.115.10 Listener /Common/default_ssl_vpn_policy_202203102312_vs (Reputation=Unknown)
Mar 17 07:23:40 apm.f5.local notice apmd[13338]: 01490010:5: /Common/default_ssl_vpn_policy_202203102312:Common:9e7c78fe: Username '68590156@qq.com'
Mar 17 07:23:51 apm.f5.local notice apmd[13338]: 01490008:5: /Common/default_ssl_vpn_policy_202203102312:Common:9e7c78fe: Connectivity resource '/Common/default_ssl_vpn_policy_202203102312_na_res' assigned
Mar 17 07:23:51 apm.f5.local notice apmd[13338]: 01490128:5: /Common/default_ssl_vpn_policy_202203102312:Common:9e7c78fe: Webtop '/Common/default_ssl_vpn_policy_202203102312_webtop' assigned
Mar 17 07:23:51 apm.f5.local notice apmd[13338]: 01490005:5: /Common/default_ssl_vpn_policy_202203102312:Common:9e7c78fe: Following rule 'fallback' from item 'Advanced Resource Assign' to ending 'Allow'
Mar 17 07:23:51 apm.f5.local notice apmd[13338]: 01490102:5: /Common/default_ssl_vpn_policy_202203102312:Common:9e7c78fe: Access policy result: Network_Access
Mar 17 07:23:51 apm.f5.local notice apmd[13338]: 01490248:5: /Common/default_ssl_vpn_policy_202203102312:Common:9e7c78fe: Received client info - Hostname: TM-94206 Type: IE Version: 11 Platform: Win10 CPU: WOW64 UI Mode: Full Javascript Support: 1 ActiveX Support: 1 Plugin Support: 0
Mar 17 07:23:53 apm.f5.local err tmm2[18812]: 01490514:3: (null):Common:00000000: Access encountered error: ERR_INPROGRESS. File: ../modules/hudfilter/access/access.c, Function: access_process_state_client_enforce_acl, Line: 13545
Mar 17 07:23:53 apm.f5.local err tmm2[18812]: 01490514:3: (null):Common:00000000: Access encountered error: ERR_INPROGRESS. File: ../modules/hudfilter/access/access.c, Function: hud_access_handler, Line: 3882
Mar 17 07:23:55 apm.f5.local err tmm1[18812]: 01490514:3: (null):Common:00000000: Access encountered error: ERR_INPROGRESS. File: ../modules/hudfilter/access/access.c, Function: access_process_state_client_enforce_session, Line: 9027
Mar 17 07:23:55 apm.f5.local err tmm1[18812]: 01490514:3: (null):Common:00000000: Access encountered error: ERR_INPROGRESS. File: ../modules/hudfilter/access/access.c, Function: hud_access_handler, Line: 3987
Mar 17 07:24:01 apm.f5.local notice tmm[18812]: 01490549:5: /Common/default_ssl_vpn_policy_202203102312:Common:9e7c78fe: Assigned PPP Dynamic IPv4: 109.101.115.92 ID: 6940b7f9 Tunnel Type: VPN_TUNNELTYPE_TLS NA Resource: /Common/default_ssl_vpn_policy_202203102312_na_res Client IP: 58.39.54.87 
Mar 17 07:24:01 apm.f5.local notice tmm[18812]: 01490505:5: /Common/default_ssl_vpn_policy_202203102312:Common:9e7c78fe: PPP tunnel 0x560001730f00 (ID: 6940b7f9) started.
Mar 17 07:24:09 apm.f5.local notice tmm3[18812]: 01490506:5: /Common/default_ssl_vpn_policy_202203102312:Common:8fd997c5: Received User-Agent header: Mozilla%2F5.0%20(Windows%20NT%2010.0%3B%20WOW64%3B%20Trident%2F7.0%3B%20rv%3A11.0)%20like%20Gecko.
Mar 17 07:24:09 apm.f5.local notice tmm3[18812]: 01490500:5: /Common/default_ssl_vpn_policy_202203102312:Common:8fd997c5: New session from client IP 183.195.88.93 (ST=Shanghai/CC=CN/C=AS) at VIP 109.101.115.10 Listener /Common/default_ssl_vpn_policy_202203102312_vs (Reputation=Unknown)
Mar 17 07:24:14 apm.f5.local notice tmm[18812]: 01490506:5: /Common/default_ssl_vpn_policy_202203102312:Common:eabf4a29: Received User-Agent header: Mozilla%2F5.0%20(Windows%20NT%2010.0%3B%20WOW64%3B%20Trident%2F7.0%3B%20rv%3A11.0)%20like%20Gecko.
Mar 17 07:24:14 apm.f5.local notice tmm[18812]: 01490500:5: /Common/default_ssl_vpn_policy_202203102312:Common:eabf4a29: New session from client IP 180.162.2.97 (ST=Shanghai/CC=CN/C=AS) at VIP 109.101.115.10 Listener /Common/default_ssl_vpn_policy_202203102312_vs (Reputation=Unknown)
Mar 17 07:24:20 apm.f5.local notice apmd[13338]: 01490010:5: /Common/default_ssl_vpn_policy_202203102312:Common:8fd997c5: Username '59342462@qq.com'
Mar 17 07:24:27 apm.f5.local notice apmd[13338]: 01490010:5: /Common/default_ssl_vpn_policy_202203102312:Common:eabf4a29: Username 'wymruckmly@163.com'
Mar 17 07:24:27 apm.f5.local warning apmd[13338]: 01490212:4: /Common/default_ssl_vpn_policy_202203102312:Common:eabf4a29: LOCALDB agent: (logon attempt:0) authenticate with 'wymruckmly@163.com' failed
Mar 17 07:24:33 apm.f5.local notice tmm3[18812]: 01490517:5: /Common/default_ssl_vpn_policy_202203102312:Common:bb3e35e4: User-Agent header is absent or empty
Mar 17 07:24:33 apm.f5.local notice tmm3[18812]: 01490500:5: /Common/default_ssl_vpn_policy_202203102312:Common:bb3e35e4: New session from client IP 83.97.20.34 (ST=Bucuresti/CC=RO/C=EU) at VIP 109.101.115.10 Listener /Common/default_ssl_vpn_policy_202203102312_vs (Reputation=Unknown)
Mar 17 07:24:42 apm.f5.local notice apmd[13338]: 01490008:5: /Common/default_ssl_vpn_policy_202203102312:Common:8fd997c5: Connectivity resource '/Common/default_ssl_vpn_policy_202203102312_na_res' assigned
Mar 17 07:24:42 apm.f5.local notice apmd[13338]: 01490128:5: /Common/default_ssl_vpn_policy_202203102312:Common:8fd997c5: Webtop '/Common/default_ssl_vpn_policy_202203102312_webtop' assigned
Mar 17 07:24:42 apm.f5.local notice apmd[13338]: 01490005:5: /Common/default_ssl_vpn_policy_202203102312:Common:8fd997c5: Following rule 'fallback' from item 'Advanced Resource Assign' to ending 'Allow'
Mar 17 07:24:42 apm.f5.local notice apmd[13338]: 01490102:5: /Common/default_ssl_vpn_policy_202203102312:Common:8fd997c5: Access policy result: Network_Access
Mar 17 07:24:42 apm.f5.local notice apmd[13338]: 01490248:5: /Common/default_ssl_vpn_policy_202203102312:Common:8fd997c5: Received client info - Hostname: DESKTOP-6R9GKFA Type: IE Version: 11 Platform: Win10 CPU: WOW64 UI Mode: Full Javascript Support: 1 ActiveX Support: 1 Plugin Support: 0
Mar 17 07:24:44 apm.f5.local err tmm[18812]: 01490514:3: (null):Common:00000000: Access encountered error: ERR_INPROGRESS. File: ../modules/hudfilter/access/access.c, Function: access_process_state_client_enforce_acl, Line: 13545
Mar 17 07:24:44 apm.f5.local err tmm[18812]: 01490514:3: (null):Common:00000000: Access encountered error: ERR_INPROGRESS. File: ../modules/hudfilter/access/access.c, Function: hud_access_handler, Line: 3882
Mar 17 07:24:46 apm.f5.local err tmm2[18812]: 01490514:3: (null):Common:00000000: Access encountered error: ERR_INPROGRESS. File: ../modules/hudfilter/access/access.c, Function: access_process_state_client_enforce_session, Line: 9027
Mar 17 07:24:46 apm.f5.local err tmm2[18812]: 01490514:3: (null):Common:00000000: Access encountered error: ERR_INPROGRESS. File: ../modules/hudfilter/access/access.c, Function: hud_access_handler, Line: 3987
Mar 17 07:24:47 apm.f5.local notice apmd[13338]: 01490010:5: /Common/default_ssl_vpn_policy_202203102312:Common:eabf4a29: Username 'wymruckly@163.com'
Mar 17 07:24:47 apm.f5.local notice apmd[13338]: 01490103:5: /Common/default_ssl_vpn_policy_202203102312:Common:eabf4a29: Retry Username 'wymruckly@163.com'
Mar 17 07:24:53 apm.f5.local notice tmm2[18812]: 01490549:5: /Common/default_ssl_vpn_policy_202203102312:Common:8fd997c5: Assigned PPP Dynamic IPv4: 109.101.115.220 ID: 9e412f5a Tunnel Type: VPN_TUNNELTYPE_TLS NA Resource: /Common/default_ssl_vpn_policy_202203102312_na_res Client IP: 183.195.88.93 
Mar 17 07:24:53 apm.f5.local notice tmm2[18812]: 01490505:5: /Common/default_ssl_vpn_policy_202203102312:Common:8fd997c5: PPP tunnel 0x5600dc4fe600 (ID: 9e412f5a) started.
Mar 17 07:25:08 apm.f5.local notice apmd[13338]: 01490008:5: /Common/default_ssl_vpn_policy_202203102312:Common:eabf4a29: Connectivity resource '/Common/default_ssl_vpn_policy_202203102312_na_res' assigned
Mar 17 07:25:08 apm.f5.local notice apmd[13338]: 01490128:5: /Common/default_ssl_vpn_policy_202203102312:Common:eabf4a29: Webtop '/Common/default_ssl_vpn_policy_202203102312_webtop' assigned
Mar 17 07:25:08 apm.f5.local notice apmd[13338]: 01490005:5: /Common/default_ssl_vpn_policy_202203102312:Common:eabf4a29: Following rule 'fallback' from item 'Advanced Resource Assign' to ending 'Allow'
Mar 17 07:25:08 apm.f5.local notice apmd[13338]: 01490102:5: /Common/default_ssl_vpn_policy_202203102312:Common:eabf4a29: Access policy result: Network_Access
Mar 17 07:25:08 apm.f5.local notice apmd[13338]: 01490248:5: /Common/default_ssl_vpn_policy_202203102312:Common:eabf4a29: Received client info - Hostname: DESKTOP-5GHQUSN Type: IE Version: 11 Platform: Win10 CPU: WOW64 UI Mode: Full Javascript Support: 1 ActiveX Support: 1 Plugin Support: 0
Mar 17 07:25:11 apm.f5.local err tmm2[18812]: 01490514:3: (null):Common:00000000: Access encountered error: ERR_INPROGRESS. File: ../modules/hudfilter/access/access.c, Function: access_process_state_client_enforce_session, Line: 9027
Mar 17 07:25:11 apm.f5.local err tmm2[18812]: 01490514:3: (null):Common:00000000: Access encountered error: ERR_INPROGRESS. File: ../modules/hudfilter/access/access.c, Function: hud_access_handler, Line: 3987
Mar 17 07:25:17 apm.f5.local notice tmm1[18812]: 01490549:5: /Common/default_ssl_vpn_policy_202203102312:Common:eabf4a29: Assigned PPP Dynamic IPv4: 109.101.115.132 ID: 815f86c5 Tunnel Type: VPN_TUNNELTYPE_TLS NA Resource: /Common/default_ssl_vpn_policy_202203102312_na_res Client IP: 180.162.2.97 
Mar 17 07:25:17 apm.f5.local notice tmm1[18812]: 01490505:5: /Common/default_ssl_vpn_policy_202203102312:Common:eabf4a29: PPP tunnel 0x560070904900 (ID: 815f86c5) started.
Mar 17 07:33:50 apm.f5.local notice tmm3[18812]: 01490506:5: /Common/default_ssl_vpn_policy_202203102312:Common:c4a40e44: Received User-Agent header: Mozilla%2F5.0%20(Windows%20NT%2010.0%3B%20Win64%3B%20x64)%20AppleWebKit%2F537.36%20(KHTML%2C%20like%20Gecko)%20Chrome%2F99.0.4844.51%20Safari%2F537.36.
Mar 17 07:33:50 apm.f5.local notice tmm3[18812]: 01490500:5: /Common/default_ssl_vpn_policy_202203102312:Common:c4a40e44: New session from client IP 112.255.65.175 (ST=Shandong/CC=CN/C=AS) at VIP 109.101.115.10 Listener /Common/default_ssl_vpn_policy_202203102312_vs (Reputation=Unknown)
Mar 17 07:33:51 apm.f5.local notice tmm3[18812]: 01490567:5: /Common/default_ssl_vpn_policy_202203102312:Common:c4a40e44: Session deleted (restarted).
Mar 17 07:33:51 apm.f5.local notice tmm1[18812]: 01490506:5: /Common/default_ssl_vpn_policy_202203102312:Common:d8168d38: Received User-Agent header: Mozilla%2F5.0%20(Windows%20NT%2010.0%3B%20Win64%3B%20x64)%20AppleWebKit%2F537.36%20(KHTML%2C%20like%20Gecko)%20Chrome%2F99.0.4844.51%20Safari%2F537.36.
Mar 17 07:33:51 apm.f5.local notice tmm1[18812]: 01490500:5: /Common/default_ssl_vpn_policy_202203102312:Common:d8168d38: New session from client IP 112.255.65.175 (ST=Shandong/CC=CN/C=AS) at VIP 109.101.115.10 Listener /Common/default_ssl_vpn_policy_202203102312_vs (Reputation=Unknown)
Mar 17 07:34:29 apm.f5.local notice tmm3[18812]: 01490521:5: /Common/default_ssl_vpn_policy_202203102312:Common:c4a40e44: Session statistics - bytes in: 3130, bytes out: 798
Mar 17 07:35:20 apm.f5.local notice apmd[13338]: 01490010:5: /Common/default_ssl_vpn_policy_202203102312:Common:d8168d38: Username '360312575@qq.com'
Mar 17 07:35:31 apm.f5.local notice apmd[13338]: 01490008:5: /Common/default_ssl_vpn_policy_202203102312:Common:d8168d38: Connectivity resource '/Common/default_ssl_vpn_policy_202203102312_na_res' assigned
Mar 17 07:35:31 apm.f5.local notice apmd[13338]: 01490128:5: /Common/default_ssl_vpn_policy_202203102312:Common:d8168d38: Webtop '/Common/default_ssl_vpn_policy_202203102312_webtop' assigned
Mar 17 07:35:31 apm.f5.local notice apmd[13338]: 01490005:5: /Common/default_ssl_vpn_policy_202203102312:Common:d8168d38: Following rule 'fallback' from item 'Advanced Resource Assign' to ending 'Allow'
Mar 17 07:35:31 apm.f5.local notice apmd[13338]: 01490102:5: /Common/default_ssl_vpn_policy_202203102312:Common:d8168d38: Access policy result: Network_Access
Mar 17 07:35:31 apm.f5.local notice apmd[13338]: 01490248:5: /Common/default_ssl_vpn_policy_202203102312:Common:d8168d38: Received client info - Hostname: DESKTOP-E2S4U4V Type: Mozilla Version: 5 Platform: Win10 CPU: x64 UI Mode: Full Javascript Support: 1 ActiveX Support: 0 Plugin Support: 0
Mar 17 07:35:33 apm.f5.local err tmm[18812]: 01490514:3: (null):Common:00000000: Access encountered error: ERR_INPROGRESS. File: ../modules/hudfilter/access/access.c, Function: access_process_state_client_enforce_acl, Line: 13545
Mar 17 07:35:33 apm.f5.local err tmm[18812]: 01490514:3: (null):Common:00000000: Access encountered error: ERR_INPROGRESS. File: ../modules/hudfilter/access/access.c, Function: hud_access_handler, Line: 3882
Mar 17 07:35:36 apm.f5.local err tmm3[18812]: 01490514:3: (null):Common:00000000: Access encountered error: ERR_INPROGRESS. File: ../modules/hudfilter/access/access.c, Function: access_process_state_client_enforce_session, Line: 9027
Mar 17 07:35:36 apm.f5.local err tmm3[18812]: 01490514:3: (null):Common:00000000: Access encountered error: ERR_INPROGRESS. File: ../modules/hudfilter/access/access.c, Function: hud_access_handler, Line: 3987
Mar 17 07:35:51 apm.f5.local notice tmm2[18812]: 01490549:5: /Common/default_ssl_vpn_policy_202203102312:Common:d8168d38: Assigned PPP Dynamic IPv4: 109.101.115.158 ID: e4328440 Tunnel Type: VPN_TUNNELTYPE_TLS NA Resource: /Common/default_ssl_vpn_policy_202203102312_na_res Client IP: 112.255.65.175 
Mar 17 07:35:51 apm.f5.local notice tmm2[18812]: 01490505:5: /Common/default_ssl_vpn_policy_202203102312:Common:d8168d38: PPP tunnel 0x5600dc4bfd00 (ID: e4328440) started.
Mar 17 07:44:59 apm.f5.local notice tmm1[18812]: 01490506:5: /Common/default_ssl_vpn_policy_202203102312:Common:2b6b8a9a: Received User-Agent header: Mozilla%2F5.0%20(Windows%20NT%2010.0%3B%20WOW64%3B%20Trident%2F7.0%3B%20rv%3A11.0)%20like%20Gecko.
Mar 17 07:44:59 apm.f5.local notice tmm1[18812]: 01490500:5: /Common/default_ssl_vpn_policy_202203102312:Common:2b6b8a9a: New session from client IP 223.78.152.184 (ST=Beijing/CC=CN/C=AS) at VIP 109.101.115.10 Listener /Common/default_ssl_vpn_policy_202203102312_vs (Reputation=Unknown)
Mar 17 07:45:12 apm.f5.local notice tmm2[18812]: 01490505:5: /Common/default_ssl_vpn_policy_202203102312:Common:d8168d38: PPP tunnel 0x5600dc4bfd00 (ID: e4328440) closed.
Mar 17 07:45:16 apm.f5.local notice apmd[13338]: 01490010:5: /Common/default_ssl_vpn_policy_202203102312:Common:2b6b8a9a: Username 'fofojiejieshi77@163.com'
Mar 17 07:46:11 apm.f5.local notice apmd[13338]: 01490008:5: /Common/default_ssl_vpn_policy_202203102312:Common:2b6b8a9a: Connectivity resource '/Common/default_ssl_vpn_policy_202203102312_na_res' assigned
Mar 17 07:46:11 apm.f5.local notice apmd[13338]: 01490128:5: /Common/default_ssl_vpn_policy_202203102312:Common:2b6b8a9a: Webtop '/Common/default_ssl_vpn_policy_202203102312_webtop' assigned
Mar 17 07:46:11 apm.f5.local notice apmd[13338]: 01490005:5: /Common/default_ssl_vpn_policy_202203102312:Common:2b6b8a9a: Following rule 'fallback' from item 'Advanced Resource Assign' to ending 'Allow'
Mar 17 07:46:11 apm.f5.local notice apmd[13338]: 01490102:5: /Common/default_ssl_vpn_policy_202203102312:Common:2b6b8a9a: Access policy result: Network_Access
Mar 17 07:46:11 apm.f5.local notice apmd[13338]: 01490248:5: /Common/default_ssl_vpn_policy_202203102312:Common:2b6b8a9a: Received client info - Hostname: DESKTOP-DRUNPSM Type: IE Version: 11 Platform: Win10 CPU: WOW64 UI Mode: Full Javascript Support: 1 ActiveX Support: 1 Plugin Support: 0
Mar 17 07:46:17 apm.f5.local err tmm[18812]: 01490514:3: (null):Common:00000000: Access encountered error: ERR_INPROGRESS. File: ../modules/hudfilter/access/access.c, Function: access_process_state_client_enforce_acl, Line: 13545
Mar 17 07:46:17 apm.f5.local err tmm[18812]: 01490514:3: (null):Common:00000000: Access encountered error: ERR_INPROGRESS. File: ../modules/hudfilter/access/access.c, Function: hud_access_handler, Line: 3882
Mar 17 07:46:30 apm.f5.local err tmm[18812]: 01490514:3: (null):Common:00000000: Access encountered error: ERR_INPROGRESS. File: ../modules/hudfilter/access/access.c, Function: access_process_state_client_enforce_session, Line: 9027
Mar 17 07:46:30 apm.f5.local err tmm[18812]: 01490514:3: (null):Common:00000000: Access encountered error: ERR_INPROGRESS. File: ../modules/hudfilter/access/access.c, Function: hud_access_handler, Line: 3987
Mar 17 07:46:44 apm.f5.local notice tmm[18812]: 01490549:5: /Common/default_ssl_vpn_policy_202203102312:Common:2b6b8a9a: Assigned PPP Dynamic IPv4: 109.101.115.252 ID: 80cf9fa4 Tunnel Type: VPN_TUNNELTYPE_TLS NA Resource: /Common/default_ssl_vpn_policy_202203102312_na_res Client IP: 223.78.152.184 
Mar 17 07:46:44 apm.f5.local notice tmm[18812]: 01490505:5: /Common/default_ssl_vpn_policy_202203102312:Common:2b6b8a9a: PPP tunnel 0x560001787800 (ID: 80cf9fa4) started.
Mar 17 07:47:01 apm.f5.local notice tmm3[18812]: 01490506:5: /Common/default_ssl_vpn_policy_202203102312:Common:6500d628: Received User-Agent header: Mozilla%2F5.0%20(Windows%20NT%2010.0%3B%20WOW64%3B%20Trident%2F7.0%3B%20rv%3A11.0)%20like%20Gecko.
Mar 17 07:47:01 apm.f5.local notice tmm3[18812]: 01490500:5: /Common/default_ssl_vpn_policy_202203102312:Common:6500d628: New session from client IP 218.81.179.222 (ST=Shanghai/CC=CN/C=AS) at VIP 109.101.115.10 Listener /Common/default_ssl_vpn_policy_202203102312_vs (Reputation=Unknown)
Mar 17 07:47:31 apm.f5.local notice tmm1[18812]: 01490506:5: /Common/default_ssl_vpn_policy_202203102312:Common:db91eb23: Received User-Agent header: Mozilla%2F5.0%20(Windows%20NT%2010.0%3B%20WOW64%3B%20Trident%2F7.0%3B%20rv%3A11.0)%20like%20Gecko.
Mar 17 07:47:31 apm.f5.local notice tmm1[18812]: 01490500:5: /Common/default_ssl_vpn_policy_202203102312:Common:db91eb23: New session from client IP 120.204.103.134 (ST=Shanghai/CC=CN/C=AS) at VIP 109.101.115.10 Listener /Common/default_ssl_vpn_policy_202203102312_vs (Reputation=Unknown)
Mar 17 07:49:19 apm.f5.local notice apmd[13338]: 01490010:5: /Common/default_ssl_vpn_policy_202203102312:Common:6500d628: Username 'chancedaily@163.com'
Mar 17 07:49:42 apm.f5.local notice tmm[18812]: 01490506:5: /Common/default_ssl_vpn_policy_202203102312:Common:dfc7d10f: Received User-Agent header: Mozilla%2F5.0%20(Windows%20NT%2010.0%3B%20WOW64%3B%20Trident%2F7.0%3B%20rv%3A11.0)%20like%20Gecko.
Mar 17 07:49:42 apm.f5.local notice tmm[18812]: 01490500:5: /Common/default_ssl_vpn_policy_202203102312:Common:dfc7d10f: New session from client IP 183.194.167.121 (ST=Shanghai/CC=CN/C=AS) at VIP 109.101.115.10 Listener /Common/default_ssl_vpn_policy_202203102312_vs (Reputation=Unknown)
Mar 17 07:49:54 apm.f5.local notice tmm3[18812]: 01490502:5: /Common/default_ssl_vpn_policy_202203102312:Common:ee08d9e2: Session deleted due to user inactivity.
Mar 17 07:49:55 apm.f5.local notice tmm[18812]: 01490502:5: /Common/default_ssl_vpn_policy_202203102312:Common:0adfc6e6: Session deleted due to user inactivity.
Mar 17 07:50:19 apm.f5.local notice apmd[13338]: 01490010:5: /Common/default_ssl_vpn_policy_202203102312:Common:dfc7d10f: Username '575537660@qq.com'
Mar 17 07:50:34 apm.f5.local notice apmd[13338]: 01490008:5: /Common/default_ssl_vpn_policy_202203102312:Common:dfc7d10f: Connectivity resource '/Common/default_ssl_vpn_policy_202203102312_na_res' assigned
Mar 17 07:50:34 apm.f5.local notice apmd[13338]: 01490128:5: /Common/default_ssl_vpn_policy_202203102312:Common:dfc7d10f: Webtop '/Common/default_ssl_vpn_policy_202203102312_webtop' assigned
Mar 17 07:50:34 apm.f5.local notice apmd[13338]: 01490005:5: /Common/default_ssl_vpn_policy_202203102312:Common:dfc7d10f: Following rule 'fallback' from item 'Advanced Resource Assign' to ending 'Allow'
Mar 17 07:50:34 apm.f5.local notice apmd[13338]: 01490102:5: /Common/default_ssl_vpn_policy_202203102312:Common:dfc7d10f: Access policy result: Network_Access
Mar 17 07:50:34 apm.f5.local notice apmd[13338]: 01490248:5: /Common/default_ssl_vpn_policy_202203102312:Common:dfc7d10f: Received client info - Hostname: SPCI-WANGGANG Type: IE Version: 11 Platform: Win10 CPU: WOW64 UI Mode: Full Javascript Support: 1 ActiveX Support: 1 Plugin Support: 0
Mar 17 07:50:35 apm.f5.local notice tmm3[18812]: 01490521:5: /Common/default_ssl_vpn_policy_202203102312:Common:ee08d9e2: Session statistics - bytes in: 0, bytes out: 0
Mar 17 07:50:36 apm.f5.local notice tmm[18812]: 01490521:5: /Common/default_ssl_vpn_policy_202203102312:Common:0adfc6e6: Session statistics - bytes in: 0, bytes out: 0
Mar 17 07:50:36 apm.f5.local err tmm3[18812]: 01490514:3: (null):Common:00000000: Access encountered error: ERR_INPROGRESS. File: ../modules/hudfilter/access/access.c, Function: access_process_state_client_enforce_acl, Line: 13545
Mar 17 07:50:36 apm.f5.local err tmm3[18812]: 01490514:3: (null):Common:00000000: Access encountered error: ERR_INPROGRESS. File: ../modules/hudfilter/access/access.c, Function: hud_access_handler, Line: 3882
Mar 17 07:50:38 apm.f5.local notice apmd[13338]: 01490008:5: /Common/default_ssl_vpn_policy_202203102312:Common:6500d628: Connectivity resource '/Common/default_ssl_vpn_policy_202203102312_na_res' assigned
Mar 17 07:50:38 apm.f5.local notice apmd[13338]: 01490128:5: /Common/default_ssl_vpn_policy_202203102312:Common:6500d628: Webtop '/Common/default_ssl_vpn_policy_202203102312_webtop' assigned
Mar 17 07:50:38 apm.f5.local notice apmd[13338]: 01490005:5: /Common/default_ssl_vpn_policy_202203102312:Common:6500d628: Following rule 'fallback' from item 'Advanced Resource Assign' to ending 'Allow'
Mar 17 07:50:38 apm.f5.local notice apmd[13338]: 01490102:5: /Common/default_ssl_vpn_policy_202203102312:Common:6500d628: Access policy result: Network_Access
Mar 17 07:50:38 apm.f5.local notice apmd[13338]: 01490248:5: /Common/default_ssl_vpn_policy_202203102312:Common:6500d628: Received client info - Hostname: DAICHENGLU Type: IE Version: 11 Platform: Win10 CPU: WOW64 UI Mode: Full Javascript Support: 1 ActiveX Support: 1 Plugin Support: 0
Mar 17 07:50:39 apm.f5.local err tmm1[18812]: 01490514:3: (null):Common:00000000: Access encountered error: ERR_INPROGRESS. File: ../modules/hudfilter/access/access.c, Function: access_process_state_client_enforce_acl, Line: 13545
Mar 17 07:50:39 apm.f5.local err tmm1[18812]: 01490514:3: (null):Common:00000000: Access encountered error: ERR_INPROGRESS. File: ../modules/hudfilter/access/access.c, Function: hud_access_handler, Line: 3882
Mar 17 07:50:41 apm.f5.local err tmm3[18812]: 01490514:3: (null):Common:00000000: Access encountered error: ERR_INPROGRESS. File: ../modules/hudfilter/access/access.c, Function: access_process_state_client_enforce_session, Line: 9027
Mar 17 07:50:41 apm.f5.local err tmm3[18812]: 01490514:3: (null):Common:00000000: Access encountered error: ERR_INPROGRESS. File: ../modules/hudfilter/access/access.c, Function: hud_access_handler, Line: 3987
Mar 17 07:50:41 apm.f5.local err tmm[18812]: 01490514:3: (null):Common:00000000: Access encountered error: ERR_INPROGRESS. File: ../modules/hudfilter/access/access.c, Function: access_process_state_client_enforce_session, Line: 9027
Mar 17 07:50:41 apm.f5.local err tmm[18812]: 01490514:3: (null):Common:00000000: Access encountered error: ERR_INPROGRESS. File: ../modules/hudfilter/access/access.c, Function: hud_access_handler, Line: 3987
Mar 17 07:50:47 apm.f5.local notice tmm3[18812]: 01490549:5: /Common/default_ssl_vpn_policy_202203102312:Common:6500d628: Assigned PPP Dynamic IPv4: 109.101.115.173 ID: 9277eb69 Tunnel Type: VPN_TUNNELTYPE_TLS NA Resource: /Common/default_ssl_vpn_policy_202203102312_na_res Client IP: 218.81.179.222 
Mar 17 07:50:47 apm.f5.local notice tmm3[18812]: 01490505:5: /Common/default_ssl_vpn_policy_202203102312:Common:6500d628: PPP tunnel 0x5601480e8000 (ID: 9277eb69) started.
Mar 17 07:50:50 apm.f5.local notice tmm2[18812]: 01490549:5: /Common/default_ssl_vpn_policy_202203102312:Common:dfc7d10f: Assigned PPP Dynamic IPv4: 109.101.115.113 ID: 838fe005 Tunnel Type: VPN_TUNNELTYPE_TLS NA Resource: /Common/default_ssl_vpn_policy_202203102312_na_res Client IP: 183.194.167.121 
Mar 17 07:50:50 apm.f5.local notice tmm2[18812]: 01490505:5: /Common/default_ssl_vpn_policy_202203102312:Common:dfc7d10f: PPP tunnel 0x5600dc4d7200 (ID: 838fe005) started.
Mar 17 07:51:01 apm.f5.local notice tmm1[18812]: 01490506:5: /Common/default_ssl_vpn_policy_202203102312:Common:d4e9ffe4: Received User-Agent header: Mozilla%2F5.0%20(Windows%20NT%2010.0%3B%20WOW64%3B%20Trident%2F7.0%3B%20rv%3A11.0)%20like%20Gecko.
Mar 17 07:51:01 apm.f5.local notice tmm1[18812]: 01490500:5: /Common/default_ssl_vpn_policy_202203102312:Common:d4e9ffe4: New session from client IP 218.57.77.182 (ST=Shandong/CC=CN/C=AS) at VIP 109.101.115.10 Listener /Common/default_ssl_vpn_policy_202203102312_vs (Reputation=Unknown)
Mar 17 07:51:44 apm.f5.local notice apmd[13338]: 01490010:5: /Common/default_ssl_vpn_policy_202203102312:Common:d4e9ffe4: Username 'wyf198922@163.com'
Mar 17 07:52:08 apm.f5.local notice apmd[13338]: 01490008:5: /Common/default_ssl_vpn_policy_202203102312:Common:d4e9ffe4: Connectivity resource '/Common/default_ssl_vpn_policy_202203102312_na_res' assigned
Mar 17 07:52:08 apm.f5.local notice apmd[13338]: 01490128:5: /Common/default_ssl_vpn_policy_202203102312:Common:d4e9ffe4: Webtop '/Common/default_ssl_vpn_policy_202203102312_webtop' assigned
Mar 17 07:52:08 apm.f5.local notice apmd[13338]: 01490005:5: /Common/default_ssl_vpn_policy_202203102312:Common:d4e9ffe4: Following rule 'fallback' from item 'Advanced Resource Assign' to ending 'Allow'
Mar 17 07:52:08 apm.f5.local notice apmd[13338]: 01490102:5: /Common/default_ssl_vpn_policy_202203102312:Common:d4e9ffe4: Access policy result: Network_Access
Mar 17 07:52:08 apm.f5.local notice apmd[13338]: 01490248:5: /Common/default_ssl_vpn_policy_202203102312:Common:d4e9ffe4: Received client info - Hostname: SAMSUNGQD Type: IE Version: 11 Platform: Win10 CPU: WOW64 UI Mode: Full Javascript Support: 1 ActiveX Support: 1 Plugin Support: 0
Mar 17 07:52:10 apm.f5.local err tmm[18812]: 01490514:3: (null):Common:00000000: Access encountered error: ERR_INPROGRESS. File: ../modules/hudfilter/access/access.c, Function: access_process_state_client_enforce_acl, Line: 13545
Mar 17 07:52:10 apm.f5.local err tmm[18812]: 01490514:3: (null):Common:00000000: Access encountered error: ERR_INPROGRESS. File: ../modules/hudfilter/access/access.c, Function: hud_access_handler, Line: 3882
Mar 17 07:52:12 apm.f5.local err tmm3[18812]: 01490514:3: (null):Common:00000000: Access encountered error: ERR_INPROGRESS. File: ../modules/hudfilter/access/access.c, Function: access_process_state_client_enforce_session, Line: 9027
Mar 17 07:52:12 apm.f5.local err tmm3[18812]: 01490514:3: (null):Common:00000000: Access encountered error: ERR_INPROGRESS. File: ../modules/hudfilter/access/access.c, Function: hud_access_handler, Line: 3987
Mar 17 07:52:26 apm.f5.local notice tmm3[18812]: 01490549:5: /Common/default_ssl_vpn_policy_202203102312:Common:d4e9ffe4: Assigned PPP Dynamic IPv4: 109.101.115.77 ID: 844355a4 Tunnel Type: VPN_TUNNELTYPE_TLS NA Resource: /Common/default_ssl_vpn_policy_202203102312_na_res Client IP: 218.57.77.182 
Mar 17 07:52:26 apm.f5.local notice tmm3[18812]: 01490505:5: /Common/default_ssl_vpn_policy_202203102312:Common:d4e9ffe4: PPP tunnel 0x5601480c7800 (ID: 844355a4) started.
Mar 17 07:52:39 apm.f5.local notice tmm[18812]: 01490506:5: /Common/default_ssl_vpn_policy_202203102312:Common:678cbf00: Received User-Agent header: Mozilla%2F5.0%20(Windows%20NT%2010.0%3B%20WOW64%3B%20Trident%2F7.0%3B%20rv%3A11.0)%20like%20Gecko.
Mar 17 07:52:39 apm.f5.local notice tmm[18812]: 01490500:5: /Common/default_ssl_vpn_policy_202203102312:Common:678cbf00: New session from client IP 116.130.78.245 (ST=Tianjin/CC=CN/C=AS) at VIP 109.101.115.10 Listener /Common/default_ssl_vpn_policy_202203102312_vs (Reputation=Unknown)
Mar 17 07:53:00 apm.f5.local notice apmd[13338]: 01490010:5: /Common/default_ssl_vpn_policy_202203102312:Common:678cbf00: Username '12240657@qq.com'
Mar 17 07:53:09 apm.f5.local notice tmm1[18812]: 01490506:5: /Common/default_ssl_vpn_policy_202203102312:Common:17212b8d: Received User-Agent header: Mozilla%2F5.0%20(Windows%20NT%2010.0%3B%20WOW64%3B%20Trident%2F7.0%3B%20rv%3A11.0)%20like%20Gecko.
Mar 17 07:53:09 apm.f5.local notice tmm1[18812]: 01490500:5: /Common/default_ssl_vpn_policy_202203102312:Common:17212b8d: New session from client IP 111.165.49.200 (ST=Tianjin/CC=CN/C=AS) at VIP 109.101.115.10 Listener /Common/default_ssl_vpn_policy_202203102312_vs (Reputation=Unknown)
Mar 17 07:53:18 apm.f5.local notice apmd[13338]: 01490010:5: /Common/default_ssl_vpn_policy_202203102312:Common:db91eb23: Username 'zip1988@126.com'
Mar 17 07:53:34 apm.f5.local notice apmd[13338]: 01490010:5: /Common/default_ssl_vpn_policy_202203102312:Common:17212b8d: Username 'fuliguo85@qq.com'
Mar 17 07:53:43 apm.f5.local notice apmd[13338]: 01490008:5: /Common/default_ssl_vpn_policy_202203102312:Common:db91eb23: Connectivity resource '/Common/default_ssl_vpn_policy_202203102312_na_res' assigned
Mar 17 07:53:43 apm.f5.local notice apmd[13338]: 01490128:5: /Common/default_ssl_vpn_policy_202203102312:Common:db91eb23: Webtop '/Common/default_ssl_vpn_policy_202203102312_webtop' assigned
Mar 17 07:53:43 apm.f5.local notice apmd[13338]: 01490005:5: /Common/default_ssl_vpn_policy_202203102312:Common:db91eb23: Following rule 'fallback' from item 'Advanced Resource Assign' to ending 'Allow'
Mar 17 07:53:43 apm.f5.local notice apmd[13338]: 01490102:5: /Common/default_ssl_vpn_policy_202203102312:Common:db91eb23: Access policy result: Network_Access
Mar 17 07:53:43 apm.f5.local notice apmd[13338]: 01490248:5: /Common/default_ssl_vpn_policy_202203102312:Common:db91eb23: Received client info - Hostname: SPCI-ZHANGJINP Type: IE Version: 11 Platform: Win10 CPU: WOW64 UI Mode: Full Javascript Support: 1 ActiveX Support: 1 Plugin Support: 0
Mar 17 07:53:46 apm.f5.local err tmm2[18812]: 01490514:3: (null):Common:00000000: Access encountered error: ERR_INPROGRESS. File: ../modules/hudfilter/access/access.c, Function: access_process_state_client_enforce_session, Line: 9027
Mar 17 07:53:46 apm.f5.local err tmm2[18812]: 01490514:3: (null):Common:00000000: Access encountered error: ERR_INPROGRESS. File: ../modules/hudfilter/access/access.c, Function: hud_access_handler, Line: 3987
Mar 17 07:53:49 apm.f5.local notice apmd[13338]: 01490008:5: /Common/default_ssl_vpn_policy_202203102312:Common:678cbf00: Connectivity resource '/Common/default_ssl_vpn_policy_202203102312_na_res' assigned
Mar 17 07:53:49 apm.f5.local notice apmd[13338]: 01490128:5: /Common/default_ssl_vpn_policy_202203102312:Common:678cbf00: Webtop '/Common/default_ssl_vpn_policy_202203102312_webtop' assigned
Mar 17 07:53:49 apm.f5.local notice apmd[13338]: 01490005:5: /Common/default_ssl_vpn_policy_202203102312:Common:678cbf00: Following rule 'fallback' from item 'Advanced Resource Assign' to ending 'Allow'
Mar 17 07:53:49 apm.f5.local notice apmd[13338]: 01490102:5: /Common/default_ssl_vpn_policy_202203102312:Common:678cbf00: Access policy result: Network_Access
Mar 17 07:53:49 apm.f5.local notice apmd[13338]: 01490248:5: /Common/default_ssl_vpn_policy_202203102312:Common:678cbf00: Received client info - Hostname: LIUNA Type: IE Version: 11 Platform: Win10 CPU: WOW64 UI Mode: Full Javascript Support: 1 ActiveX Support: 1 Plugin Support: 0
Mar 17 07:53:50 apm.f5.local notice apmd[13338]: 01490008:5: /Common/default_ssl_vpn_policy_202203102312:Common:17212b8d: Connectivity resource '/Common/default_ssl_vpn_policy_202203102312_na_res' assigned
Mar 17 07:53:50 apm.f5.local notice apmd[13338]: 01490128:5: /Common/default_ssl_vpn_policy_202203102312:Common:17212b8d: Webtop '/Common/default_ssl_vpn_policy_202203102312_webtop' assigned
Mar 17 07:53:50 apm.f5.local notice apmd[13338]: 01490005:5: /Common/default_ssl_vpn_policy_202203102312:Common:17212b8d: Following rule 'fallback' from item 'Advanced Resource Assign' to ending 'Allow'
Mar 17 07:53:50 apm.f5.local notice apmd[13338]: 01490102:5: /Common/default_ssl_vpn_policy_202203102312:Common:17212b8d: Access policy result: Network_Access
Mar 17 07:53:50 apm.f5.local notice apmd[13338]: 01490248:5: /Common/default_ssl_vpn_policy_202203102312:Common:17212b8d: Received client info - Hostname: DESKTOP-CE0R4LB Type: IE Version: 11 Platform: Win10 CPU: WOW64 UI Mode: Full Javascript Support: 1 ActiveX Support: 1 Plugin Support: 0
Mar 17 07:53:51 apm.f5.local err tmm3[18812]: 01490514:3: (null):Common:00000000: Access encountered error: ERR_INPROGRESS. File: ../modules/hudfilter/access/access.c, Function: access_process_state_client_enforce_acl, Line: 13545
Mar 17 07:53:51 apm.f5.local err tmm3[18812]: 01490514:3: (null):Common:00000000: Access encountered error: ERR_INPROGRESS. File: ../modules/hudfilter/access/access.c, Function: hud_access_handler, Line: 3882
Mar 17 07:53:53 apm.f5.local err tmm2[18812]: 01490514:3: (null):Common:00000000: Access encountered error: ERR_INPROGRESS. File: ../modules/hudfilter/access/access.c, Function: access_process_state_client_enforce_session, Line: 9027
Mar 17 07:53:53 apm.f5.local err tmm2[18812]: 01490514:3: (null):Common:00000000: Access encountered error: ERR_INPROGRESS. File: ../modules/hudfilter/access/access.c, Function: hud_access_handler, Line: 3987
Mar 17 07:53:53 apm.f5.local err tmm2[18812]: 01490514:3: (null):Common:00000000: Access encountered error: ERR_INPROGRESS. File: ../modules/hudfilter/access/access.c, Function: access_process_state_client_enforce_acl, Line: 13545
Mar 17 07:53:53 apm.f5.local err tmm2[18812]: 01490514:3: (null):Common:00000000: Access encountered error: ERR_INPROGRESS. File: ../modules/hudfilter/access/access.c, Function: hud_access_handler, Line: 3882
Mar 17 07:53:57 apm.f5.local err tmm2[18812]: 01490514:3: (null):Common:00000000: Access encountered error: ERR_INPROGRESS. File: ../modules/hudfilter/access/access.c, Function: access_process_state_client_enforce_session, Line: 9027
Mar 17 07:53:57 apm.f5.local err tmm2[18812]: 01490514:3: (null):Common:00000000: Access encountered error: ERR_INPROGRESS. File: ../modules/hudfilter/access/access.c, Function: hud_access_handler, Line: 3987
Mar 17 07:54:00 apm.f5.local notice tmm2[18812]: 01490549:5: /Common/default_ssl_vpn_policy_202203102312:Common:db91eb23: Assigned PPP Dynamic IPv4: 109.101.115.151 ID: 43fbc0fb Tunnel Type: VPN_TUNNELTYPE_TLS NA Resource: /Common/default_ssl_vpn_policy_202203102312_na_res Client IP: 120.204.103.134 
Mar 17 07:54:00 apm.f5.local notice tmm2[18812]: 01490505:5: /Common/default_ssl_vpn_policy_202203102312:Common:db91eb23: PPP tunnel 0x5600dc4dc500 (ID: 43fbc0fb) started.
Mar 17 07:54:00 apm.f5.local notice tmm[18812]: 01490549:5: /Common/default_ssl_vpn_policy_202203102312:Common:678cbf00: Assigned PPP Dynamic IPv4: 109.101.115.122 ID: b664ad4c Tunnel Type: VPN_TUNNELTYPE_TLS NA Resource: /Common/default_ssl_vpn_policy_202203102312_na_res Client IP: 116.130.78.245 
Mar 17 07:54:00 apm.f5.local notice tmm[18812]: 01490505:5: /Common/default_ssl_vpn_policy_202203102312:Common:678cbf00: PPP tunnel 0x56000176d400 (ID: b664ad4c) started.
Mar 17 07:54:05 apm.f5.local notice tmm1[18812]: 01490549:5: /Common/default_ssl_vpn_policy_202203102312:Common:17212b8d: Assigned PPP Dynamic IPv4: 109.101.115.210 ID: 498ed4b1 Tunnel Type: VPN_TUNNELTYPE_TLS NA Resource: /Common/default_ssl_vpn_policy_202203102312_na_res Client IP: 111.165.49.200 
Mar 17 07:54:05 apm.f5.local notice tmm1[18812]: 01490505:5: /Common/default_ssl_vpn_policy_202203102312:Common:17212b8d: PPP tunnel 0x5600708dc100 (ID: 498ed4b1) started.
Mar 17 07:54:40 apm.f5.local notice tmm3[18812]: 01490502:5: /Common/default_ssl_vpn_policy_202203102312:Common:bb3e35e4: Session deleted due to user inactivity.
Mar 17 07:55:21 apm.f5.local notice tmm3[18812]: 01490521:5: /Common/default_ssl_vpn_policy_202203102312:Common:bb3e35e4: Session statistics - bytes in: 0, bytes out: 0
Mar 17 07:56:14 apm.f5.local notice tmm1[18812]: 01490506:5: /Common/default_ssl_vpn_policy_202203102312:Common:3f345e7d: Received User-Agent header: Mozilla%2F4.0%20(compatible%3B%20MSIE%207.0%3B%20Windows%20NT%2010.0%3B%20WOW64%3B%20Trident%2F7.0%3B%20.NET4.0C%3B%20.NET4.0E%3B%20.NET%20CLR%202.0.50727%3B%20.NET%20CLR%203.0.30729%3B%20.NET%20CLR%203.5.30729).
Mar 17 07:56:14 apm.f5.local notice tmm1[18812]: 01490500:5: /Common/default_ssl_vpn_policy_202203102312:Common:3f345e7d: New session from client IP 120.204.102.181 (ST=Shanghai/CC=CN/C=AS) at VIP 109.101.115.10 Listener /Common/default_ssl_vpn_policy_202203102312_vs (Reputation=Unknown)
Mar 17 07:56:24 apm.f5.local notice apmd[13338]: 01490010:5: /Common/default_ssl_vpn_policy_202203102312:Common:3f345e7d: Username '21377070@qq.com'
Mar 17 07:56:33 apm.f5.local notice tmm[18812]: 01490506:5: /Common/default_ssl_vpn_policy_202203102312:Common:75e0052e: Received User-Agent header: Mozilla%2F5.0%20(Windows%20NT%2010.0%3B%20WOW64%3B%20Trident%2F7.0%3B%20rv%3A11.0)%20like%20Gecko.
Mar 17 07:56:33 apm.f5.local notice tmm[18812]: 01490500:5: /Common/default_ssl_vpn_policy_202203102312:Common:75e0052e: New session from client IP 124.78.201.230 (ST=Shanghai/CC=CN/C=AS) at VIP 109.101.115.10 Listener /Common/default_ssl_vpn_policy_202203102312_vs (Reputation=Unknown)
Mar 17 07:56:45 apm.f5.local notice apmd[13338]: 01490008:5: /Common/default_ssl_vpn_policy_202203102312:Common:3f345e7d: Connectivity resource '/Common/default_ssl_vpn_policy_202203102312_na_res' assigned
Mar 17 07:56:45 apm.f5.local notice apmd[13338]: 01490128:5: /Common/default_ssl_vpn_policy_202203102312:Common:3f345e7d: Webtop '/Common/default_ssl_vpn_policy_202203102312_webtop' assigned
Mar 17 07:56:45 apm.f5.local notice apmd[13338]: 01490005:5: /Common/default_ssl_vpn_policy_202203102312:Common:3f345e7d: Following rule 'fallback' from item 'Advanced Resource Assign' to ending 'Allow'
Mar 17 07:56:45 apm.f5.local notice apmd[13338]: 01490102:5: /Common/default_ssl_vpn_policy_202203102312:Common:3f345e7d: Access policy result: Network_Access
Mar 17 07:56:45 apm.f5.local notice apmd[13338]: 01490248:5: /Common/default_ssl_vpn_policy_202203102312:Common:3f345e7d: Received client info - Hostname: TM-94221 Type: IE Version: 11 Platform: Win10 CPU: WOW64 UI Mode: Full Javascript Support: 1 ActiveX Support: 1 Plugin Support: 0
Mar 17 07:56:47 apm.f5.local err tmm1[18812]: 01490514:3: (null):Common:00000000: Access encountered error: ERR_INPROGRESS. File: ../modules/hudfilter/access/access.c, Function: access_process_state_client_enforce_acl, Line: 13545
Mar 17 07:56:49 apm.f5.local err tmm1[18812]: 01490514:3: (null):Common:00000000: Access encountered error: ERR_INPROGRESS. File: ../modules/hudfilter/access/access.c, Function: access_process_state_client_enforce_session, Line: 9027
Mar 17 07:56:49 apm.f5.local err tmm1[18812]: 01490514:3: (null):Common:00000000: Access encountered error: ERR_INPROGRESS. File: ../modules/hudfilter/access/access.c, Function: hud_access_handler, Line: 3987
Mar 17 07:56:56 apm.f5.local notice tmm3[18812]: 01490549:5: /Common/default_ssl_vpn_policy_202203102312:Common:3f345e7d: Assigned PPP Dynamic IPv4: 109.101.115.236 ID: 0ee233ae Tunnel Type: VPN_TUNNELTYPE_TLS NA Resource: /Common/default_ssl_vpn_policy_202203102312_na_res Client IP: 120.204.102.181 
Mar 17 07:56:56 apm.f5.local notice tmm3[18812]: 01490505:5: /Common/default_ssl_vpn_policy_202203102312:Common:3f345e7d: PPP tunnel 0x5601480fa600 (ID: 0ee233ae) started.
Mar 17 07:56:57 apm.f5.local notice apmd[13338]: 01490010:5: /Common/default_ssl_vpn_policy_202203102312:Common:75e0052e: Username '493579600@qq.com'
Mar 17 07:57:09 apm.f5.local notice tmm3[18812]: 01490506:5: /Common/default_ssl_vpn_policy_202203102312:Common:37676245: Received User-Agent header: Mozilla%2F5.0%20(Windows%20NT%2010.0%3B%20WOW64%3B%20Trident%2F7.0%3B%20rv%3A11.0)%20like%20Gecko.
Mar 17 07:57:09 apm.f5.local notice tmm3[18812]: 01490500:5: /Common/default_ssl_vpn_policy_202203102312:Common:37676245: New session from client IP 60.26.249.159 (ST=Tianjin/CC=CN/C=AS) at VIP 109.101.115.10 Listener /Common/default_ssl_vpn_policy_202203102312_vs (Reputation=Unknown)
Mar 17 07:57:16 apm.f5.local notice apmd[13338]: 01490008:5: /Common/default_ssl_vpn_policy_202203102312:Common:75e0052e: Connectivity resource '/Common/default_ssl_vpn_policy_202203102312_na_res' assigned
Mar 17 07:57:16 apm.f5.local notice apmd[13338]: 01490128:5: /Common/default_ssl_vpn_policy_202203102312:Common:75e0052e: Webtop '/Common/default_ssl_vpn_policy_202203102312_webtop' assigned
Mar 17 07:57:16 apm.f5.local notice apmd[13338]: 01490005:5: /Common/default_ssl_vpn_policy_202203102312:Common:75e0052e: Following rule 'fallback' from item 'Advanced Resource Assign' to ending 'Allow'
Mar 17 07:57:16 apm.f5.local notice apmd[13338]: 01490102:5: /Common/default_ssl_vpn_policy_202203102312:Common:75e0052e: Access policy result: Network_Access
Mar 17 07:57:16 apm.f5.local notice apmd[13338]: 01490248:5: /Common/default_ssl_vpn_policy_202203102312:Common:75e0052e: Received client info - Hostname: SPCI-HANXUE Type: IE Version: 11 Platform: Win10 CPU: WOW64 UI Mode: Full Javascript Support: 1 ActiveX Support: 1 Plugin Support: 0
Mar 17 07:57:20 apm.f5.local err tmm1[18812]: 01490514:3: (null):Common:00000000: Access encountered error: ERR_INPROGRESS. File: ../modules/hudfilter/access/access.c, Function: access_process_state_client_enforce_acl, Line: 13545
Mar 17 07:57:20 apm.f5.local err tmm1[18812]: 01490514:3: (null):Common:00000000: Access encountered error: ERR_INPROGRESS. File: ../modules/hudfilter/access/access.c, Function: hud_access_handler, Line: 3882
Mar 17 07:57:22 apm.f5.local err tmm[18812]: 01490514:3: (null):Common:00000000: Access encountered error: ERR_INPROGRESS. File: ../modules/hudfilter/access/access.c, Function: access_process_state_client_enforce_session, Line: 9027
Mar 17 07:57:22 apm.f5.local err tmm[18812]: 01490514:3: (null):Common:00000000: Access encountered error: ERR_INPROGRESS. File: ../modules/hudfilter/access/access.c, Function: hud_access_handler, Line: 3987
