Mar 11 07:40:59 apm.f5.local notice tmm1[17455]: 01490500:5: /Common/default_ssl_vpn_policy_202203102312:Common:ecb17c01: New session from client IP 167.248.133.117 (ST=Washington/CC=US/C=NA) at VIP 109.101.115.10 Listener /Common/default_ssl_vpn_policy_202203102312_vs (Reputation=Unknown)
Mar 11 07:40:59 apm.f5.local notice tmm1[17455]: 01490506:5: /Common/default_ssl_vpn_policy_202203102312:Common:bd828d32: Received User-Agent header: Mozilla%2F5.0%20(compatible%3B%20CensysInspect%2F1.1%3B%20%2Bhttps%3A%2F%2Fabout.censys.io%2F).
Mar 11 07:40:59 apm.f5.local notice tmm1[17455]: 01490500:5: /Common/default_ssl_vpn_policy_202203102312:Common:bd828d32: New session from client IP 167.248.133.117 (ST=Washington/CC=US/C=NA) at VIP 109.101.115.10 Listener /Common/default_ssl_vpn_policy_202203102312_vs (Reputation=Unknown)
Mar 11 07:41:00 apm.f5.local warning tmm[17455]: 01490531:4: 27262e82: Detected invalid host header () originating from IP 167.248.133.117.
Mar 11 07:41:00 apm.f5.local notice tmm[17455]: 01490567:5: /Common/default_ssl_vpn_policy_202203102312:Common:27262e82: Session deleted (no_hostname).
Mar 11 07:41:02 apm.f5.local warning tmm1[17455]: 01490531:4: d05e5d89: Detected invalid host header () originating from IP 167.248.133.117.
Mar 11 07:41:02 apm.f5.local notice tmm1[17455]: 01490567:5: /Common/default_ssl_vpn_policy_202203102312:Common:d05e5d89: Session deleted (no_hostname).
Mar 11 07:41:04 apm.f5.local warning tmm1[17455]: 01490531:4: 9f3d5056: Detected invalid host header () originating from IP 167.248.133.117.
Mar 11 07:41:04 apm.f5.local notice tmm1[17455]: 01490567:5: /Common/default_ssl_vpn_policy_202203102312:Common:9f3d5056: Session deleted (no_hostname).
Mar 11 07:41:36 apm.f5.local notice tmm[17455]: 01490521:5: /Common/default_ssl_vpn_policy_202203102312:Common:27262e82: Session statistics - bytes in: 0, bytes out: 0
Mar 11 07:41:37 apm.f5.local notice tmm1[17455]: 01490521:5: /Common/default_ssl_vpn_policy_202203102312:Common:d05e5d89: Session statistics - bytes in: 0, bytes out: 0
Mar 11 07:41:39 apm.f5.local notice tmm1[17455]: 01490521:5: /Common/default_ssl_vpn_policy_202203102312:Common:9f3d5056: Session statistics - bytes in: 0, bytes out: 0
Mar 11 07:46:00 apm.f5.local notice tmm1[17455]: 01490502:5: /Common/default_ssl_vpn_policy_202203102312:Common:bd828d32: Session deleted due to user inactivity.
Mar 11 07:46:02 apm.f5.local notice tmm[17455]: 01490502:5: /Common/default_ssl_vpn_policy_202203102312:Common:cdac0517: Session deleted due to user inactivity.
Mar 11 07:46:05 apm.f5.local notice tmm1[17455]: 01490502:5: /Common/default_ssl_vpn_policy_202203102312:Common:ecb17c01: Session deleted due to user inactivity.
Mar 11 07:46:41 apm.f5.local notice tmm1[17455]: 01490521:5: /Common/default_ssl_vpn_policy_202203102312:Common:bd828d32: Session statistics - bytes in: 0, bytes out: 0
Mar 11 07:46:43 apm.f5.local notice tmm[17455]: 01490521:5: /Common/default_ssl_vpn_policy_202203102312:Common:cdac0517: Session statistics - bytes in: 0, bytes out: 0
Mar 11 07:46:46 apm.f5.local notice tmm1[17455]: 01490521:5: /Common/default_ssl_vpn_policy_202203102312:Common:ecb17c01: Session statistics - bytes in: 0, bytes out: 0
Mar 11 08:08:50 apm.f5.local notice tmm[17455]: 01490505:5: /Common/default_ssl_vpn_policy_202203102312:Common:d858a3ae: PPP tunnel 0x56000158be00 (ID: e8cac54c) closed.
Mar 11 08:23:45 apm.f5.local notice tmm1[17455]: 01490549:5: /Common/default_ssl_vpn_policy_202203102312:Common:d858a3ae: Assigned PPP Dynamic IPv4: 109.101.115.15 ID: 194d9066 Tunnel Type: VPN_TUNNELTYPE_TLS NA Resource: /Common/default_ssl_vpn_policy_202203102312_na_res Client IP: 58.247.201.148 - Reconnect
Mar 11 08:23:45 apm.f5.local notice tmm1[17455]: 01490505:5: /Common/default_ssl_vpn_policy_202203102312:Common:d858a3ae: PPP tunnel 0x560027afee00 (ID: 194d9066) started.
Mar 11 08:23:50 apm.f5.local notice tmm1[17455]: 01490567:5: /Common/default_ssl_vpn_policy_202203102312:Common:d858a3ae: Session deleted (timed_out; code - 12289).
Mar 11 08:23:53 apm.f5.local notice tmm1[17455]: 01490505:5: /Common/default_ssl_vpn_policy_202203102312:Common:d858a3ae: PPP tunnel 0x560027afee00 (ID: 194d9066) closed.
Mar 11 08:24:29 apm.f5.local notice tmm1[17455]: 01490521:5: /Common/default_ssl_vpn_policy_202203102312:Common:d858a3ae: Session statistics - bytes in: 3225831, bytes out: 2190241
Mar 11 08:41:43 apm.f5.local notice tmm1[17455]: 01490506:5: /Common/default_ssl_vpn_policy_202203102312:Common:250d724c: Received User-Agent header: Mozilla%2F5.0%20(iPhone%3B%20CPU%20iPhone%20OS%2015_1%20like%20Mac%20OS%20X)%20AppleWebKit%2F605.1.15%20(KHTML%2C%20like%20Gecko)%20Version%2F15.1%20Mobile%2F15E148%20Safari%2F604.1.
Mar 11 08:41:43 apm.f5.local notice tmm1[17455]: 01490500:5: /Common/default_ssl_vpn_policy_202203102312:Common:250d724c: New session from client IP 58.247.201.240 (ST=Shanghai/CC=CN/C=AS) at VIP 109.101.115.10 Listener /Common/default_ssl_vpn_policy_202203102312_vs (Reputation=Unknown)
Mar 11 08:41:57 apm.f5.local notice apmd[12312]: 01490010:5: /Common/default_ssl_vpn_policy_202203102312:Common:250d724c: Username 'user1'
Mar 11 08:41:57 apm.f5.local notice apmd[12312]: 01490008:5: /Common/default_ssl_vpn_policy_202203102312:Common:250d724c: Connectivity resource '/Common/default_ssl_vpn_policy_202203102312_na_res' assigned
Mar 11 08:41:57 apm.f5.local notice apmd[12312]: 01490009:5: /Common/default_ssl_vpn_policy_202203102312:Common:250d724c: ACL '/Common/ssl_vpn_allow_all_202203102320' assigned
Mar 11 08:41:57 apm.f5.local notice apmd[12312]: 01490128:5: /Common/default_ssl_vpn_policy_202203102312:Common:250d724c: Webtop '/Common/default_ssl_vpn_policy_202203102312_webtop' assigned
Mar 11 08:41:57 apm.f5.local notice apmd[12312]: 01490005:5: /Common/default_ssl_vpn_policy_202203102312:Common:250d724c: Following rule 'fallback' from item 'Advanced Resource Assign' to ending 'Allow'
Mar 11 08:41:57 apm.f5.local notice apmd[12312]: 01490102:5: /Common/default_ssl_vpn_policy_202203102312:Common:250d724c: Access policy result: Network_Access
Mar 11 08:41:57 apm.f5.local notice apmd[12312]: 01490248:5: /Common/default_ssl_vpn_policy_202203102312:Common:250d724c: Received client info - Hostname:  Type: Safari Version: 1 Platform: iOS CPU: unknown UI Mode: Mobile Smart Phone Javascript Support: 1 ActiveX Support: 0 Plugin Support: 0
Mar 11 08:57:22 apm.f5.local notice tmm1[17455]: 01490502:5: /Common/default_ssl_vpn_policy_202203102312:Common:250d724c: Session deleted due to user inactivity.
Mar 11 08:58:03 apm.f5.local notice tmm1[17455]: 01490521:5: /Common/default_ssl_vpn_policy_202203102312:Common:250d724c: Session statistics - bytes in: 13426, bytes out: 35645
Mar 11 09:46:24 apm.f5.local notice tmm[17455]: 01490505:5: /Common/default_ssl_vpn_policy_202203102312:Common:502f2bc9: PPP tunnel 0x56000158dd00 (ID: 36edf5af) closed.
Mar 11 09:46:36 apm.f5.local notice tmm[17455]: 01490520:5: /Common/default_ssl_vpn_policy_202203102312:Common:502f2bc9: Session deleted due to admin initiated termination.
Mar 11 09:47:12 apm.f5.local notice tmm[17455]: 01490521:5: /Common/default_ssl_vpn_policy_202203102312:Common:502f2bc9: Session statistics - bytes in: 2526222, bytes out: 1792383
Mar 11 09:51:10 apm.f5.local notice tmm[17455]: 01490506:5: /Common/default_ssl_vpn_policy_202203102312:Common:0f6ef555: Received User-Agent header: Mozilla%2F5.0%20(Windows%20NT%2010.0%3B%20Win64%3B%20x64)%20AppleWebKit%2F537.36%20(KHTML%2C%20like%20Gecko)%20Chrome%2F93.0.4577.63%20Safari%2F537.36.
Mar 11 09:51:10 apm.f5.local notice tmm[17455]: 01490500:5: /Common/default_ssl_vpn_policy_202203102312:Common:0f6ef555: New session from client IP 58.247.201.154 (ST=Shanghai/CC=CN/C=AS) at VIP 109.101.115.10 Listener /Common/default_ssl_vpn_policy_202203102312_vs (Reputation=Unknown)
Mar 11 09:51:20 apm.f5.local notice apmd[12312]: 01490010:5: /Common/default_ssl_vpn_policy_202203102312:Common:0f6ef555: Username 'user1'
Mar 11 09:51:20 apm.f5.local notice apmd[12312]: 01490008:5: /Common/default_ssl_vpn_policy_202203102312:Common:0f6ef555: Connectivity resource '/Common/default_ssl_vpn_policy_202203102312_na_res' assigned
Mar 11 09:51:20 apm.f5.local notice apmd[12312]: 01490009:5: /Common/default_ssl_vpn_policy_202203102312:Common:0f6ef555: ACL '/Common/ssl_vpn_allow_all_202203102320' assigned
Mar 11 09:51:20 apm.f5.local notice apmd[12312]: 01490128:5: /Common/default_ssl_vpn_policy_202203102312:Common:0f6ef555: Webtop '/Common/default_ssl_vpn_policy_202203102312_webtop' assigned
Mar 11 09:51:20 apm.f5.local notice apmd[12312]: 01490005:5: /Common/default_ssl_vpn_policy_202203102312:Common:0f6ef555: Following rule 'fallback' from item 'Advanced Resource Assign' to ending 'Allow'
Mar 11 09:51:20 apm.f5.local notice apmd[12312]: 01490102:5: /Common/default_ssl_vpn_policy_202203102312:Common:0f6ef555: Access policy result: Network_Access
Mar 11 09:51:20 apm.f5.local notice apmd[12312]: 01490248:5: /Common/default_ssl_vpn_policy_202203102312:Common:0f6ef555: Received client info - Hostname:  Type: Mozilla Version: 5 Platform: Win10 CPU: x64 UI Mode: Full Javascript Support: 1 ActiveX Support: 0 Plugin Support: 0
Mar 11 09:51:23 apm.f5.local err tmm[17455]: 01490514:3: (null):Common:00000000: Access encountered error: ERR_INPROGRESS. File: ../modules/hudfilter/access/access.c, Function: access_process_state_client_enforce_acl, Line: 13545
Mar 11 09:51:27 apm.f5.local err tmm[17455]: 01490514:3: (null):Common:00000000: Access encountered error: ERR_INPROGRESS. File: ../modules/hudfilter/access/access.c, Function: access_process_state_client_enforce_acl, Line: 13545
Mar 11 09:52:46 apm.f5.local err tmm[17455]: 01490514:3: (null):Common:00000000: Access encountered error: ERR_INPROGRESS. File: ../modules/hudfilter/access/access.c, Function: access_process_state_client_enforce_acl, Line: 13545
Mar 11 09:53:12 apm.f5.local err tmm1[17455]: 01490514:3: (null):Common:00000000: Access encountered error: ERR_INPROGRESS. File: ../modules/hudfilter/access/access.c, Function: access_process_state_client_enforce_session, Line: 9027
Mar 11 09:53:12 apm.f5.local err tmm1[17455]: 01490514:3: (null):Common:00000000: Access encountered error: ERR_INPROGRESS. File: ../modules/hudfilter/access/access.c, Function: hud_access_handler, Line: 3987
Mar 11 09:53:34 apm.f5.local notice tmm[17455]: 01490549:5: /Common/default_ssl_vpn_policy_202203102312:Common:0f6ef555: Assigned PPP Dynamic IPv4: 109.101.115.16 ID: de4c6388 Tunnel Type: VPN_TUNNELTYPE_TLS NA Resource: /Common/default_ssl_vpn_policy_202203102312_na_res Client IP: 58.247.201.154 
Mar 11 09:53:34 apm.f5.local notice tmm[17455]: 01490505:5: /Common/default_ssl_vpn_policy_202203102312:Common:0f6ef555: PPP tunnel 0x56000158c600 (ID: de4c6388) started.
Mar 11 10:15:05 apm.f5.local notice tmm[17455]: 01490505:5: /Common/default_ssl_vpn_policy_202203102312:Common:0f6ef555: PPP tunnel 0x56000158c600 (ID: de4c6388) closed.
Mar 11 10:19:54 apm.f5.local notice tmm[17455]: 01490549:5: /Common/default_ssl_vpn_policy_202203102312:Common:0f6ef555: Assigned PPP Dynamic IPv4: 109.101.115.16 ID: ccede4dc Tunnel Type: VPN_TUNNELTYPE_TLS NA Resource: /Common/default_ssl_vpn_policy_202203102312_na_res Client IP: 58.247.201.154 - Reconnect
Mar 11 10:19:54 apm.f5.local notice tmm[17455]: 01490505:5: /Common/default_ssl_vpn_policy_202203102312:Common:0f6ef555: PPP tunnel 0x56000158ef00 (ID: ccede4dc) started.
Mar 11 10:33:24 apm.f5.local notice tmm[17455]: 01490505:5: /Common/default_ssl_vpn_policy_202203102312:Common:0f6ef555: PPP tunnel 0x56000158ef00 (ID: ccede4dc) closed.
Mar 11 10:33:41 apm.f5.local notice tmm[17455]: 01490538:5: tmm.session.96f27c85412_3ooooooooooooooooooo: Configuration snapshot deleted by Access.
Mar 11 10:33:41 apm.f5.local notice tmm1[17455]: 01490538:5: tmm.session.96f27c85412_3ooooooooooooooooooo: Configuration snapshot deleted by Access.
Mar 11 10:33:57 apm.f5.local notice apmd[12312]: 01490096:5: 00000000: A new access profile: /Common/test has been initialized
Mar 11 10:33:57 apm.f5.local notice apmd[12312]: 01490165:5: Access profile: /Common/test initialized with configuration snapshot catalog: tmm.session.f5f5f5f5f5f5f5f5f5f5f5f5f5f5f5f5
Mar 11 10:33:57 apm.f5.local notice apmd[12312]: 01490097:5: 00000000: A new access policy: /Common/test has been initialized
Mar 11 10:33:57 apm.f5.local notice apmd[12312]: 01490166:5: Current snapshot ID: 1646966037 retrieved from session db for access profile: /Common/test
Mar 11 10:33:57 apm.f5.local notice apmd[12312]: 01490169:5: Snapshot catalog entry: tmm.session.f5f5f5f5f5f5f5f5f5f5f5f5f5f5f5f5./Common/test.1646966038 added for access profile: /Common/test
Mar 11 10:33:57 apm.f5.local notice apmd[12312]: 0149016a:5: Initiating snapshot creation: tmm.session.5f772220932_7ooooooooooooooooooo for access profile: /Common/test
Mar 11 10:33:57 apm.f5.local notice apmd[12312]: 0149016b:5: Completed snapshot creation: tmm.session.5f772220932_7ooooooooooooooooooo for access profile: /Common/test
Mar 11 10:33:57 apm.f5.local notice apmd[12312]: 01490167:5: Current snapshot ID: 1646966038 updated inside session db for access profile: /Common/test
Mar 11 10:33:57 apm.f5.local notice apmd[12312]: 01490079:5: 00000000: Access policy '/Common/test' configuration has changed.Access profile '/Common/test' configuration changes need to be applied for the new configuration
Mar 11 10:33:57 apm.f5.local notice apmd[12312]: 01490165:5: Access profile: /Common/test initialized with configuration snapshot catalog: tmm.session.f5f5f5f5f5f5f5f5f5f5f5f5f5f5f5f5
Mar 11 10:33:57 apm.f5.local notice apmd[12312]: 01490166:5: Current snapshot ID: 1646966038 retrieved from session db for access profile: /Common/test
Mar 11 10:33:57 apm.f5.local notice apmd[12312]: 01490169:5: Snapshot catalog entry: tmm.session.f5f5f5f5f5f5f5f5f5f5f5f5f5f5f5f5./Common/test.1646966039 added for access profile: /Common/test
Mar 11 10:33:57 apm.f5.local notice apmd[12312]: 0149016a:5: Initiating snapshot creation: tmm.session.5f7765bb11d_8ooooooooooooooooooo for access profile: /Common/test
Mar 11 10:33:57 apm.f5.local notice apmd[12312]: 0149016b:5: Completed snapshot creation: tmm.session.5f7765bb11d_8ooooooooooooooooooo for access profile: /Common/test
Mar 11 10:33:57 apm.f5.local notice apmd[12312]: 01490167:5: Current snapshot ID: 1646966039 updated inside session db for access profile: /Common/test
Mar 11 10:33:57 apm.f5.local notice apmd[12312]: 01490101:5: 00000000: Access profile: /Common/test configuration has been applied. Newly active generation count is: 1
Mar 11 10:36:28 apm.f5.local notice apmd[12312]: 01490079:5: 00000000: Access policy '/Common/test' configuration has changed.Access profile '/Common/test' configuration changes need to be applied for the new configuration
Mar 11 10:43:54 apm.f5.local notice apmd[12312]: 01490165:5: Access profile: /Common/test initialized with configuration snapshot catalog: tmm.session.f5f5f5f5f5f5f5f5f5f5f5f5f5f5f5f5
Mar 11 10:46:41 apm.f5.local notice tmm1[17455]: 01490549:5: /Common/default_ssl_vpn_policy_202203102312:Common:0f6ef555: Assigned PPP Dynamic IPv4: 109.101.115.16 ID: 339018fb Tunnel Type: VPN_TUNNELTYPE_TLS NA Resource: /Common/default_ssl_vpn_policy_202203102312_na_res Client IP: 58.247.201.154 - Reconnect
Mar 11 10:46:41 apm.f5.local notice tmm1[17455]: 01490505:5: /Common/default_ssl_vpn_policy_202203102312:Common:0f6ef555: PPP tunnel 0x560027afd100 (ID: 339018fb) started.
Mar 11 10:46:47 apm.f5.local notice apmd[12312]: 01490165:5: Access profile: /Common/test initialized with configuration snapshot catalog: tmm.session.f5f5f5f5f5f5f5f5f5f5f5f5f5f5f5f5
Mar 11 10:46:56 apm.f5.local notice tmm1[17455]: 01490505:5: /Common/default_ssl_vpn_policy_202203102312:Common:0f6ef555: PPP tunnel 0x560027afd100 (ID: 339018fb) closed.
Mar 11 10:50:29 apm.f5.local err apmd[12312]: 01490187:3: 00000000: Email Agent: No SMTP server associated with /Common/test_act_email_ag
Mar 11 10:54:06 apm.f5.local notice apmd[12312]: 01490165:5: Access profile: /Common/test initialized with configuration snapshot catalog: tmm.session.f5f5f5f5f5f5f5f5f5f5f5f5f5f5f5f5
Mar 11 10:54:22 apm.f5.local notice apmd[12312]: 01490165:5: Access profile: /Common/test initialized with configuration snapshot catalog: tmm.session.f5f5f5f5f5f5f5f5f5f5f5f5f5f5f5f5
Mar 11 10:55:44 apm.f5.local notice apmd[12312]: 01490165:5: Access profile: /Common/test initialized with configuration snapshot catalog: tmm.session.f5f5f5f5f5f5f5f5f5f5f5f5f5f5f5f5
Mar 11 11:02:20 apm.f5.local notice tmm[17455]: 01490502:5: /Common/default_ssl_vpn_policy_202203102312:Common:0f6ef555: Session deleted due to user inactivity.
Mar 11 11:03:01 apm.f5.local notice tmm[17455]: 01490521:5: /Common/default_ssl_vpn_policy_202203102312:Common:0f6ef555: Session statistics - bytes in: 764731, bytes out: 12382330
Mar 11 11:04:54 apm.f5.local err apmd[12312]: 01490014:3: 00000000: LOCALDB agent: No AAA server associated with /Common/test_act_localdb_auth_ag.
Mar 11 11:06:27 apm.f5.local notice apmd[12312]: 01490165:5: Access profile: /Common/test initialized with configuration snapshot catalog: tmm.session.f5f5f5f5f5f5f5f5f5f5f5f5f5f5f5f5
Mar 11 11:08:38 apm.f5.local notice ldbutil[17496]: 01ab0113:5: Modified local user(/Common/ssl_vpn_localdb_202203102317:finux@126.com) entry in memcache.
Mar 11 11:08:38 apm.f5.local notice localdbmgr[12342]: 01ab0105:5: Updated DB for Admin triggered changes to user /Common/ssl_vpn_localdb_202203102317:finux@126.com
Mar 11 11:08:38 apm.f5.local notice localdbmgr[12342]: 01ab0116:5: Local user (/Common/ssl_vpn_localdb_202203102317:finux@126.com) changes succesfully persisted to the database.
Mar 11 11:09:44 apm.f5.local notice ldbutil[17557]: 01ab0105:5: Updated DB for Admin triggered changes to user /Common/ssl_vpn_localdb_202203102317:finux@126.com
Mar 11 11:12:37 apm.f5.local notice tmm[17455]: 01490511:5: /Common:00000000: Initializing Access profile /Common/test with max concurrent user sessions limit: 0
Mar 11 11:12:37 apm.f5.local notice tmm1[17455]: 01490511:5: /Common:00000000: Initializing Access profile /Common/test with max concurrent user sessions limit: 0
Mar 11 11:12:37 apm.f5.local notice tmm1[17455]: 01490511:5: /Common:00000000: Initializing Access profile /Common/test with max concurrent user sessions limit: 0
Mar 11 11:12:37 apm.f5.local notice tmm[17455]: 01490511:5: /Common:00000000: Initializing Access profile /Common/test with max concurrent user sessions limit: 0
Mar 11 11:13:18 apm.f5.local notice localdbmgr[12342]: 01ab0105:5: Updated DB for Admin triggered changes to user /Common/ssl_vpn_localdb_202203102317:finux@126.com
Mar 11 11:16:51 apm.f5.local notice tmm[17455]: 01490511:5: /Common:00000000: Initializing Access profile /Common/test with max concurrent user sessions limit: 0
Mar 11 11:16:51 apm.f5.local notice tmm1[17455]: 01490511:5: /Common:00000000: Initializing Access profile /Common/test with max concurrent user sessions limit: 0
Mar 11 11:16:51 apm.f5.local notice tmm1[17455]: 01490511:5: /Common:00000000: Initializing Access profile /Common/test with max concurrent user sessions limit: 0
Mar 11 11:16:51 apm.f5.local notice tmm[17455]: 01490511:5: /Common:00000000: Initializing Access profile /Common/test with max concurrent user sessions limit: 0
Mar 11 11:16:51 apm.f5.local notice apmd[12312]: 01490165:5: Access profile: /Common/test initialized with configuration snapshot catalog: tmm.session.f5f5f5f5f5f5f5f5f5f5f5f5f5f5f5f5
Mar 11 11:16:51 apm.f5.local notice apmd[12312]: 01490166:5: Current snapshot ID: 1646966039 retrieved from session db for access profile: /Common/test
Mar 11 11:16:51 apm.f5.local notice apmd[12312]: 01490169:5: Snapshot catalog entry: tmm.session.f5f5f5f5f5f5f5f5f5f5f5f5f5f5f5f5./Common/test.1646966040 added for access profile: /Common/test
Mar 11 11:16:51 apm.f5.local notice apmd[12312]: 0149016a:5: Initiating snapshot creation: tmm.session.69854aa4105_9ooooooooooooooooooo for access profile: /Common/test
Mar 11 11:16:51 apm.f5.local notice apmd[12312]: 0149016b:5: Completed snapshot creation: tmm.session.69854aa4105_9ooooooooooooooooooo for access profile: /Common/test
Mar 11 11:16:51 apm.f5.local notice apmd[12312]: 01490167:5: Current snapshot ID: 1646966040 updated inside session db for access profile: /Common/test
Mar 11 11:16:51 apm.f5.local notice apmd[12312]: 01490101:5: 00000000: Access profile: /Common/test configuration has been applied. Newly active generation count is: 2
Mar 11 11:17:39 apm.f5.local notice tmm1[17455]: 01490506:5: /Common/test:Common:cd0ee2d4: Received User-Agent header: Mozilla%2F5.0%20(Windows%20NT%2010.0%3B%20Win64%3B%20x64)%20AppleWebKit%2F537.36%20(KHTML%2C%20like%20Gecko)%20Chrome%2F93.0.4577.63%20Safari%2F537.36.
Mar 11 11:17:39 apm.f5.local notice tmm1[17455]: 01490500:5: /Common/test:Common:cd0ee2d4: New session from client IP 58.247.201.241 (ST=Shanghai/CC=CN/C=AS) at VIP 109.101.115.10 Listener /Common/default_ssl_vpn_policy_202203102312_vs (Reputation=Unknown)
Mar 11 11:19:37 apm.f5.local notice apmd[12312]: 014902f7:5: /Common/test:Common:cd0ee2d4:/Common/test_act_av_software_check_ag: endpoint software detected (sdk=4.3.1453.0,type=av,id=535,vendor_id=388,version=9.0.56.1,state=1,name=AhnLab V3 Internet Security,vendor_name=AhnLab, Inc.,db_signature=1372,db_version=,db_time=1578067200,last_scan=1646967988,engine_version=2020.01.04.00,missing_updates=).
Mar 11 11:19:37 apm.f5.local notice apmd[12312]: 014902f7:5: /Common/test:Common:cd0ee2d4:/Common/test_act_av_software_check_ag: endpoint software detected (sdk=4.3.1453.0,type=av,id=362,vendor_id=90,version=4.18.2201.10,state=,name=Windows Defender,vendor_name=Microsoft Corporation,db_signature=477,db_version=1.359.1714.0,db_time=1646905832,last_scan=0,engine_version=1.1.18900.3,missing_updates=).
Mar 11 11:19:37 apm.f5.local notice apmd[12312]: 01490005:5: /Common/test:Common:cd0ee2d4: Following rule 'fallback' from item 'Antivirus' to ending 'Deny'
Mar 11 11:19:39 apm.f5.local notice apmd[12312]: 01490102:5: /Common/test:Common:cd0ee2d4: Access policy result: Logon_Deny
Mar 11 11:19:39 apm.f5.local notice apmd[12312]: 01490248:5: /Common/test:Common:cd0ee2d4: Received client info - Hostname: DESKTOP-LFUMGVF Type: Mozilla Version: 5 Platform: Win10 CPU: x64 UI Mode: Full Javascript Support: 1 ActiveX Support: 0 Plugin Support: 0
Mar 11 11:19:39 apm.f5.local notice tmm1[17455]: 01490567:5: /Common/test:Common:cd0ee2d4: Session deleted (policy_result).
Mar 11 11:20:19 apm.f5.local notice tmm1[17455]: 01490521:5: /Common/test:Common:cd0ee2d4: Session statistics - bytes in: 128877, bytes out: 9504148
Mar 11 11:22:13 apm.f5.local notice apmd[12312]: 01490079:5: 00000000: Access policy '/Common/test' configuration has changed.Access profile '/Common/test' configuration changes need to be applied for the new configuration
Mar 11 11:22:28 apm.f5.local notice tmm[17455]: 01490511:5: /Common:00000000: Initializing Access profile /Common/test with max concurrent user sessions limit: 0
Mar 11 11:22:28 apm.f5.local notice tmm1[17455]: 01490511:5: /Common:00000000: Initializing Access profile /Common/test with max concurrent user sessions limit: 0
Mar 11 11:22:28 apm.f5.local notice tmm[17455]: 01490511:5: /Common:00000000: Initializing Access profile /Common/test with max concurrent user sessions limit: 0
Mar 11 11:22:28 apm.f5.local notice tmm1[17455]: 01490511:5: /Common:00000000: Initializing Access profile /Common/test with max concurrent user sessions limit: 0
Mar 11 11:22:28 apm.f5.local notice apmd[12312]: 01490165:5: Access profile: /Common/test initialized with configuration snapshot catalog: tmm.session.f5f5f5f5f5f5f5f5f5f5f5f5f5f5f5f5
Mar 11 11:22:29 apm.f5.local notice apmd[12312]: 01490166:5: Current snapshot ID: 1646966040 retrieved from session db for access profile: /Common/test
Mar 11 11:22:29 apm.f5.local notice apmd[12312]: 01490169:5: Snapshot catalog entry: tmm.session.f5f5f5f5f5f5f5f5f5f5f5f5f5f5f5f5./Common/test.1646966041 added for access profile: /Common/test
Mar 11 11:22:29 apm.f5.local notice apmd[12312]: 0149016a:5: Initiating snapshot creation: tmm.session.6ad616949699_10ooooooooooooooooo for access profile: /Common/test
Mar 11 11:22:29 apm.f5.local notice apmd[12312]: 0149016b:5: Completed snapshot creation: tmm.session.6ad616949699_10ooooooooooooooooo for access profile: /Common/test
Mar 11 11:22:29 apm.f5.local notice apmd[12312]: 01490167:5: Current snapshot ID: 1646966041 updated inside session db for access profile: /Common/test
Mar 11 11:22:29 apm.f5.local notice apmd[12312]: 01490101:5: 00000000: Access profile: /Common/test configuration has been applied. Newly active generation count is: 3
Mar 11 11:22:52 apm.f5.local notice tmm[17455]: 01490506:5: /Common/test:Common:8adf3945: Received User-Agent header: Mozilla%2F5.0%20(Windows%20NT%2010.0%3B%20Win64%3B%20x64)%20AppleWebKit%2F537.36%20(KHTML%2C%20like%20Gecko)%20Chrome%2F93.0.4577.63%20Safari%2F537.36.
Mar 11 11:22:52 apm.f5.local notice tmm[17455]: 01490500:5: /Common/test:Common:8adf3945: New session from client IP 58.247.201.241 (ST=Shanghai/CC=CN/C=AS) at VIP 109.101.115.10 Listener /Common/default_ssl_vpn_policy_202203102312_vs (Reputation=Unknown)
Mar 11 11:23:16 apm.f5.local notice apmd[12312]: 014902f7:5: /Common/test:Common:8adf3945:/Common/test_act_av_software_check_ag: endpoint software detected (sdk=4.3.1453.0,type=av,id=535,vendor_id=388,version=9.0.56.1,state=1,name=AhnLab V3 Internet Security,vendor_name=AhnLab, Inc.,db_signature=1372,db_version=,db_time=1578067200,last_scan=0,engine_version=2020.01.04.00,missing_updates=).
Mar 11 11:23:16 apm.f5.local notice apmd[12312]: 014902f7:5: /Common/test:Common:8adf3945:/Common/test_act_av_software_check_ag: endpoint software detected (sdk=4.3.1453.0,type=av,id=362,vendor_id=90,version=4.18.2201.10,state=,name=Windows Defender,vendor_name=Microsoft Corporation,db_signature=477,db_version=1.359.1714.0,db_time=1646905832,last_scan=0,engine_version=1.1.18900.3,missing_updates=).
Mar 11 11:23:16 apm.f5.local notice apmd[12312]: 01490005:5: /Common/test:Common:8adf3945: Following rule 'fallback' from item 'Windows Process' to ending 'Deny'
Mar 11 11:23:18 apm.f5.local notice apmd[12312]: 01490102:5: /Common/test:Common:8adf3945: Access policy result: Logon_Deny
Mar 11 11:23:18 apm.f5.local notice apmd[12312]: 01490248:5: /Common/test:Common:8adf3945: Received client info - Hostname: DESKTOP-LFUMGVF Type: Mozilla Version: 5 Platform: Win10 CPU: x64 UI Mode: Full Javascript Support: 1 ActiveX Support: 0 Plugin Support: 0
Mar 11 11:23:18 apm.f5.local notice tmm[17455]: 01490567:5: /Common/test:Common:8adf3945: Session deleted (policy_result).
Mar 11 11:23:26 apm.f5.local notice tmm1[17455]: 01490506:5: /Common/test:Common:06bd91b7: Received User-Agent header: Mozilla%2F5.0%20(Windows%20NT%2010.0%3B%20Win64%3B%20x64)%20AppleWebKit%2F537.36%20(KHTML%2C%20like%20Gecko)%20Chrome%2F93.0.4577.63%20Safari%2F537.36.
Mar 11 11:23:26 apm.f5.local notice tmm1[17455]: 01490500:5: /Common/test:Common:06bd91b7: New session from client IP 58.247.201.241 (ST=Shanghai/CC=CN/C=AS) at VIP 109.101.115.10 Listener /Common/default_ssl_vpn_policy_202203102312_vs (Reputation=Unknown)
Mar 11 11:23:54 apm.f5.local notice tmm[17455]: 01490521:5: /Common/test:Common:8adf3945: Session statistics - bytes in: 13768, bytes out: 4221
Mar 11 11:24:01 apm.f5.local notice apmd[12312]: 01490079:5: 00000000: Access policy '/Common/test' configuration has changed.Access profile '/Common/test' configuration changes need to be applied for the new configuration
Mar 11 11:24:06 apm.f5.local notice tmm1[17455]: 01490511:5: /Common:00000000: Initializing Access profile /Common/test with max concurrent user sessions limit: 0
Mar 11 11:24:06 apm.f5.local notice tmm[17455]: 01490511:5: /Common:00000000: Initializing Access profile /Common/test with max concurrent user sessions limit: 0
Mar 11 11:24:06 apm.f5.local notice tmm[17455]: 01490511:5: /Common:00000000: Initializing Access profile /Common/test with max concurrent user sessions limit: 0
Mar 11 11:24:06 apm.f5.local notice tmm1[17455]: 01490511:5: /Common:00000000: Initializing Access profile /Common/test with max concurrent user sessions limit: 0
Mar 11 11:24:06 apm.f5.local notice apmd[12312]: 01490165:5: Access profile: /Common/test initialized with configuration snapshot catalog: tmm.session.f5f5f5f5f5f5f5f5f5f5f5f5f5f5f5f5
Mar 11 11:24:07 apm.f5.local notice apmd[12312]: 01490166:5: Current snapshot ID: 1646966041 retrieved from session db for access profile: /Common/test
Mar 11 11:24:07 apm.f5.local notice apmd[12312]: 01490169:5: Snapshot catalog entry: tmm.session.f5f5f5f5f5f5f5f5f5f5f5f5f5f5f5f5./Common/test.1646966042 added for access profile: /Common/test
Mar 11 11:24:07 apm.f5.local notice apmd[12312]: 0149016a:5: Initiating snapshot creation: tmm.session.6b38161fbecd_11ooooooooooooooooo for access profile: /Common/test
Mar 11 11:24:07 apm.f5.local notice apmd[12312]: 0149016b:5: Completed snapshot creation: tmm.session.6b38161fbecd_11ooooooooooooooooo for access profile: /Common/test
Mar 11 11:24:07 apm.f5.local notice apmd[12312]: 01490167:5: Current snapshot ID: 1646966042 updated inside session db for access profile: /Common/test
Mar 11 11:24:07 apm.f5.local notice apmd[12312]: 01490101:5: 00000000: Access profile: /Common/test configuration has been applied. Newly active generation count is: 4
Mar 11 11:24:21 apm.f5.local notice tmm1[17455]: 01490567:5: /Common/test:Common:06bd91b7: Session deleted (restarted).
Mar 11 11:24:21 apm.f5.local notice tmm[17455]: 01490506:5: /Common/test:Common:8978dd34: Received User-Agent header: Mozilla%2F4.0%20(compatible%3B%20MSIE%207.0%3B%20Windows%20NT%2010.0%3B%20WOW64%3B%20Trident%2F7.0%3B%20.NET4.0C%3B%20.NET4.0E%3B%20.NET%20CLR%202.0.50727%3B%20.NET%20CLR%203.0.30729%3B%20.NET%20CLR%203.5.30729).
Mar 11 11:24:21 apm.f5.local notice tmm[17455]: 01490500:5: /Common/test:Common:8978dd34: New session from client IP 58.247.201.241 (ST=Shanghai/CC=CN/C=AS) at VIP 109.101.115.10 Listener /Common/default_ssl_vpn_policy_202203102312_vs (Reputation=Unknown)
Mar 11 11:24:21 apm.f5.local notice tmm[17455]: 01490506:5: /Common/test:Common:b3b58419: Received User-Agent header: Mozilla%2F4.0%20(compatible%3B%20MSIE%207.0%3B%20Windows%20NT%2010.0%3B%20WOW64%3B%20Trident%2F7.0%3B%20.NET4.0C%3B%20.NET4.0E%3B%20.NET%20CLR%202.0.50727%3B%20.NET%20CLR%203.0.30729%3B%20.NET%20CLR%203.5.30729).
Mar 11 11:24:21 apm.f5.local notice tmm[17455]: 01490500:5: /Common/test:Common:b3b58419: New session from client IP 58.247.201.241 (ST=Shanghai/CC=CN/C=AS) at VIP 109.101.115.10 Listener /Common/default_ssl_vpn_policy_202203102312_vs (Reputation=Unknown)
Mar 11 11:24:25 apm.f5.local notice tmm[17455]: 01490506:5: /Common/test:Common:7bfda04f: Received User-Agent header: Mozilla%2F5.0%20(Windows%20NT%2010.0%3B%20Win64%3B%20x64)%20AppleWebKit%2F537.36%20(KHTML%2C%20like%20Gecko)%20Chrome%2F93.0.4577.63%20Safari%2F537.36.
Mar 11 11:24:25 apm.f5.local notice tmm[17455]: 01490500:5: /Common/test:Common:7bfda04f: New session from client IP 58.247.201.241 (ST=Shanghai/CC=CN/C=AS) at VIP 109.101.115.10 Listener /Common/default_ssl_vpn_policy_202203102312_vs (Reputation=Unknown)
Mar 11 11:24:36 apm.f5.local notice apmd[12312]: 014902f7:5: /Common/test:Common:7bfda04f:/Common/test_act_av_software_check_ag: endpoint software detected (sdk=4.3.1453.0,type=av,id=535,vendor_id=388,version=9.0.56.1,state=1,name=AhnLab V3 Internet Security,vendor_name=AhnLab, Inc.,db_signature=1372,db_version=,db_time=1578067200,last_scan=0,engine_version=2020.01.04.00,missing_updates=).
Mar 11 11:24:36 apm.f5.local notice apmd[12312]: 014902f7:5: /Common/test:Common:7bfda04f:/Common/test_act_av_software_check_ag: endpoint software detected (sdk=4.3.1453.0,type=av,id=362,vendor_id=90,version=4.18.2201.10,state=,name=Windows Defender,vendor_name=Microsoft Corporation,db_signature=477,db_version=1.359.1714.0,db_time=1646905832,last_scan=0,engine_version=1.1.18900.3,missing_updates=).
Mar 11 11:24:57 apm.f5.local notice apmd[12312]: 01490010:5: /Common/test:Common:7bfda04f: Username 'finux@126.com'
Mar 11 11:24:57 apm.f5.local warning apmd[12312]: 01490212:4: /Common/test:Common:7bfda04f: LOCALDB agent: (logon attempt:0) authenticate with 'finux@126.com' failed
Mar 11 11:25:01 apm.f5.local notice tmm1[17455]: 01490521:5: /Common/test:Common:06bd91b7: Session statistics - bytes in: 8999, bytes out: 4862
Mar 11 11:25:11 apm.f5.local notice apmd[12312]: 01490010:5: /Common/test:Common:7bfda04f: Username 'finux@126.com'
Mar 11 11:25:11 apm.f5.local notice apmd[12312]: 01490103:5: /Common/test:Common:7bfda04f: Retry Username 'finux@126.com'
Mar 11 11:26:05 apm.f5.local notice apmd[12312]: 01490010:5: /Common/test:Common:7bfda04f: Username '1646969065'
Mar 11 11:26:05 apm.f5.local notice apmd[12312]: 01490005:5: /Common/test:Common:7bfda04f: Following rule 'fallback' from item 'Empty' to ending 'Deny'
Mar 11 11:26:05 apm.f5.local notice apmd[12312]: 01490102:5: /Common/test:Common:7bfda04f: Access policy result: Logon_Deny
Mar 11 11:26:05 apm.f5.local notice apmd[12312]: 01490248:5: /Common/test:Common:7bfda04f: Received client info - Hostname: DESKTOP-LFUMGVF Type: Mozilla Version: 5 Platform: Win10 CPU: x64 UI Mode: Full Javascript Support: 1 ActiveX Support: 0 Plugin Support: 0
Mar 11 11:26:05 apm.f5.local notice tmm[17455]: 01490567:5: /Common/test:Common:7bfda04f: Session deleted (policy_result).
Mar 11 11:26:10 apm.f5.local notice tmm1[17455]: 01490506:5: /Common/test:Common:43a27a34: Received User-Agent header: Mozilla%2F5.0%20(Windows%20NT%2010.0%3B%20Win64%3B%20x64)%20AppleWebKit%2F537.36%20(KHTML%2C%20like%20Gecko)%20Chrome%2F93.0.4577.63%20Safari%2F537.36.
Mar 11 11:26:10 apm.f5.local notice tmm1[17455]: 01490500:5: /Common/test:Common:43a27a34: New session from client IP 58.247.201.241 (ST=Shanghai/CC=CN/C=AS) at VIP 109.101.115.10 Listener /Common/default_ssl_vpn_policy_202203102312_vs (Reputation=Unknown)
Mar 11 11:26:26 apm.f5.local notice apmd[12312]: 014902f7:5: /Common/test:Common:43a27a34:/Common/test_act_av_software_check_ag: endpoint software detected (sdk=4.3.1453.0,type=av,id=535,vendor_id=388,version=9.0.56.1,state=1,name=AhnLab V3 Internet Security,vendor_name=AhnLab, Inc.,db_signature=1372,db_version=,db_time=1578067200,last_scan=0,engine_version=2020.01.04.00,missing_updates=).
Mar 11 11:26:26 apm.f5.local notice apmd[12312]: 014902f7:5: /Common/test:Common:43a27a34:/Common/test_act_av_software_check_ag: endpoint software detected (sdk=4.3.1453.0,type=av,id=362,vendor_id=90,version=4.18.2201.10,state=,name=Windows Defender,vendor_name=Microsoft Corporation,db_signature=477,db_version=1.359.1714.0,db_time=1646905832,last_scan=0,engine_version=1.1.18900.3,missing_updates=).
Mar 11 11:26:37 apm.f5.local notice apmd[12312]: 01490010:5: /Common/test:Common:43a27a34: Username 'finux@126.com'
Mar 11 11:26:40 apm.f5.local err apmd[12312]: 01490000:3: ApmD.cpp func: "sendAccessPolicyResponse()" line: 2726 Msg: 43a27a34: duplicated request dropped
Mar 11 11:26:40 apm.f5.local notice tmm1[17455]: 01490501:5: /Common/test:Common:43a27a34: Session deleted due to user logout request.
Mar 11 11:26:42 apm.f5.local notice tmm[17455]: 01490506:5: /Common/test:Common:f6307347: Received User-Agent header: Mozilla%2F5.0%20(Windows%20NT%2010.0%3B%20Win64%3B%20x64)%20AppleWebKit%2F537.36%20(KHTML%2C%20like%20Gecko)%20Chrome%2F93.0.4577.63%20Safari%2F537.36.
Mar 11 11:26:42 apm.f5.local notice tmm[17455]: 01490500:5: /Common/test:Common:f6307347: New session from client IP 58.247.201.241 (ST=Shanghai/CC=CN/C=AS) at VIP 109.101.115.10 Listener /Common/default_ssl_vpn_policy_202203102312_vs (Reputation=Unknown)
Mar 11 11:26:46 apm.f5.local notice tmm[17455]: 01490521:5: /Common/test:Common:7bfda04f: Session statistics - bytes in: 20800, bytes out: 5817
Mar 11 11:27:13 apm.f5.local notice tmm1[17455]: 01490521:5: /Common/test:Common:43a27a34: Session statistics - bytes in: 17495, bytes out: 5019
Mar 11 11:27:18 apm.f5.local notice apmd[12312]: 014902f7:5: /Common/test:Common:f6307347:/Common/test_act_av_software_check_ag: endpoint software detected (sdk=4.3.1453.0,type=av,id=535,vendor_id=388,version=9.0.56.1,state=1,name=AhnLab V3 Internet Security,vendor_name=AhnLab, Inc.,db_signature=1372,db_version=,db_time=1578067200,last_scan=0,engine_version=2020.01.04.00,missing_updates=).
Mar 11 11:27:18 apm.f5.local notice apmd[12312]: 014902f7:5: /Common/test:Common:f6307347:/Common/test_act_av_software_check_ag: endpoint software detected (sdk=4.3.1453.0,type=av,id=362,vendor_id=90,version=4.18.2201.10,state=,name=Windows Defender,vendor_name=Microsoft Corporation,db_signature=477,db_version=1.359.1714.0,db_time=1646905832,last_scan=0,engine_version=1.1.18900.3,missing_updates=).
Mar 11 11:27:28 apm.f5.local notice apmd[12312]: 01490010:5: /Common/test:Common:f6307347: Username 'finux@126.com'
Mar 11 11:27:48 apm.f5.local notice apmd[12312]: 01490010:5: /Common/test:Common:f6307347: Username '1646969202'
Mar 11 11:27:48 apm.f5.local notice apmd[12312]: 01490005:5: /Common/test:Common:f6307347: Following rule 'fallback' from item 'Empty' to ending 'Deny'
Mar 11 11:27:48 apm.f5.local notice apmd[12312]: 01490102:5: /Common/test:Common:f6307347: Access policy result: Logon_Deny
Mar 11 11:27:48 apm.f5.local notice apmd[12312]: 01490248:5: /Common/test:Common:f6307347: Received client info - Hostname: DESKTOP-LFUMGVF Type: Mozilla Version: 5 Platform: Win10 CPU: x64 UI Mode: Full Javascript Support: 1 ActiveX Support: 0 Plugin Support: 0
Mar 11 11:27:48 apm.f5.local notice tmm[17455]: 01490567:5: /Common/test:Common:f6307347: Session deleted (policy_result).
Mar 11 11:28:18 apm.f5.local notice localdbmgr[12342]: 01ab0105:5: Updated DB for Admin triggered changes to user /Common/ssl_vpn_localdb_202203102317:finux@126.com
Mar 11 11:28:22 apm.f5.local notice tmm[17455]: 01490521:5: /Common/test:Common:f6307347: Session statistics - bytes in: 18970, bytes out: 5418
Mar 11 11:29:30 apm.f5.local notice tmm[17455]: 01490502:5: /Common/test:Common:b3b58419: Session deleted due to user inactivity.
Mar 11 11:29:49 apm.f5.local notice tmm[17455]: 01490502:5: /Common/test:Common:8978dd34: Session deleted due to user inactivity.
Mar 11 11:30:11 apm.f5.local notice tmm[17455]: 01490521:5: /Common/test:Common:b3b58419: Session statistics - bytes in: 912, bytes out: 399
Mar 11 11:30:30 apm.f5.local notice tmm[17455]: 01490521:5: /Common/test:Common:8978dd34: Session statistics - bytes in: 952, bytes out: 399
Mar 11 11:32:16 apm.f5.local notice apmd[12312]: 01490079:5: 00000000: Access policy '/Common/test' configuration has changed.Access profile '/Common/test' configuration changes need to be applied for the new configuration
Mar 11 11:32:57 apm.f5.local notice tmm[17455]: 01490511:5: /Common:00000000: Initializing Access profile /Common/test with max concurrent user sessions limit: 0
Mar 11 11:32:57 apm.f5.local notice tmm1[17455]: 01490511:5: /Common:00000000: Initializing Access profile /Common/test with max concurrent user sessions limit: 0
Mar 11 11:32:57 apm.f5.local notice tmm[17455]: 01490511:5: /Common:00000000: Initializing Access profile /Common/test with max concurrent user sessions limit: 0
Mar 11 11:32:57 apm.f5.local notice tmm1[17455]: 01490511:5: /Common:00000000: Initializing Access profile /Common/test with max concurrent user sessions limit: 0
Mar 11 11:32:57 apm.f5.local notice apmd[12312]: 01490165:5: Access profile: /Common/test initialized with configuration snapshot catalog: tmm.session.f5f5f5f5f5f5f5f5f5f5f5f5f5f5f5f5
Mar 11 11:32:57 apm.f5.local notice apmd[12312]: 01490166:5: Current snapshot ID: 1646966042 retrieved from session db for access profile: /Common/test
Mar 11 11:32:57 apm.f5.local notice apmd[12312]: 01490169:5: Snapshot catalog entry: tmm.session.f5f5f5f5f5f5f5f5f5f5f5f5f5f5f5f5./Common/test.1646966043 added for access profile: /Common/test
Mar 11 11:32:57 apm.f5.local notice apmd[12312]: 0149016a:5: Initiating snapshot creation: tmm.session.6d4b4fae3aa_12oooooooooooooooooo for access profile: /Common/test
Mar 11 11:32:57 apm.f5.local notice apmd[12312]: 0149016b:5: Completed snapshot creation: tmm.session.6d4b4fae3aa_12oooooooooooooooooo for access profile: /Common/test
Mar 11 11:32:57 apm.f5.local notice apmd[12312]: 01490167:5: Current snapshot ID: 1646966043 updated inside session db for access profile: /Common/test
Mar 11 11:32:57 apm.f5.local notice apmd[12312]: 01490101:5: 00000000: Access profile: /Common/test configuration has been applied. Newly active generation count is: 5
Mar 11 11:33:03 apm.f5.local notice tmm1[17455]: 01490506:5: /Common/test:Common:066e52c8: Received User-Agent header: Mozilla%2F5.0%20(Windows%20NT%2010.0%3B%20Win64%3B%20x64)%20AppleWebKit%2F537.36%20(KHTML%2C%20like%20Gecko)%20Chrome%2F93.0.4577.63%20Safari%2F537.36.
Mar 11 11:33:03 apm.f5.local notice tmm1[17455]: 01490500:5: /Common/test:Common:066e52c8: New session from client IP 58.247.201.241 (ST=Shanghai/CC=CN/C=AS) at VIP 109.101.115.10 Listener /Common/default_ssl_vpn_policy_202203102312_vs (Reputation=Unknown)
Mar 11 11:33:27 apm.f5.local notice apmd[12312]: 014902f7:5: /Common/test:Common:066e52c8:/Common/test_act_av_software_check_ag: endpoint software detected (sdk=4.3.1453.0,type=av,id=535,vendor_id=388,version=9.0.56.1,state=1,name=AhnLab V3 Internet Security,vendor_name=AhnLab, Inc.,db_signature=1372,db_version=,db_time=1578067200,last_scan=0,engine_version=2020.01.04.00,missing_updates=).
Mar 11 11:33:27 apm.f5.local notice apmd[12312]: 014902f7:5: /Common/test:Common:066e52c8:/Common/test_act_av_software_check_ag: endpoint software detected (sdk=4.3.1453.0,type=av,id=362,vendor_id=90,version=4.18.2201.10,state=,name=Windows Defender,vendor_name=Microsoft Corporation,db_signature=477,db_version=1.359.1714.0,db_time=1646905832,last_scan=0,engine_version=1.1.18900.3,missing_updates=).
Mar 11 11:33:41 apm.f5.local notice apmd[12312]: 01490010:5: /Common/test:Common:066e52c8: Username 'finux@126.com'
Mar 11 11:34:03 apm.f5.local notice apmd[12312]: 01490010:5: /Common/test:Common:066e52c8: Username '1646969583'
Mar 11 11:34:03 apm.f5.local notice apmd[12312]: 01490008:5: /Common/test:Common:066e52c8: Connectivity resource '/Common/default_ssl_vpn_policy_202203102312_na_res' assigned
Mar 11 11:34:03 apm.f5.local notice apmd[12312]: 01490005:5: /Common/test:Common:066e52c8: Following rule 'fallback' from item 'Advanced Resource Assign' to ending 'Allow'
Mar 11 11:34:03 apm.f5.local err apmd[12312]: 0149013e:3: /Common/test:Common:066e52c8: Allow agent: Logon denied due to validation error, Error Code: 3000 (No Webtop)
Mar 11 11:34:03 apm.f5.local notice apmd[12312]: 01490248:5: /Common/test:Common:066e52c8: Received client info - Hostname: DESKTOP-LFUMGVF Type: Mozilla Version: 5 Platform: Win10 CPU: x64 UI Mode: Full Javascript Support: 1 ActiveX Support: 0 Plugin Support: 0
Mar 11 11:34:03 apm.f5.local notice tmm1[17455]: 01490567:5: /Common/test:Common:066e52c8: Session deleted (policy_result).
Mar 11 11:34:10 apm.f5.local notice tmm1[17455]: 01490506:5: /Common/test:Common:a4085c9b: Received User-Agent header: Mozilla%2F5.0%20(Windows%20NT%2010.0%3B%20Win64%3B%20x64)%20AppleWebKit%2F537.36%20(KHTML%2C%20like%20Gecko)%20Chrome%2F93.0.4577.63%20Safari%2F537.36.
Mar 11 11:34:10 apm.f5.local notice tmm1[17455]: 01490500:5: /Common/test:Common:a4085c9b: New session from client IP 58.247.201.241 (ST=Shanghai/CC=CN/C=AS) at VIP 109.101.115.10 Listener /Common/default_ssl_vpn_policy_202203102312_vs (Reputation=Unknown)
Mar 11 11:34:41 apm.f5.local notice tmm1[17455]: 01490521:5: /Common/test:Common:066e52c8: Session statistics - bytes in: 17514, bytes out: 5019
Mar 11 11:35:20 apm.f5.local notice tmm1[17455]: 01490567:5: /Common/test:Common:a4085c9b: Session deleted (restarted).
Mar 11 11:35:20 apm.f5.local notice tmm[17455]: 01490506:5: /Common/test:Common:c09c8d42: Received User-Agent header: Mozilla%2F4.0%20(compatible%3B%20MSIE%207.0%3B%20Windows%20NT%2010.0%3B%20WOW64%3B%20Trident%2F7.0%3B%20.NET4.0C%3B%20.NET4.0E%3B%20.NET%20CLR%202.0.50727%3B%20.NET%20CLR%203.0.30729%3B%20.NET%20CLR%203.5.30729).
Mar 11 11:35:20 apm.f5.local notice tmm[17455]: 01490500:5: /Common/test:Common:c09c8d42: New session from client IP 58.247.201.241 (ST=Shanghai/CC=CN/C=AS) at VIP 109.101.115.10 Listener /Common/default_ssl_vpn_policy_202203102312_vs (Reputation=Unknown)
Mar 11 11:35:23 apm.f5.local notice tmm1[17455]: 01490506:5: /Common/test:Common:2606d736: Received User-Agent header: Mozilla%2F4.0%20(compatible%3B%20MSIE%207.0%3B%20Windows%20NT%2010.0%3B%20WOW64%3B%20Trident%2F7.0%3B%20.NET4.0C%3B%20.NET4.0E%3B%20.NET%20CLR%202.0.50727%3B%20.NET%20CLR%203.0.30729%3B%20.NET%20CLR%203.5.30729).
Mar 11 11:35:23 apm.f5.local notice tmm1[17455]: 01490500:5: /Common/test:Common:2606d736: New session from client IP 58.247.201.241 (ST=Shanghai/CC=CN/C=AS) at VIP 109.101.115.10 Listener /Common/default_ssl_vpn_policy_202203102312_vs (Reputation=Unknown)
Mar 11 11:35:26 apm.f5.local notice tmm[17455]: 01490506:5: /Common/test:Common:f87fd069: Received User-Agent header: Mozilla%2F5.0%20(Windows%20NT%2010.0%3B%20Win64%3B%20x64)%20AppleWebKit%2F537.36%20(KHTML%2C%20like%20Gecko)%20Chrome%2F93.0.4577.63%20Safari%2F537.36.
Mar 11 11:35:26 apm.f5.local notice tmm[17455]: 01490500:5: /Common/test:Common:f87fd069: New session from client IP 58.247.201.241 (ST=Shanghai/CC=CN/C=AS) at VIP 109.101.115.10 Listener /Common/default_ssl_vpn_policy_202203102312_vs (Reputation=Unknown)
Mar 11 11:35:58 apm.f5.local notice tmm1[17455]: 01490521:5: /Common/test:Common:a4085c9b: Session statistics - bytes in: 58790, bytes out: 3657536
Mar 11 11:36:19 apm.f5.local notice apmd[12312]: 014902f7:5: /Common/test:Common:f87fd069:/Common/test_act_av_software_check_ag: endpoint software detected (sdk=4.3.1453.0,type=av,id=535,vendor_id=388,version=9.0.56.1,state=1,name=AhnLab V3 Internet Security,vendor_name=AhnLab, Inc.,db_signature=1372,db_version=,db_time=1578067200,last_scan=0,engine_version=2020.01.04.00,missing_updates=).
Mar 11 11:36:19 apm.f5.local notice apmd[12312]: 014902f7:5: /Common/test:Common:f87fd069:/Common/test_act_av_software_check_ag: endpoint software detected (sdk=4.3.1453.0,type=av,id=362,vendor_id=90,version=4.18.2201.10,state=,name=Windows Defender,vendor_name=Microsoft Corporation,db_signature=477,db_version=1.359.1714.0,db_time=1646905832,last_scan=0,engine_version=1.1.18900.3,missing_updates=).
Mar 11 11:36:33 apm.f5.local notice apmd[12312]: 01490079:5: 00000000: Access policy '/Common/test' configuration has changed.Access profile '/Common/test' configuration changes need to be applied for the new configuration
Mar 11 11:36:41 apm.f5.local notice tmm1[17455]: 01490511:5: /Common:00000000: Initializing Access profile /Common/test with max concurrent user sessions limit: 0
Mar 11 11:36:41 apm.f5.local notice tmm1[17455]: 01490511:5: /Common:00000000: Initializing Access profile /Common/test with max concurrent user sessions limit: 0
Mar 11 11:36:41 apm.f5.local notice tmm[17455]: 01490511:5: /Common:00000000: Initializing Access profile /Common/test with max concurrent user sessions limit: 0
Mar 11 11:36:41 apm.f5.local notice tmm[17455]: 01490511:5: /Common:00000000: Initializing Access profile /Common/test with max concurrent user sessions limit: 0
Mar 11 11:36:41 apm.f5.local notice apmd[12312]: 01490165:5: Access profile: /Common/test initialized with configuration snapshot catalog: tmm.session.f5f5f5f5f5f5f5f5f5f5f5f5f5f5f5f5
Mar 11 11:36:41 apm.f5.local notice apmd[12312]: 01490166:5: Current snapshot ID: 1646966043 retrieved from session db for access profile: /Common/test
Mar 11 11:36:41 apm.f5.local notice apmd[12312]: 01490169:5: Snapshot catalog entry: tmm.session.f5f5f5f5f5f5f5f5f5f5f5f5f5f5f5f5./Common/test.1646966044 added for access profile: /Common/test
Mar 11 11:36:41 apm.f5.local notice apmd[12312]: 0149016a:5: Initiating snapshot creation: tmm.session.6e2a32f21727_13ooooooooooooooooo for access profile: /Common/test
Mar 11 11:36:41 apm.f5.local notice apmd[12312]: 0149016b:5: Completed snapshot creation: tmm.session.6e2a32f21727_13ooooooooooooooooo for access profile: /Common/test
Mar 11 11:36:41 apm.f5.local notice apmd[12312]: 01490167:5: Current snapshot ID: 1646966044 updated inside session db for access profile: /Common/test
Mar 11 11:36:41 apm.f5.local notice apmd[12312]: 01490101:5: 00000000: Access profile: /Common/test configuration has been applied. Newly active generation count is: 6
Mar 11 11:37:03 apm.f5.local notice apmd[12312]: 01490010:5: /Common/test:Common:f87fd069: Username 'finux@126.com'
Mar 11 11:37:26 apm.f5.local notice apmd[12312]: 01490010:5: /Common/test:Common:f87fd069: Username '1646969726'
Mar 11 11:37:26 apm.f5.local notice apmd[12312]: 01490008:5: /Common/test:Common:f87fd069: Connectivity resource '/Common/default_ssl_vpn_policy_202203102312_na_res' assigned
Mar 11 11:37:26 apm.f5.local notice apmd[12312]: 01490005:5: /Common/test:Common:f87fd069: Following rule 'fallback' from item 'Advanced Resource Assign' to ending 'Allow'
Mar 11 11:37:26 apm.f5.local err apmd[12312]: 0149013e:3: /Common/test:Common:f87fd069: Allow agent: Logon denied due to validation error, Error Code: 3000 (No Webtop)
Mar 11 11:37:26 apm.f5.local notice apmd[12312]: 01490248:5: /Common/test:Common:f87fd069: Received client info - Hostname: DESKTOP-LFUMGVF Type: Mozilla Version: 5 Platform: Win10 CPU: x64 UI Mode: Full Javascript Support: 1 ActiveX Support: 0 Plugin Support: 0
Mar 11 11:37:26 apm.f5.local notice tmm[17455]: 01490567:5: /Common/test:Common:f87fd069: Session deleted (policy_result).
Mar 11 11:37:59 apm.f5.local notice tmm[17455]: 01490521:5: /Common/test:Common:f87fd069: Session statistics - bytes in: 18725, bytes out: 5043
Mar 11 11:40:29 apm.f5.local notice tmm1[17455]: 01490502:5: /Common/test:Common:2606d736: Session deleted due to user inactivity.
