Mar 13 10:19:33 apm.f5.local notice apmd[12353]: 01490248:5: /Common/default_ssl_vpn_policy_202203102312:Common:dd81e1ca: Received client info - Hostname: DESKTOP-OKGJETB Type: IE Version: 11 Platform: Win10 CPU: WOW64 UI Mode: Full Javascript Support: 1 ActiveX Support: 1 Plugin Support: 0
Mar 13 10:19:33 apm.f5.local notice tmm[17534]: 01490567:5: /Common/default_ssl_vpn_policy_202203102312:Common:dd81e1ca: Session deleted (policy_result).
Mar 13 10:19:58 apm.f5.local notice tmm[17534]: 01490506:5: /Common/default_ssl_vpn_policy_202203102312:Common:b299af33: Received User-Agent header: Mozilla%2F5.0%20(Windows%20NT%2010.0%3B%20Win64%3B%20x64)%20AppleWebKit%2F537.36%20(KHTML%2C%20like%20Gecko)%20Chrome%2F99.0.4844.51%20Safari%2F537.36.
Mar 13 10:19:58 apm.f5.local notice tmm[17534]: 01490500:5: /Common/default_ssl_vpn_policy_202203102312:Common:b299af33: New session from client IP 58.247.201.250 (ST=Shanghai/CC=CN/C=AS) at VIP 109.101.115.10 Listener /Common/default_ssl_vpn_policy_202203102312_vs (Reputation=Unknown)
Mar 13 10:20:08 apm.f5.local notice tmm[17534]: 01490521:5: /Common/default_ssl_vpn_policy_202203102312:Common:dd81e1ca: Session statistics - bytes in: 9819, bytes out: 3782
Mar 13 10:20:13 apm.f5.local notice apmd[12353]: 014902f7:5: /Common/default_ssl_vpn_policy_202203102312:Common:b299af33:/Common/default_ssl_vpn_policy_202203102312_act_av_software_check_ag: endpoint software detected (sdk=4.3.1453.0,type=av,id=535,vendor_id=388,version=9.0.69.1,state=0,name=AhnLab V3 Internet Security,vendor_name=AhnLab, Inc.,db_signature=1372,db_version=,db_time=1647104400,last_scan=0,engine_version=2022.03.13.01,missing_updates=).
Mar 13 10:20:13 apm.f5.local notice apmd[12353]: 014902f7:5: /Common/default_ssl_vpn_policy_202203102312:Common:b299af33:/Common/default_ssl_vpn_policy_202203102312_act_av_software_check_ag: endpoint software detected (sdk=4.3.1453.0,type=av,id=362,vendor_id=90,version=4.18.2201.10,state=,name=Windows Defender,vendor_name=Microsoft Corporation,db_signature=477,db_version=1.359.1714.0,db_time=1646905832,last_scan=0,engine_version=1.1.18900.3,missing_updates=).
Mar 13 10:20:13 apm.f5.local notice apmd[12353]: 01490005:5: /Common/default_ssl_vpn_policy_202203102312:Common:b299af33: Following rule 'fallback' from item 'Antivirus' to ending 'Deny'
Mar 13 10:20:14 apm.f5.local notice apmd[12353]: 01490102:5: /Common/default_ssl_vpn_policy_202203102312:Common:b299af33: Access policy result: Logon_Deny
Mar 13 10:20:14 apm.f5.local notice apmd[12353]: 01490248:5: /Common/default_ssl_vpn_policy_202203102312:Common:b299af33: Received client info - Hostname: DESKTOP-OKGJETB Type: Mozilla Version: 5 Platform: Win10 CPU: x64 UI Mode: Full Javascript Support: 1 ActiveX Support: 0 Plugin Support: 0
Mar 13 10:20:14 apm.f5.local notice tmm[17534]: 01490567:5: /Common/default_ssl_vpn_policy_202203102312:Common:b299af33: Session deleted (policy_result).
Mar 13 10:20:19 apm.f5.local notice tmm[17534]: 01490506:5: /Common/default_ssl_vpn_policy_202203102312:Common:3734d926: Received User-Agent header: Mozilla%2F5.0%20(Windows%20NT%2010.0%3B%20Win64%3B%20x64)%20AppleWebKit%2F537.36%20(KHTML%2C%20like%20Gecko)%20Chrome%2F99.0.4844.51%20Safari%2F537.36.
Mar 13 10:20:19 apm.f5.local notice tmm[17534]: 01490500:5: /Common/default_ssl_vpn_policy_202203102312:Common:3734d926: New session from client IP 58.247.201.250 (ST=Shanghai/CC=CN/C=AS) at VIP 109.101.115.10 Listener /Common/default_ssl_vpn_policy_202203102312_vs (Reputation=Unknown)
Mar 13 10:20:53 apm.f5.local notice tmm[17534]: 01490521:5: /Common/default_ssl_vpn_policy_202203102312:Common:b299af33: Session statistics - bytes in: 22705, bytes out: 121217
Mar 13 10:21:20 apm.f5.local notice tmm1[17534]: 01490502:5: /Common/default_ssl_vpn_policy_202203102312:Common:3dc4a1a1: Session deleted due to user inactivity.
Mar 13 10:21:31 apm.f5.local notice tmm1[17534]: 01490502:5: /Common/default_ssl_vpn_policy_202203102312:Common:d1a0466f: Session deleted due to user inactivity.
Mar 13 10:21:32 apm.f5.local notice tmm[17534]: 01490502:5: /Common/default_ssl_vpn_policy_202203102312:Common:ec4d7aa1: Session deleted due to user inactivity.
Mar 13 10:21:32 apm.f5.local notice apmd[12353]: 014902f7:5: /Common/default_ssl_vpn_policy_202203102312:Common:3734d926:/Common/default_ssl_vpn_policy_202203102312_act_av_software_check_ag: endpoint software detected (sdk=4.3.1453.0,type=av,id=535,vendor_id=388,version=9.0.69.1,state=0,name=AhnLab V3 Internet Security,vendor_name=AhnLab, Inc.,db_signature=1372,db_version=,db_time=1647104400,last_scan=0,engine_version=2022.03.13.01,missing_updates=).
Mar 13 10:21:32 apm.f5.local notice apmd[12353]: 014902f7:5: /Common/default_ssl_vpn_policy_202203102312:Common:3734d926:/Common/default_ssl_vpn_policy_202203102312_act_av_software_check_ag: endpoint software detected (sdk=4.3.1453.0,type=av,id=362,vendor_id=90,version=4.18.2201.10,state=,name=Windows Defender,vendor_name=Microsoft Corporation,db_signature=477,db_version=1.359.1714.0,db_time=1646905832,last_scan=0,engine_version=1.1.18900.3,missing_updates=).
Mar 13 10:21:32 apm.f5.local notice apmd[12353]: 01490005:5: /Common/default_ssl_vpn_policy_202203102312:Common:3734d926: Following rule 'fallback' from item 'Antivirus' to ending 'Deny'
Mar 13 10:21:34 apm.f5.local notice apmd[12353]: 01490102:5: /Common/default_ssl_vpn_policy_202203102312:Common:3734d926: Access policy result: Logon_Deny
Mar 13 10:21:34 apm.f5.local notice apmd[12353]: 01490248:5: /Common/default_ssl_vpn_policy_202203102312:Common:3734d926: Received client info - Hostname: DESKTOP-OKGJETB Type: Mozilla Version: 5 Platform: Win10 CPU: x64 UI Mode: Full Javascript Support: 1 ActiveX Support: 0 Plugin Support: 0
Mar 13 10:21:34 apm.f5.local notice tmm[17534]: 01490567:5: /Common/default_ssl_vpn_policy_202203102312:Common:3734d926: Session deleted (policy_result).
Mar 13 10:21:36 apm.f5.local notice apmd[12353]: 01490079:5: 00000000: Access policy '/Common/default_ssl_vpn_policy_202203102312' configuration has changed.Access profile '/Common/default_ssl_vpn_policy_202203102312' configuration changes need to be applied for the new configuration
Mar 13 10:21:41 apm.f5.local notice tmm1[17534]: 01490502:5: /Common/default_ssl_vpn_policy_202203102312:Common:207e7713: Session deleted due to user inactivity.
Mar 13 10:21:46 apm.f5.local notice tmm[17534]: 01490502:5: /Common/default_ssl_vpn_policy_202203102312:Common:754e2b2a: Session deleted due to user inactivity.
Mar 13 10:21:59 apm.f5.local notice tmm[17534]: 01490502:5: /Common/default_ssl_vpn_policy_202203102312:Common:0ca8c0b8: Session deleted due to user inactivity.
Mar 13 10:22:01 apm.f5.local notice tmm1[17534]: 01490521:5: /Common/default_ssl_vpn_policy_202203102312:Common:3dc4a1a1: Session statistics - bytes in: 946, bytes out: 399
Mar 13 10:22:02 apm.f5.local notice tmm1[17534]: 01490506:5: /Common/default_ssl_vpn_policy_202203102312:Common:6f7b8bb6: Received User-Agent header: Mozilla%2F5.0%20(Windows%20NT%2010.0%3B%20Win64%3B%20x64)%20AppleWebKit%2F537.36%20(KHTML%2C%20like%20Gecko)%20Chrome%2F99.0.4844.51%20Safari%2F537.36.
Mar 13 10:22:02 apm.f5.local notice tmm1[17534]: 01490500:5: /Common/default_ssl_vpn_policy_202203102312:Common:6f7b8bb6: New session from client IP 58.247.201.250 (ST=Shanghai/CC=CN/C=AS) at VIP 109.101.115.10 Listener /Common/default_ssl_vpn_policy_202203102312_vs (Reputation=Unknown)
Mar 13 10:22:07 apm.f5.local notice tmm[17534]: 01490521:5: /Common/default_ssl_vpn_policy_202203102312:Common:3734d926: Session statistics - bytes in: 53554, bytes out: 3658185
Mar 13 10:22:12 apm.f5.local notice tmm1[17534]: 01490521:5: /Common/default_ssl_vpn_policy_202203102312:Common:d1a0466f: Session statistics - bytes in: 906, bytes out: 399
Mar 13 10:22:13 apm.f5.local notice apmd[12353]: 014902f7:5: /Common/default_ssl_vpn_policy_202203102312:Common:6f7b8bb6:/Common/default_ssl_vpn_policy_202203102312_act_av_software_check_ag: endpoint software detected (sdk=4.3.1453.0,type=av,id=535,vendor_id=388,version=9.0.69.1,state=0,name=AhnLab V3 Internet Security,vendor_name=AhnLab, Inc.,db_signature=1372,db_version=,db_time=1647104400,last_scan=0,engine_version=2022.03.13.01,missing_updates=).
Mar 13 10:22:13 apm.f5.local notice apmd[12353]: 014902f7:5: /Common/default_ssl_vpn_policy_202203102312:Common:6f7b8bb6:/Common/default_ssl_vpn_policy_202203102312_act_av_software_check_ag: endpoint software detected (sdk=4.3.1453.0,type=av,id=362,vendor_id=90,version=4.18.2201.10,state=,name=Windows Defender,vendor_name=Microsoft Corporation,db_signature=477,db_version=1.359.1714.0,db_time=1646905832,last_scan=0,engine_version=1.1.18900.3,missing_updates=).
Mar 13 10:22:13 apm.f5.local notice apmd[12353]: 01490005:5: /Common/default_ssl_vpn_policy_202203102312:Common:6f7b8bb6: Following rule 'fallback' from item 'Antivirus' to ending 'Deny'
Mar 13 10:22:13 apm.f5.local notice tmm[17534]: 01490521:5: /Common/default_ssl_vpn_policy_202203102312:Common:ec4d7aa1: Session statistics - bytes in: 946, bytes out: 399
Mar 13 10:22:14 apm.f5.local notice apmd[12353]: 01490102:5: /Common/default_ssl_vpn_policy_202203102312:Common:6f7b8bb6: Access policy result: Logon_Deny
Mar 13 10:22:14 apm.f5.local notice apmd[12353]: 01490248:5: /Common/default_ssl_vpn_policy_202203102312:Common:6f7b8bb6: Received client info - Hostname: DESKTOP-OKGJETB Type: Mozilla Version: 5 Platform: Win10 CPU: x64 UI Mode: Full Javascript Support: 1 ActiveX Support: 0 Plugin Support: 0
Mar 13 10:22:14 apm.f5.local notice tmm1[17534]: 01490567:5: /Common/default_ssl_vpn_policy_202203102312:Common:6f7b8bb6: Session deleted (policy_result).
Mar 13 10:22:22 apm.f5.local notice tmm1[17534]: 01490521:5: /Common/default_ssl_vpn_policy_202203102312:Common:207e7713: Session statistics - bytes in: 946, bytes out: 399
Mar 13 10:22:27 apm.f5.local notice tmm[17534]: 01490521:5: /Common/default_ssl_vpn_policy_202203102312:Common:754e2b2a: Session statistics - bytes in: 906, bytes out: 399
Mar 13 10:22:40 apm.f5.local notice tmm[17534]: 01490521:5: /Common/default_ssl_vpn_policy_202203102312:Common:0ca8c0b8: Session statistics - bytes in: 10876, bytes out: 6837
Mar 13 10:22:52 apm.f5.local notice tmm1[17534]: 01490521:5: /Common/default_ssl_vpn_policy_202203102312:Common:6f7b8bb6: Session statistics - bytes in: 17515, bytes out: 22315
Mar 13 10:23:09 apm.f5.local notice tmm[17534]: 01490506:5: /Common/default_ssl_vpn_policy_202203102312:Common:b3dce7cd: Received User-Agent header: Mozilla%2F4.0%20(compatible%3B%20MSIE%207.0%3B%20Windows%20NT%2010.0%3B%20WOW64%3B%20Trident%2F7.0%3B%20.NET4.0C%3B%20.NET4.0E%3B%20.NET%20CLR%202.0.50727%3B%20.NET%20CLR%203.0.30729%3B%20.NET%20CLR%203.5.30729).
Mar 13 10:23:09 apm.f5.local notice tmm[17534]: 01490500:5: /Common/default_ssl_vpn_policy_202203102312:Common:b3dce7cd: New session from client IP 58.247.201.250 (ST=Shanghai/CC=CN/C=AS) at VIP 109.101.115.10 Listener /Common/default_ssl_vpn_policy_202203102312_vs (Reputation=Unknown)
Mar 13 10:23:12 apm.f5.local notice tmm1[17534]: 01490506:5: /Common/default_ssl_vpn_policy_202203102312:Common:1e4966ba: Received User-Agent header: Mozilla%2F5.0%20(Windows%20NT%2010.0%3B%20Win64%3B%20x64%3B%20rv%3A98.0)%20Gecko%2F20100101%20Firefox%2F98.0.
Mar 13 10:23:12 apm.f5.local notice tmm1[17534]: 01490500:5: /Common/default_ssl_vpn_policy_202203102312:Common:1e4966ba: New session from client IP 112.64.119.249 (ST=Shanghai/CC=CN/C=AS) at VIP 109.101.115.10 Listener /Common/default_ssl_vpn_policy_202203102312_vs (Reputation=Unknown)
Mar 13 10:23:20 apm.f5.local notice apmd[12353]: 014902f7:5: /Common/default_ssl_vpn_policy_202203102312:Common:b3dce7cd:/Common/default_ssl_vpn_policy_202203102312_act_av_software_check_ag: endpoint software detected (sdk=4.3.1453.0,type=av,id=535,vendor_id=388,version=9.0.69.1,state=0,name=AhnLab V3 Internet Security,vendor_name=AhnLab, Inc.,db_signature=1372,db_version=,db_time=1647104400,last_scan=0,engine_version=2022.03.13.01,missing_updates=).
Mar 13 10:23:20 apm.f5.local notice apmd[12353]: 014902f7:5: /Common/default_ssl_vpn_policy_202203102312:Common:b3dce7cd:/Common/default_ssl_vpn_policy_202203102312_act_av_software_check_ag: endpoint software detected (sdk=4.3.1453.0,type=av,id=362,vendor_id=90,version=4.18.2201.10,state=,name=Windows Defender,vendor_name=Microsoft Corporation,db_signature=477,db_version=1.359.1714.0,db_time=1646905832,last_scan=0,engine_version=1.1.18900.3,missing_updates=).
Mar 13 10:23:20 apm.f5.local notice apmd[12353]: 01490005:5: /Common/default_ssl_vpn_policy_202203102312:Common:b3dce7cd: Following rule 'fallback' from item 'Antivirus' to ending 'Deny'
Mar 13 10:23:21 apm.f5.local notice apmd[12353]: 01490102:5: /Common/default_ssl_vpn_policy_202203102312:Common:b3dce7cd: Access policy result: Logon_Deny
Mar 13 10:23:21 apm.f5.local notice apmd[12353]: 01490248:5: /Common/default_ssl_vpn_policy_202203102312:Common:b3dce7cd: Received client info - Hostname: DESKTOP-OKGJETB Type: IE Version: 11 Platform: Win10 CPU: WOW64 UI Mode: Full Javascript Support: 1 ActiveX Support: 1 Plugin Support: 0
Mar 13 10:23:21 apm.f5.local notice tmm[17534]: 01490567:5: /Common/default_ssl_vpn_policy_202203102312:Common:b3dce7cd: Session deleted (policy_result).
Mar 13 10:23:58 apm.f5.local notice tmm[17534]: 01490521:5: /Common/default_ssl_vpn_policy_202203102312:Common:b3dce7cd: Session statistics - bytes in: 9859, bytes out: 3782
Mar 13 10:24:34 apm.f5.local notice tmm[17534]: 01490506:5: /Common/default_ssl_vpn_policy_202203102312:Common:edf8c785: Received User-Agent header: Mozilla%2F5.0%20(Windows%20NT%2010.0%3B%20WOW64%3B%20Trident%2F7.0%3B%20rv%3A11.0)%20like%20Gecko.
Mar 13 10:24:34 apm.f5.local notice tmm[17534]: 01490500:5: /Common/default_ssl_vpn_policy_202203102312:Common:edf8c785: New session from client IP 112.64.119.249 (ST=Shanghai/CC=CN/C=AS) at VIP 109.101.115.10 Listener /Common/default_ssl_vpn_policy_202203102312_vs (Reputation=Unknown)
Mar 13 10:24:40 apm.f5.local notice tmm1[17534]: 01490506:5: /Common/default_ssl_vpn_policy_202203102312:Common:bccc8ce4: Received User-Agent header: Mozilla%2F4.0%20(compatible%3B%20MSIE%207.0%3B%20Windows%20NT%2010.0%3B%20WOW64%3B%20Trident%2F7.0%3B%20.NET4.0C%3B%20.NET4.0E%3B%20.NET%20CLR%202.0.50727%3B%20.NET%20CLR%203.0.30729%3B%20.NET%20CLR%203.5.30729).
Mar 13 10:24:40 apm.f5.local notice tmm1[17534]: 01490500:5: /Common/default_ssl_vpn_policy_202203102312:Common:bccc8ce4: New session from client IP 58.247.201.250 (ST=Shanghai/CC=CN/C=AS) at VIP 109.101.115.10 Listener /Common/default_ssl_vpn_policy_202203102312_vs (Reputation=Unknown)
Mar 13 10:24:51 apm.f5.local notice apmd[12353]: 014902f7:5: /Common/default_ssl_vpn_policy_202203102312:Common:edf8c785:/Common/default_ssl_vpn_policy_202203102312_act_av_software_check_ag: endpoint software detected (sdk=4.3.1453.0,type=av,id=535,vendor_id=388,version=9.0.69.1,state=0,name=AhnLab V3 Internet Security,vendor_name=AhnLab, Inc.,db_signature=1372,db_version=,db_time=1647104400,last_scan=0,engine_version=2022.03.13.01,missing_updates=).
Mar 13 10:24:51 apm.f5.local notice apmd[12353]: 014902f7:5: /Common/default_ssl_vpn_policy_202203102312:Common:edf8c785:/Common/default_ssl_vpn_policy_202203102312_act_av_software_check_ag: endpoint software detected (sdk=4.3.1453.0,type=av,id=362,vendor_id=90,version=4.18.2201.10,state=,name=Windows Defender,vendor_name=Microsoft Corporation,db_signature=477,db_version=1.359.1761.0,db_time=1646968816,last_scan=0,engine_version=1.1.18900.3,missing_updates=).
Mar 13 10:24:51 apm.f5.local notice apmd[12353]: 01490005:5: /Common/default_ssl_vpn_policy_202203102312:Common:edf8c785: Following rule 'fallback' from item 'Antivirus' to ending 'Deny'
Mar 13 10:24:53 apm.f5.local notice apmd[12353]: 01490102:5: /Common/default_ssl_vpn_policy_202203102312:Common:edf8c785: Access policy result: Logon_Deny
Mar 13 10:24:53 apm.f5.local notice apmd[12353]: 01490248:5: /Common/default_ssl_vpn_policy_202203102312:Common:edf8c785: Received client info - Hostname: DESKTOP-605VJ61 Type: IE Version: 11 Platform: Win10 CPU: WOW64 UI Mode: Full Javascript Support: 1 ActiveX Support: 1 Plugin Support: 0
Mar 13 10:24:53 apm.f5.local notice tmm[17534]: 01490567:5: /Common/default_ssl_vpn_policy_202203102312:Common:edf8c785: Session deleted (policy_result).
Mar 13 10:24:59 apm.f5.local notice tmm[17534]: 01490506:5: /Common/default_ssl_vpn_policy_202203102312:Common:619d925f: Received User-Agent header: Mozilla%2F5.0%20(Windows%20NT%2010.0%3B%20WOW64%3B%20Trident%2F7.0%3B%20rv%3A11.0)%20like%20Gecko.
Mar 13 10:24:59 apm.f5.local notice tmm[17534]: 01490500:5: /Common/default_ssl_vpn_policy_202203102312:Common:619d925f: New session from client IP 112.64.119.249 (ST=Shanghai/CC=CN/C=AS) at VIP 109.101.115.10 Listener /Common/default_ssl_vpn_policy_202203102312_vs (Reputation=Unknown)
Mar 13 10:25:10 apm.f5.local notice apmd[12353]: 014902f7:5: /Common/default_ssl_vpn_policy_202203102312:Common:bccc8ce4:/Common/default_ssl_vpn_policy_202203102312_act_av_software_check_ag: endpoint software detected (sdk=4.3.1453.0,type=av,id=535,vendor_id=388,version=9.0.69.1,state=0,name=AhnLab V3 Internet Security,vendor_name=AhnLab, Inc.,db_signature=1372,db_version=,db_time=1647104400,last_scan=1647135507,engine_version=2022.03.13.01,missing_updates=).
Mar 13 10:25:10 apm.f5.local notice apmd[12353]: 014902f7:5: /Common/default_ssl_vpn_policy_202203102312:Common:bccc8ce4:/Common/default_ssl_vpn_policy_202203102312_act_av_software_check_ag: endpoint software detected (sdk=4.3.1453.0,type=av,id=362,vendor_id=90,version=4.18.2201.10,state=,name=Windows Defender,vendor_name=Microsoft Corporation,db_signature=477,db_version=1.359.1714.0,db_time=1646905832,last_scan=0,engine_version=1.1.18900.3,missing_updates=).
Mar 13 10:25:10 apm.f5.local notice apmd[12353]: 01490005:5: /Common/default_ssl_vpn_policy_202203102312:Common:bccc8ce4: Following rule 'fallback' from item 'Antivirus' to ending 'Deny'
Mar 13 10:25:22 apm.f5.local notice tmm1[17534]: 01490506:5: /Common/default_ssl_vpn_policy_202203102312:Common:9dc5bf0e: Received User-Agent header: Mozilla%2F4.0%20(compatible%3B%20MSIE%207.0%3B%20Windows%20NT%2010.0%3B%20WOW64%3B%20Trident%2F7.0%3B%20.NET4.0C%3B%20.NET4.0E%3B%20.NET%20CLR%202.0.50727%3B%20.NET%20CLR%203.0.30729%3B%20.NET%20CLR%203.5.30729).
Mar 13 10:25:22 apm.f5.local notice tmm1[17534]: 01490500:5: /Common/default_ssl_vpn_policy_202203102312:Common:9dc5bf0e: New session from client IP 58.247.201.250 (ST=Shanghai/CC=CN/C=AS) at VIP 109.101.115.10 Listener /Common/default_ssl_vpn_policy_202203102312_vs (Reputation=Unknown)
Mar 13 10:25:28 apm.f5.local notice tmm[17534]: 01490521:5: /Common/default_ssl_vpn_policy_202203102312:Common:edf8c785: Session statistics - bytes in: 8240, bytes out: 3383
Mar 13 10:25:40 apm.f5.local notice apmd[12353]: 014902f7:5: /Common/default_ssl_vpn_policy_202203102312:Common:9dc5bf0e:/Common/default_ssl_vpn_policy_202203102312_act_av_software_check_ag: endpoint software detected (sdk=4.3.1453.0,type=av,id=535,vendor_id=388,version=9.0.69.1,state=0,name=AhnLab V3 Internet Security,vendor_name=AhnLab, Inc.,db_signature=1372,db_version=,db_time=1647104400,last_scan=0,engine_version=2022.03.13.01,missing_updates=).
Mar 13 10:25:40 apm.f5.local notice apmd[12353]: 014902f7:5: /Common/default_ssl_vpn_policy_202203102312:Common:9dc5bf0e:/Common/default_ssl_vpn_policy_202203102312_act_av_software_check_ag: endpoint software detected (sdk=4.3.1453.0,type=av,id=362,vendor_id=90,version=4.18.2201.10,state=,name=Windows Defender,vendor_name=Microsoft Corporation,db_signature=477,db_version=1.359.1714.0,db_time=1646905832,last_scan=0,engine_version=1.1.18900.3,missing_updates=).
Mar 13 10:25:40 apm.f5.local notice apmd[12353]: 01490005:5: /Common/default_ssl_vpn_policy_202203102312:Common:9dc5bf0e: Following rule 'fallback' from item 'Antivirus' to ending 'Deny'
Mar 13 10:25:42 apm.f5.local notice apmd[12353]: 01490102:5: /Common/default_ssl_vpn_policy_202203102312:Common:9dc5bf0e: Access policy result: Logon_Deny
Mar 13 10:25:42 apm.f5.local notice apmd[12353]: 01490248:5: /Common/default_ssl_vpn_policy_202203102312:Common:9dc5bf0e: Received client info - Hostname: DESKTOP-OKGJETB Type: IE Version: 11 Platform: Win10 CPU: WOW64 UI Mode: Full Javascript Support: 1 ActiveX Support: 1 Plugin Support: 0
Mar 13 10:25:42 apm.f5.local notice tmm1[17534]: 01490567:5: /Common/default_ssl_vpn_policy_202203102312:Common:9dc5bf0e: Session deleted (policy_result).
Mar 13 10:26:23 apm.f5.local notice tmm1[17534]: 01490521:5: /Common/default_ssl_vpn_policy_202203102312:Common:9dc5bf0e: Session statistics - bytes in: 9863, bytes out: 3782
Mar 13 10:26:53 apm.f5.local notice apmd[12353]: 014902f7:5: /Common/default_ssl_vpn_policy_202203102312:Common:619d925f:/Common/default_ssl_vpn_policy_202203102312_act_av_software_check_ag: endpoint software detected (sdk=4.3.1453.0,type=av,id=535,vendor_id=388,version=9.0.69.1,state=0,name=AhnLab V3 Internet Security,vendor_name=AhnLab, Inc.,db_signature=1372,db_version=,db_time=1647104400,last_scan=0,engine_version=2022.03.13.01,missing_updates=).
Mar 13 10:26:53 apm.f5.local notice apmd[12353]: 014902f7:5: /Common/default_ssl_vpn_policy_202203102312:Common:619d925f:/Common/default_ssl_vpn_policy_202203102312_act_av_software_check_ag: endpoint software detected (sdk=4.3.1453.0,type=av,id=362,vendor_id=90,version=4.18.2201.10,state=,name=Windows Defender,vendor_name=Microsoft Corporation,db_signature=477,db_version=1.359.1761.0,db_time=1646968816,last_scan=0,engine_version=1.1.18900.3,missing_updates=).
Mar 13 10:26:53 apm.f5.local notice apmd[12353]: 01490005:5: /Common/default_ssl_vpn_policy_202203102312:Common:619d925f: Following rule 'fallback' from item 'Antivirus' to ending 'Deny'
Mar 13 10:26:54 apm.f5.local notice apmd[12353]: 01490102:5: /Common/default_ssl_vpn_policy_202203102312:Common:619d925f: Access policy result: Logon_Deny
Mar 13 10:26:54 apm.f5.local notice apmd[12353]: 01490248:5: /Common/default_ssl_vpn_policy_202203102312:Common:619d925f: Received client info - Hostname: DESKTOP-605VJ61 Type: IE Version: 11 Platform: Win10 CPU: WOW64 UI Mode: Full Javascript Support: 1 ActiveX Support: 1 Plugin Support: 0
Mar 13 10:26:54 apm.f5.local notice tmm[17534]: 01490567:5: /Common/default_ssl_vpn_policy_202203102312:Common:619d925f: Session deleted (policy_result).
Mar 13 10:27:27 apm.f5.local notice tmm[17534]: 01490506:5: /Common/default_ssl_vpn_policy_202203102312:Common:6ba791a4: Received User-Agent header: Mozilla%2F5.0%20(Windows%20NT%2010.0%3B%20Win64%3B%20x64)%20AppleWebKit%2F537.36%20(KHTML%2C%20like%20Gecko)%20Chrome%2F93.0.4577.63%20Safari%2F537.36.
Mar 13 10:27:27 apm.f5.local notice tmm[17534]: 01490500:5: /Common/default_ssl_vpn_policy_202203102312:Common:6ba791a4: New session from client IP 112.64.119.249 (ST=Shanghai/CC=CN/C=AS) at VIP 109.101.115.10 Listener /Common/default_ssl_vpn_policy_202203102312_vs (Reputation=Unknown)
Mar 13 10:27:28 apm.f5.local notice tmm[17534]: 01490521:5: /Common/default_ssl_vpn_policy_202203102312:Common:619d925f: Session statistics - bytes in: 9187, bytes out: 3782
Mar 13 10:27:48 apm.f5.local notice apmd[12353]: 014902f7:5: /Common/default_ssl_vpn_policy_202203102312:Common:6ba791a4:/Common/default_ssl_vpn_policy_202203102312_act_av_software_check_ag: endpoint software detected (sdk=4.3.1453.0,type=av,id=535,vendor_id=388,version=9.0.69.1,state=0,name=AhnLab V3 Internet Security,vendor_name=AhnLab, Inc.,db_signature=1372,db_version=,db_time=1647104400,last_scan=0,engine_version=2022.03.13.01,missing_updates=).
Mar 13 10:27:48 apm.f5.local notice apmd[12353]: 014902f7:5: /Common/default_ssl_vpn_policy_202203102312:Common:6ba791a4:/Common/default_ssl_vpn_policy_202203102312_act_av_software_check_ag: endpoint software detected (sdk=4.3.1453.0,type=av,id=362,vendor_id=90,version=4.18.2201.10,state=,name=Windows Defender,vendor_name=Microsoft Corporation,db_signature=477,db_version=1.359.1761.0,db_time=1646968816,last_scan=0,engine_version=1.1.18900.3,missing_updates=).
Mar 13 10:27:48 apm.f5.local notice apmd[12353]: 01490005:5: /Common/default_ssl_vpn_policy_202203102312:Common:6ba791a4: Following rule 'fallback' from item 'Antivirus' to ending 'Deny'
Mar 13 10:27:49 apm.f5.local notice apmd[12353]: 01490102:5: /Common/default_ssl_vpn_policy_202203102312:Common:6ba791a4: Access policy result: Logon_Deny
Mar 13 10:27:49 apm.f5.local notice apmd[12353]: 01490248:5: /Common/default_ssl_vpn_policy_202203102312:Common:6ba791a4: Received client info - Hostname: DESKTOP-605VJ61 Type: Mozilla Version: 5 Platform: Win10 CPU: x64 UI Mode: Full Javascript Support: 1 ActiveX Support: 0 Plugin Support: 0
Mar 13 10:27:49 apm.f5.local notice tmm[17534]: 01490567:5: /Common/default_ssl_vpn_policy_202203102312:Common:6ba791a4: Session deleted (policy_result).
Mar 13 10:27:49 apm.f5.local notice tmm[17534]: 01490506:5: /Common/default_ssl_vpn_policy_202203102312:Common:a303ca6f: Received User-Agent header: Mozilla%2F5.0%20(Windows%20NT%2010.0%3B%20Win64%3B%20x64)%20AppleWebKit%2F537.36%20(KHTML%2C%20like%20Gecko)%20Chrome%2F99.0.4844.51%20Safari%2F537.36.
Mar 13 10:27:49 apm.f5.local notice tmm[17534]: 01490500:5: /Common/default_ssl_vpn_policy_202203102312:Common:a303ca6f: New session from client IP 58.247.201.250 (ST=Shanghai/CC=CN/C=AS) at VIP 109.101.115.10 Listener /Common/default_ssl_vpn_policy_202203102312_vs (Reputation=Unknown)
Mar 13 10:28:03 apm.f5.local notice apmd[12353]: 014902f7:5: /Common/default_ssl_vpn_policy_202203102312:Common:a303ca6f:/Common/default_ssl_vpn_policy_202203102312_act_av_software_check_ag: endpoint software detected (sdk=4.3.1453.0,type=av,id=535,vendor_id=388,version=9.0.69.1,state=0,name=AhnLab V3 Internet Security,vendor_name=AhnLab, Inc.,db_signature=1372,db_version=,db_time=1647104400,last_scan=0,engine_version=2022.03.13.01,missing_updates=).
Mar 13 10:28:03 apm.f5.local notice apmd[12353]: 014902f7:5: /Common/default_ssl_vpn_policy_202203102312:Common:a303ca6f:/Common/default_ssl_vpn_policy_202203102312_act_av_software_check_ag: endpoint software detected (sdk=4.3.1453.0,type=av,id=362,vendor_id=90,version=4.18.2201.10,state=,name=Windows Defender,vendor_name=Microsoft Corporation,db_signature=477,db_version=1.359.1714.0,db_time=1646905832,last_scan=0,engine_version=1.1.18900.3,missing_updates=).
Mar 13 10:28:03 apm.f5.local notice apmd[12353]: 01490005:5: /Common/default_ssl_vpn_policy_202203102312:Common:a303ca6f: Following rule 'fallback' from item 'Antivirus' to ending 'Deny'
Mar 13 10:28:04 apm.f5.local notice apmd[12353]: 01490102:5: /Common/default_ssl_vpn_policy_202203102312:Common:a303ca6f: Access policy result: Logon_Deny
Mar 13 10:28:04 apm.f5.local notice apmd[12353]: 01490248:5: /Common/default_ssl_vpn_policy_202203102312:Common:a303ca6f: Received client info - Hostname: DESKTOP-OKGJETB Type: Mozilla Version: 5 Platform: Win10 CPU: x64 UI Mode: Full Javascript Support: 1 ActiveX Support: 0 Plugin Support: 0
Mar 13 10:28:04 apm.f5.local notice tmm[17534]: 01490567:5: /Common/default_ssl_vpn_policy_202203102312:Common:a303ca6f: Session deleted (policy_result).
Mar 13 10:28:27 apm.f5.local notice tmm[17534]: 01490521:5: /Common/default_ssl_vpn_policy_202203102312:Common:6ba791a4: Session statistics - bytes in: 22845, bytes out: 107990
Mar 13 10:28:29 apm.f5.local notice tmm1[17534]: 01490502:5: /Common/default_ssl_vpn_policy_202203102312:Common:1e4966ba: Session deleted due to user inactivity.
Mar 13 10:28:38 apm.f5.local notice tmm[17534]: 01490521:5: /Common/default_ssl_vpn_policy_202203102312:Common:a303ca6f: Session statistics - bytes in: 17396, bytes out: 22315
Mar 13 10:28:41 apm.f5.local notice tmm[17534]: 01490506:5: /Common/default_ssl_vpn_policy_202203102312:Common:06d6921f: Received User-Agent header: Mozilla%2F5.0%20(Windows%20NT%2010.0%3B%20Win64%3B%20x64)%20AppleWebKit%2F537.36%20(KHTML%2C%20like%20Gecko)%20Chrome%2F99.0.4844.51%20Safari%2F537.36.
Mar 13 10:28:41 apm.f5.local notice tmm[17534]: 01490500:5: /Common/default_ssl_vpn_policy_202203102312:Common:06d6921f: New session from client IP 58.247.201.250 (ST=Shanghai/CC=CN/C=AS) at VIP 109.101.115.10 Listener /Common/default_ssl_vpn_policy_202203102312_vs (Reputation=Unknown)
Mar 13 10:28:51 apm.f5.local notice apmd[12353]: 014902f7:5: /Common/default_ssl_vpn_policy_202203102312:Common:06d6921f:/Common/default_ssl_vpn_policy_202203102312_act_av_software_check_ag: endpoint software detected (sdk=4.3.1453.0,type=av,id=535,vendor_id=388,version=9.0.69.1,state=0,name=AhnLab V3 Internet Security,vendor_name=AhnLab, Inc.,db_signature=1372,db_version=,db_time=1647104400,last_scan=0,engine_version=2022.03.13.01,missing_updates=).
Mar 13 10:28:51 apm.f5.local notice apmd[12353]: 014902f7:5: /Common/default_ssl_vpn_policy_202203102312:Common:06d6921f:/Common/default_ssl_vpn_policy_202203102312_act_av_software_check_ag: endpoint software detected (sdk=4.3.1453.0,type=av,id=362,vendor_id=90,version=4.18.2201.10,state=,name=Windows Defender,vendor_name=Microsoft Corporation,db_signature=477,db_version=1.359.1714.0,db_time=1646905832,last_scan=0,engine_version=1.1.18900.3,missing_updates=).
Mar 13 10:28:51 apm.f5.local notice apmd[12353]: 01490005:5: /Common/default_ssl_vpn_policy_202203102312:Common:06d6921f: Following rule 'fallback' from item 'Antivirus' to ending 'Deny'
Mar 13 10:28:52 apm.f5.local notice apmd[12353]: 01490102:5: /Common/default_ssl_vpn_policy_202203102312:Common:06d6921f: Access policy result: Logon_Deny
Mar 13 10:28:52 apm.f5.local notice apmd[12353]: 01490248:5: /Common/default_ssl_vpn_policy_202203102312:Common:06d6921f: Received client info - Hostname: DESKTOP-OKGJETB Type: Mozilla Version: 5 Platform: Win10 CPU: x64 UI Mode: Full Javascript Support: 1 ActiveX Support: 0 Plugin Support: 0
Mar 13 10:28:53 apm.f5.local notice tmm[17534]: 01490567:5: /Common/default_ssl_vpn_policy_202203102312:Common:06d6921f: Session deleted (policy_result).
Mar 13 10:29:00 apm.f5.local notice tmm[17534]: 01490506:5: /Common/default_ssl_vpn_policy_202203102312:Common:437e60fd: Received User-Agent header: Mozilla%2F4.0%20(compatible%3B%20MSIE%207.0%3B%20Windows%20NT%2010.0%3B%20WOW64%3B%20Trident%2F7.0%3B%20.NET4.0C%3B%20.NET4.0E%3B%20.NET%20CLR%202.0.50727%3B%20.NET%20CLR%203.0.30729%3B%20.NET%20CLR%203.5.30729).
Mar 13 10:29:00 apm.f5.local notice tmm[17534]: 01490500:5: /Common/default_ssl_vpn_policy_202203102312:Common:437e60fd: New session from client IP 58.247.201.250 (ST=Shanghai/CC=CN/C=AS) at VIP 109.101.115.10 Listener /Common/default_ssl_vpn_policy_202203102312_vs (Reputation=Unknown)
Mar 13 10:29:03 apm.f5.local notice tmm1[17534]: 01490521:5: /Common/default_ssl_vpn_policy_202203102312:Common:1e4966ba: Session statistics - bytes in: 1514, bytes out: 1707
Mar 13 10:29:06 apm.f5.local notice tmm1[17534]: 01490567:5: /Common/default_ssl_vpn_policy_202203102312:Common:d832c941: Session deleted (restarted).
Mar 13 10:29:06 apm.f5.local notice tmm1[17534]: 01490506:5: /Common/default_ssl_vpn_policy_202203102312:Common:15670a8e: Received User-Agent header: Mozilla%2F5.0%20(Windows%20NT%2010.0%3B%20WOW64%3B%20Trident%2F7.0%3B%20rv%3A11.0)%20like%20Gecko.
Mar 13 10:29:06 apm.f5.local notice tmm1[17534]: 01490500:5: /Common/default_ssl_vpn_policy_202203102312:Common:15670a8e: New session from client IP 58.247.201.250 (ST=Shanghai/CC=CN/C=AS) at VIP 109.101.115.10 Listener /Common/default_ssl_vpn_policy_202203102312_vs (Reputation=Unknown)
Mar 13 10:29:06 apm.f5.local notice tmm[17534]: 01490505:5: /Common/default_ssl_vpn_policy_202203102312:Common:d832c941: PPP tunnel 0x56000158e600 (ID: 84d06fcf) closed.
Mar 13 10:29:10 apm.f5.local notice apmd[12353]: 01490005:5: /Common/default_ssl_vpn_policy_202203102312:Common:437e60fd: Following rule 'fallback' from item 'Antivirus' to ending 'Deny'
Mar 13 10:29:10 apm.f5.local notice apmd[12353]: 01490102:5: /Common/default_ssl_vpn_policy_202203102312:Common:437e60fd: Access policy result: Logon_Deny
Mar 13 10:29:10 apm.f5.local notice apmd[12353]: 01490248:5: /Common/default_ssl_vpn_policy_202203102312:Common:437e60fd: Received client info - Hostname:  Type: IE Version: 11 Platform: Win10 CPU: WOW64 UI Mode: Full Javascript Support: 1 ActiveX Support: 1 Plugin Support: 0
Mar 13 10:29:11 apm.f5.local notice tmm[17534]: 01490567:5: /Common/default_ssl_vpn_policy_202203102312:Common:437e60fd: Session deleted (policy_result).
Mar 13 10:29:23 apm.f5.local notice apmd[12353]: 014902f7:5: /Common/default_ssl_vpn_policy_202203102312:Common:15670a8e:/Common/default_ssl_vpn_policy_202203102312_act_av_software_check_ag: endpoint software detected (sdk=4.3.1453.0,type=av,id=535,vendor_id=388,version=9.0.69.1,state=1,name=AhnLab V3 Internet Security,vendor_name=AhnLab, Inc.,db_signature=1372,db_version=,db_time=1647104400,last_scan=0,engine_version=2022.03.13.01,missing_updates=).
Mar 13 10:29:23 apm.f5.local notice apmd[12353]: 014902f7:5: /Common/default_ssl_vpn_policy_202203102312:Common:15670a8e:/Common/default_ssl_vpn_policy_202203102312_act_av_software_check_ag: endpoint software detected (sdk=4.3.1453.0,type=av,id=362,vendor_id=90,version=4.18.2201.10,state=,name=Windows Defender,vendor_name=Microsoft Corporation,db_signature=477,db_version=1.359.1703.0,db_time=1646890729,last_scan=0,engine_version=1.1.18900.3,missing_updates=).
Mar 13 10:29:24 apm.f5.local notice tmm[17534]: 01490506:5: /Common/default_ssl_vpn_policy_202203102312:Common:3a25e263: Received User-Agent header: Mozilla%2F5.0%20(Windows%20NT%2010.0%3B%20Win64%3B%20x64%3B%20rv%3A98.0)%20Gecko%2F20100101%20Firefox%2F98.0.
Mar 13 10:29:24 apm.f5.local notice tmm[17534]: 01490500:5: /Common/default_ssl_vpn_policy_202203102312:Common:3a25e263: New session from client IP 112.64.119.249 (ST=Shanghai/CC=CN/C=AS) at VIP 109.101.115.10 Listener /Common/default_ssl_vpn_policy_202203102312_vs (Reputation=Unknown)
Mar 13 10:29:29 apm.f5.local notice tmm[17534]: 01490521:5: /Common/default_ssl_vpn_policy_202203102312:Common:06d6921f: Session statistics - bytes in: 14878, bytes out: 42577
Mar 13 10:29:46 apm.f5.local notice tmm1[17534]: 01490521:5: /Common/default_ssl_vpn_policy_202203102312:Common:d832c941: Session statistics - bytes in: 903626, bytes out: 6625294
Mar 13 10:29:47 apm.f5.local notice tmm[17534]: 01490521:5: /Common/default_ssl_vpn_policy_202203102312:Common:437e60fd: Session statistics - bytes in: 4504, bytes out: 1596
Mar 13 10:29:48 apm.f5.local notice apmd[12353]: 01490005:5: /Common/default_ssl_vpn_policy_202203102312:Common:3a25e263: Following rule 'fallback' from item 'Antivirus' to ending 'Deny'
Mar 13 10:29:48 apm.f5.local notice apmd[12353]: 01490102:5: /Common/default_ssl_vpn_policy_202203102312:Common:3a25e263: Access policy result: Logon_Deny
Mar 13 10:29:48 apm.f5.local notice apmd[12353]: 01490248:5: /Common/default_ssl_vpn_policy_202203102312:Common:3a25e263: Received client info - Hostname:  Type: Mozilla Version: 5 Platform: Win10 CPU: x64 UI Mode: Full Javascript Support: 1 ActiveX Support: 0 Plugin Support: 0
Mar 13 10:29:48 apm.f5.local notice tmm[17534]: 01490567:5: /Common/default_ssl_vpn_policy_202203102312:Common:3a25e263: Session deleted (policy_result).
Mar 13 10:29:50 apm.f5.local notice tmm1[17534]: 01490506:5: /Common/default_ssl_vpn_policy_202203102312:Common:f3635cbe: Received User-Agent header: Mozilla%2F5.0%20(Windows%20NT%2010.0%3B%20Win64%3B%20x64%3B%20rv%3A98.0)%20Gecko%2F20100101%20Firefox%2F98.0.
Mar 13 10:29:50 apm.f5.local notice tmm1[17534]: 01490500:5: /Common/default_ssl_vpn_policy_202203102312:Common:f3635cbe: New session from client IP 112.64.119.249 (ST=Shanghai/CC=CN/C=AS) at VIP 109.101.115.10 Listener /Common/default_ssl_vpn_policy_202203102312_vs (Reputation=Unknown)
Mar 13 10:30:04 apm.f5.local notice tmm1[17534]: 01490506:5: /Common/default_ssl_vpn_policy_202203102312:Common:bb64c11f: Received User-Agent header: Mozilla%2F5.0%20(Windows%20NT%2010.0%3B%20WOW64%3B%20Trident%2F7.0%3B%20rv%3A11.0)%20like%20Gecko.
Mar 13 10:30:04 apm.f5.local notice tmm1[17534]: 01490500:5: /Common/default_ssl_vpn_policy_202203102312:Common:bb64c11f: New session from client IP 112.64.119.249 (ST=Shanghai/CC=CN/C=AS) at VIP 109.101.115.10 Listener /Common/default_ssl_vpn_policy_202203102312_vs (Reputation=Unknown)
Mar 13 10:30:21 apm.f5.local notice tmm[17534]: 01490521:5: /Common/default_ssl_vpn_policy_202203102312:Common:3a25e263: Session statistics - bytes in: 7750, bytes out: 8535
Mar 13 10:30:27 apm.f5.local notice tmm1[17534]: 01490502:5: /Common/default_ssl_vpn_policy_202203102312:Common:bccc8ce4: Session deleted due to user inactivity.
Mar 13 10:30:34 apm.f5.local notice apmd[12353]: 014902f7:5: /Common/default_ssl_vpn_policy_202203102312:Common:bb64c11f:/Common/default_ssl_vpn_policy_202203102312_act_av_software_check_ag: endpoint software detected (sdk=4.3.1453.0,type=av,id=535,vendor_id=388,version=9.0.69.1,state=0,name=AhnLab V3 Internet Security,vendor_name=AhnLab, Inc.,db_signature=1372,db_version=,db_time=1647104400,last_scan=0,engine_version=2022.03.13.01,missing_updates=).
Mar 13 10:30:34 apm.f5.local notice apmd[12353]: 014902f7:5: /Common/default_ssl_vpn_policy_202203102312:Common:bb64c11f:/Common/default_ssl_vpn_policy_202203102312_act_av_software_check_ag: endpoint software detected (sdk=4.3.1453.0,type=av,id=362,vendor_id=90,version=4.18.2201.10,state=,name=Windows Defender,vendor_name=Microsoft Corporation,db_signature=477,db_version=1.359.1761.0,db_time=1646968816,last_scan=0,engine_version=1.1.18900.3,missing_updates=).
Mar 13 10:30:34 apm.f5.local notice apmd[12353]: 01490005:5: /Common/default_ssl_vpn_policy_202203102312:Common:bb64c11f: Following rule 'fallback' from item 'Antivirus' to ending 'Deny'
Mar 13 10:30:36 apm.f5.local notice apmd[12353]: 01490102:5: /Common/default_ssl_vpn_policy_202203102312:Common:bb64c11f: Access policy result: Logon_Deny
Mar 13 10:30:36 apm.f5.local notice apmd[12353]: 01490248:5: /Common/default_ssl_vpn_policy_202203102312:Common:bb64c11f: Received client info - Hostname: DESKTOP-605VJ61 Type: IE Version: 11 Platform: Win10 CPU: WOW64 UI Mode: Full Javascript Support: 1 ActiveX Support: 1 Plugin Support: 0
Mar 13 10:30:36 apm.f5.local notice tmm1[17534]: 01490567:5: /Common/default_ssl_vpn_policy_202203102312:Common:bb64c11f: Session deleted (policy_result).
Mar 13 10:30:40 apm.f5.local notice tmm1[17534]: 01490506:5: /Common/default_ssl_vpn_policy_202203102312:Common:efae55a3: Received User-Agent header: Mozilla%2F5.0%20(Windows%20NT%2010.0%3B%20WOW64%3B%20Trident%2F7.0%3B%20rv%3A11.0)%20like%20Gecko.
Mar 13 10:30:40 apm.f5.local notice tmm1[17534]: 01490500:5: /Common/default_ssl_vpn_policy_202203102312:Common:efae55a3: New session from client IP 112.64.119.249 (ST=Shanghai/CC=CN/C=AS) at VIP 109.101.115.10 Listener /Common/default_ssl_vpn_policy_202203102312_vs (Reputation=Unknown)
Mar 13 10:30:46 apm.f5.local notice apmd[12353]: 014902f7:5: /Common/default_ssl_vpn_policy_202203102312:Common:efae55a3:/Common/default_ssl_vpn_policy_202203102312_act_av_software_check_ag: endpoint software detected (sdk=4.3.1453.0,type=av,id=535,vendor_id=388,version=9.0.69.1,state=0,name=AhnLab V3 Internet Security,vendor_name=AhnLab, Inc.,db_signature=1372,db_version=,db_time=1647104400,last_scan=0,engine_version=2022.03.13.01,missing_updates=).
Mar 13 10:30:46 apm.f5.local notice apmd[12353]: 014902f7:5: /Common/default_ssl_vpn_policy_202203102312:Common:efae55a3:/Common/default_ssl_vpn_policy_202203102312_act_av_software_check_ag: endpoint software detected (sdk=4.3.1453.0,type=av,id=362,vendor_id=90,version=4.18.2201.10,state=,name=Windows Defender,vendor_name=Microsoft Corporation,db_signature=477,db_version=1.359.1761.0,db_time=1646968816,last_scan=0,engine_version=1.1.18900.3,missing_updates=).
Mar 13 10:30:46 apm.f5.local notice apmd[12353]: 01490005:5: /Common/default_ssl_vpn_policy_202203102312:Common:efae55a3: Following rule 'fallback' from item 'Antivirus' to ending 'Deny'
Mar 13 10:30:48 apm.f5.local notice apmd[12353]: 01490102:5: /Common/default_ssl_vpn_policy_202203102312:Common:efae55a3: Access policy result: Logon_Deny
Mar 13 10:30:48 apm.f5.local notice apmd[12353]: 01490248:5: /Common/default_ssl_vpn_policy_202203102312:Common:efae55a3: Received client info - Hostname: DESKTOP-605VJ61 Type: IE Version: 11 Platform: Win10 CPU: WOW64 UI Mode: Full Javascript Support: 1 ActiveX Support: 1 Plugin Support: 0
Mar 13 10:30:48 apm.f5.local notice tmm1[17534]: 01490567:5: /Common/default_ssl_vpn_policy_202203102312:Common:efae55a3: Session deleted (policy_result).
Mar 13 10:30:52 apm.f5.local notice apmd[12353]: 01490010:5: /Common/default_ssl_vpn_policy_202203102312:Common:15670a8e: Username 'ye19551961@126.com'
Mar 13 10:31:08 apm.f5.local notice tmm1[17534]: 01490521:5: /Common/default_ssl_vpn_policy_202203102312:Common:bccc8ce4: Session statistics - bytes in: 8298, bytes out: 5999
Mar 13 10:31:14 apm.f5.local notice tmm1[17534]: 01490521:5: /Common/default_ssl_vpn_policy_202203102312:Common:bb64c11f: Session statistics - bytes in: 79755, bytes out: 5735654
Mar 13 10:31:27 apm.f5.local notice tmm1[17534]: 01490521:5: /Common/default_ssl_vpn_policy_202203102312:Common:efae55a3: Session statistics - bytes in: 8290, bytes out: 3383
Mar 13 10:31:56 apm.f5.local notice apmd[12353]: 01490008:5: /Common/default_ssl_vpn_policy_202203102312:Common:15670a8e: Connectivity resource '/Common/default_ssl_vpn_policy_202203102312_na_res' assigned
Mar 13 10:31:56 apm.f5.local notice apmd[12353]: 01490128:5: /Common/default_ssl_vpn_policy_202203102312:Common:15670a8e: Webtop '/Common/default_ssl_vpn_policy_202203102312_webtop' assigned
Mar 13 10:31:56 apm.f5.local notice apmd[12353]: 01490005:5: /Common/default_ssl_vpn_policy_202203102312:Common:15670a8e: Following rule 'fallback' from item 'Advanced Resource Assign' to ending 'Allow'
Mar 13 10:31:56 apm.f5.local notice apmd[12353]: 01490102:5: /Common/default_ssl_vpn_policy_202203102312:Common:15670a8e: Access policy result: Network_Access
Mar 13 10:31:56 apm.f5.local notice apmd[12353]: 01490248:5: /Common/default_ssl_vpn_policy_202203102312:Common:15670a8e: Received client info - Hostname: DESKTOP-5613UDI Type: IE Version: 11 Platform: Win10 CPU: WOW64 UI Mode: Full Javascript Support: 1 ActiveX Support: 1 Plugin Support: 0
Mar 13 10:32:00 apm.f5.local err tmm[17534]: 01490514:3: (null):Common:00000000: Access encountered error: ERR_INPROGRESS. File: ../modules/hudfilter/access/access.c, Function: access_process_state_client_enforce_session, Line: 9027
Mar 13 10:32:00 apm.f5.local err tmm[17534]: 01490514:3: (null):Common:00000000: Access encountered error: ERR_INPROGRESS. File: ../modules/hudfilter/access/access.c, Function: hud_access_handler, Line: 3987
Mar 13 10:32:12 apm.f5.local notice tmm1[17534]: 01490549:5: /Common/default_ssl_vpn_policy_202203102312:Common:15670a8e: Assigned PPP Dynamic IPv4: 109.101.115.17 ID: af619352 Tunnel Type: VPN_TUNNELTYPE_TLS NA Resource: /Common/default_ssl_vpn_policy_202203102312_na_res Client IP: 58.247.201.250 
Mar 13 10:32:12 apm.f5.local notice tmm1[17534]: 01490505:5: /Common/default_ssl_vpn_policy_202203102312:Common:15670a8e: PPP tunnel 0x560027afd200 (ID: af619352) started.
Mar 13 10:32:47 apm.f5.local notice tmm[17534]: 01490506:5: /Common/default_ssl_vpn_policy_202203102312:Common:8fa0e1b2: Received User-Agent header: Mozilla%2F4.0%20(compatible%3B%20MSIE%207.0%3B%20Windows%20NT%2010.0%3B%20WOW64%3B%20Trident%2F7.0%3B%20.NET4.0C%3B%20.NET4.0E%3B%20.NET%20CLR%202.0.50727%3B%20.NET%20CLR%203.0.30729%3B%20.NET%20CLR%203.5.30729).
Mar 13 10:32:47 apm.f5.local notice tmm[17534]: 01490500:5: /Common/default_ssl_vpn_policy_202203102312:Common:8fa0e1b2: New session from client IP 58.247.201.250 (ST=Shanghai/CC=CN/C=AS) at VIP 109.101.115.10 Listener /Common/default_ssl_vpn_policy_202203102312_vs (Reputation=Unknown)
Mar 13 10:32:54 apm.f5.local notice tmm1[17534]: 01490506:5: /Common/default_ssl_vpn_policy_202203102312:Common:2847109f: Received User-Agent header: Mozilla%2F5.0%20(Windows%20NT%2010.0%3B%20Win64%3B%20x64)%20AppleWebKit%2F537.36%20(KHTML%2C%20like%20Gecko)%20Chrome%2F93.0.4577.63%20Safari%2F537.36.
Mar 13 10:32:54 apm.f5.local notice tmm1[17534]: 01490500:5: /Common/default_ssl_vpn_policy_202203102312:Common:2847109f: New session from client IP 112.64.119.249 (ST=Shanghai/CC=CN/C=AS) at VIP 109.101.115.10 Listener /Common/default_ssl_vpn_policy_202203102312_vs (Reputation=Unknown)
Mar 13 10:33:04 apm.f5.local notice tmm1[17534]: 01490506:5: /Common/default_ssl_vpn_policy_202203102312:Common:3ab29a28: Received User-Agent header: Mozilla%2F5.0%20(Windows%20NT%2010.0%3B%20Win64%3B%20x64)%20AppleWebKit%2F537.36%20(KHTML%2C%20like%20Gecko)%20Chrome%2F99.0.4844.51%20Safari%2F537.36%20Edg%2F99.0.1150.39.
Mar 13 10:33:04 apm.f5.local notice tmm1[17534]: 01490500:5: /Common/default_ssl_vpn_policy_202203102312:Common:3ab29a28: New session from client IP 58.247.201.250 (ST=Shanghai/CC=CN/C=AS) at VIP 109.101.115.10 Listener /Common/default_ssl_vpn_policy_202203102312_vs (Reputation=Unknown)
Mar 13 10:34:22 apm.f5.local notice apmd[12353]: 014902f7:5: /Common/default_ssl_vpn_policy_202203102312:Common:8fa0e1b2:/Common/default_ssl_vpn_policy_202203102312_act_av_software_check_ag: endpoint software detected (sdk=4.3.1453.0,type=av,id=535,vendor_id=388,version=9.0.69.1,state=0,name=AhnLab V3 Internet Security,vendor_name=AhnLab, Inc.,db_signature=1372,db_version=,db_time=1647104400,last_scan=0,engine_version=2022.03.13.01,missing_updates=).
Mar 13 10:34:22 apm.f5.local notice apmd[12353]: 014902f7:5: /Common/default_ssl_vpn_policy_202203102312:Common:8fa0e1b2:/Common/default_ssl_vpn_policy_202203102312_act_av_software_check_ag: endpoint software detected (sdk=4.3.1453.0,type=av,id=362,vendor_id=90,version=4.18.2201.10,state=,name=Windows Defender,vendor_name=Microsoft Corporation,db_signature=477,db_version=1.359.1714.0,db_time=1646905832,last_scan=0,engine_version=1.1.18900.3,missing_updates=).
Mar 13 10:34:22 apm.f5.local notice apmd[12353]: 01490005:5: /Common/default_ssl_vpn_policy_202203102312:Common:8fa0e1b2: Following rule 'fallback' from item 'Antivirus' to ending 'Deny'
Mar 13 10:34:23 apm.f5.local notice apmd[12353]: 01490102:5: /Common/default_ssl_vpn_policy_202203102312:Common:8fa0e1b2: Access policy result: Logon_Deny
Mar 13 10:34:23 apm.f5.local notice apmd[12353]: 01490248:5: /Common/default_ssl_vpn_policy_202203102312:Common:8fa0e1b2: Received client info - Hostname: DESKTOP-OKGJETB Type: IE Version: 11 Platform: Win10 CPU: WOW64 UI Mode: Full Javascript Support: 1 ActiveX Support: 1 Plugin Support: 0
Mar 13 10:34:24 apm.f5.local notice tmm[17534]: 01490567:5: /Common/default_ssl_vpn_policy_202203102312:Common:8fa0e1b2: Session deleted (policy_result).
Mar 13 10:34:34 apm.f5.local notice apmd[12353]: 014902f7:5: /Common/default_ssl_vpn_policy_202203102312:Common:3ab29a28:/Common/default_ssl_vpn_policy_202203102312_act_av_software_check_ag: endpoint software detected (sdk=4.3.1453.0,type=av,id=362,vendor_id=90,version=4.18.2201.10,state=1,name=Windows Defender,vendor_name=Microsoft Corporation,db_signature=477,db_version=1.359.1761.0,db_time=1646968816,last_scan=0,engine_version=1.1.18900.3,missing_updates=).
Mar 13 10:34:34 apm.f5.local notice apmd[12353]: 01490005:5: /Common/default_ssl_vpn_policy_202203102312:Common:3ab29a28: Following rule 'fallback' from item 'Antivirus' to ending 'Deny'
Mar 13 10:34:35 apm.f5.local notice apmd[12353]: 01490102:5: /Common/default_ssl_vpn_policy_202203102312:Common:3ab29a28: Access policy result: Logon_Deny
Mar 13 10:34:35 apm.f5.local notice apmd[12353]: 01490248:5: /Common/default_ssl_vpn_policy_202203102312:Common:3ab29a28: Received client info - Hostname: DESKTOP-UR935M5 Type: Mozilla Version: 5 Platform: Win10 CPU: x64 UI Mode: Full Javascript Support: 1 ActiveX Support: 0 Plugin Support: 0
Mar 13 10:34:35 apm.f5.local notice tmm1[17534]: 01490567:5: /Common/default_ssl_vpn_policy_202203102312:Common:3ab29a28: Session deleted (policy_result).
Mar 13 10:34:45 apm.f5.local notice tmm1[17534]: 01490506:5: /Common/default_ssl_vpn_policy_202203102312:Common:25d08ed8: Received User-Agent header: Mozilla%2F5.0%20(Windows%20NT%2010.0%3B%20Win64%3B%20x64)%20AppleWebKit%2F537.36%20(KHTML%2C%20like%20Gecko)%20Chrome%2F99.0.4844.51%20Safari%2F537.36.
Mar 13 10:34:45 apm.f5.local notice tmm1[17534]: 01490500:5: /Common/default_ssl_vpn_policy_202203102312:Common:25d08ed8: New session from client IP 58.247.201.250 (ST=Shanghai/CC=CN/C=AS) at VIP 109.101.115.10 Listener /Common/default_ssl_vpn_policy_202203102312_vs (Reputation=Unknown)
Mar 13 10:34:52 apm.f5.local notice apmd[12353]: 014902f7:5: /Common/default_ssl_vpn_policy_202203102312:Common:2847109f:/Common/default_ssl_vpn_policy_202203102312_act_av_software_check_ag: endpoint software detected (sdk=4.3.1453.0,type=av,id=535,vendor_id=388,version=9.0.69.1,state=0,name=AhnLab V3 Internet Security,vendor_name=AhnLab, Inc.,db_signature=1372,db_version=,db_time=1647104400,last_scan=0,engine_version=2022.03.13.01,missing_updates=).
Mar 13 10:34:52 apm.f5.local notice apmd[12353]: 014902f7:5: /Common/default_ssl_vpn_policy_202203102312:Common:2847109f:/Common/default_ssl_vpn_policy_202203102312_act_av_software_check_ag: endpoint software detected (sdk=4.3.1453.0,type=av,id=362,vendor_id=90,version=4.18.2201.10,state=,name=Windows Defender,vendor_name=Microsoft Corporation,db_signature=477,db_version=1.359.1761.0,db_time=1646968816,last_scan=0,engine_version=1.1.18900.3,missing_updates=).
Mar 13 10:34:52 apm.f5.local notice apmd[12353]: 01490005:5: /Common/default_ssl_vpn_policy_202203102312:Common:2847109f: Following rule 'fallback' from item 'Antivirus' to ending 'Deny'
Mar 13 10:34:53 apm.f5.local notice apmd[12353]: 01490102:5: /Common/default_ssl_vpn_policy_202203102312:Common:2847109f: Access policy result: Logon_Deny
