Mar 13 10:09:44 apm.f5.local notice tmm1[17534]: 01490506:5: /Common/default_ssl_vpn_policy_202203102312:Common:0627c575: Received User-Agent header: Mozilla%2F5.0%20(Windows%20NT%2010.0%3B%20Win64%3B%20x64)%20AppleWebKit%2F537.36%20(KHTML%2C%20like%20Gecko)%20Chrome%2F93.0.4577.63%20Safari%2F537.36.
Mar 13 10:09:44 apm.f5.local notice tmm1[17534]: 01490500:5: /Common/default_ssl_vpn_policy_202203102312:Common:0627c575: New session from client IP 58.247.201.250 (ST=Shanghai/CC=CN/C=AS) at VIP 109.101.115.10 Listener /Common/default_ssl_vpn_policy_202203102312_vs (Reputation=Unknown)
Mar 13 10:09:48 apm.f5.local notice tmm1[17534]: 01490521:5: /Common/default_ssl_vpn_policy_202203102312:Common:7f57045c: Session statistics - bytes in: 9819, bytes out: 3782
Mar 13 10:09:49 apm.f5.local notice apmd[12353]: 014902f7:5: /Common/default_ssl_vpn_policy_202203102312:Common:d560bcd2:/Common/default_ssl_vpn_policy_202203102312_act_av_software_check_ag: endpoint software detected (sdk=4.3.1453.0,type=av,id=535,vendor_id=388,version=9.0.69.1,state=0,name=AhnLab V3 Internet Security,vendor_name=AhnLab, Inc.,db_signature=1372,db_version=,db_time=1647104400,last_scan=0,engine_version=2022.03.13.01,missing_updates=).
Mar 13 10:09:49 apm.f5.local notice apmd[12353]: 014902f7:5: /Common/default_ssl_vpn_policy_202203102312:Common:d560bcd2:/Common/default_ssl_vpn_policy_202203102312_act_av_software_check_ag: endpoint software detected (sdk=4.3.1453.0,type=av,id=362,vendor_id=90,version=4.18.2201.10,state=,name=Windows Defender,vendor_name=Microsoft Corporation,db_signature=477,db_version=1.359.1761.0,db_time=1646968816,last_scan=0,engine_version=1.1.18900.3,missing_updates=).
Mar 13 10:09:49 apm.f5.local notice apmd[12353]: 01490005:5: /Common/default_ssl_vpn_policy_202203102312:Common:d560bcd2: Following rule 'fallback' from item 'Antivirus' to ending 'Deny'
Mar 13 10:09:50 apm.f5.local notice apmd[12353]: 01490102:5: /Common/default_ssl_vpn_policy_202203102312:Common:d560bcd2: Access policy result: Logon_Deny
Mar 13 10:09:50 apm.f5.local notice apmd[12353]: 01490248:5: /Common/default_ssl_vpn_policy_202203102312:Common:d560bcd2: Received client info - Hostname: DESKTOP-605VJ61 Type: IE Version: 11 Platform: Win10 CPU: WOW64 UI Mode: Full Javascript Support: 1 ActiveX Support: 1 Plugin Support: 0
Mar 13 10:09:50 apm.f5.local notice tmm[17534]: 01490567:5: /Common/default_ssl_vpn_policy_202203102312:Common:d560bcd2: Session deleted (policy_result).
Mar 13 10:09:51 apm.f5.local notice tmm1[17534]: 01490521:5: /Common/default_ssl_vpn_policy_202203102312:Common:b1cc2934: Session statistics - bytes in: 8530, bytes out: 3383
Mar 13 10:09:55 apm.f5.local notice apmd[12353]: 014902f7:5: /Common/default_ssl_vpn_policy_202203102312:Common:0627c575:/Common/default_ssl_vpn_policy_202203102312_act_av_software_check_ag: endpoint software detected (sdk=4.3.1453.0,type=av,id=535,vendor_id=388,version=9.0.69.1,state=0,name=AhnLab V3 Internet Security,vendor_name=AhnLab, Inc.,db_signature=1372,db_version=,db_time=1647104400,last_scan=0,engine_version=2022.03.13.01,missing_updates=).
Mar 13 10:09:55 apm.f5.local notice apmd[12353]: 014902f7:5: /Common/default_ssl_vpn_policy_202203102312:Common:0627c575:/Common/default_ssl_vpn_policy_202203102312_act_av_software_check_ag: endpoint software detected (sdk=4.3.1453.0,type=av,id=362,vendor_id=90,version=4.18.2201.10,state=,name=Windows Defender,vendor_name=Microsoft Corporation,db_signature=477,db_version=1.359.1714.0,db_time=1646905832,last_scan=0,engine_version=1.1.18900.3,missing_updates=).
Mar 13 10:09:55 apm.f5.local notice apmd[12353]: 01490005:5: /Common/default_ssl_vpn_policy_202203102312:Common:0627c575: Following rule 'fallback' from item 'Antivirus' to ending 'Deny'
Mar 13 10:09:56 apm.f5.local notice apmd[12353]: 01490102:5: /Common/default_ssl_vpn_policy_202203102312:Common:0627c575: Access policy result: Logon_Deny
Mar 13 10:09:56 apm.f5.local notice apmd[12353]: 01490248:5: /Common/default_ssl_vpn_policy_202203102312:Common:0627c575: Received client info - Hostname: DESKTOP-OKGJETB Type: Mozilla Version: 5 Platform: Win10 CPU: x64 UI Mode: Full Javascript Support: 1 ActiveX Support: 0 Plugin Support: 0
Mar 13 10:09:56 apm.f5.local notice tmm1[17534]: 01490567:5: /Common/default_ssl_vpn_policy_202203102312:Common:0627c575: Session deleted (policy_result).
Mar 13 10:10:07 apm.f5.local notice tmm1[17534]: 01490506:5: /Common/default_ssl_vpn_policy_202203102312:Common:51c94524: Received User-Agent header: Mozilla%2F4.0%20(compatible%3B%20MSIE%207.0%3B%20Windows%20NT%2010.0%3B%20WOW64%3B%20Trident%2F7.0%3B%20.NET4.0C%3B%20.NET4.0E%3B%20.NET%20CLR%202.0.50727%3B%20.NET%20CLR%203.0.30729%3B%20.NET%20CLR%203.5.30729).
Mar 13 10:10:07 apm.f5.local notice tmm1[17534]: 01490500:5: /Common/default_ssl_vpn_policy_202203102312:Common:51c94524: New session from client IP 58.247.201.250 (ST=Shanghai/CC=CN/C=AS) at VIP 109.101.115.10 Listener /Common/default_ssl_vpn_policy_202203102312_vs (Reputation=Unknown)
Mar 13 10:10:20 apm.f5.local notice apmd[12353]: 014902f7:5: /Common/default_ssl_vpn_policy_202203102312:Common:51c94524:/Common/default_ssl_vpn_policy_202203102312_act_av_software_check_ag: endpoint software detected (sdk=4.3.1453.0,type=av,id=535,vendor_id=388,version=9.0.69.1,state=0,name=AhnLab V3 Internet Security,vendor_name=AhnLab, Inc.,db_signature=1372,db_version=,db_time=1647104400,last_scan=1647135507,engine_version=2022.03.13.01,missing_updates=).
Mar 13 10:10:20 apm.f5.local notice apmd[12353]: 014902f7:5: /Common/default_ssl_vpn_policy_202203102312:Common:51c94524:/Common/default_ssl_vpn_policy_202203102312_act_av_software_check_ag: endpoint software detected (sdk=4.3.1453.0,type=av,id=362,vendor_id=90,version=4.18.2201.10,state=,name=Windows Defender,vendor_name=Microsoft Corporation,db_signature=477,db_version=1.359.1714.0,db_time=1646905832,last_scan=0,engine_version=1.1.18900.3,missing_updates=).
Mar 13 10:10:20 apm.f5.local notice apmd[12353]: 01490005:5: /Common/default_ssl_vpn_policy_202203102312:Common:51c94524: Following rule 'fallback' from item 'Antivirus' to ending 'Deny'
Mar 13 10:10:21 apm.f5.local notice apmd[12353]: 01490102:5: /Common/default_ssl_vpn_policy_202203102312:Common:51c94524: Access policy result: Logon_Deny
Mar 13 10:10:21 apm.f5.local notice apmd[12353]: 01490248:5: /Common/default_ssl_vpn_policy_202203102312:Common:51c94524: Received client info - Hostname: DESKTOP-OKGJETB Type: IE Version: 11 Platform: Win10 CPU: WOW64 UI Mode: Full Javascript Support: 1 ActiveX Support: 1 Plugin Support: 0
Mar 13 10:10:22 apm.f5.local notice tmm1[17534]: 01490567:5: /Common/default_ssl_vpn_policy_202203102312:Common:51c94524: Session deleted (policy_result).
Mar 13 10:10:28 apm.f5.local notice tmm[17534]: 01490521:5: /Common/default_ssl_vpn_policy_202203102312:Common:d560bcd2: Session statistics - bytes in: 9387, bytes out: 3782
Mar 13 10:10:34 apm.f5.local notice tmm1[17534]: 01490521:5: /Common/default_ssl_vpn_policy_202203102312:Common:0627c575: Session statistics - bytes in: 18368, bytes out: 22192
Mar 13 10:10:59 apm.f5.local notice tmm1[17534]: 01490521:5: /Common/default_ssl_vpn_policy_202203102312:Common:51c94524: Session statistics - bytes in: 8989, bytes out: 3383
Mar 13 10:11:09 apm.f5.local notice tmm[17534]: 01490506:5: /Common/default_ssl_vpn_policy_202203102312:Common:00181699: Received User-Agent header: Mozilla%2F5.0%20(Windows%20NT%2010.0%3B%20WOW64%3B%20Trident%2F7.0%3B%20rv%3A11.0)%20like%20Gecko.
Mar 13 10:11:09 apm.f5.local notice tmm[17534]: 01490500:5: /Common/default_ssl_vpn_policy_202203102312:Common:00181699: New session from client IP 58.247.201.250 (ST=Shanghai/CC=CN/C=AS) at VIP 109.101.115.10 Listener /Common/default_ssl_vpn_policy_202203102312_vs (Reputation=Unknown)
Mar 13 10:11:09 apm.f5.local notice tmm1[17534]: 01490567:5: /Common/default_ssl_vpn_policy_202203102312:Common:f1c15f05: Session deleted (restarted).
Mar 13 10:11:09 apm.f5.local notice tmm[17534]: 01490506:5: /Common/default_ssl_vpn_policy_202203102312:Common:7b5a205f: Received User-Agent header: Mozilla%2F5.0%20(Windows%20NT%2010.0%3B%20WOW64%3B%20Trident%2F7.0%3B%20rv%3A11.0)%20like%20Gecko.
Mar 13 10:11:09 apm.f5.local notice tmm[17534]: 01490500:5: /Common/default_ssl_vpn_policy_202203102312:Common:7b5a205f: New session from client IP 58.247.201.250 (ST=Shanghai/CC=CN/C=AS) at VIP 109.101.115.10 Listener /Common/default_ssl_vpn_policy_202203102312_vs (Reputation=Unknown)
Mar 13 10:11:09 apm.f5.local notice tmm[17534]: 01490501:5: /Common/default_ssl_vpn_policy_202203102312:Common:7b5a205f: Session deleted due to user logout request.
Mar 13 10:11:13 apm.f5.local notice tmm1[17534]: 01490506:5: /Common/default_ssl_vpn_policy_202203102312:Common:3ce9b1ab: Received User-Agent header: Mozilla%2F5.0%20(Windows%20NT%2010.0%3B%20WOW64%3B%20Trident%2F7.0%3B%20rv%3A11.0)%20like%20Gecko.
Mar 13 10:11:13 apm.f5.local notice tmm1[17534]: 01490500:5: /Common/default_ssl_vpn_policy_202203102312:Common:3ce9b1ab: New session from client IP 58.247.201.250 (ST=Shanghai/CC=CN/C=AS) at VIP 109.101.115.10 Listener /Common/default_ssl_vpn_policy_202203102312_vs (Reputation=Unknown)
Mar 13 10:11:37 apm.f5.local notice tmm[17534]: 01490567:5: /Common/default_ssl_vpn_policy_202203102312:Common:00181699: Session deleted (restarted).
Mar 13 10:11:37 apm.f5.local notice tmm1[17534]: 01490506:5: /Common/default_ssl_vpn_policy_202203102312:Common:3f4fb920: Received User-Agent header: Mozilla%2F5.0%20(Windows%20NT%2010.0%3B%20WOW64%3B%20Trident%2F7.0%3B%20rv%3A11.0)%20like%20Gecko.
Mar 13 10:11:37 apm.f5.local notice tmm1[17534]: 01490500:5: /Common/default_ssl_vpn_policy_202203102312:Common:3f4fb920: New session from client IP 58.247.201.250 (ST=Shanghai/CC=CN/C=AS) at VIP 109.101.115.10 Listener /Common/default_ssl_vpn_policy_202203102312_vs (Reputation=Unknown)
Mar 13 10:11:44 apm.f5.local notice tmm1[17534]: 01490506:5: /Common/default_ssl_vpn_policy_202203102312:Common:13647ed1: Received User-Agent header: Mozilla%2F4.0%20(compatible%3B%20MSIE%207.0%3B%20Windows%20NT%2010.0%3B%20WOW64%3B%20Trident%2F7.0%3B%20.NET4.0C%3B%20.NET4.0E%3B%20.NET%20CLR%202.0.50727%3B%20.NET%20CLR%203.0.30729%3B%20.NET%20CLR%203.5.30729).
Mar 13 10:11:44 apm.f5.local notice tmm1[17534]: 01490500:5: /Common/default_ssl_vpn_policy_202203102312:Common:13647ed1: New session from client IP 58.247.201.250 (ST=Shanghai/CC=CN/C=AS) at VIP 109.101.115.10 Listener /Common/default_ssl_vpn_policy_202203102312_vs (Reputation=Unknown)
Mar 13 10:11:46 apm.f5.local notice apmd[12353]: 014902f7:5: /Common/default_ssl_vpn_policy_202203102312:Common:3f4fb920:/Common/default_ssl_vpn_policy_202203102312_act_av_software_check_ag: endpoint software detected (sdk=4.3.1453.0,type=av,id=535,vendor_id=388,version=9.0.69.1,state=0,name=AhnLab V3 Internet Security,vendor_name=AhnLab, Inc.,db_signature=1372,db_version=,db_time=1647104400,last_scan=0,engine_version=2022.03.13.01,missing_updates=).
Mar 13 10:11:46 apm.f5.local notice apmd[12353]: 014902f7:5: /Common/default_ssl_vpn_policy_202203102312:Common:3f4fb920:/Common/default_ssl_vpn_policy_202203102312_act_av_software_check_ag: endpoint software detected (sdk=4.3.1453.0,type=av,id=362,vendor_id=90,version=4.18.2201.10,state=,name=Windows Defender,vendor_name=Microsoft Corporation,db_signature=477,db_version=1.359.1761.0,db_time=1646968816,last_scan=0,engine_version=1.1.18900.3,missing_updates=).
Mar 13 10:11:46 apm.f5.local notice apmd[12353]: 01490005:5: /Common/default_ssl_vpn_policy_202203102312:Common:3f4fb920: Following rule 'fallback' from item 'Antivirus' to ending 'Deny'
Mar 13 10:11:48 apm.f5.local notice apmd[12353]: 01490102:5: /Common/default_ssl_vpn_policy_202203102312:Common:3f4fb920: Access policy result: Logon_Deny
Mar 13 10:11:48 apm.f5.local notice apmd[12353]: 01490248:5: /Common/default_ssl_vpn_policy_202203102312:Common:3f4fb920: Received client info - Hostname: DESKTOP-605VJ61 Type: IE Version: 11 Platform: Win10 CPU: WOW64 UI Mode: Full Javascript Support: 1 ActiveX Support: 1 Plugin Support: 0
Mar 13 10:11:48 apm.f5.local notice tmm1[17534]: 01490567:5: /Common/default_ssl_vpn_policy_202203102312:Common:3f4fb920: Session deleted (policy_result).
Mar 13 10:11:49 apm.f5.local notice tmm1[17534]: 01490521:5: /Common/default_ssl_vpn_policy_202203102312:Common:f1c15f05: Session statistics - bytes in: 2216, bytes out: 838
Mar 13 10:11:50 apm.f5.local notice tmm[17534]: 01490506:5: /Common/default_ssl_vpn_policy_202203102312:Common:52b87821: Received User-Agent header: Mozilla%2F5.0%20(Windows%20NT%2010.0%3B%20WOW64%3B%20Trident%2F7.0%3B%20rv%3A11.0)%20like%20Gecko.
Mar 13 10:11:50 apm.f5.local notice tmm[17534]: 01490500:5: /Common/default_ssl_vpn_policy_202203102312:Common:52b87821: New session from client IP 58.247.201.250 (ST=Shanghai/CC=CN/C=AS) at VIP 109.101.115.10 Listener /Common/default_ssl_vpn_policy_202203102312_vs (Reputation=Unknown)
Mar 13 10:11:50 apm.f5.local notice tmm[17534]: 01490521:5: /Common/default_ssl_vpn_policy_202203102312:Common:7b5a205f: Session statistics - bytes in: 1005, bytes out: 399
Mar 13 10:11:57 apm.f5.local notice apmd[12353]: 014902f7:5: /Common/default_ssl_vpn_policy_202203102312:Common:52b87821:/Common/default_ssl_vpn_policy_202203102312_act_av_software_check_ag: endpoint software detected (sdk=4.3.1453.0,type=av,id=535,vendor_id=388,version=9.0.69.1,state=0,name=AhnLab V3 Internet Security,vendor_name=AhnLab, Inc.,db_signature=1372,db_version=,db_time=1647104400,last_scan=0,engine_version=2022.03.13.01,missing_updates=).
Mar 13 10:11:57 apm.f5.local notice apmd[12353]: 014902f7:5: /Common/default_ssl_vpn_policy_202203102312:Common:52b87821:/Common/default_ssl_vpn_policy_202203102312_act_av_software_check_ag: endpoint software detected (sdk=4.3.1453.0,type=av,id=362,vendor_id=90,version=4.18.2201.10,state=,name=Windows Defender,vendor_name=Microsoft Corporation,db_signature=477,db_version=1.359.1761.0,db_time=1646968816,last_scan=0,engine_version=1.1.18900.3,missing_updates=).
Mar 13 10:11:57 apm.f5.local notice apmd[12353]: 01490005:5: /Common/default_ssl_vpn_policy_202203102312:Common:52b87821: Following rule 'fallback' from item 'Antivirus' to ending 'Deny'
Mar 13 10:11:58 apm.f5.local notice apmd[12353]: 01490102:5: /Common/default_ssl_vpn_policy_202203102312:Common:52b87821: Access policy result: Logon_Deny
Mar 13 10:11:58 apm.f5.local notice apmd[12353]: 01490248:5: /Common/default_ssl_vpn_policy_202203102312:Common:52b87821: Received client info - Hostname: DESKTOP-605VJ61 Type: IE Version: 11 Platform: Win10 CPU: WOW64 UI Mode: Full Javascript Support: 1 ActiveX Support: 1 Plugin Support: 0
Mar 13 10:11:59 apm.f5.local notice tmm[17534]: 01490567:5: /Common/default_ssl_vpn_policy_202203102312:Common:52b87821: Session deleted (policy_result).
Mar 13 10:12:14 apm.f5.local notice tmm[17534]: 01490521:5: /Common/default_ssl_vpn_policy_202203102312:Common:00181699: Session statistics - bytes in: 3716, bytes out: 2545
Mar 13 10:12:25 apm.f5.local notice tmm1[17534]: 01490521:5: /Common/default_ssl_vpn_policy_202203102312:Common:3f4fb920: Session statistics - bytes in: 9293, bytes out: 3782
Mar 13 10:12:31 apm.f5.local notice tmm[17534]: 01490521:5: /Common/default_ssl_vpn_policy_202203102312:Common:52b87821: Session statistics - bytes in: 9387, bytes out: 3782
Mar 13 10:12:45 apm.f5.local notice tmm[17534]: 01490506:5: /Common/default_ssl_vpn_policy_202203102312:Common:26b2f8e7: Received User-Agent header: Mozilla%2F5.0%20(Windows%20NT%2010.0%3B%20Win64%3B%20x64)%20AppleWebKit%2F537.36%20(KHTML%2C%20like%20Gecko)%20Chrome%2F93.0.4577.63%20Safari%2F537.36.
Mar 13 10:12:45 apm.f5.local notice tmm[17534]: 01490500:5: /Common/default_ssl_vpn_policy_202203102312:Common:26b2f8e7: New session from client IP 58.247.201.250 (ST=Shanghai/CC=CN/C=AS) at VIP 109.101.115.10 Listener /Common/default_ssl_vpn_policy_202203102312_vs (Reputation=Unknown)
Mar 13 10:13:01 apm.f5.local notice apmd[12353]: 014902f7:5: /Common/default_ssl_vpn_policy_202203102312:Common:26b2f8e7:/Common/default_ssl_vpn_policy_202203102312_act_av_software_check_ag: endpoint software detected (sdk=4.3.1453.0,type=av,id=535,vendor_id=388,version=9.0.69.1,state=0,name=AhnLab V3 Internet Security,vendor_name=AhnLab, Inc.,db_signature=1372,db_version=,db_time=1647104400,last_scan=0,engine_version=2022.03.13.01,missing_updates=).
Mar 13 10:13:01 apm.f5.local notice apmd[12353]: 014902f7:5: /Common/default_ssl_vpn_policy_202203102312:Common:26b2f8e7:/Common/default_ssl_vpn_policy_202203102312_act_av_software_check_ag: endpoint software detected (sdk=4.3.1453.0,type=av,id=362,vendor_id=90,version=4.18.2201.10,state=,name=Windows Defender,vendor_name=Microsoft Corporation,db_signature=477,db_version=1.359.1714.0,db_time=1646905832,last_scan=0,engine_version=1.1.18900.3,missing_updates=).
Mar 13 10:13:01 apm.f5.local notice apmd[12353]: 01490005:5: /Common/default_ssl_vpn_policy_202203102312:Common:26b2f8e7: Following rule 'fallback' from item 'Antivirus' to ending 'Deny'
Mar 13 10:13:02 apm.f5.local notice apmd[12353]: 01490102:5: /Common/default_ssl_vpn_policy_202203102312:Common:26b2f8e7: Access policy result: Logon_Deny
Mar 13 10:13:02 apm.f5.local notice apmd[12353]: 01490248:5: /Common/default_ssl_vpn_policy_202203102312:Common:26b2f8e7: Received client info - Hostname: DESKTOP-OKGJETB Type: Mozilla Version: 5 Platform: Win10 CPU: x64 UI Mode: Full Javascript Support: 1 ActiveX Support: 0 Plugin Support: 0
Mar 13 10:13:03 apm.f5.local notice tmm[17534]: 01490567:5: /Common/default_ssl_vpn_policy_202203102312:Common:26b2f8e7: Session deleted (policy_result).
Mar 13 10:13:09 apm.f5.local notice tmm1[17534]: 01490567:5: /Common/default_ssl_vpn_policy_202203102312:Common:3ce9b1ab: Session deleted (restarted).
Mar 13 10:13:10 apm.f5.local notice tmm1[17534]: 01490506:5: /Common/default_ssl_vpn_policy_202203102312:Common:b29700d6: Received User-Agent header: Mozilla%2F5.0%20(Windows%20NT%2010.0%3B%20WOW64%3B%20Trident%2F7.0%3B%20rv%3A11.0)%20like%20Gecko.
Mar 13 10:13:10 apm.f5.local notice tmm1[17534]: 01490500:5: /Common/default_ssl_vpn_policy_202203102312:Common:b29700d6: New session from client IP 58.247.201.250 (ST=Shanghai/CC=CN/C=AS) at VIP 109.101.115.10 Listener /Common/default_ssl_vpn_policy_202203102312_vs (Reputation=Unknown)
Mar 13 10:13:10 apm.f5.local notice tmm1[17534]: 01490501:5: /Common/default_ssl_vpn_policy_202203102312:Common:b29700d6: Session deleted due to user logout request.
Mar 13 10:13:12 apm.f5.local notice tmm[17534]: 01490506:5: /Common/default_ssl_vpn_policy_202203102312:Common:0ca8c0b8: Received User-Agent header: Mozilla%2F5.0%20(Windows%20NT%2010.0%3B%20WOW64%3B%20Trident%2F7.0%3B%20rv%3A11.0)%20like%20Gecko.
Mar 13 10:13:12 apm.f5.local notice tmm[17534]: 01490500:5: /Common/default_ssl_vpn_policy_202203102312:Common:0ca8c0b8: New session from client IP 58.247.201.250 (ST=Shanghai/CC=CN/C=AS) at VIP 109.101.115.10 Listener /Common/default_ssl_vpn_policy_202203102312_vs (Reputation=Unknown)
Mar 13 10:13:23 apm.f5.local notice tmm[17534]: 01490506:5: /Common/default_ssl_vpn_policy_202203102312:Common:70fa59d6: Received User-Agent header: Mozilla%2F5.0%20(Windows%20NT%2010.0%3B%20Win64%3B%20x64)%20AppleWebKit%2F537.36%20(KHTML%2C%20like%20Gecko)%20Chrome%2F93.0.4577.63%20Safari%2F537.36.
Mar 13 10:13:23 apm.f5.local notice tmm[17534]: 01490500:5: /Common/default_ssl_vpn_policy_202203102312:Common:70fa59d6: New session from client IP 58.247.201.250 (ST=Shanghai/CC=CN/C=AS) at VIP 109.101.115.10 Listener /Common/default_ssl_vpn_policy_202203102312_vs (Reputation=Unknown)
Mar 13 10:13:35 apm.f5.local notice tmm[17534]: 01490521:5: /Common/default_ssl_vpn_policy_202203102312:Common:26b2f8e7: Session statistics - bytes in: 15521, bytes out: 45213
Mar 13 10:13:39 apm.f5.local notice tmm[17534]: 01490506:5: /Common/default_ssl_vpn_policy_202203102312:Common:19bb8ec8: Received User-Agent header: Mozilla%2F4.0%20(compatible%3B%20MSIE%207.0%3B%20Windows%20NT%2010.0%3B%20WOW64%3B%20Trident%2F7.0%3B%20.NET4.0C%3B%20.NET4.0E%3B%20.NET%20CLR%202.0.50727%3B%20.NET%20CLR%203.0.30729%3B%20.NET%20CLR%203.5.30729).
Mar 13 10:13:39 apm.f5.local notice tmm[17534]: 01490500:5: /Common/default_ssl_vpn_policy_202203102312:Common:19bb8ec8: New session from client IP 58.247.201.250 (ST=Shanghai/CC=CN/C=AS) at VIP 109.101.115.10 Listener /Common/default_ssl_vpn_policy_202203102312_vs (Reputation=Unknown)
Mar 13 10:13:46 apm.f5.local notice tmm1[17534]: 01490521:5: /Common/default_ssl_vpn_policy_202203102312:Common:3ce9b1ab: Session statistics - bytes in: 1948, bytes out: 798
Mar 13 10:13:46 apm.f5.local notice tmm1[17534]: 01490521:5: /Common/default_ssl_vpn_policy_202203102312:Common:b29700d6: Session statistics - bytes in: 965, bytes out: 399
Mar 13 10:13:47 apm.f5.local notice apmd[12353]: 014902f7:5: /Common/default_ssl_vpn_policy_202203102312:Common:19bb8ec8:/Common/default_ssl_vpn_policy_202203102312_act_av_software_check_ag: endpoint software detected (sdk=4.3.1453.0,type=av,id=535,vendor_id=388,version=9.0.69.1,state=0,name=AhnLab V3 Internet Security,vendor_name=AhnLab, Inc.,db_signature=1372,db_version=,db_time=1647104400,last_scan=0,engine_version=2022.03.13.01,missing_updates=).
Mar 13 10:13:47 apm.f5.local notice apmd[12353]: 014902f7:5: /Common/default_ssl_vpn_policy_202203102312:Common:19bb8ec8:/Common/default_ssl_vpn_policy_202203102312_act_av_software_check_ag: endpoint software detected (sdk=4.3.1453.0,type=av,id=362,vendor_id=90,version=4.18.2201.10,state=,name=Windows Defender,vendor_name=Microsoft Corporation,db_signature=477,db_version=1.359.1714.0,db_time=1646905832,last_scan=0,engine_version=1.1.18900.3,missing_updates=).
Mar 13 10:13:47 apm.f5.local notice apmd[12353]: 01490005:5: /Common/default_ssl_vpn_policy_202203102312:Common:19bb8ec8: Following rule 'fallback' from item 'Antivirus' to ending 'Deny'
Mar 13 10:13:48 apm.f5.local notice apmd[12353]: 01490102:5: /Common/default_ssl_vpn_policy_202203102312:Common:19bb8ec8: Access policy result: Logon_Deny
Mar 13 10:13:48 apm.f5.local notice apmd[12353]: 01490248:5: /Common/default_ssl_vpn_policy_202203102312:Common:19bb8ec8: Received client info - Hostname: DESKTOP-OKGJETB Type: IE Version: 11 Platform: Win10 CPU: WOW64 UI Mode: Full Javascript Support: 1 ActiveX Support: 1 Plugin Support: 0
Mar 13 10:13:48 apm.f5.local notice tmm[17534]: 01490567:5: /Common/default_ssl_vpn_policy_202203102312:Common:19bb8ec8: Session deleted (policy_result).
Mar 13 10:13:49 apm.f5.local notice apmd[12353]: 014902f7:5: /Common/default_ssl_vpn_policy_202203102312:Common:70fa59d6:/Common/default_ssl_vpn_policy_202203102312_act_av_software_check_ag: endpoint software detected (sdk=4.3.1453.0,type=av,id=535,vendor_id=388,version=9.0.69.1,state=0,name=AhnLab V3 Internet Security,vendor_name=AhnLab, Inc.,db_signature=1372,db_version=,db_time=1647104400,last_scan=0,engine_version=2022.03.13.01,missing_updates=).
Mar 13 10:13:49 apm.f5.local notice apmd[12353]: 014902f7:5: /Common/default_ssl_vpn_policy_202203102312:Common:70fa59d6:/Common/default_ssl_vpn_policy_202203102312_act_av_software_check_ag: endpoint software detected (sdk=4.3.1453.0,type=av,id=362,vendor_id=90,version=4.18.2201.10,state=,name=Windows Defender,vendor_name=Microsoft Corporation,db_signature=477,db_version=1.359.1761.0,db_time=1646968816,last_scan=0,engine_version=1.1.18900.3,missing_updates=).
Mar 13 10:13:49 apm.f5.local notice apmd[12353]: 01490005:5: /Common/default_ssl_vpn_policy_202203102312:Common:70fa59d6: Following rule 'fallback' from item 'Antivirus' to ending 'Deny'
Mar 13 10:13:50 apm.f5.local notice apmd[12353]: 01490102:5: /Common/default_ssl_vpn_policy_202203102312:Common:70fa59d6: Access policy result: Logon_Deny
Mar 13 10:13:50 apm.f5.local notice apmd[12353]: 01490248:5: /Common/default_ssl_vpn_policy_202203102312:Common:70fa59d6: Received client info - Hostname: DESKTOP-605VJ61 Type: Mozilla Version: 5 Platform: Win10 CPU: x64 UI Mode: Full Javascript Support: 1 ActiveX Support: 0 Plugin Support: 0
Mar 13 10:13:50 apm.f5.local notice tmm[17534]: 01490567:5: /Common/default_ssl_vpn_policy_202203102312:Common:70fa59d6: Session deleted (policy_result).
Mar 13 10:14:17 apm.f5.local notice tmm1[17534]: 01490506:5: /Common/default_ssl_vpn_policy_202203102312:Common:d832c941: Received User-Agent header: Mozilla%2F5.0%20(Windows%20NT%2010.0%3B%20WOW64%3B%20Trident%2F7.0%3B%20rv%3A11.0)%20like%20Gecko.
Mar 13 10:14:17 apm.f5.local notice tmm1[17534]: 01490500:5: /Common/default_ssl_vpn_policy_202203102312:Common:d832c941: New session from client IP 58.247.201.250 (ST=Shanghai/CC=CN/C=AS) at VIP 109.101.115.10 Listener /Common/default_ssl_vpn_policy_202203102312_vs (Reputation=Unknown)
Mar 13 10:14:23 apm.f5.local notice tmm[17534]: 01490521:5: /Common/default_ssl_vpn_policy_202203102312:Common:19bb8ec8: Session statistics - bytes in: 9779, bytes out: 3782
Mar 13 10:14:30 apm.f5.local notice tmm[17534]: 01490521:5: /Common/default_ssl_vpn_policy_202203102312:Common:70fa59d6: Session statistics - bytes in: 21977, bytes out: 71573
Mar 13 10:14:46 apm.f5.local notice tmm[17534]: 01490506:5: /Common/default_ssl_vpn_policy_202203102312:Common:3ae6b5bf: Received User-Agent header: Mozilla%2F5.0%20(iPhone%3B%20CPU%20iPhone%20OS%2015_3_1%20like%20Mac%20OS%20X)%20AppleWebKit%2F605.1.15%20(KHTML%2C%20like%20Gecko)%20Version%2F15.3%20Mobile%2F15E148%20Safari%2F604.1.
Mar 13 10:14:46 apm.f5.local notice tmm[17534]: 01490500:5: /Common/default_ssl_vpn_policy_202203102312:Common:3ae6b5bf: New session from client IP 223.104.212.216 (ST=Shanghai/CC=CN/C=AS) at VIP 109.101.115.10 Listener /Common/default_ssl_vpn_policy_202203102312_vs (Reputation=Unknown)
Mar 13 10:14:46 apm.f5.local notice apmd[12353]: 01490005:5: /Common/default_ssl_vpn_policy_202203102312:Common:3ae6b5bf: Following rule 'fallback' from item 'Antivirus' to ending 'Deny'
Mar 13 10:14:46 apm.f5.local notice apmd[12353]: 01490102:5: /Common/default_ssl_vpn_policy_202203102312:Common:3ae6b5bf: Access policy result: Logon_Deny
Mar 13 10:14:46 apm.f5.local notice apmd[12353]: 01490248:5: /Common/default_ssl_vpn_policy_202203102312:Common:3ae6b5bf: Received client info - Hostname:  Type: Safari Version: 1 Platform: iOS CPU: unknown UI Mode: Mobile Smart Phone Javascript Support: 1 ActiveX Support: 0 Plugin Support: 0
Mar 13 10:14:46 apm.f5.local notice tmm[17534]: 01490567:5: /Common/default_ssl_vpn_policy_202203102312:Common:3ae6b5bf: Session deleted (policy_result).
Mar 13 10:14:51 apm.f5.local notice tmm1[17534]: 01490506:5: /Common/default_ssl_vpn_policy_202203102312:Common:de532766: Received User-Agent header: Mozilla%2F4.0%20(compatible%3B%20MSIE%207.0%3B%20Windows%20NT%2010.0%3B%20WOW64%3B%20Trident%2F7.0%3B%20.NET4.0C%3B%20.NET4.0E%3B%20.NET%20CLR%202.0.50727%3B%20.NET%20CLR%203.0.30729%3B%20.NET%20CLR%203.5.30729).
Mar 13 10:14:51 apm.f5.local notice tmm1[17534]: 01490500:5: /Common/default_ssl_vpn_policy_202203102312:Common:de532766: New session from client IP 58.247.201.250 (ST=Shanghai/CC=CN/C=AS) at VIP 109.101.115.10 Listener /Common/default_ssl_vpn_policy_202203102312_vs (Reputation=Unknown)
Mar 13 10:14:52 apm.f5.local notice tmm[17534]: 01490506:5: /Common/default_ssl_vpn_policy_202203102312:Common:5e5caca1: Received User-Agent header: Mozilla%2F5.0%20(iPhone%3B%20CPU%20iPhone%20OS%2015_3_1%20like%20Mac%20OS%20X)%20AppleWebKit%2F605.1.15%20(KHTML%2C%20like%20Gecko)%20Version%2F15.3%20Mobile%2F15E148%20Safari%2F604.1.
Mar 13 10:14:52 apm.f5.local notice tmm[17534]: 01490500:5: /Common/default_ssl_vpn_policy_202203102312:Common:5e5caca1: New session from client IP 223.104.212.216 (ST=Shanghai/CC=CN/C=AS) at VIP 109.101.115.10 Listener /Common/default_ssl_vpn_policy_202203102312_vs (Reputation=Unknown)
Mar 13 10:14:52 apm.f5.local notice apmd[12353]: 01490005:5: /Common/default_ssl_vpn_policy_202203102312:Common:5e5caca1: Following rule 'fallback' from item 'Antivirus' to ending 'Deny'
Mar 13 10:14:52 apm.f5.local notice apmd[12353]: 01490102:5: /Common/default_ssl_vpn_policy_202203102312:Common:5e5caca1: Access policy result: Logon_Deny
Mar 13 10:14:52 apm.f5.local notice apmd[12353]: 01490248:5: /Common/default_ssl_vpn_policy_202203102312:Common:5e5caca1: Received client info - Hostname:  Type: Safari Version: 1 Platform: iOS CPU: unknown UI Mode: Mobile Smart Phone Javascript Support: 1 ActiveX Support: 0 Plugin Support: 0
Mar 13 10:14:52 apm.f5.local notice tmm[17534]: 01490567:5: /Common/default_ssl_vpn_policy_202203102312:Common:5e5caca1: Session deleted (policy_result).
Mar 13 10:14:59 apm.f5.local notice tmm[17534]: 01490506:5: /Common/default_ssl_vpn_policy_202203102312:Common:378593f0: Received User-Agent header: Mozilla%2F5.0%20(iPhone%3B%20CPU%20iPhone%20OS%2015_3_1%20like%20Mac%20OS%20X)%20AppleWebKit%2F605.1.15%20(KHTML%2C%20like%20Gecko)%20Version%2F15.3%20Mobile%2F15E148%20Safari%2F604.1.
Mar 13 10:14:59 apm.f5.local notice tmm[17534]: 01490500:5: /Common/default_ssl_vpn_policy_202203102312:Common:378593f0: New session from client IP 223.104.212.216 (ST=Shanghai/CC=CN/C=AS) at VIP 109.101.115.10 Listener /Common/default_ssl_vpn_policy_202203102312_vs (Reputation=Unknown)
Mar 13 10:14:59 apm.f5.local notice apmd[12353]: 01490005:5: /Common/default_ssl_vpn_policy_202203102312:Common:378593f0: Following rule 'fallback' from item 'Antivirus' to ending 'Deny'
Mar 13 10:14:59 apm.f5.local notice apmd[12353]: 01490102:5: /Common/default_ssl_vpn_policy_202203102312:Common:378593f0: Access policy result: Logon_Deny
Mar 13 10:14:59 apm.f5.local notice apmd[12353]: 01490248:5: /Common/default_ssl_vpn_policy_202203102312:Common:378593f0: Received client info - Hostname:  Type: Safari Version: 1 Platform: iOS CPU: unknown UI Mode: Mobile Smart Phone Javascript Support: 1 ActiveX Support: 0 Plugin Support: 0
Mar 13 10:14:59 apm.f5.local notice tmm[17534]: 01490567:5: /Common/default_ssl_vpn_policy_202203102312:Common:378593f0: Session deleted (policy_result).
Mar 13 10:15:18 apm.f5.local notice apmd[12353]: 014902f7:5: /Common/default_ssl_vpn_policy_202203102312:Common:de532766:/Common/default_ssl_vpn_policy_202203102312_act_av_software_check_ag: endpoint software detected (sdk=4.3.1453.0,type=av,id=535,vendor_id=388,version=9.0.69.1,state=0,name=AhnLab V3 Internet Security,vendor_name=AhnLab, Inc.,db_signature=1372,db_version=,db_time=1647104400,last_scan=0,engine_version=2022.03.13.01,missing_updates=).
Mar 13 10:15:18 apm.f5.local notice apmd[12353]: 014902f7:5: /Common/default_ssl_vpn_policy_202203102312:Common:de532766:/Common/default_ssl_vpn_policy_202203102312_act_av_software_check_ag: endpoint software detected (sdk=4.3.1453.0,type=av,id=362,vendor_id=90,version=4.18.2201.10,state=,name=Windows Defender,vendor_name=Microsoft Corporation,db_signature=477,db_version=1.359.1714.0,db_time=1646905832,last_scan=0,engine_version=1.1.18900.3,missing_updates=).
Mar 13 10:15:18 apm.f5.local notice apmd[12353]: 01490005:5: /Common/default_ssl_vpn_policy_202203102312:Common:de532766: Following rule 'fallback' from item 'Antivirus' to ending 'Deny'
Mar 13 10:15:19 apm.f5.local notice apmd[12353]: 01490102:5: /Common/default_ssl_vpn_policy_202203102312:Common:de532766: Access policy result: Logon_Deny
Mar 13 10:15:19 apm.f5.local notice apmd[12353]: 01490248:5: /Common/default_ssl_vpn_policy_202203102312:Common:de532766: Received client info - Hostname: DESKTOP-OKGJETB Type: IE Version: 11 Platform: Win10 CPU: WOW64 UI Mode: Full Javascript Support: 1 ActiveX Support: 1 Plugin Support: 0
Mar 13 10:15:19 apm.f5.local notice tmm1[17534]: 01490567:5: /Common/default_ssl_vpn_policy_202203102312:Common:de532766: Session deleted (policy_result).
Mar 13 10:15:25 apm.f5.local notice tmm[17534]: 01490521:5: /Common/default_ssl_vpn_policy_202203102312:Common:3ae6b5bf: Session statistics - bytes in: 1374, bytes out: 467
Mar 13 10:15:27 apm.f5.local notice tmm[17534]: 01490521:5: /Common/default_ssl_vpn_policy_202203102312:Common:5e5caca1: Session statistics - bytes in: 2914, bytes out: 2242
Mar 13 10:15:28 apm.f5.local notice tmm1[17534]: 01490506:5: /Common/default_ssl_vpn_policy_202203102312:Common:218df522: Received User-Agent header: Mozilla%2F4.0%20(compatible%3B%20MSIE%207.0%3B%20Windows%20NT%2010.0%3B%20WOW64%3B%20Trident%2F7.0%3B%20.NET4.0C%3B%20.NET4.0E%3B%20.NET%20CLR%202.0.50727%3B%20.NET%20CLR%203.0.30729%3B%20.NET%20CLR%203.5.30729).
Mar 13 10:15:28 apm.f5.local notice tmm1[17534]: 01490500:5: /Common/default_ssl_vpn_policy_202203102312:Common:218df522: New session from client IP 58.247.201.250 (ST=Shanghai/CC=CN/C=AS) at VIP 109.101.115.10 Listener /Common/default_ssl_vpn_policy_202203102312_vs (Reputation=Unknown)
Mar 13 10:15:33 apm.f5.local notice tmm[17534]: 01490521:5: /Common/default_ssl_vpn_policy_202203102312:Common:378593f0: Session statistics - bytes in: 1374, bytes out: 467
Mar 13 10:15:55 apm.f5.local notice tmm1[17534]: 01490521:5: /Common/default_ssl_vpn_policy_202203102312:Common:de532766: Session statistics - bytes in: 9859, bytes out: 3782
Mar 13 10:16:14 apm.f5.local notice tmm1[17534]: 01490506:5: /Common/default_ssl_vpn_policy_202203102312:Common:3dc4a1a1: Received User-Agent header: Mozilla%2F4.0%20(compatible%3B%20MSIE%207.0%3B%20Windows%20NT%2010.0%3B%20WOW64%3B%20Trident%2F7.0%3B%20.NET4.0C%3B%20.NET4.0E%3B%20.NET%20CLR%202.0.50727%3B%20.NET%20CLR%203.0.30729%3B%20.NET%20CLR%203.5.30729).
Mar 13 10:16:14 apm.f5.local notice tmm1[17534]: 01490500:5: /Common/default_ssl_vpn_policy_202203102312:Common:3dc4a1a1: New session from client IP 58.247.201.250 (ST=Shanghai/CC=CN/C=AS) at VIP 109.101.115.10 Listener /Common/default_ssl_vpn_policy_202203102312_vs (Reputation=Unknown)
Mar 13 10:16:15 apm.f5.local notice tmm1[17534]: 01490506:5: /Common/default_ssl_vpn_policy_202203102312:Common:d1a0466f: Received User-Agent header: Mozilla%2F4.0%20(compatible%3B%20MSIE%207.0%3B%20Windows%20NT%2010.0%3B%20WOW64%3B%20Trident%2F7.0%3B%20.NET4.0C%3B%20.NET4.0E%3B%20.NET%20CLR%202.0.50727%3B%20.NET%20CLR%203.0.30729%3B%20.NET%20CLR%203.5.30729).
Mar 13 10:16:15 apm.f5.local notice tmm1[17534]: 01490500:5: /Common/default_ssl_vpn_policy_202203102312:Common:d1a0466f: New session from client IP 58.247.201.250 (ST=Shanghai/CC=CN/C=AS) at VIP 109.101.115.10 Listener /Common/default_ssl_vpn_policy_202203102312_vs (Reputation=Unknown)
Mar 13 10:16:16 apm.f5.local notice tmm1[17534]: 01490567:5: /Common/default_ssl_vpn_policy_202203102312:Common:464fcefb: Session deleted (restarted).
Mar 13 10:16:16 apm.f5.local notice tmm[17534]: 01490506:5: /Common/default_ssl_vpn_policy_202203102312:Common:754e2b2a: Received User-Agent header: Mozilla%2F4.0%20(compatible%3B%20MSIE%207.0%3B%20Windows%20NT%2010.0%3B%20WOW64%3B%20Trident%2F7.0%3B%20.NET4.0C%3B%20.NET4.0E%3B%20.NET%20CLR%202.0.50727%3B%20.NET%20CLR%203.0.30729%3B%20.NET%20CLR%203.5.30729).
Mar 13 10:16:16 apm.f5.local notice tmm[17534]: 01490500:5: /Common/default_ssl_vpn_policy_202203102312:Common:754e2b2a: New session from client IP 58.247.201.250 (ST=Shanghai/CC=CN/C=AS) at VIP 109.101.115.10 Listener /Common/default_ssl_vpn_policy_202203102312_vs (Reputation=Unknown)
Mar 13 10:16:17 apm.f5.local notice tmm[17534]: 01490506:5: /Common/default_ssl_vpn_policy_202203102312:Common:ec4d7aa1: Received User-Agent header: Mozilla%2F4.0%20(compatible%3B%20MSIE%207.0%3B%20Windows%20NT%2010.0%3B%20WOW64%3B%20Trident%2F7.0%3B%20.NET4.0C%3B%20.NET4.0E%3B%20.NET%20CLR%202.0.50727%3B%20.NET%20CLR%203.0.30729%3B%20.NET%20CLR%203.5.30729).
Mar 13 10:16:17 apm.f5.local notice tmm[17534]: 01490500:5: /Common/default_ssl_vpn_policy_202203102312:Common:ec4d7aa1: New session from client IP 58.247.201.250 (ST=Shanghai/CC=CN/C=AS) at VIP 109.101.115.10 Listener /Common/default_ssl_vpn_policy_202203102312_vs (Reputation=Unknown)
Mar 13 10:16:17 apm.f5.local notice tmm1[17534]: 01490506:5: /Common/default_ssl_vpn_policy_202203102312:Common:207e7713: Received User-Agent header: Mozilla%2F4.0%20(compatible%3B%20MSIE%207.0%3B%20Windows%20NT%2010.0%3B%20WOW64%3B%20Trident%2F7.0%3B%20.NET4.0C%3B%20.NET4.0E%3B%20.NET%20CLR%202.0.50727%3B%20.NET%20CLR%203.0.30729%3B%20.NET%20CLR%203.5.30729).
Mar 13 10:16:17 apm.f5.local notice tmm1[17534]: 01490500:5: /Common/default_ssl_vpn_policy_202203102312:Common:207e7713: New session from client IP 58.247.201.250 (ST=Shanghai/CC=CN/C=AS) at VIP 109.101.115.10 Listener /Common/default_ssl_vpn_policy_202203102312_vs (Reputation=Unknown)
Mar 13 10:16:26 apm.f5.local notice apmd[12353]: 014902f7:5: /Common/default_ssl_vpn_policy_202203102312:Common:d832c941:/Common/default_ssl_vpn_policy_202203102312_act_av_software_check_ag: endpoint software detected (sdk=4.3.1453.0,type=av,id=535,vendor_id=388,version=9.0.69.1,state=1,name=AhnLab V3 Internet Security,vendor_name=AhnLab, Inc.,db_signature=1372,db_version=,db_time=1647104400,last_scan=0,engine_version=2022.03.13.01,missing_updates=).
Mar 13 10:16:26 apm.f5.local notice apmd[12353]: 014902f7:5: /Common/default_ssl_vpn_policy_202203102312:Common:d832c941:/Common/default_ssl_vpn_policy_202203102312_act_av_software_check_ag: endpoint software detected (sdk=4.3.1453.0,type=av,id=362,vendor_id=90,version=4.18.2201.10,state=,name=Windows Defender,vendor_name=Microsoft Corporation,db_signature=477,db_version=1.359.1703.0,db_time=1646890729,last_scan=0,engine_version=1.1.18900.3,missing_updates=).
Mar 13 10:16:27 apm.f5.local notice apmd[12353]: 014902f7:5: /Common/default_ssl_vpn_policy_202203102312:Common:0ca8c0b8:/Common/default_ssl_vpn_policy_202203102312_act_av_software_check_ag: endpoint software detected (sdk=4.3.1453.0,type=av,id=535,vendor_id=388,version=9.0.69.1,state=1,name=AhnLab V3 Internet Security,vendor_name=AhnLab, Inc.,db_signature=1372,db_version=,db_time=1647104400,last_scan=0,engine_version=2022.03.13.01,missing_updates=).
Mar 13 10:16:27 apm.f5.local notice apmd[12353]: 014902f7:5: /Common/default_ssl_vpn_policy_202203102312:Common:0ca8c0b8:/Common/default_ssl_vpn_policy_202203102312_act_av_software_check_ag: endpoint software detected (sdk=4.3.1453.0,type=av,id=362,vendor_id=90,version=4.18.2201.10,state=,name=Windows Defender,vendor_name=Microsoft Corporation,db_signature=477,db_version=1.359.1703.0,db_time=1646890729,last_scan=0,engine_version=1.1.18900.3,missing_updates=).
Mar 13 10:16:29 apm.f5.local notice apmd[12353]: 014902f7:5: /Common/default_ssl_vpn_policy_202203102312:Common:218df522:/Common/default_ssl_vpn_policy_202203102312_act_av_software_check_ag: endpoint software detected (sdk=4.3.1453.0,type=av,id=535,vendor_id=388,version=9.0.69.1,state=0,name=AhnLab V3 Internet Security,vendor_name=AhnLab, Inc.,db_signature=1372,db_version=,db_time=1647104400,last_scan=0,engine_version=2022.03.13.01,missing_updates=).
Mar 13 10:16:29 apm.f5.local notice apmd[12353]: 014902f7:5: /Common/default_ssl_vpn_policy_202203102312:Common:218df522:/Common/default_ssl_vpn_policy_202203102312_act_av_software_check_ag: endpoint software detected (sdk=4.3.1453.0,type=av,id=362,vendor_id=90,version=4.18.2201.10,state=,name=Windows Defender,vendor_name=Microsoft Corporation,db_signature=477,db_version=1.359.1714.0,db_time=1646905832,last_scan=0,engine_version=1.1.18900.3,missing_updates=).
Mar 13 10:16:29 apm.f5.local notice apmd[12353]: 01490005:5: /Common/default_ssl_vpn_policy_202203102312:Common:218df522: Following rule 'fallback' from item 'Antivirus' to ending 'Deny'
Mar 13 10:16:30 apm.f5.local notice apmd[12353]: 01490102:5: /Common/default_ssl_vpn_policy_202203102312:Common:218df522: Access policy result: Logon_Deny
Mar 13 10:16:30 apm.f5.local notice apmd[12353]: 01490248:5: /Common/default_ssl_vpn_policy_202203102312:Common:218df522: Received client info - Hostname: DESKTOP-OKGJETB Type: IE Version: 11 Platform: Win10 CPU: WOW64 UI Mode: Full Javascript Support: 1 ActiveX Support: 1 Plugin Support: 0
Mar 13 10:16:31 apm.f5.local notice tmm1[17534]: 01490567:5: /Common/default_ssl_vpn_policy_202203102312:Common:218df522: Session deleted (policy_result).
Mar 13 10:16:53 apm.f5.local notice tmm1[17534]: 01490521:5: /Common/default_ssl_vpn_policy_202203102312:Common:464fcefb: Session statistics - bytes in: 95094, bytes out: 7372924
Mar 13 10:16:54 apm.f5.local notice tmm[17534]: 01490506:5: /Common/default_ssl_vpn_policy_202203102312:Common:3890ba92: Received User-Agent header: Mozilla%2F4.0%20(compatible%3B%20MSIE%207.0%3B%20Windows%20NT%2010.0%3B%20WOW64%3B%20Trident%2F7.0%3B%20.NET4.0C%3B%20.NET4.0E%3B%20.NET%20CLR%202.0.50727%3B%20.NET%20CLR%203.0.30729%3B%20.NET%20CLR%203.5.30729).
Mar 13 10:16:54 apm.f5.local notice tmm[17534]: 01490500:5: /Common/default_ssl_vpn_policy_202203102312:Common:3890ba92: New session from client IP 58.247.201.250 (ST=Shanghai/CC=CN/C=AS) at VIP 109.101.115.10 Listener /Common/default_ssl_vpn_policy_202203102312_vs (Reputation=Unknown)
Mar 13 10:16:57 apm.f5.local notice tmm1[17534]: 01490502:5: /Common/default_ssl_vpn_policy_202203102312:Common:13647ed1: Session deleted due to user inactivity.
Mar 13 10:17:08 apm.f5.local notice apmd[12353]: 014902f7:5: /Common/default_ssl_vpn_policy_202203102312:Common:3890ba92:/Common/default_ssl_vpn_policy_202203102312_act_av_software_check_ag: endpoint software detected (sdk=4.3.1453.0,type=av,id=535,vendor_id=388,version=9.0.69.1,state=0,name=AhnLab V3 Internet Security,vendor_name=AhnLab, Inc.,db_signature=1372,db_version=,db_time=1647104400,last_scan=0,engine_version=2022.03.13.01,missing_updates=).
Mar 13 10:17:08 apm.f5.local notice apmd[12353]: 014902f7:5: /Common/default_ssl_vpn_policy_202203102312:Common:3890ba92:/Common/default_ssl_vpn_policy_202203102312_act_av_software_check_ag: endpoint software detected (sdk=4.3.1453.0,type=av,id=362,vendor_id=90,version=4.18.2201.10,state=,name=Windows Defender,vendor_name=Microsoft Corporation,db_signature=477,db_version=1.359.1714.0,db_time=1646905832,last_scan=0,engine_version=1.1.18900.3,missing_updates=).
Mar 13 10:17:08 apm.f5.local notice apmd[12353]: 01490005:5: /Common/default_ssl_vpn_policy_202203102312:Common:3890ba92: Following rule 'fallback' from item 'Antivirus' to ending 'Deny'
Mar 13 10:17:09 apm.f5.local notice apmd[12353]: 01490102:5: /Common/default_ssl_vpn_policy_202203102312:Common:3890ba92: Access policy result: Logon_Deny
Mar 13 10:17:09 apm.f5.local notice apmd[12353]: 01490248:5: /Common/default_ssl_vpn_policy_202203102312:Common:3890ba92: Received client info - Hostname: DESKTOP-OKGJETB Type: IE Version: 11 Platform: Win10 CPU: WOW64 UI Mode: Full Javascript Support: 1 ActiveX Support: 1 Plugin Support: 0
Mar 13 10:17:09 apm.f5.local notice tmm1[17534]: 01490521:5: /Common/default_ssl_vpn_policy_202203102312:Common:218df522: Session statistics - bytes in: 42139, bytes out: 3625317
Mar 13 10:17:09 apm.f5.local notice tmm[17534]: 01490567:5: /Common/default_ssl_vpn_policy_202203102312:Common:3890ba92: Session deleted (policy_result).
Mar 13 10:17:15 apm.f5.local notice tmm[17534]: 01490506:5: /Common/default_ssl_vpn_policy_202203102312:Common:78d5ce29: Received User-Agent header: Mozilla%2F4.0%20(compatible%3B%20MSIE%207.0%3B%20Windows%20NT%2010.0%3B%20WOW64%3B%20Trident%2F7.0%3B%20.NET4.0C%3B%20.NET4.0E%3B%20.NET%20CLR%202.0.50727%3B%20.NET%20CLR%203.0.30729%3B%20.NET%20CLR%203.5.30729).
Mar 13 10:17:15 apm.f5.local notice tmm[17534]: 01490500:5: /Common/default_ssl_vpn_policy_202203102312:Common:78d5ce29: New session from client IP 58.247.201.250 (ST=Shanghai/CC=CN/C=AS) at VIP 109.101.115.10 Listener /Common/default_ssl_vpn_policy_202203102312_vs (Reputation=Unknown)
Mar 13 10:17:28 apm.f5.local notice apmd[12353]: 014902f7:5: /Common/default_ssl_vpn_policy_202203102312:Common:78d5ce29:/Common/default_ssl_vpn_policy_202203102312_act_av_software_check_ag: endpoint software detected (sdk=4.3.1453.0,type=av,id=535,vendor_id=388,version=9.0.69.1,state=0,name=AhnLab V3 Internet Security,vendor_name=AhnLab, Inc.,db_signature=1372,db_version=,db_time=1647104400,last_scan=0,engine_version=2022.03.13.01,missing_updates=).
Mar 13 10:17:28 apm.f5.local notice apmd[12353]: 014902f7:5: /Common/default_ssl_vpn_policy_202203102312:Common:78d5ce29:/Common/default_ssl_vpn_policy_202203102312_act_av_software_check_ag: endpoint software detected (sdk=4.3.1453.0,type=av,id=362,vendor_id=90,version=4.18.2201.10,state=,name=Windows Defender,vendor_name=Microsoft Corporation,db_signature=477,db_version=1.359.1714.0,db_time=1646905832,last_scan=0,engine_version=1.1.18900.3,missing_updates=).
Mar 13 10:17:28 apm.f5.local notice apmd[12353]: 01490005:5: /Common/default_ssl_vpn_policy_202203102312:Common:78d5ce29: Following rule 'fallback' from item 'Antivirus' to ending 'Deny'
Mar 13 10:17:29 apm.f5.local notice apmd[12353]: 01490102:5: /Common/default_ssl_vpn_policy_202203102312:Common:78d5ce29: Access policy result: Logon_Deny
Mar 13 10:17:30 apm.f5.local notice apmd[12353]: 01490248:5: /Common/default_ssl_vpn_policy_202203102312:Common:78d5ce29: Received client info - Hostname: DESKTOP-OKGJETB Type: IE Version: 11 Platform: Win10 CPU: WOW64 UI Mode: Full Javascript Support: 1 ActiveX Support: 1 Plugin Support: 0
Mar 13 10:17:30 apm.f5.local notice tmm[17534]: 01490567:5: /Common/default_ssl_vpn_policy_202203102312:Common:78d5ce29: Session deleted (policy_result).
Mar 13 10:17:38 apm.f5.local notice tmm1[17534]: 01490521:5: /Common/default_ssl_vpn_policy_202203102312:Common:13647ed1: Session statistics - bytes in: 952, bytes out: 399
Mar 13 10:17:45 apm.f5.local notice tmm[17534]: 01490521:5: /Common/default_ssl_vpn_policy_202203102312:Common:3890ba92: Session statistics - bytes in: 8818, bytes out: 3383
Mar 13 10:18:00 apm.f5.local notice apmd[12353]: 01490010:5: /Common/default_ssl_vpn_policy_202203102312:Common:d832c941: Username 'ye19551961@126.com'
Mar 13 10:18:05 apm.f5.local notice tmm[17534]: 01490521:5: /Common/default_ssl_vpn_policy_202203102312:Common:78d5ce29: Session statistics - bytes in: 9952, bytes out: 3782
Mar 13 10:18:54 apm.f5.local notice apmd[12353]: 01490008:5: /Common/default_ssl_vpn_policy_202203102312:Common:d832c941: Connectivity resource '/Common/default_ssl_vpn_policy_202203102312_na_res' assigned
Mar 13 10:18:54 apm.f5.local notice apmd[12353]: 01490128:5: /Common/default_ssl_vpn_policy_202203102312:Common:d832c941: Webtop '/Common/default_ssl_vpn_policy_202203102312_webtop' assigned
Mar 13 10:18:54 apm.f5.local notice apmd[12353]: 01490005:5: /Common/default_ssl_vpn_policy_202203102312:Common:d832c941: Following rule 'fallback' from item 'Advanced Resource Assign' to ending 'Allow'
Mar 13 10:18:54 apm.f5.local notice apmd[12353]: 01490102:5: /Common/default_ssl_vpn_policy_202203102312:Common:d832c941: Access policy result: Network_Access
Mar 13 10:18:54 apm.f5.local notice apmd[12353]: 01490248:5: /Common/default_ssl_vpn_policy_202203102312:Common:d832c941: Received client info - Hostname: DESKTOP-5613UDI Type: IE Version: 11 Platform: Win10 CPU: WOW64 UI Mode: Full Javascript Support: 1 ActiveX Support: 1 Plugin Support: 0
Mar 13 10:18:55 apm.f5.local err tmm1[17534]: 01490514:3: (null):Common:00000000: Access encountered error: ERR_INPROGRESS. File: ../modules/hudfilter/access/access.c, Function: access_process_state_client_enforce_acl, Line: 13545
Mar 13 10:18:58 apm.f5.local err tmm1[17534]: 01490514:3: (null):Common:00000000: Access encountered error: ERR_INPROGRESS. File: ../modules/hudfilter/access/access.c, Function: access_process_state_client_enforce_session, Line: 9027
Mar 13 10:18:58 apm.f5.local err tmm1[17534]: 01490514:3: (null):Common:00000000: Access encountered error: ERR_INPROGRESS. File: ../modules/hudfilter/access/access.c, Function: hud_access_handler, Line: 3987
Mar 13 10:19:04 apm.f5.local notice tmm[17534]: 01490549:5: /Common/default_ssl_vpn_policy_202203102312:Common:d832c941: Assigned PPP Dynamic IPv4: 109.101.115.16 ID: 84d06fcf Tunnel Type: VPN_TUNNELTYPE_TLS NA Resource: /Common/default_ssl_vpn_policy_202203102312_na_res Client IP: 58.247.201.250 
Mar 13 10:19:04 apm.f5.local notice tmm[17534]: 01490505:5: /Common/default_ssl_vpn_policy_202203102312:Common:d832c941: PPP tunnel 0x56000158e600 (ID: 84d06fcf) started.
Mar 13 10:19:13 apm.f5.local notice tmm[17534]: 01490506:5: /Common/default_ssl_vpn_policy_202203102312:Common:dd81e1ca: Received User-Agent header: Mozilla%2F4.0%20(compatible%3B%20MSIE%207.0%3B%20Windows%20NT%2010.0%3B%20WOW64%3B%20Trident%2F7.0%3B%20.NET4.0C%3B%20.NET4.0E%3B%20.NET%20CLR%202.0.50727%3B%20.NET%20CLR%203.0.30729%3B%20.NET%20CLR%203.5.30729).
Mar 13 10:19:13 apm.f5.local notice tmm[17534]: 01490500:5: /Common/default_ssl_vpn_policy_202203102312:Common:dd81e1ca: New session from client IP 58.247.201.250 (ST=Shanghai/CC=CN/C=AS) at VIP 109.101.115.10 Listener /Common/default_ssl_vpn_policy_202203102312_vs (Reputation=Unknown)
Mar 13 10:19:31 apm.f5.local notice apmd[12353]: 014902f7:5: /Common/default_ssl_vpn_policy_202203102312:Common:dd81e1ca:/Common/default_ssl_vpn_policy_202203102312_act_av_software_check_ag: endpoint software detected (sdk=4.3.1453.0,type=av,id=535,vendor_id=388,version=9.0.69.1,state=0,name=AhnLab V3 Internet Security,vendor_name=AhnLab, Inc.,db_signature=1372,db_version=,db_time=1647104400,last_scan=0,engine_version=2022.03.13.01,missing_updates=).
Mar 13 10:19:31 apm.f5.local notice apmd[12353]: 014902f7:5: /Common/default_ssl_vpn_policy_202203102312:Common:dd81e1ca:/Common/default_ssl_vpn_policy_202203102312_act_av_software_check_ag: endpoint software detected (sdk=4.3.1453.0,type=av,id=362,vendor_id=90,version=4.18.2201.10,state=,name=Windows Defender,vendor_name=Microsoft Corporation,db_signature=477,db_version=1.359.1714.0,db_time=1646905832,last_scan=0,engine_version=1.1.18900.3,missing_updates=).
Mar 13 10:19:31 apm.f5.local notice apmd[12353]: 01490005:5: /Common/default_ssl_vpn_policy_202203102312:Common:dd81e1ca: Following rule 'fallback' from item 'Antivirus' to ending 'Deny'
Mar 13 10:19:33 apm.f5.local notice apmd[12353]: 01490102:5: /Common/default_ssl_vpn_policy_202203102312:Common:dd81e1ca: Access policy result: Logon_Deny
